; Map created with FinalAlert 2(tm) Mission Editor
; Get it at http://www.westwood.com
; note that all comments were truncated

[CAFRFGL]
Name=XunLianJiDi
ammo=99
Armor=steel
Owner=French
Sight=6
Armory=yes
Points=5
UIName=XunLianJiDi
Nominal=yes
BuildCat=Combat
DieSound=BuildingMetalDamaged
Strength=20
Explosion=TWLT070,S_BANG48,S_BRNL58,S_CLSN58,S_TUMU60
TechLevel=1
BaseNormal=yes
DamageSound=BuildingMetalDamaged
Prerequisite=GAYARD
CanBeOccupied=no
Insignificant=no
RadarInvisible=yes
RequiredHouses=French
ClickRepairable=yes
DistributedFire=no

[CAPARS01]
Cost=1
Name=RA2 Paris Tower
Armor=steel
Owner=French
Power=2000
Sight=20
Crewed=no
Points=5
Turret=no
UIName=Name:CAPARS01
Powered=no
Primary=EiffelBolt
Adjacent=125
BuildCat=Combat
DieSound=MonumentCrumble
Strength=9000
Explosion=TWLT070,S_BANG48,S_BRNL58,S_CLSN58,S_TUMU60
MaxDebris=15
MinDebris=5
Secondary=FlakWeaponE
TechLevel=1
BaseNormal=yes
Capturable=no
DebrisAnim=Dbris4lg,Dbris4sm,Dbris6sm,Dbris7lg,Dbris7sm,Dbris8sm,Dbris9lg
DestroyAnim=CAPR01DM
LeaveRubble=no
ThreatPosed=40
Prerequisite=GAYARD
IsBaseDefense=no
Overpowerable=true
DetectDisguise=yes
RequiredHouses=French
TurretAnimZAdjust=-100
HasStupidGuardMode=false

[NAPSYB]
Capturable=false


[Preview]
Size=0,0,120,62

[PreviewPack]
1=sA0AIAa4sKG1r6C1r6BAAUsAta+gSABAAUgAQAFIAEABSABAAUgAQAFIAEABSABAAUgAQA
2=FIAEABSABAAUgAQAFIAEABSABAAUgAQAFIAEABSABAAUgAQAFIAEABSABAAUgAQAFIAEAB
3=SABAAUgAQAFIAEABSABAAUgAQAFIAEABSABAAUgAQAFIAEABSABAAUgAQAFIAEABSABAAU
4=gAQAFIAEABSABAAUgAQAFIAEABSABAAUgAQAFIAEABSABAAUgAQAFIAEABSABAAUgAQAFI
5=AEABSABAAUgAQAFIAEABSABAAUgAQAFIAEABSABAAUgAQAGqALuxIAA9hAVILUgASC21AB
6=QsAAAAA7qxo7euoLasnbatnrGomLKrnrKsn0wBAAa4rp63r5+ll4K2r6BmTjBpTy9qUDJl
7=TTAgBi8AZU0uUwXHwLJcCydMAS18AQN4eHZMT1BIAAY+QEBIS0xzdXNIAEwEA7y0qL20pq
8=AWrBYtLABMBDNMASpfAJqThUgAA1taV5qViEwQM4wDKrwAICcsAF8mnpiNLIwFKDQAWBBI
9=AFQtUCxoGJQtA8G4p66jkUArRCZQLEgtSABAAUgAQAFIAEABSABAAUgAQAFIAEABSABAAU
10=gACbmxoczGt7Wun7OtoCdMAV8LuK+eM4cFuLGlegSsn0wESC1IADG0BSmMAHAFnBRcBTMs
11=AFgHSC0GenZuQEJBm5SIQBxIAC2MAzbsACASXABcGgOblYdjYlmsQyhwBS8kAFgQSACmEb
12=OqKDwLSCdIAEgnSABAAUgAQAFIAEABSABAAUgAQAFIAEABSABAASc/C7y0pnAglCdEET+E
13=BXAF9CdILUgAWCV8WSALhAVUJE8Nl5CDVB5LAGBgXkAurFtAHEgArBwqrAEgGywATA2kLE
14=8NW1pYXFMGtq6hysO2ycGzL4wFKEAAWBBIAEQRXAVfWfr6AEgAtCdAAUgAIAYsACo8C0QR
15=IAyEBSAG1ANbCr60pEgAQBZIAEwWLYQFAVlZWHjgAEgtSAAwtAX9A3hMByAG3AGoBlwFQB
16=AqhAWwKL9ZycG0SC1IADy3BbWsm0gAA7eunpqLeUwrIA8IAAOqn4+xpJBLALauoiAkhAWo
17=G7QAVCFAHFgrSwCyp5asE1gZTA0GvbWnuLCiW1tXKoQFtAa0AEgtSAC0LaQCKhQASCdoAE
18=BqSACMcEwNaADsASqwAEwBQFhIAExYpCxUAFyAXFMnFA9MAUgtSABYE1QDSABUBkgAQAEq
19=CABILUgAIAy0BT+EBVQhBjc6PEBCRbasnWgYNUQDaAOUG1QSMwgAJ4QFvCy0AFsZsKmcOS
20=QFSAlAkUAESAAttAVELFQDqABMAWAQKWwCvAIqFAAthAUnvAC8WVTSTC4DZEsvZEwvTBNI
21=LUgAWBMqeAUtLABILUgAMLQFXLBECCcIACAEhAUOOTw/QkU6Ozw6Oz08PkFAQ0cgErQFLY
22=QFWBBImScYAkABWBlYKEgAMCQFVCGsJTa0BVQDJ4wArAEqOABEAkgANoQFVDNMK0xYXFmn
23=y2VNMFwRJwgASC1IAFgTLYQFKjgASC1IADC0BVAIKoQFBrKtoVJTUVBUVSq3JrixpbwOAA
24=Y3Oj05Oz06PD1DRUY7PD02ODo5PEA/QkYwtAUnvBVYHGoArJ8qlBBQDjkIALwRDLWun29s
25=ZVpZVbGomb60olAISCQtCABXLZ6XiUgAA1taVp6YjFAOLYAAuAFYlKABBmNhWUJDQmJhWF
26=AFUCMnTAFELEwBagCsnyo8CyS0Ji2oAkgtSAAntAWkC1QJKggASC1IACe0BaQaXLAnJwW0
27=r6NEVgZBQz8/QUFcXl5EO1AXeiisn089qJ+PUKcABjo7PjM0Njs8PkRERTs9Pzg7Pj0/Qj
28=s+QVgERxo+QURDXjc5PUAHSABQAlQYWDRIAFgiLbwYUFkqFAMnPAJY01umnpiNSABME6wZ
29=XAigASoUAANrgTxrgj1QX0gALfwLKpgAKgwLUDJILUgAKoAAUAtIAEwcvFmsLkwBKngCKi
30=wASC1IACe0BSqQBScsAEgtSABXLbavoCqsAUghSABUIQVGSUpBQj8+QEAoAT94eXdYJbwF
31=U9RDREBEFAaalYg6PD45PD5UhwM9PkA4ODtctgI6PUA1OFgvBEE5OjtAQkRHXzc5PEwHrB
32=ZUGFALSABcCy20BVwXPIQFKpACXAgnOABQLAlqgDpfV0VnY0NsgjtILUgALbQFKoQFRCBA
33=EEgATBC0LagJcEFQuUgAPjwLLYsTzMa3IYs0tq2eRAs2CABEILQMKhQAVBhYEEgARxFGSk
34=xILUoAPT90LUgtSABUM0AZSC1IAFQtRIlELExYVFpPiDc4OlwvVF1Pizg5PEtRuLGkSABo
35=LZQYKnwBtC0gCYQFXBRfCGqBO1grSAAABWh/OmVhRklFTT49Tz89Tzo8UklDTWuBdC0GfH
36=lyREVFYF9bUGIn+ANMB0QIqABAHKhXVC0DYGBbtKqdSJNULbACVHhQBUgVOTwLWBYndANU
37=CUgARCasDagMrAEnFAAntAVYCqAEtABAB0gATAcgA7QFDz0/QTg6PURGRzk7Pjs9PjY3OV
38=Mvu7OlLYQFcBcptAWwGkxqLZQQWASsECoUAFACKoQFDmBZSEZETz8+Tzk8Uzg7Ujk8SAAH
39=Uz8/UDg6UTc6UU9YYF9cJ2wLJ7ADKowDX8WXkIMhAymYk4pIwFAmSAxABD98FiqEBWgGKU
40=QDpCYnuAEwIAAntAUragOsn0AHSAA0tgWtokQpTFsGXFxZSEhHfnt0TIhUWqQsSgM3OiJY
41=IkhdXEQqPAInLABEHUC+Q5FramUqHBZMEEwEVACoAEwBM4QFWCtIAKQsWCtALogAYC4GPT
42=5RT0ZLaYE6SC1IAFAUSG8n1ANcDieEBVAsJ4QFUCyoPzY8C0QsJ3QDRCZIAGobrJ9EFMgV
43=KcQEJ7gBMCAAQAcnvACgAbQASC1IADC0BScfCmFfXFiISABbGbiwoFiyULNotEfiPkE2Uo
44=k9QGgSSD9IAEATnBGzGl9eW1pPY2Eo6DewDlQAXxdpfztY3FSECWyCPWtuPkZBTEA+Tid4
45=BUArTAFIAGIBPFNEWVkuOERcCjpTPDxRQD9Qcm0+aYArtAUqhAVIDCcIAEwNaAAsfBYCZ0
46=8yZEwiaCcqhAUJl5SNPUBBPD4/lpOKJ8QEJxwBQAFcNVglSABEJrAsUAJIAKwBJxQANuwA
47=RAWoAESJDDs+PD9APTs9PXt5drqxozDdFjhSWTw9gbU+XCxIt0hdJ28LuK+eUEpIACenBl
48=paWVg0vAtUAGge5DJIrlAsBWyCPGuAPDc6WFVJAFNAK2gq5IZILUhanCxVLVJYBFAsA0RF
49=S2p8OcxhBYI9nZaHm5OFT1t9enInsANMIiqsAag/XFmkFFyzKoQFDHh4dj5AP0BBPzw9Ok
50=FDPifkGkAWJwgAVAmsAUQLSC1IACe0BSfQASogACe0BVwFJ+wAhAhPDUBAQU8mRj4/Iawh
51=JUwiSC1IACeUHANdXVRcXFRBtTsjWyJFRkdHLz0/QrxuKoQFRIaYCgF4u7GgUCBULUgAXW
52=K2I7w5vB1cBSocCiecArQtVio4OmQvXCwJODpSREJOPT5QZWw+xiyBPFwXagCsn0geWIhI
53=AEANSAwnHAGsHKwEJ3wWL4QFdB5DH0hLTCSMIVxNSC1IACScICfEBLgZtABEC0gtSABIDy
54=e4ATMgALwFRB2UOSisAbwCLawBSC1IAFQtA1ZVUldWU7wRRFlIt6QsXLYnDAtHLJlgSSdc
55=AAa+tKPCtKK5q5dQIEgtSABIIVwFM4QFKqgCQIVuWzpSTFgDPD1Qa3o6MIQFXB2gFrQASC
56=1IAEANSAwnKAFMBFxZWAEnPAsw1ANQuVD7SABIJ0gAVCctBAS8C7QAQDfAAZykvAVcC0gA
57=vAJAASoIAC2EBUwNuAS0ADCsAYgtIvRhvBGsUkQmKoQFrAdQAkgAA72tm5hfSEwuCaJwWq
58=h6ZJxlTaBrVFAgBmBhXVpaWJ+Yi1TVKjwCRIknOACEhsYsbnMgAYQFvA60AEgtSABADSq0
59=BbxZVMwt1AMnPAhcVqwBVDBEHUgAXEottAVMBKgMKhQAXDhILaQCJ/wCoAFMDbwCVABcZV
60=QASABUJy2kBlACSAAwrAEnPAIqhAVcKbwCZCwFsqCaYkubY0u8LLQAQAQnDwugmIxECycI
61=ALQSJxQAJFQmVDA/hAVMHCcQAUABJ/wCTAFILUgAJ7QFRMVKLT5AKOQOJ7cCnZWHI1wwDT
62=mgmYyfmIpeXVdgXliinJBILUgAMLQFUAsnCABEDmgAIwwgXBe8AoAB3LCkkidcAIgDdAFE
63=F0AHZAEsDAC2LT0/VOQKPnZ4dpqVi1pZV56WilSEowWXX0chN0zAuaoh5CwDsaGQmmBJvA
64=K0ACeEBVQnpAIwFAAqjABQa1gQURFrKRwWWAEw1ABEAkRQM6QJSANILSTsZlEstSOMe1xK
65=UAtQSmgAB7ChnJSGWFZTPkBc3wc/Nzk7ODs9gHx0VAZIAKw0SC1IACe0BScEBEQOSAB4zV
66=Isq560e0QRLQwLQCswCABAB0gArAdQFCcIACdeDEVJJSw5Azw/P2RkYicEAVCMWFVIAFQt
67=SBIDrpiFl2RNWAFULSfMC0QsJ7wAQAEncAFAAQiWkINCQ0J4d3GYkxEAAI4OACAIirixpb
68=KrnrKsn7JLAKueskgAQAFLAKueeDIAAAmfmIpeXVdgXliinJAyfAAKeGNiWWBgXsG4p7qx
69=o7cJuLGkYAGECwAJvbSmmpOFlpKKV1dWPT9BOjw/OTw/MjQ4oZqNXAJIAAADW1pXmpWIta
70=ybta2iu7OlRUlMPkA+SAADPD8/dnh2LMQBBHY+QEBAQT5LAEhLTKkDFDgDALeuoEsAtqyd
71=pB28BSoXAEdKTEgJTA0DPT8/eHl3JyQBTxaZYEmkBQy3rp67saReXFZdXFSgmYwnjABMCi
72=csAEABDJeQg1lZWJiTimBfXWJhWEgAUBpoD1AgSABaK6yfoAq0AFwjoAFUAAablYdbWlie
73=mI1IAEAiSACsIkgDqABELEAEQDdAKwa4sKG1r6CzraBECGgAhAtgAZQMRxeYk4hQEQhXV1
74=U7PkFVVVS2rncqu7GgWApIAKQLBpqVi1lZV56XikQgWB9IAKYgeHgrhAWnDratnkAcpBFA
75=AUgAKiwAWAGoAEgtSABoHiynA7y0qL4FRkrEO6wNtAZUAERHDG2CPmqBPGyCPJmShmFgWF
76=8dm5SISAMqCABQGqQsVCQGl2BInGVNspeCWBlILUgAtC2gDTAUACqEBQOyp5b6+gBLAMnB
77=s0AiBpmShVZVUlxcVCiEBQKxpLOqnlcSvLSmYCsshAVcPnAC9y2ZkoTELAizpZ2Vhzo8PT
78=g5OVxECXx5cmBfXGFfXH57dFxiWFtASYQgBz1ERUM+QD8/QUMnDAtAFidMAVwLRCZIAEg5
79=KvgDLSwASC1IALQtTAdECC0IAIwNfGi0LQNpfztsgj1ELAAGbIM8a4E6lY6EYV9XQEJBY2
80=FYXl5VlpKHXAsnhAVYWAOYYUmYX0hUYAmaYEm5p5a2r6C4saE5tAUzhAVQLCcIAFctopuQ
81=SCpIV1hYTBZqAKyfPDwLVCF4BJQtTAFQBQADnJSGWFZTPkBDPj4/Nzk7ODs9gHx0XDhIAF
82=gTWEBILUgAVC0CRUhKQUEoBAQnfARcCEwKuAFMAUgtSAAgCbQFoAe0AEAHSABMBy23BWqB
83=O0AiWFhLAFFPTLhbA1lYVU5PSkBGA6CYip+Yi6QItABcLAiedmK0qJW8sp+4rtywWBlYB0
84=M0m5WJQKNACkhUUF9IACcMCyd4BS0gAFQtWENIAKREIAY8C1QhRCNqAKyfUBpIKiAE3has
85=m1QtLQQESA+oGyoUAFwLWCVIAFALXE1IALQDQAEqCABgEOQ+KiwAsAVUAEwNCTs+PD9APT
86=s9PXt5dlgiWFsDa4I9a4E8WIhYWwxrgjy4rZ6WYkuef2ybb1pYKwmYYEiggnCvno2rmYtA
87=dkcCl19ISAAnVAUJWlpZXV1UV1ZTnJWJMIQFA2lPL2pQMlAsQAFUACcIAAaqn4+xpJC1rp
88=8nnAJIVDl8FkQgJ6QAKiwAQCIgA9wWQFtIADC0BUwiJwgAXAusAVwLSC1IAFALKngFLSwA
89=KrwAJywAhAjMwQNBREY+Pz0njBhYiFhbSC1ALpgEAXiXX0dIEgm3qprCuKa4rpu6r51ELO
90=kDSCeEBVcqsaiYvxGnoJQnLwCai3knPAUwIACkLFAsUNFYE1AaSAAgEjwLVAZ4B5xKQCJY
91=cFAUWGpIACrcFglvbGVaWVWxqJm+tKJIFUgAUAVcTVgfSACsqSAGbAstnAUnOACnI760pC
92=20HbwCLawBJ9QAWBBQVkgAtC1QF4wBKwwLRCwqlAQnvANMH0QmpFMwtAUzhAUn7AC0BlC2
93=J0QAVAkgDywAUAgz3BZYwVEptiOEJkgtSABYHEYgPT8ovAm4IrQAXA7AAVDySDlKAKyfqC
94=S8AqwBJxQALYQFUCO4BLQArA1YOkgApDsn4ABIA1gruAQqlBBELEQvBDc6PEBCRbZYFkAQ
95=SABQEUoAq568F1h/LWwLKoQFrApUAEwZaABCB6yfVDMgA7whIAPkBUQXNtwWSC0qxAFAc1
96=/LREdJWB8jGCwBP3d4dkwETBMtCAC8DrACJ4gEoAFELLwCVAAnPCO8+0QCSABMB1giQAFI
97=AEQ7TA1IAC20BUgJUBFYuFgrSABkLA45PD9CRTo7PDo7PTw+QUBDRzC0BScsA1wLSABAHy
98=OVIqVcAkwNLQgAUAJoADi8IbwFVBV4BClMB0AiaA9YNFACSABAAUgAQAFIAJTkLdwWTExY
99=H2oAr55QGkQsSABIG0wcSwBISk1YH0gApCCwDrQAKtwBRAWwAoAB3LBMNCeEBVwCSACsBK
100=wWrAEqFAC0LUtpOz0+ISQ1BpqVi1pZV56WikQsUBSkJgAGNzo9OTs9Ojw9Q0VGOzw9Njg6
101=OTxAP0JGaB5AHEgAUB1KAKueNhwEKsQBrAFcESc/C7ivnkCdSABYB7QDKhQARAVABAayp5
102=avoo21rJxMBEgAaA+EDmAiQAFIAFgQSACULVy2UBd6K7GkTAcwhAVYIicIAKQgJ7QFUAtI
103=ACd8AVgHQBNIAC0MCyf4ACogAHARjBBMFioIA1gouQFFKd86ZGRiKmQTVCEADKifj1tbVz
104=o7PjM0Njs8PkRERTs9Pzg7Pj0/Qjs+QUgSUxE+QURDXjc5PVAUSABQAkwNKtwBTAGsDSpc
105=AEirQI5ds2knhi+CPLgEKhQARCxIACd4HS18KEQLaABILUgAWBxIAEABUmWvnltGY2FZKg
106=wLWCIqZAFYAagALbQFKowARCwgDOQ+UBEqBAQsKAF1AUcs5D5QBSRcJAO4sKJDREAkPDgD
107=Ojw+OTw+VIdMyQg4ODu2rqI6PUA1OFgvBEE5OjtAQkRHXzc5PEwHWA1oKkgeQB9IAEABSA
108=BAAUgAQAEvfBZPtWqAOkMua4I9IagpYBKMACqEBSeoBUABMLQFUA68O1w+Jw8LXVxaSbdb
109=IzxEVJ+ICi4QAEgtJDQxL7QFK5QQJ4wMXAWoCEABSAAqLABYAagAUBFIALwRoAS0ACdsCy
110=2sAUgtSwC3rp5IFUgtSwCalYhEiUQsTFhUWk+INzg6XC9UXU+LODk8JzwCaC30KjMsACc8
111=C1RmJ5wpRAu0hC2EBS00LkgtSABULVwFBp+YimZlXrKqm0wBJ4QFJxwWQB9QQVMUNzk7SJ
112=8qtAVIA8Q7KTQxhSA9P+Q+J0QDUAg2CABILUgAtC1cBagtKhQAjA0o3DpILUgALbQFCT0/
113=QTg6PURGRzk7Plu7Njc5Wxy7s6VAo0wKaACcVmABMrQFTCsDTE9Qu7OkJ6QDXJW3DKWXgk
114=woKggAUCwk7DMqUwCqn48nVAUJXl1XnZaHW1lWYWFbKoQFRZs4TGwCQENDREZQQVAUQ0NA
115=Q0ZEIwOxqJizq51AFio0MUiNJ1RKIAPkPlQbSFRc/kAKNggASC1IALQtKpAFQAdIAEwHMb
116=QFIxxSTFsGXFxZSEhHfnt0TIhUWqQsThY3OiJYIkhdeApYK0gAMrQFSHtQy79ZuK2eZB0F
117=gDpsgzxsgjxILSS1U5o47DMqhAVUKqRoA7atnpuThSeUECfUA0MZPT9ATHADP0NGREZIXw
118=KXkINQtgVpZ2BRUUyWjyKjTJiTiVACJA9NmJOKuIhQES0EBFglKqAErAFYo1glSABADVAL
119=SAC8AkABKggATAdIAHgiQCJYIkgAQAEpPFBMDSrkPkhISxuemI0hoExYiEgAR4m4sKBYsm
120=BHSLRH4j5BNlKJPUB4CkAKSACMClQ/pCxQLF/Lc3VzbFiMN1iyKnwWBqyjlGJhWaKckC20
121=BTOEBaRotBtQHUgtSABQQUATJ6QDXAJMAVApRCxIAEgqWAGoAEBhQDRfBX16clBrUD5ELF
122=M+a4E6TF5YN0UgPiN8WzMEKLwOMLQFsAstFABILSe8AFQhrAGUAMzBKuc+ZGRiJxxSWBNI
123=LUgAURo4Ulk8PYG1PlwsRHRIXSdsCyqEBaT4v1m1r6BUG0gASC1IACceB2BeIuhbpAtULT
124=+EBZQV0ABUKkgtSABYE0ATUB0zhAVcAicIAAmemI5YWFJgX1u3sKNQxaxkRDhcmwNlTS5l
125=TTAttAUnxATIDpgAIAa0BVAOmQV4vE20ISpMLi2sAWx8I2RMWBlDIl1dVCGQWU2gOyNbIk
126=VGR0cvPT9CtIowTAFE3VQGSABLIWuCPCeEBVBluBBUACpkAVxQSGknBARcQUgATAQzCABI
127=HrQtA3p3bkZHQlQMTFikBVgcJwgAWARMAbQwTwSZk4lYAUgARHFAQ6QsUCxAW6SDRyA9Pz
128=1YWyAMbAsw3AFIDER6KoQFXBq4BLQAUBdMDUANSACsDSe3BVZVUiEQT0gSTG1EWUi3pCxc
129=ti1MAbwCvFlEKUMoR0hDWHYqhAW4DVQARA6kC0QRQExIAFACqABUJDOoBVwCVCS0J1MLWl
130=lWvAUqFABEHUgAJ4wAVDBYAScIAKQFRCygAbQATFtA5VgxIAbkPkgzoAcnWAGgAVQhvAJU
131=ACdcOVwaJywDXBdMB0gATB8wtAVLabasnVwFQARYHEBYNoQFXwKyp5ZEhrwOVABULVAOMA
132=gApA5AEEABRAswgABEAkgDQARAAagASA8t9AS8AjAUAEgwSABELKgDWBCgAVcAalAyKjgA
133=RAKoAJ0FV6xJIELkPkQpSAAwtAVoLSMUb1AsVDYqXAysWKcsu7OkSOe/WbOtoEQaqAAqtA
134=VINqgbtAAqJAWkArQAXAJxDqwi5HRELAOknpJfX1eVIVisCrQAsAUqFACsBCpEAKwBXwVp
135=Ty8nLABYFqwBXAVUlkD3QBZEPlgfQ3m3rp4tvAlQEUgAUBe0P0gSSCFIAFQhvAhUAExYVA
136=wwCABAB0gAQAQtCABMDUgAMLcFeHl3SIpAi6y7SBVYK0gATFgDZEsvZEwvXHGwLFgWQCVo
137=EiYQUlQPVC1Mcy2sAbgBUAWgAVQASBhB1msjiDFYE1B6BsG4p6efklpYVFAIqABcBaABtA
138=BUBkgARCYDXVxanpeJTAE2CABcBVgWSMZQBUgACltaWJ2Vh2JhXaOckLYRAABQCTAXCq6i
139=n5iKZmVesqqbtaxoAAa3rp5GSkw+QD5IAAQ9Pz94eXd4KwAABHY+QEBAQT5LAEhLTKUDFD
140=gDALeuoKwEVwCyq55UAKsAvLSoSwC9tKZODT9BTA0EQTw+Pzw+PFgBDLuzpLiwoLuzpbKn
141=lvr6AKgAD2dPMmVNLmVNMLiwobWvoLOtoFQJaAACrJ+yrJ8n/AEDW1pXYmFYqAwqFABMBF
142=AFQBxUGwZrgj1pfzu2rqJIDEgACb60oZ6YjVtaWJ2XiyccAaABA5eQg2NiWUgAVAMJuLGl
143=uLGktq2enpeJpwuemIygASoUAFAFSAB8BQmwoYaDfF9fXDo8PT5IGwg9P11cV15dV5qThV
144=MUmpWIUBFIAFwRSB5ILUgA9C0rhAW8DkgPSBKgDUABSAAqLABYAagAVC1IAKgDKhQASC1I
145=AFQtA3V0b3p5dKwoWCgqhAVcLANpTy9qUDJIAKMEvLSmUCZoJ1Isq54nLACsDVQAQBkntA
146=UMtqyduK+eaoE7a4E8aoE8SBu8BUQsUAJALlguDGuCPHp2bmBgXlpaWZuViUcImJKGWCVL
147=AFlZWCekA2AHWg2sn0AWVC1LAFtaViq0BVwFZCznMpyUhlQqD11bWDo7PTc5Ozo8PzM1OK
148=OckFACSABQFC60BQhDRzk8QEFDRERGRycMC1glJ9wBSB5YJUgAQBBQFDYIACqoBUwHRAio
149=AEAHA7OqnsG4pzCEBVAsqABILTk8C7wIVABEEVcPm5WHSB4DQEJBY2FYQC5YGVApSConDA
150=tWLbWtfFlQLw+TjH9SUlGQjIKclIeZk4mmno9DAVFSTFwgMIQFXAsn5AJQHUgtBp2Wh1tZ
151=VmFhW0QsQEBAbUxPTARoAIQyDJaSipiTiFVVVDw/Qjk8P0ABA5OOhL+3qEgtSABUDFgTUB
152=GsFgNER0k/Q0gpbAtMGmgAKtwBTAFEJkgAQBBQHTYIAFQtSABwBywMAC0MC7grtABQLFBZ
153=SAAzPAssGQF4RCxIAFQeoBBAGUgtSABYGViRKgwLCZaSiFdWU5aOgZiShypfALGomEQUYm
154=GxpHgljFhUG0wBLawBWAFQHQmbk4VvbGVFRj+tp5lAB1gEcAUprA1MBEiQBpmShJuUiZmS
155=hlg9A52Vh2JhXaxbBXx5ckRFRWBfZDUCurGjuK0u3BZMCkANLQgASAxILUgAUAukHaAErA
156=EnFAAq7AAthAW0KqQsJxQAUAI5PAtEg7xBpCwnHAonuAEqtAUtDAtIG1hbXKRcAkQgQC5A
157=AUSMRBQtxASgGTAUAFAOSwBaWVUwPAtUIXAIhDVAIlwLSEUw3xZgX1wobAsgApQcTAq4EF
158=wLSC1IAFALJ7ADMCAAUA5IAFuFmot5J0gFMCAAUCxTWWRML7AFWBlADUgMSABELAa9tae4
159=sKJbW1dMWEgDpHe4EFQATAQn3AFULQZcXFlISEd+e3QtDAtACtQtlOQnpAZcAlAIqAAqLA
160=CkAlQARCxMuEhFA6+ijbWsnFQzSABMYVwOXAVoAEBbSABILUgAhIkgENwWKUwiUAtQDi0I
161=AEwNSC1IACAhtAVQWbAstABQKWgY5xewqZwnPAgqJAJMBCeQBScfFmFfXFiISABEiUhXTE
162=wnDAtILUgGWBasrC04A7gBRDugASqEBVAsJ3sIycGzTBBIADy0BSAE3BYgEWwLpN20HrwU
163=rAEnFABAKEgAM2wLvFknUCdQVrQhQCJgAfQtSC1IAFBWQChYHCdkASocFkyvvD5YBEgtSA
164=BQBbTkMAwLXAuoFS0UADaEBSeoBUABIAa0BTncFifMF1Q/rBYtBChMHC1gAlsBvrSkR0HK
165=w7ZAECcEBDAgAEgtSAAwtAU5PAsqNARAZ0gtSABYKEAoBpWOhFFPTJyUh0gAWChYEKgAWB
166=ZIAFAFWARILUgAUAWsZKAEKhQAKnwBOYQFUEFYKy0IAFAdVCFwQUiHSABIQkgAQAFIAEAB
167=SACEiUxqVB4w3BYqzBdAFqxVlC0HPDw+PDs/QbexpiuoAinEMUgtSABAEDCQBSdEAFAOSA
168=AntwVmTjBTWWRMMFMCY0swLTwLJ6ABWBknBAEJenduWllWoJiMn5iLRCxIAyeYACcgAEQX
169=SAAqtAUnaAAtIABMBEvAQ0RARDIDnpiMpZeCLTwFUCxEyC1TAKqfj0gPSJBIAEAQaABYK0
170=gAWCtIAEABSABAAUgAlC023BZENUMxu7OlTlV4eCUUMwM8PTpWVlO8AkgDQMQt9AG4AUgt
171=SAAntAW8GieUBKABVCpIALQtSC1IAFQtpAKsTyrkAqgGVAAnDwuWjoFYHCqMALQMKhQATF
172=VILUgARCmsWyp0AKwBTASgAVcAW1pWSC1IAFUtmjjsHiAMhAVcC3AU9C023BYnhAUkJD48
173=hAUt0AdILUgAJ7QFVCQwCABAK0gAty1jTDBAAS08CyfIAAmZlIpRUE6YkoeQjIIqhAVcI6
174=gApBozLABILUgALbQFQNmwBS0UAFQtBmBgW7Sqnb60oi20BS2EBaAHvA5wKUBYSABIKkgA
175=QAFIAEABSABAAUgAQAFIAIxbKtwWIAyEBbhYMxQASC1IACAGtAWsLrxZJ4QFNgwLuBwqFA
176=BoHoQaKlAArAFIA0gtSAAttAW0AycUAEQgBllZWJiTirGomSdUHVQtM4QFJ9QAQAFcC2gt
177=hCk8LABA2UuEwbinOYQFtHu8KSrUEj8sAEgtSAAntAVAE0gAJyQFoAFQLEABXFlUAKgAIA
178=MMC1wIqAAndAO4ATAUAGIErJ9ILUgAMLQFJ4QFUCwqvAxQBWIorJ8tHBYqfAFgBCAIhAVQ
179=LC2EBVgNUAu8sK8Btq2eVHtAPWIBSzAnLABIq0stY0suIbgxVIduAUwwUNoqLABMBEgtSA
180=AntAWwKSoUAEgtSIdEAiASDAtwHVBZSAAp5FAnNARwLEghSABABC+0BU+ympWILYQFYAr8
181=BSAeLACsWDaEBVAsNjQHKtwBTARIAEREQCtIMGoDrJ9AMVAmSABcJkgAQAFIAEABSABAAU
182=gAQAFcKS0LAP///yfEMSS0JqTCtCQnLAAt9AS8AlQYJ+wevAW4BKwBrAQtLABZFrUjxEm0
183=5LQtXLZIGDO8ACAYXABMEy0MCyR8WEQsIBhMASosA1AvSCpIAFQqSABAAUgAQAFIAEABSA
184=BAAQkUFBQUFBQUFBQUFBQRAAA=

[AITriggerTypesEnable]
0A31295C-G=yes
0A44F17C-G=yes
0A44F2CC-G=yes
0A452C6C-G=yes
0A452E5C-G=yes
0AA845AC-G=yes
0AA846FC-G=yes
0AD2BAEC-G=yes
0C0C7AEC-G=yes
0C0D184C-G=yes
0C0D251C-G=yes
0C1245AC-G=yes
0C1246FC-G=yes
0C32599C-G=yes
0C32D84C-G=yes
0C87B45C-G=yes
0C87B99C-G=yes
0C87E5AC-G=yes
0C8B81BC-G=yes
0C8BC5AC-G=yes
0C8C2AEC-G=yes
0C8C2C3C-G=yes
0C8C430C-G=yes
0C8C4C3C-G=yes
0C8C51BC-G=yes
0C8C56FC-G=yes
0C8C645C-G=yes
0C8C6EDC-G=yes
0C8C71BC-G=yes
0C8E2C3C-G=yes
0C8EE1BC-G=yes
0C8EEAEC-G=yes
0C8EEEDC-G=yes
0C91D45C-G=yes
0C92C1BC-G=yes
0C92C45C-G=yes
0C955AEC-G=yes
0C955C3C-G=yes
0C9561BC-G=yes
0C9565AC-G=yes
0C96F45C-G=yes
0C96F5AC-G=yes
0CA1F84C-G=yes
0CA24D8C-G=yes
0CA2A04C-G=yes
0CA2B06C-G=yes
0CA2D99C-G=yes
0CA2FEDC-G=yes
0CA5945C-G=yes
0CA6621C-G=yes
0CA6AEDC-G=yes
0CAD0B2C-G=yes
0CAD0C7C-G=yes
0CAD0DCC-G=yes
0CAD130C-G=yes
0CAD145C-G=yes
0CAD25AC-G=yes
0CAD2AEC-G=yes
0CAD2C3C-G=yes
0CAD5AEC-G=yes
0CADD99C-G=yes
0CADDEDC-G=yes
0CB29EDC-G=yes
0CB2CEDC-G=yes
0CDF899C-G=yes
0CDF8D8C-G=yes
0CDF8EDC-G=yes
0CE2395C-G=yes
0CE23AAC-G=yes
0CE26B5C-G=yes
0CE26CAC-G=yes
0CE2E8DC-G=yes
0CE2EA2C-G=yes
0CE44D0C-G=yes
0D022B1C-G=yes
0D022C6C-G=yes
0D052AEC-G=yes
0D0803CC-G=yes
0D08461C-G=yes
0D0848BC-G=yes
0D084A0C-G=yes
0D084B5C-G=yes
0D0873DC-G=yes
0D087D8C-G=yes
0D0B3B9C-G=yes
0D2769BC-G=yes
0D2C41EC-G=yes
0D2C448C-G=yes
0D2C45DC-G=yes
0D53099C-G=yes
0D53130C-G=yes
0D53430C-G=yes
0D535EDC-G=yes
0D62145C-G=yes
0D6215AC-G=yes
0D6216FC-G=yes
0D62199C-G=yes
0ECCB2BC-G=yes
0ECCB40C-G=yes
0ECCB55C-G=yes
0ECCB7FC-G=yes
0ECCBC3C-G=yes
0ECCF14C-G=yes
0ECCF29C-G=yes
0ECCF68C-G=yes
0ECCFA7C-G=yes
0ECCFCAC-G=yes

[Actions]
0649E72C=11,99,7,_Amb_UrbanMurmur1,0,0,0,0,A,99,7,_Amb_UrbanMurmur1,0,0,0,0,B,99,7,_Amb_UrbanMurmur1,0,0,0,0,C,99,7,_Amb_UrbanMurmur1,0,0,0,0,D,99,7,_Amb_UrbanMurmur2,0,0,0,0,I,99,7,_Amb_UrbanMurmur2,0,0,0,0,J,99,7,_Amb_BirdsPark,0,0,0,0,K,99,7,_Amb_BirdsPark,0,0,0,0,L,99,7,_Amb_UrbanMurmur2,0,0,0,0,M,99,7,_Amb_UrbanMurmur2,0,0,0,0,N,99,7,_Amb_UrbanMurmur1,0,0,0,0,CV

[Africans]
IQ=0
Edge=North
Color=DarkRed
Allies=Africans
Country=Africans
Credits=0
NodeCount=0
TechLevel=1
PercentBuilt=0
PlayerControl=no

[Alliance]
IQ=0
Edge=North
Color=Gold
Allies=Alliance
Country=Alliance
Credits=0
NodeCount=0
TechLevel=1
PercentBuilt=0
PlayerControl=no

[Americans]
IQ=0
Edge=North
Color=Gold
Allies=Americans
Country=Americans
Credits=0
NodeCount=0
TechLevel=0
PercentBuilt=0
PlayerControl=yes

[Arabs]
IQ=0
Edge=North
Color=DarkRed
Allies=Arabs
Country=Arabs
Credits=0
NodeCount=0
TechLevel=1
PercentBuilt=0
PlayerControl=no

[Basic]
Name=city base
Theme=No theme
Percent=0
Briefing=Brief:TRN01
GameMode=standard, meatgrind, navalwar, nukewar, airwar, megawealth, duel, cooperative
InitTime=10000
Official=yes
EndOfGame=no
FreeRadar=no
MaxPlayer=4
MinPlayer=2
SkipScore=no
TrainCrate=no
TruckCrate=no
OneTimeOnly=no
CarryOverCap=0
NewINIFormat=4
NextScenario=GDI2A.map
SkipMapSelect=no
AltNextScenario=GDI9C.MAP
MultiplayerOnly=1
IceGrowthEnabled=no
VeinGrowthEnabled=no
TiberiumGrowthEnabled=yes
IgnoreGlobalAITriggers=no
TiberiumDeathToVisceroid=no

[British]
IQ=0
Edge=North
Color=Gold
Allies=British
Country=British
Credits=0
NodeCount=0
TechLevel=1
PercentBuilt=0
PlayerControl=no

[Confederation]
IQ=0
Edge=North
Color=DarkRed
Allies=Confederation
Country=Confederation
Credits=0
NodeCount=0
TechLevel=1
PercentBuilt=0
PlayerControl=no

[Events]
0649E72C=1,47,0,0

[French]
IQ=0
Edge=North
Color=Gold
Allies=French
Country=French
Credits=0
NodeCount=0
TechLevel=1
PercentBuilt=0
PlayerControl=no

[GDI]
IQ=0
Edge=North
Color=Gold
Allies=GDI
Country=GDI
Credits=0
NodeCount=0
TechLevel=1
PercentBuilt=0
PlayerControl=no

[Germans]
IQ=0
Edge=North
Color=Gold
Allies=Germans
Country=Germans
Credits=0
NodeCount=0
TechLevel=1
PercentBuilt=0
PlayerControl=no

[Houses]
0=Americans
1=Alliance
2=French
3=Germans
4=British
5=Africans
6=Arabs
7=Confederation
8=Russians
9=GDI
10=Nod
11=Neutral
12=Special

[IsoMapPack5]
1=cw0AIAABPAABAP//AAAABAA7AAIA//8AAEkBPCgpAD0oKwA6AAPhBDsoKQA8KCkAPSgpAD
2=5KAa4BkQk5QArdCjooKQA7KCkAPCgpAD1JAay5Bj5JAaWpAT9JAQurATgABe0QOSgpADoo
3=KQA7KCkAPEgB0Qk9SQGipQg+SAEnXgEFAN0KQFQCaAEDAQQANwAG6Qw4KCkAOSgpADooKQ
4=A7SAHJDDxIAckMPSgpAD5IASe1AQYotAGoAVUNQUAEwyU2AAfhDzcoKQA4KCkAOSgpADpI
5=AcEPO0gBwQ88KCkAPSgpAD5IAScNAgcoDAKoAY8QBwCrtSNCTQWmqwE1AAj5ETYoKQA3KC
6=kAOCgpADlIAdkROkgB2RE7KCkAPCgpAD0oKQA+SAEnZQIIKGQCqAGFEwgoZgIIAN0KQ1gG
7=0xQ0AAnxFDUoKQA2KCkANygpADhIAdEUOUgB0Qk6KCkAOygpADwoKQA9KCkAPkgBJ70CCS
8=i8AqgBnRUJKL0CCSi8AicpAERECMsXMwAK6Rc0KCkANSgpADYoKQA3SAHJFzhIAckXOSgp
9=ADooKQA7KCkAPCgpAD0oKQA+SAEnFQMKKBQDqAGVGAooFQMKKBQDJykAREQIzRBFSAHDGj
10=IAC+EaMygpADQoKQA1KCkANkgBwRo3SAHRCTgoKQA5KCkAOigpADsoKQA8KCkAPSgpAD5I
11=ASdtAwsobAOoAY0bCyhtAwsobAMnKQBERAjZEUUoKQBGSAHbHDEADPkcMigpADMoKQA0KC
12=kANUgB2Rw2SAHdCjcoKQA4KCkAOSgpADooKQA7KCkAPCgpAD0oKQA+SAEnxQMMKMQDqAGF
13=HgwoxQMMKMQDJykAREQIxRNFKCkARigpAEdIAdMfMAAN8R8xKCkAMigpADMoKQA0SAHRHz
14=VIAckMNigpADcoKQA4KCkAOSgpADooKQA7KCkAPCgpAD0oKQA+SAEnHQQNKBwEqAGdIA0o
15=HQQNKBwEJykAREQI0RRFKCkARigpAEcoKQBISAHLIi8ADukiMCgpADEoKQAyKCkAM0gByS
16=I0SAHVDTUoKQA2KCkANygpADgoKQA5KCkAOigpADsoKQA8KCkAPSgpAD5IASd1BA4odASo
17=AZcjDgCvob9CTQWnqQFDKCkARCgpAEUoKQBGKCkARygpAEhIAc0bSUgBwyUuAA/hJS8oKQ
18=AwKCkAMSgpADJIAcElM0gB0Qk0KCkANSgpADYoKQA3KCkAOCgpADkoKQA6KCkAOygpADwo
19=KQA9KCkAPkgBJ88EDwDIITQjAQAEAEBUAmgBjyYPAOm1AkJUAskBQygpAEQoKQBFKCkARk
20=kBxLkGR8gBUQlISAHR8ElIAcUeSkgB2yctABD5Jy4oKQAvKCkAMCgpADFIAdknMkgB0Qkz
21=KCkANCgpADUoKQA2KCkANygpADgoKQA5KCkAOigpADsoKQA8KCkAPSgpAD5IASclBRCFKQ
22=JkKagBAQMEAEFABHgnXSBCKCkAQygpAEQoKQBFKCkARkgBZClRCUfIAVEJSEgBJyUFEOF9
23=SlUCorVaS0gB0yosABHxKi0oKQAuKCkALygpADBIAdEqMUgB0QkyKCkAMygpADQoKQA1KC
24=kANigpADcoKQA4KCkAOSgpADooKQA7KCkAPCgpAD0oKQA+SAEnfQURKHQPqAFRKkFABMkX
25=QkkBpL0gQygpAEQoKQBFSAHVI0ZJAQqtBUfIAVEJSEgBJ30FESh8BScpAEtABNUjTEgB0w
26=krABLpLSwoKQAtKCkALigpAC9IAd0VMEgB0QkxKCkAMigpADMoKQA0KCkANSgpADYoKQA3
27=KCkAOCgpADkoKQA6KCkAOygpADwoKQA9KCkAPkgBJ9UFEijUBagBQSVBQATBJUJIAdUYQy
28=gpAEQoKQBFSAHRCUZIASfWBRIAaAFRCUhUAtEJSUgB0QlKKCkASygpAEwoKQBNSAHDMCoA
29=E+EwKygpACwoKQAtKCkALkgBwTAvSAHVDTAoKQAxKCkAMigpADMoKQA0KCkANSgpADYoKQ
30=A3KCkAOCgpADkoKQA6KCkAOygpADwoKQA9KCkAPkgB2Sc/SAEiKDeNtROYMlknQVQC2SdC
31=SAHBGkMoKQBEKCkARUgB0QlGSAFgMFEJR8gBUQlISAHRCUlIAdEJSigpAEsoKQBMKCkATS
32=gpAE5IAdsyKQAU+TIqKCkAKygpACwoKQAtSAHZMi5IAcEPLygpADAoKQAxKCkAMigpADMo
33=KQA0KCkANSgpADYoKQA3KCkAOCgpADkoKQA6KCkAOygpADwoKQA9KCkAPkgB0So/SAEnhQ
34=YUKIUGFCh9JhT5ikNMBdkcRCgpAEVIAdEJRkgBJ4UGFCi0DCcxAUlABMUISigpAEsoKQBM
35=KCkATSgpAE4oKQBPSAHTNSgAFfE1KSgpACooKQArKCkALEkBsLWnLUgBJUklLigpAC8oKQ
36=AwKCkAMSgpADIoKQAzKCkANCgpADUoKQA2KCkANygpADgoKQA5KCkAOigpADsoKQA8KCkA
37=PSgpAD5JAam1GD9IASfdBhUo3QYVKOYoFQDZHENMBckBRCgpAEVIAdEJRkgBJ90GFSjcBi
38=cxAUlABMUISigpAEsoKQBMKCkATSgpAE4oKQBPKCkAUEkBqrcYJwAW6TgoKCkAKSgpACoo
39=KQArSQHqJKkmLCgpAC1JAcm1Ai7IAVGCL0gBzQUwKCkAMSgpADIoKQAzKCkANCgpADUoKQ
40=A2KCkANygpADhIASKYJFWROSgpADpIAcEPOygpADwoKQA9KCkAPigpAD9JAcy1GEDIAVUY
41=QUgB0QlCKCkAQygpAEQoKQBFKCkARkkBy7EJR8gBUQlISAHRCUkoKQBKKCkASygpAEwoKQ
42=BNKCkATigpAE8oKQBQKCkAUUgBzzEmABfhOycoKQAoKCkAKSgpACpIAWQTURQrKCkALCgp
43=AC1IAXwKAQIEAC7IAQEDBAAvSAHZBjAoKQAxKCkAMigpADMoKQA0KCkANSgpADYoKQA3KC
44=kAOEgBbDxFEzkoKQA6SAHBDzsoKQA8KCkAPSgpAD4oKQA/SAFsPFUYQMgBVRhBSAHRCUIo
45=KQBDKCkARCgpAEUoKQBGSAFsPFEJR8gBUQlISAHRCUkoKQBKKCkASygpAEwoKQBNKCkATi
46=gpAE8oKQBQKCkAUUgBzTFSyAFDDyUAGPk9JigpACcoKQAoKCkAKUgB3eYqSAEl/SsrKCkA
47=LEgBybwtSAHBky7IAU0xL0gBxQgwSAHFCDEoKQAyKCkAMygpADQoKQA1KCkANigpADcoKQ
48=A4KCkAOUkB+bmVOkkBeaVrO8gBWRE8SQFbtQI9yAFVAj5JAVy1Aj9IASetFhgorxYYAFqh
49=BEJABGgBWQZDSQGAtQJEyAFVAkVIAc0QRkgBxR5HKCkASCgpAEkoKQBKKCkASygpAEwoKQ
50=BNKCkATigpAE8oKQBQSAHNMVFIAdUYUsgBRRNTSAElz1wkABnxQCUoKQAmKCkAJygpAChI
51=Ack4KUkBor0rKigpACsoKQAsSAElgSEtSAEnPQgZ4dUvVAIlCSgwSAHRCTEoKQAyKCkAMy
52=gpADQoKQA1KCkANigpADcoKQA4KCkAOUkB+L0VOkgBfUECIsZmGQBoAVFhPFQCfEFVAj3I
53=AVUCPkgBfEFNJj9JATxECEkBQEkBPkkBACLdPRmcQVkGQlQCfEFZBkNJAYBcQVUCRMgBVQ
54=JFSAHNEEZJAaKlCEcoKQBIKCkASSgpAEooKQBLKCkATCgpAE0oKQBOKCkATygpAFBIAc0x
55=UUgBJz0IGfVaU1QCzTFUSAHPRyMAGulDJCgpACUoKQAmKCkAJ0gByUMoSAHNGykoKQAqKC
56=kAKygpACxIAcUTLUgBJ5UIGiiVCBomTSswQATdCjEoKQAyKCkAMygpADQoKQA1KCkANigp
57=ADcoKQA4KCkAOUgBxTQ6SQFjSTgAdkQaAGgBRT88VQI7XDZVOT1IAXBAAQIEAD5IAWhDSQ
58=E/yAFBBEBIAcEEQcgBVQJCSQE6RAhNBUNJAXOpDETIAUkMRUgBzRBGSQGiTAVNEEcoKQBI
59=KCkASSgpAEooKQBLKCkATCgpAE0oKQBOKCkATygpAFBIAc0xUUgBJ5UIGiiUCCctBlRABM
60=UTVUgBw0YiABvhRiMoKQAkKCkAJSgpACZIAcFGJ0gB0QkoKCkAKSgpACooKQArKCkALEgB
61=3RUtSAEn7QgbKO0IGyZdLTBABCUpLDEoKQAyKCkAMygpADRIAdkRNSgpADYoKQA3KCkAOC
62=gpADlIAd02OkgBYUYCbUcbjEdFPzxUAnxBTTw9SAFgRkE7PsgBVQI/SAFgBFUCQEgBdERJ
63=AUHIAUEEQkgBdE9VAkNIAWxHSQxEyAFJDEVIAc0QRkkBou1HGyYxOEgoVQBJKCkASigpAE
64=soKQBMSAHNJk0oKQBOKCkATygpAFBIASVZMlFIASftCBso7Qgb/XhUQATFE1UoKQBWSAHb
65=SCEAHPlIIigpACMoKQAkKCkAJUgB2UgmSAHdCicoKQAoKCkAKSgpACooKQArKCkALEgBJ0
66=cJHACxrXMuVAJoAUEwL0gBIqgmCAAEADAAHADqAAAAEQAASw4AIAYABAAxABwA6gBAAAQE
67=ADIAHADERAFVAjPIAQEBBAA0SgGrAVsCBAA1SQGiqQE2KCkANygpADgoKQA5SQH4rQU6SQ
68=FiQAhdCjvIAV0KPEkBO0AESQE9yAFBBD7IAVUCP0kBOqEEQMgBAQIEAEHIAQEDBABCSAFk
69=CFUCQ0kBcqkMRMgBRQhFSAHNEEZJAaJQCUkMRygpAEgoKQBJKCkASigpAEtJAaW5BkxJAb
70=2pDE3IAUkMTkgB2SdPKCkAUCgpAFFJAbS5BlLIAVkGU0gB0SpUSAHFE1UoKQBWKCkAV0kB
71=pqwQAyAAHQD//1cJBAAhKCkAIigpACMoKQAkSQGsuQYlSAHJDCYoKQAnKCkAKCgpACkoKQ
72=AqSQGnpQgrKCkALEkBqbUCLUkBsVQRAQIEAC7IAVkyL0gBaCJZHDAoKQAxKCkAMkgBfExZ
73=BjPIAVkGNEgBySI1SQGiqQw2KCkANygpADgoKQA5SAHNPDpIAXxMAQIEADvIAV0KPEgBdE
74=RJAT3IAUEEPsgBVQI/SAF8TEkBQEkBPKEPQcgBVRhCSAFgBE1HQ0gBfExFCETIAVkGRUgB
75=zRBGSQGipQhHKCkASCgpAEkoKQBKKCkAS0gBJ54JHQB8TAECBABNVAJoAUkMTkgB0SpPKC
76=kAUCgpAFFIAXxMWQZSyAFZBlNJAa+5EVRIAdU5VSgpAFZJAaKhBFcoKQBYSAHLTh8AHulO
77=ICgpACEoKQAiKCkAI0gBWUEAQSUkSAHVOSVIAckMJigpACcoKQAoKCkAKUgB3SAqSQEndw
78=kDACtKAQkCTwEDACwoKQAtKCkALigpAC8oKQAwKCkAMUkBKEIIAANXnB4AC6UeM1QCaAFN
79=PDRIAd0VNUgB3RU2KCkANygpADgoKQA5SAHFPzpIAXRPUR87yAFdCjxJAT1UDUkBPUkBPk
80=gBQQQ+KCkAP0gBeFNVAkBIAcEEQcgBWQZCyAFBBENJAXF3GAQARMgBQQRFSAHNEEZIAckX
81=RygpAEgoKQBJKCkASigpAEtIAdUuTEgBaCJVDU3IAUkMTkgBzTFPSAHNMVAoKQBRKCkAUi
82=gpAFMoKQBUKCkAVUgBzTFWSAHVLldIAckXWCgpAFlIAcNRHgAf4VEfKCkAICgpACEoKQAi
83=SAF8JFUYIygpACRIAdUNJUgB1Q0mKCkAJygpACgoKQApSAHVIypJAQahUStJAY1sDG9SHw
84=CFqQEtVALJAS4oKQAvKCkAMEkBh60FMUkBALEJMkgB1S4zyAFVLjRIAd0VNUgB3RU2KCkA
85=NygpADgoKQA5SAHdQTpIAW1SAmaiHwBoAVGCPFQCbFJJAT1IAWhOQQQ+KCkAP0gBbFJVAk
86=BIAcEEQcgBWQZCyAFBBENIAWxSSQFEyAFBBEVIAc0QRkkBorleRygpAEgoKQBJKCkASigp
87=AEtJAaW5BkxIAdUjTcgBVSNOSAHNMU9IAc0xUEkBhb0rUSgpAFIoKQBTKCkAVEgBzTFVSA
88=HNMVZIAdUuV0gByRdYKCkAWSgpAFpIAdtTHQAg+VMeKCkAHygpACAoKQAhSAFsFFlTIigp
89=ACMoKQAkSAHNECVIAc0QJigpACcoKQAoKCkAKUkBpa0mKkgB1SMrSQGMeA1nVSAAg6kBLV
90=QCyQEuKCkALygpADBJAYatBTFIAdUjMkgBzTEzyAFNMTRIAd0VNUgB3RU2KCkANygpADgo
91=KQA5SAHVRDpJAWR0DWZVIABoAV0KPFQCdE9JAT3IAU0mPkgBeFNJAT8oKQBASAHV9EHIAV
92=kGQkgBzQVDSAFkVVkGRMgBQQRFSAHNEEZIAckXRygpAEgoKQBJKCkASigpAEtIAdUuTEgB
93=1SNNyAFJDE5IAc0xT0gBzTFQSAHBMFEoKQBSKCkAUygpAFRIAc0xVUgBzTFWSAHVLldIAc
94=kXWCgpAFkoKQBaKCkAW0kBprdEHAAh8VYdKCkAHigpAB8oKQAgSAFgNFknISgpACIoKQAj
95=KCkAJEgBxRMlSAHFEyYoKQAnKCkAKCgpAClIAcUpKkgBzSYrSAHNJixIAc0mLSgpAC4oKQ
96=AvKCkAMEkBhmMWAwAxSAHNJjJIAcU0M8gBRTQ0SAHdFTVIAd0VNigpADcoKQA4KCkAOUgB
97=zUc6SQF7dA1+VyEAaAFdCjxUAnxXAQMEAD3IAQECBAA+SQFqrQU/yAFNBUDIAV0rQcgBVQ
98=JCSAF8V1kGQ0gBfFdJAUTIAV0KRUgBzRBGSQGioTtHKCkASCgpAEkoKQBKKCkAS0gB1S5M
99=SAHVI03IAU0QTkgBzTFPSAHNMVBJAYN3GAMAUSgpAFIoKQBTKCkAVEgBzTFVSAHNMVZIAd
100=UuV0gByRdYKCkAWSgpAFooKQBbKCkAXEkBpqceGwAi6VkcKCkAHSgpAB4oKQAfSAFkF0kt
101=ICgpACEoKQAiKCkAIygpACRIAd0VJUgB3RUmKCkAJygpACgoKQApSAHdKypIAcUpK0gBxS
102=ksSAHFKS0oKQAuKCkALygpADBJAYZtFwNWWiIAxSkyVALdNjPIAV02NEgB3RU1SAHdFTYo
103=KQA3KCkAOCgpADlIAcVKOkgBaVkCdVoilFoBAwQAPFUCCrUuPcgBVQ0+SAF0Wk0FP8gBTQ
104=VAyAFVAkHIAVUCQkgBxQhDyAFFCERJAfu9CkVJAfSpAUZJAaKpAUcoKQBIKCkASSgpAEoo
105=KQBLSAHVLkxIAdUjTcgBVQ1OSAHNMU9IAc0xUEkBg70rUSgpAFIoKQBTKCkAVEgBzTFVSA
106=HNMVZIAdUuV0gByRdYKCkAWSgpAFooKQBbKCkAXCgpAF1JAaazHxoAI+FcGygpABwoKQAd
107=KCkAHkkBrLkGH0kBpKkBICgpACEoKQAiKCkAIygpACRIAckXJSgpACYoKQAnKCkAKCgpAC
108=lIAdUuKkgB3SsrSQGMsSosSAHdKy0oKQAuKCkALygpADBJAYa5BjFIAd0rMkgB1TkzyAFV
109=OTRIAdUuNUgByRc2KCkANygpADgoKQA5SQH6tSM6SQHzqQE7SQH1qQE8SAHFVT3IAVUNPk
110=gBxVU/SAHZBkAoKQBBSAHFCEJIAcUIQ8gBRQhESAHdFUVIAd0VRigpAEcoKQBIKCkASSgp
111=AEooKQBLSAHVLkxIAdUjTcgBVQ1OSAHNMU9IAc0xUEgBzTFRKCkAUigpAFMoKQBUSAHNMV
112=VIAc0xVkgB1RhXSAHVGFgoKQBZKCkAWigpAFsoKQBcKCkAXSgpAF5JAaajMBkAJPleGigp
113=ABsoKQAcKCkAHUkBJlgGAQIEAB5IAcUTH0kBolQClr0kAMkBIShVACIoKQAjKCkAJCgpAC
114=UoKQAmKCkAJygpACgoKQApSAHNMSpIAdUuK0gB1S4sSAHVLi0oKQAuKCkALygpADBJAYbl
115=YCQotRckKARDqAFNPDRMBcUeNUgB2Rw2KCkANygpADgoKQA5KCkAOigpADtIAdUYPEgB3V
116=c9yAFVDT5IAdUNP0gB1Q1AKCkAQUgBxQhCSAHFCEPIAUUIREgBxQhFSAHFCEYoKQBHKCkA
117=SCgpAEkoKQBKKCkAS0gB1Q1MSAEnBAwndQROVALNMU9IAc0xUEgBzTFRKCkAUigpAFMoKQ
118=BUSAHNMVVIAScGDCQA1RhXVALVGFgoKQBZKCkAWigpAFsoKQBcKCkAXSgpAF4oKQBfSQGm
119=v1cYACXxYRkoKQAaKCkAGygpABxIAXBhSS0dyQECfWIl/RUfVQKivQogKCkAISgpACIoKQ
120=AjKCkAJCgpACUoKQAmKCkAJygpACgoKQApSAHFNCpIAc0xK0kBkKFcLEkBiKkBLSgpAC4o
121=KQAvKCkAMEkBiq0FMUgBzTEySAHFPzPIAVEfNEgBxTQ1SAHFHjYoKQA3KCkAOCgpADkoKQ
122=A6KCkAO0gB1Rg8SAHVWj3IAVUNPkgBJcFVP0kBp70rQCgpAEFIASX5XEJIAcUIQ8gBRQhE
123=SAHdFUVIAd0VRigpAEcoKQBIKCkASSgpAEooKQBLSAHdFUxIAdUjTcgBVQ1OSAHNMU9IAc
124=0xUEgBzTFRKCkAUigpAFMoKQBUSAHNMVVIAc0xVkgB1RhXSAHVGFgoKQBZKCkAWigpAFso
125=KQBcKCkAXSgpAF4oKQBfKCkAYEgBy2QXACbpZBgoKQAZKCkAGigpABtIAWhkRcMcyAFJIh
126=3JAQJ1ZSYotQwm6ccgQQSioTshKCkAIigpACMoKQAkKCkAJSgpACYoKQAnKCkAKCgpAClI
127=Ad02KkkBJq1dK0kBAyTFUCwoKQAtKCkALigpAC8oKQAwKCkAMUkBJbEJMkgB3UEzyAFRHz
128=RIAd1XNUgB3Vc2KCkANygpADgoKQA5KCkAOigpADtIAc1dPEgBzV09yAFVDT5JAdilKT9J
129=AdCpAUAoKQBBSQHStQJCSAHFCEPIAUUIREgB3RVFSAHdFUYoKQBHKCkASCgpAEkoKQBKKC
130=kAS0gB3RVMSAHVI03IAVUNTkgBzTFPSAHNMVAoKQBRKCkAUigpAFMoKQBUKCkAVUgBzTFW
131=SAEntAwnnQlYVALdTFkoKQBaKCkAWygpAFwoKQBdKCkAXigpAF8oKQBgKCkAYUgBw2cWAC
132=fhZxcoKQAYKCkAGSgpABpJAa65MhtIAScMDVBZVAJBJR3VAgJtaCcoDQ0nKAwNJykAIU0F
133=olgGVXAiKCkAIygpACQoKQAlKCkAJigpACcoKQAoKCkAKSgpACpIASURNCsoKQAsKCkALS
134=gpAC4oKQAvKCkAMCgpADFIAc0mMkgBIgB0SRczyAFRHzRJAclzbAQANcgBVQI2SAEiBG9N
135=BTcoKQA4KCkAOSgpADooKQA7KCkAPEkByr0KPcgBXQo+SQHXuSc/SQEWf4MEAEAoKQBBSQ
136=HRoQRCSAEJyAAAAAAEAEMAJwDIEQAAAQ8AIAgAAAABBABEACcA6kgBAgAEAEUAJykARigp
137=AEcoKQBIKCkASSgpAEpJAcmlCEvIAQEBBABMSQG0tQJNyAFVAk5KAawBWwIEAE9JAaSpAV
138=BJAaapAVFIAVkDAFkRUkgBzQVTSAHNBVQoKQBVKCkAVkkBoqUIVygpAFgoKQBZKCkAWigp
139=AFsoKQBcKCkAXSgpAF4oKQBfKCkAYCgpAGFJAaWhD2JJASaoAQMVACgA//9fGAQAFigpAB
140=coKQAYKCkAGUgB2RwaSAHRCRtIAdEJHMgBWScdyAEBAgQAHkkBq7UNH0kBoqkBICgpACEo
141=KQAiKCkAIygpACQoKQAlKCkAJigpACcoKQAoKCkAKSgpACooKQArKCkALCgpAC0oKQAuKC
142=kALygpADAoKQAxSAHRHzJJAbFUJwECBAAzyAEBAwQANEgBfExVAjXIAVUCNkgBfFdVIzco
143=KQA4KCkAOSgpADooKQA7KCkAPEkByrUNPcgBXQo+SQHXsSo/SgEWAkcEBABAKCkAQUkB0a
144=EEQkkByFwDRRNDyAFFCERIAcUTRSgpAEYoKQBHKCkASCgpAEkoKQBKSAHFHkvIAV0KTEgB
145=ZGtVDU3IAVUCTkgB3UFPSQGipRNQSAHRKlFIAUwUpmsoAM0FU1QCzQVUKCkAVSgpAFYoKQ
146=BXKCkAWCgpAFkoKQBaKCkAWygpAFwoKQBdKCkAXigpAF8oKQBgKCkAYUgByRdiSAHRYWPI
147=AVs9FAAp8WwVKCkAFigpABcoKQAYSAHRbBlIAcUeGkgByQwbSAHJDBzIAUkMHckBAn1tKe
148=0mH1UCor0rICgpACEoKQAiKCkAIygpACQoKQAlKCkAJigpACdJAae9CigoKQApKCkAKigp
149=ACtIAc0QLCgpAC0oKQAuKCkALygpADAoKQAxKCkAMkgB2aszSAHJsTRJAQu5ETXIAUkiNk
150=kB2rUCN0kBrqkBOEkBu6kBOcgBTQU6yAEBAgQAO8gBRVU8SQEKrQU9yAFNBT5JAdu1Aj9J
151=AdOpAUAoKQBBSQHVtQJCSAHFCEPIAUUIREkBvKEERcgBVQJGyAFNEEfIAU0QSEgByRdJSA
152=HBGkpIAcUeS8gBRQhMSAHNR01IAcElTkkBorUNTygpAFAoKQBRSAHNBVJIAc0FUygpAFQo
153=KQBVSAHFP1YoKQBXKCkAWCgpAFlIAdEJWigpAFsoKQBcKCkAXSgpAF4oKQBfKCkAYCgpAG
154=FIAdFhYkgB0WFjyAFdIGTIAQMCBAATACrpbxQoKQAVKCkAFigpABdIAdknGEkBoq0mGSgp
155=ABpIAcEPG0gBwQ8cyAFBDx3JAQJ1cCooFw4qAKKxCSBABMkBISgpACIoKQAjKCkAJCgpAC
156=UoKQAmSAHNECdJAbi9CijIAU0QKcoBAgRCASoAYARZSCtQAcGpLEkBorkGLSgpAC4oKQAv
157=KCkAMCgpADEoKQAyKCkAM0gB2RE0SAHNUjXIAVkRNkkB2bUNN0kBrakBOEgBdHABBAQAOc
158=gBAQUEADrJAQZ2cCoAYAQBBwQAPFQCzWg9yAFdCj5IAdE1P0kBpL0KQCgpAEFJAaa1AkJI
159=AcUTQ8gBRQhESAF1cAQiPikqAGgBTRBG1AIBBgQAR8gBTRBISAHJF0lIAcEaSkgB3QpLyA
160=FdCkxIAcktTUgByS1OKCkATygpAFAoKQBRKCkAUigpAFMoKQBUSQGloRpVSAFgOwEABABW
161=yAFBD1fIAQECBABYyAFFP1lIAdkRWkkBoqUIWygpAFwoKQBdKCkAXigpAF8oKQBgKCkAYU
162=gB2RFiSAHRYWPIAVkRZMgBAQIEAGVIAdOYEgAr4XITKCkAFCgpABUoKQAWSQGwvRUXSQGi
163=qQEYKCkAGSgpABpIAdkRG0gB2REcyAFZER3JAQJtcysobQ4rKGwOJykAIU0ForUNIigpAC
164=MoKQAkKCkAJSgpACZIAc0QJ0gBZDRRSyjKAQUEWZIrgHJRSyrUAlFLK0gBxTQsSAHBDy0o
165=KQAuKCkALygpADAoKQAxKCkAMigpADNJAaW1GDRJAQupATXIAUkiNkgByVk3SAHBXDhIAW
166=lvCG1zK5VwCWxzqgEKBETkqQELb3MrAAq9Cj1YBmgBXQo+SQGrtQI/SAHBGkAoKQBBSAHF
167=E0JIAXgGSVlDyAFFCERIAWByTRBFyAFNEEbIAU0QR8gBAQsEAEhIAckXSUgBwRpKSAHFHk
168=vIAV0KTEkBq6UTTUgBxRNOKCkATygpAFAoKQBRKCkAUigpAFMoKQBUSAHBGlVIAcU/VsgB
169=AQUEAFfIAUU/WMgBRT9ZSAHZEVpIAdkRWygpAFwoKQBdKCkAXigpAF8oKQBgKCkAYUkBpb
170=kcYkgB0WFjyAFdIGTJAQJucysA2SdmVQIGIvgwAgMAEQAs+XQSKCkAEygpABQoKQAVSQEk
171=IsMuAwAWSQEoqQEXSQGvrRAYSQGiqQEZKCkAGkgB0RQbSAHRFBzIAVEUHckBAmV2LCjHDi
172=wAp7EJIEAEyQEhKCkAIigpACMoKQAkKCkAJSgpACZIAc0QJ0gBfDZJTijIAUlOKcgBSU4q
173=ygELBFgkJzkCLFQCzRAtKCkALigpAC8oKQAwKCkAMSgpADIoKQAzSAHZETRIAd1XNcgBSS
174=I2SAHBXDdIAd02OEgBZXYMZXYshXYNZHapAQ5kdqoBDwRV6SwoxA6oAV0KPkUIq7EqP0kB
175=oqkBQCgpAEFIAcUTQkgBJ8QOJwUBRFQCZHZNEEXIAU0QRsgBTRBHyAFNEEhJAa2pDElIAc
176=EaSkgBxR5LyAFFE0xIAcUTTUgByS1OKCkATygpAFAoKQBRKCkAUigpAFMoKQBUSAHBGlVI
177=AcU/VsgBRT9XyAFFP1jIAQELBABZSQGrqRdaSAHZEVsoKQBcKCkAXSgpAF4oKQBfKCkAYC
178=gpAGFIAdkRYkgB0WFjyAFdIGTJAQJldiwoxg4sAMV2Z0EErqcTEAAt8XcRKCkAEigpABMo
179=KQAUSQGNpXYVSQGHqQEWSAHJehdIAcl6GEkBr6kMGUkBoqkBGkgByRcbSAHJFxzIAUkXHc
180=kBAn14LekXH1UCtaUIIMgBTQUhyAFNBSLIAQEDBAAjyAFV6STIAQEFBAAlyAFNqiZJAa2x
181=CSdIAXQ5QVEoyQENZe8the8OIlQsqQEPfHgnOQIsTAXZES3IAVkRLsgBWREvyAFZETDIAV
182=kRMcgBWREyyAFZETNJAa25ETRIAdVaNcgBXQo2SAHZXjdIAc0FOEgBfXgQfXgtnXgRfHip
183=ARJ8eKkBE354LQDdCj1YBmgBXQo+SAHZUz9JAaKtEEAoKQBBSQGltQJCSAEnHQ8tkIJFCE
184=RUAnx4TRBFyAFNEEbIAU0QR8gBTRBISAHJF0lIAcEaSkgBeBFF+kvIAV0KTEgBzQVNSAHJ
185=LU7IAUEET8gBAQIEAFDIAUktUcgBSS1SyAEBBQQAU8gBSS1USAHdClVIAcU/VskBDWTvuD
186=1FP1jUAkU/WUkBrb0gWkgB2RFbyAFZEVzIAVkRXcgBWRFeyAFZEV/IAVkRYMgBWRFhSAHd
187=CmJIAdFhY8gBXQpkyAFdCmVIAc0FZkgBJx8PLQCxpRNoVAJ8cUcpDwAu6XoQKCkAESgpAB
188=IoKQATSQGNfwYDABRJAYOpARUoKQAWSAHBfRdIAcF9GEgBwX0ZSQGvrRAaSQGlqQEbSAHB
189=GhzIAUEaHcgBQRoeSQGtrQUfSAFwKgEHBAAgyAFB6yHIAVmrIsgBWasjyAEBCwQAJMgBUX
190=clyAEBDQQAJkkBrb0KJ0gBbDxZUyjJARF1ey6Ue1lTKtQCWVMrSAHZBixIAdkRLcgBWREu
191=yAFZES/IAVkRMMgBWRExyAFZETLJAQ0ipVcu8Zg0VALNXTXIAUkiNkgB0WE3SQGtqRc4SA
192=F1exR1ey6VexV0e6kBFnR7qQEXd3suALJ/NgQAPVgGaAFdCj5IAdkyP0kBp70KQCgpAEFJ
193=Aam1AkJJAbOlCEPIAUUIREgBdHtNEEXIAU0QRsgBTRBHyAFNEEhIAckXSUgBwRpKSAHFHk
194=vIAV0KTEgBzQVNSQG1TBABBwQATsgBSS1PyQEJdnsuAGAESS1R1AJJLVLIAUktU8gBAQ0E
195=AFRJAa1QCUVgVUgBxT9WyAFFP1fIAUU/WMgBRT9ZSAHZBlpIAXQNWRFbyAFZEVzIAVkRXc
196=gBWRFeyAFZEV/IAVkRYMgBAQ0EAGFJAa25EWJIAdFhY8gBXSBkyAFRYWVIAc0FZkgBJ3cP
197=LgCPezIDAGhUAmQBTRtpKCsADgAv4X0PKCkAECgpABEoKQASSQGNawgDABNIAcF9FCgpAB
198=UoKQAWKCkAF0kBh7kGGEgB2X8ZSAHZfxpJAa25HBtIAdkcHMgBWRwdyAFZHB5IAc0FH0gB
199=aC1FrSDIAQEPBAAhyAFFdiLIAV02I8gBXTYkyAFdNiXIAVlTJkgB3QonSAFkP1UCKMkBFW
200=1+L4x+UVYq1AJRVitIAdkGLEkBtVQYWREtyAFZES7IAVkRL8gBWREwyAFZETHIAVkRMsgB
201=QQ8zSAHdCjRIAcVgNcgBSSI2SAHJZDdIAc0FOEgBbX4YbX4vjX4ZbH6pARpsfqkBG21+L4
202=x+USo9WAZsfgEDBAA+SQG/UDVJDD9IASKQZUFGQMgBVQJBSQG5QARVAkLIAVUCQ0gBeH9F
203=CERIAWx+TRBFyAFNEEbIAU0QR8gBTRBISAHJF0lIAcEaSkgBxR5LyAFJDExIAc0FTUgByS
204=1OyAFJLU/IAUktUMgBSS1RyAFJLVLIAUktU8gBSS1USAHdClVJAbhIOFUCVskBFWT6J+UH
205=WNQCRT9ZSAHZBlpJAbVYBkU/W8gBWRFcyAFZEV3IAVkRXsgBWRFfyAFZEWDIAUEPYUgB3Q
206=piSAHRYWPIAV0gZMgBXTZlSAHNBWZIASfPDy8AjGQ0b34vAIWpAWlABNVwakgBcAJLOA0A
207=MPl/DigpAA8oKQAQKCkAEUkBjX8GAwASSQGDqQETKCkAFCgpABUoKQAWKCkAFygpABhIAd
208=kRGUkBACQZQBpJAa1EKUUTG0gB0R8cyAFRHx3IAVEfHkgBzQUfSAFhMBV1/zCUvVl0IdQC
209=UTUiyQEYImwvoARNUiTUAkxSCiUAMAC1AQAAGwQAJgARAABGDgAgAAMwALEBAAAABAAnAD
210=AAuAEAABgEACjIAQEZBAApyAEBGgQAKsgBARsEACtIAdkGLEkBtVgGARUEAC3IAQEWBAAu
211=yAEBFwQAL8gBXQowyAFdCjHIAV0KMsgBXQozSQGtUAlZETRJAQupATXIAQEBBAA2SQHZtQ
212=I3SQGvqQE4SQGoqQE5KCkAOigpADsoKQA8SQGqrQU9SAEFvwAAAAIEAD7IAQEDBAA/SQHJ
213=tQJAyAFVAkFJAbm1AkLIAVUCQ0kBsLEJREgBzRBFKCkARigpAEcoKQBISQGpuQZJSAHBGk
214=pIAcUeS8gBRR5MSAHJIk1JAbVYBgEVBABOyAFJLU/IAUktUMgBSS1RyAFJLVLIAUktU8gB
215=SS1USAHJOFVJAbhcCgEYBABWyAFZBlfIAVkGWMgBWQZZSAHZBlpJAbVYBgEVBABbyAFZEV
216=zIAVkRXcgBXQpeyAFdCl/IAV0KYMgBXQphSAHZHGJJASZcClFAY8gBXSBkyAFRNWVIAc0F
217=ZkoBBgJfMgMAZ0kBjEQBAQADAGhJAYOpAWkoKQBqSQGHtQJrSAFkAUgMAwwAMQD//1MBBA
218=ANKCkADigpAA8oKQAQSQGNSAVJDBFIAckMEigpABMoKQAUKCkAFSgpABYoKQAXKCkAGEkB
219=hr0KGUkBAKEaGkkBrb0gG0gBySIcyAFJIh3IAUkiHkkBq60FH0kBpKkBIEkBpqkBIUkBsW
220=sMBAAiyAFFCCNJAeq1AiQoKQAlKCkAJigpACcoKQAoSQHMuQYpyAFRCSpIAdEJKygpACwo
221=KQAtKCkALigpAC9JAbSxCTDIAVEJMUkBrKkXMkgBwRozSQGltQI0SAHVZTXIAVkGNkkB26
222=EEN0kB1KkBOCgpADkoKQA6KCkAO0kB1q0FPEkB96kBPUkB76kBPkkB8akBP0kBBqkBQMgB
223=QQ9BSAHZBkJIAdkGQ0gB2QZESQHcuQZFSAHFE0YoKQBHKCkASCgpAElJAdW5BkpIAcUeS8
224=gBQQ9MSAHFP01IAcElTkgBxT9PSAHFP1DIAVkGUUgB0TVSKCkAUygpAFQoKQBVKCkAVkgB
225=xT9XyAFRCVhIAdEJWSgpAFooKQBbKCkAXCgpAF1IAcU/XsgBUQlfSAHFP2BIAcEaYUgBxT
226=9iSAHRYWPIAVkGZMgBUWFlSAHBZ2ZIASd/EDEAjHxMfoMxANF3aUAEyQFqKCkAa0gByYVs
227=SAF0BkuFCwAy6YUMKCkADSgpAA4oKQAPSQGNfwYDABBIAckMESgpABIoKQATKCkAFCgpAB
228=UoKQAWKCkAFygpABhJAYapDBlIASfXEDIAraFGG1QCwSUcyAFBJR3IAUElHkgBzUcfSQGi
229=uQYgSAHJLSFIAW1HAnaGMgBoAQEDBAAjVAJ4PVEJJCgpACUoKQAmKCkAJygpAChIAWxHUQ
230=kpyAFRCSpIAdEJKygpACwoKQAtKCkALigpAC9IAWxHUQkwyAFRCTFIAcEaMkkBoqEaM0gB
231=wRo0SAHNaDXIAVUYNkkBrK0FN0gByU44KCkAOSgpADooKQA7SQGmuQY8SQH2qQE9SQHtqQ
232=E+SQHwqQE/SAHBD0DIAUEPQUgB2QZCSAHZBkNIAdkGREgBxRNFSAHFE0YoKQBHKCkASCgp
233=AElIAcUTSkgBwQ9LyAFBD0xIAcElTUgBwSVOSAHBJU9IAXg9AQIEAFDIAV0rUUgB0TVSKC
234=kAUygpAFQoKQBVKCkAVkgBxT9XyAFRCVhIAdEJWSgpAFooKQBbKCkAXCgpAF1IAcU/XsgB
235=UQlfSAHBGmBJAaK1LmFIAcEaYkgB0WFjyAFdIGTIAQECBABlSAHBZ2ZIASfVEDIo1RAyKN
236=QQJykAak0Fg7VwaygpAGxIAcGIbUgBfANDiAoAM+GICygpAAwoKQANKCkADkkBjX8GAwAP
237=SAHJDBAoKQARKCkAEigpABMoKQAUKCkAFSgpABYoKQAXKCkAGEkBhrUNGUgBJy0RMyguET
238=MA2SccQARoAVknHcgBWSceSAElOS4fSQGnoTAgKCkAIUgBJYEsIigpACMoKQAkKCkAJSgp
239=ACYoKQAnSAEl6S4oSAHVWinIAVkRKkgBJTkuK0gB1Q0sKCkALSgpAC4oKQAvKCkAMCgpAD
240=FIAdUYMigpADNIASXpLjRJATVYHEEPNcgBXSA2SAHdIDdIAcUIOCgpADkoKQA6KCkAO0gB
241=3Qo8SQH6XApBRj1JAfKpAT5JAfSpAT9IAdEfQMgBTRBBSAHZBkJIAdkGQ0gB2QZESAHFE0
242=VIAcUTRigpAEcoKQBIKCkASUgBxRNKSAHFHkvIAUUeTEgB3QpNSAHdCk4oKQBPSAHNMVAo
243=KQBRKCkAUigpAFMoKQBUKCkAVUgBxT9WSAHRH1fIAVEfWEgBxT9ZSAHVDVooKQBbKCkAXC
244=gpAF0oKQBeKCkAX0gB1RhgKCkAYUgB3SBiSQExrTFjyAFNEGTIAUkiZUgBJZU0ZkgBJy0R
245=MygtETMoLBEnKQBqTAXBfWsoKQBsKCkAbUkBh7l0bkgBZAFXRAkANPmKCigpAAsoKQAMKC
246=kADUgB2YoOSAHVDQ8oKQAQKCkAESgpABIoKQATKCkAFCgpABUoKQAWKCkAFygpABhIASeG
247=ETQAJ4URNCiHETQALrEqHEwFaAFRKh3IAVEqHsgBAQMEAB9JASWtBSAoKQAhKCkAIigpAC
248=MoKQAkKCkAJSgpACYoKQAnKCkAKEkBKqkMKcgBWREqyAFZEStIAc0QLCgpAC0oKQAuKCkA
249=LygpADAoKQAxKCkAMigpADNIAXJsBARCATQAaAEBBQQANVABaQEGIgxEtAIBBwQAN1QCzR
250=A4KCkAOSgpADooKQA7KCkAPCgpAD0oKQA+SAHFHj/IAUUeQMgBRR5BSAHVDUIoKQBDKCkA
251=RCgpAEUoKQBGKCkARygpAEgoKQBJSAFsG0UeSsgBRR5LyAFFHkzIAUUeTUgBzRBOKCkATy
252=gpAFAoKQBRKCkAUigpAFMoKQBUSAHFHlXIAUUeVkgBeBFNEFfIAU0QWEgBwQ9ZKCkAWigp
253=AFsoKQBcKCkAXSgpAF4oKQBfKCkAYCgpAGEoKQBiSAFkjE1dY8gBVSNkyAFFE2VIAdl/Zk
254=gBJ4URNCiFETQohBEnKQBqTQWDfwYDAGsoKQBsKCkAbUkBhqEEbkgBZAFFjG8oKQAISFEl
255=vUQJKCkACigpAAsoKQAMSAHRjQ1IAcEPDigpAA8oKQAQKCkAESgpABIoKQATKCkAFCgpAB
256=UoKQAWKCkAFygpABhIAcEaGUgBJ90RNSjdETWcjl0rHEAEfI5dKx3IAQEGBAAeyAFVTx9I
257=AXBAVUQgKCkAISgpACIoKQAjKCkAJCgpACUoKQAmKCkAJygpAChIAW1SAyLuVTUAaAFFEy
258=rUAkUTK0gBzRAsKCkALSgpAC4oKQAvKCkAMCgpADEoKQAyKCkAM0gBeV4IfY41nY4JfI6p
259=AQp8jqkBC36ONQDNEDhYBskBOSgpADooKQA7KCkAPCgpAD0oKQA+SAF4HEUeP8gBRR5AyA
260=FFHkFIAckMQigpAEMoKQBEKCkARSgpAEYoKQBHKCkASCgpAElIAcUeSsgBRR5LyAFFHkzI
261=AUUeTUgBzRBOKCkATygpAFAoKQBRKCkAUigpAFMoKQBUSAHFHlXIAUUeVsgBRR5XSAHVDV
262=goKQBZKCkAWigpAFsoKQBcKCkAXSgpAF4oKQBfKCkAYCgpAGEoKQBiSAF8jlleY8gBWV5k
263=yAFJQ2VIAdGCZkgBJ90RNSjdETUo3BEnKQBqTQWDfAZ8jidVAGwoVQBtKCkAbkkBh60Fb0
264=gBZAFJkHAoKwAHADYmvSMIKCkACSgpAAooKQALSQEiawgDAAxJAZCpAQ1IAdkRDigpAA8o
265=KQAQKCkAESgpABIoKQATKCkAFCgpABUoKQAWKCkAFygpABhJAYatEBlIASc1EjYoNRI2lJ
266=FJLRxABHSRTVIdyAFNUh7IAU1SH0gBdERJ8yAoKQAhKCkAIigpACMoKQAkKCkAJSgpACYo
267=KQAnKCkAKEgBZVUGdZE2lZEHIiRoqAFRFCtABM0QLCgpAC0oKQAuKCkALygpADAoKQAxKC
268=kAMigpADNIAW1zDHWRNpWRDXSRqQEOdJGpAQ91kTaUkV0gOFgG2RE5KCkAOigpADsoKQA8
269=KCkAPSgpAD5IAcUeP8gBRR5AyAFFHkFIAckMQigpAEMoKQBEKCkARSgpAEYoKQBHKCkASC
270=gpAElIAcUeSsgBRR5LyAFFHkzIAUUeTUgBzRBOKCkATygpAFAoKQBRKCkAUigpAFMoKQBU
271=SAHFHlXIAUUeVsgBRR5XSAHVDVgoKQBZKCkAWigpAFsoKQBcKCkAXSgpAF4oKQBfKCkAYC
272=gpAGEoKQBiSAF0kUVgY8gBRWBkyAFFYGVIAXRpXYNmSAEnNRI2KDUSNig0EicpAGpMBdl/
273=aygpAGwoKQBtKCkAbigpAG9JAYd7DQMAcEgBZAFBD3EoKwAGADfhkwcoKQAIKCkACSgpAA
274=pJAa4kfTELSQEmdAlulDcA2ZUNVALZlQ5IAd0VDygpABAoKQARKCkAEigpABMoKQAUKCkA
275=FSgpABYoKQAXKCkAGEkBhrkRGUgBJ48SNwCrvRUbVQKkqQEcKCkAHSgpAB4oKQAfKCkAIC
276=gpACEoKQAiKCkAIygpACQoKQAlKCkAJigpACdJAaatEChIASI8Sk0xKckBAW2UNyPASlGC
277=K1UCrK0FLEgByRctKCkALigpAC8oKQAwKCkAMSgpADIoKQAzKCkANCgpADUoKQA2KCkANy
278=gpADgoKQA5KCkAOigpADsoKQA8KCkAPUgBxR4+SAHFHj/IAUUeQMgBRR5BSAHFHkJIAcUe
279=QygoAAdEADcApAEAAAAEEQAA1gwAIAoARQA3AKQBAAAABABGKCkARygpAEgoKQBJKCkASi
280=gpAEsoKQBMKCkATSgpAE4oKQBPKCkAUCgpAFEoKQBSKCkAU0sBpgEAZRNUSQEmqQFVyAEB
281=AQQAVsgBAQIEAFdJAayhBFhJAaSpAVkoKQBaKCkAWygpAFwoKQBdKCkAXigpAF8oKQBgKC
282=kAYSgpAGIoKQBjKCkAZCgpAGVIAdUYZkoBBgJDGgMAZ0kBjEQBAQADAGhJAYOpAWkoKQBq
283=KCkAaygpAGwoKQBtKCkAbigpAG8oKQBwSQGHvQpxSAFkAU08cigoAAMFADgA//9fAgQABi
284=gpAAcoKQAIKCkACUkBrLEqCkkBoqkBC0gBzRsMSQEmTAlBGg1JASKpAQ5JAZCpAQ9IAdkc
285=ECgpABEoKQASKCkAEygpABQoKQAVKCkAFigpABcoKQAYSQGGtQ0ZSQEAqS0aSQGrvRUbSA
286=HJFxwoKQAdKCkAHigpAB8oKQAgKCkAISgpACIoKQAjKCkAJCgpACUoKQAmKCkAJ0kBpbkR
287=KEgB1VopyAFVWirIAQECBAArSAHJFyxJAaK5Bi0oKQAuKCkALygpADAoKQAxKCkAMigpAD
288=MoKQA0KCkANSgpADYoKQA3KCkAOCgpADkoKQA6KCkAOygpADwoKQA9SAHFHj5IAcUeP8gB
289=RR5AyAEBAgQAQUgBxR5CSQGipR5DKCkARCgpAEUoKQBGKCkARygpAEgoKQBJKCkASigpAE
290=soKQBMKCkATSgpAE4oKQBPKCkAUCgpAFEoKQBSKCkAU0gBxR5USAHFHlXIAUUeVskBAmaX
291=OADFHlhVAqKlHlkoKQBaKCkAWygpAFwoKQBdKCkAXigpAF8oKQBgKCkAYSgpAGIoKQBjKC
292=kAZCgpAGVIAdUYZkgBJ+cSOACMsWxoVALJemkoKQBqKCkAaygpAGwoKQBtKCkAbigpAG8o
293=KQBwKCkAcUkBhbUNcigpAHNIAcubBAA58ZgFKCkABigpAAcoKQAISQGsvSsJSAHJLQooKQ
294=ALKCkADEkBpq0FDUgByZsOSAHJmw9IAcmbEEkBiLEUESgpABIoKQATKCkAFCgpABUoKQAW
295=KCkAFygpABhJAYq9ChlIASc9EznhRhtUAtUYHCgpAB0oKQAeKCkAHygpACAoKQAhKCkAIi
296=gpACMoKQAkKCkAJSgpACYoKQAnSQGloSUoSAHNXSnIAU1dKskBAnyZJ+kCLFUCorkGLSgp
297=AC4oKQAvKCkAMCgpADEoKQAyKCkAMygpADQoKQA1KCkANigpADcoKQA4KCkAOSgpADooKQ
298=A7KCkAPCgpAD1IAcUePkgBxR4/yAFFHkDJAQJ8mSfFA0JVAqKlHkMoKQBEKCkARSgpAEYo
299=KQBHKCkASCgpAEkoKQBKKCkASygpAEwoKQBNKCkATigpAE8oKQBQKCkAUSgpAFIoKQBTSA
300=HFHlRIAcUeVcgBRR5WyQECfJknxQNYVQKipR5ZKCkAWigpAFsoKQBcKCkAXSgpAF4oKQBf
301=KCkAYCgpAGEoKQBiKCkAYygpAGQoKQBlSAHVGGZIASc+EzkA3XhoVALdeGkoKQBqKCkAay
302=gpAGwoKQBtKCkAbigpAG8oKQBwKCkAcSgpAHIoKQBzKCkAdEkBi69+AwA66ZsEKCkABSgp
303=AAYoKQAHSAHJmwhIAdUuCSgpAAooKQALKCkADCgpAA1IAcGeDkgBwZ4PSQEDJB0lECgpAB
304=EoKQASKCkAEygpABQoKQAVKCkAFigpABcoKQAYKCkAGUkBJbEfGkkBq61HG0gBwRocKCkA
305=HSgpAB4oKQAfKCkAICgpACEoKQAiKCkAIygpACQoKQAlKCkAJkkBp60QJ0gBzUcoSAHFYC
306=nIAUVgKskBAnWcOuG0LFQCxQgtSQGisQkuKCkALygpADAoKQAxKCkAMigpADMoKQA0KCkA
307=NSgpADYoKQA3KCkAOCgpADkoKQA6KCkAOygpADwoKQA9SAHFHj5IAcUeP8gBRR5AyQECdJ
308=wnxQNCVQKiuRxDKCkARCgpAEUoKQBGKCkARygpAEgoKQBJKCkASigpAEsoKQBMKCkATSgp
309=AE4oKQBPKCkAUCgpAFEoKQBSSAHFNFNIAcUeVEgBxR5VyAFFHlbJAQJ0nCfFA1hUAsUIWU
310=kBorEfWigpAFsoKQBcKCkAXSgpAF4oKQBfKCkAYCgpAGEoKQBiKCkAYygpAGQoKQBlSAHV
311=GGZIAd14Z0gB3XhoKCkAaSgpAGooKQBrKCkAbCgpAG0oKQBuKCkAbygpAHAoKQBxKCkAci
312=gpAHMoKQB0KCkAdSgrAAIAO+GeAygpAAQoKQAFKCkABkkBsKktB0gBwTAIKCkACSgpAAoo
313=KQALKCkADCgpAA0oKQAOSQGovQoPKCkAECgpABEoKQASKCkAEygpABQoKQAVKCkAFigpAB
314=coKQAYKCkAGSgpABpIAcEaGygpABwoKQAdKCkAHigpAB8oKQAgKCkAISgpACIoKQAjKCkA
315=JCgpACVJAamxHyZIAWSxAQAEACdJAbG1AihIAd1iKcgBXWIqyQECbp87AM0FLFQCxQgtSQ
316=GvpQguSAHNGy8oKQAwKCkAMSgpADIoKQAzKCkANCgpADUoKQA2KCkANygpADhJAaKhDzko
317=KQA6KCkAOygpADwoKQA9SAHNaD5IAcUeP8gBRR5AyQECbZ879b1CVQKitQ1DKCkARCgpAE
318=UoKQBGKCkAR0gBySJIKCkASSgpAEooKQBLKCkATCgpAE0oKQBOKCkATygpAFAoKQBRSQGp
319=sRRSSAHFNFNJAbG1AlRIAcUeVcgBRR5WyQECbJ8njQdYVALFCFlJAa+lCFpIAcEaWygpAF
320=woKQBdKCkAXigpAF8oKQBgKCkAYSgpAGIoKQBjKCkAZCgpAGVIAc0bZkgBxRNnKCkAaCgp
321=AGkoKQBqKCkAaygpAGwoKQBtKCkAbigpAG8oKQBwKCkAcSgpAHIoKQBzKCkAdCgpAHUoKQ
322=B2KCsAAQA8+aACKCkAAygpAAQoKQAFSAHZHAYoKQAHKCkACCgpAAkoKQAKKCkACygpAAwo
323=KQANKCkADigpAA8oKQAQKCkAESgpABIoKQATKCkAFCgpABUoKQAWKCkAFygpABgoKQAZKC
324=kAGigpABsoKQAcKCkAHSgpAB4oKQAfKCkAICgpACEoKQAiKCkAIygpACQoKQAlKCkAJigp
325=ACcoKQAoSAHVZSnIAVVlKsgBVWUrSAHFNCwoKQAtKCkALigpAC8oKQAwKCkAMSgpADIoKQ
326=AzKCkANCgpADUoKQA2KCkANygpADhJAau5dDlJAaKpATooKQA7KCkAPCgpAD1IASdGFDwA
327=xR4/VAJoAUUeQMkBAmWiPChHFDwAoqkMQ0AEyQFEKCkARSgpAEZIAckMR0gBzSZIKCkASS
328=gpAEooKQBLKCkATCgpAE0oKQBOKCkATygpAFAoKQBRKCkAUigpAFMoKQBUSAF4HAEABABV
329=yAFFHlbJAQJlojyYFUEEWFQCjwEEAFkoKQBaKCkAWygpAFwoKQBdKCkAXigpAF8oKQBgKC
330=kAYSgpAGIoKQBjKCkAZCgpAGUoKQBmKCkAZygpAGgoKQBpKCkAaigpAGsoKQBsKCkAbSgp
331=AG4oKQBvKCkAcCgpAHEoKQByKCkAcygpAHQoKQB1KCkAdigpAHcoKwACAD3xowMoKQAESA
332=HVLgUoKQAGKCkABygpAAgoKQAJKCkACigpAAsoKQAMKCkADSgpAA4oKQAPKCkAECgpABEo
333=KQASKCkAEygpABQoKQAVKCkAFigpABcoKQAYKCkAGSgpABooKQAbKCkAHEkBrL1tHUgBJR
334=lsHigpAB8oKQAgKCkAISgpACIoKQAjKCkAJCgpACUoKQAmSAElyUAnSAHBMChIAdVlKcgB
335=VWUqyAFVZStIAc0FLCgpAC0oKQAuKCkALygpADAoKQAxKCkAMigpADMoKQA0KCkANSgpAD
336=YoKQA3KCkAOEgBJ0UUPfmVOlUCoqUpOygpADwoKQA9SAHZlT5IAcUeP8gBRR5AyQECZaI9
337=KEQUJ4kBQ0EEoqkMRCgpAEUoKQBGSAHJDEdIAc0mSCgpAEkoKQBKKCkASygpAEwoKQBNKC
338=kATigpAE8oKQBQKCkAUSgpAFIoKQBTKCkAVEgBxR5VyAFFHlbJAQJloj2YFYSiJykAWUAE
339=mwIEAFooKQBbKCkAXCgpAF0oKQBeKCkAXygpAGAoKQBhKCkAYigpAGMoKQBkKCkAZSgpAG
340=YoKQBnKCkAaCgpAGkoKQBqKCkAaygpAGwoKQBtKCkAbigpAG8oKQBwKCkAcSgpAHIoKQBz
341=KCkAdCgpAHUoKQB2KCkAdygpAHgoKwADAD6YK1UuBCgpAAUoKQAGKCgABAcAPgAAAAARAA
342=DfDAAgBgAABAAIAD4AAGAAAgQACQA+YAF1AgooKQALKCkADCgpAA0oKQAOKCkADygpABAo
343=KQARKCkAEigpABMoKQAUKCkAFSgpABYoKQAXKCkAGCgpABkoKQAaKCkAGygpABxKAasBTx
344=oEAB1JAaKpAR4oKQAfKCkAICgpACEoKQAiKCkAIygpACQoKQAlKCkAJkkBpakMJ0gBWA5l
345=KShJASa1AinIAQEBBAAqyAEBAgQAK0gBzQUsKCkALSgpAC4oKQAvKCkAMCgpADEoKQAyKC
346=kAMygpADQoKQA1KCkANigpADcoKQA4SAHNJjlJAaKpFzooKQA7KCkAPCgpAD1IAdEfPkgB
347=xR4/yAFFHkDIAQECBABBSAHJDEJJAaKpDEMoKQBEKCkARSgpAEZIAckMR0gBzSZIKCkASS
348=gpAEooKQBLKCkATCgpAE0oKQBOKCkATygpAFAoKQBRKCkAUigpAFMoKQBUSAHFHlXIAUUe
349=VsgBAQIEAFdIAd0VWCgpAFkoKQBaKCkAWygpAFwoKQBdKCkAXigpAF8oKQBgKCkAYSgpAG
350=IoKQBjKCkAZCgpAGUoKQBmKCkAZygpAGgoKQBpKCkAaigpAGsoKQBsSQGytTltSAHFHm4o
351=KQBvKCkAcCgpAHEoKQBySAHFCHNIAcUIdCgpAHUoKQB2KCkAdygpAHgoKQB5KCsABAA/jA
352=lBngUoKQAGKCkABygpAAgoKQAJKCkACigpAAsoKQAMKCkADSgpAA4oKQAPKCkAECgpABEo
353=KQASKCkAEygpABQoKQAVKCkAFigpABcoKQAYKCkAGSgpABooKQAbKCkAHEkBr6U0HUkBp6
354=kBHigpAB8oKQAgKCkAISgpACIoKQAjKCkAJCgpACUoKQAmSQGpqQwnSAGHMAQAKEgB1WUp
355=yAFVZSrIAVVlK0gBzQUsKCkALSgpAC4oKQAvKCkAMCgpADEoKQAyKCkAMygpADQoKQA1KC
356=kANigpADcoKQA4SAHZlTlJAaKhGjooKQA7KCkAPCgpAD1IAdmVPkgBxR4/yAFFHkDJAQJm
357=oj8AyQxCVQKiqQxDKCkARCgpAEUoKQBGSAHJDEdIAc0mSCgpAEkoKQBKKCkASygpAEwoKQ
358=BNKCkATigpAE8oKQBQKCkAUSgpAFIoKQBTKCkAVEgBxR5VyAFFHlbJAQJkoidBDlhUAskX
359=WSgpAFooKQBbKCkAXCgpAF0oKQBeKCkAXygpAGAoKQBhKCkAYigpAGMoKQBkKCkAZSgpAG
360=YoKQBnKCkAaCgpAGkoKQBqKCkAaygpAGwoKQBtKCkAbigpAG8oKQBwKCkAcSgpAHIoKQBz
361=KCkAdCgpAHUoKQB2KCkAdygpAHgoKQB5KCsABQBAkC5FogYoKQAHKCkACCgpAAkoKQAKKC
362=kACygpAAwoKQANKCkADigpAA8oKQAQKCkAESgpABIoKQATKCkAFCgpABUoKQAWKCkAFygp
363=ABgoKQAZKCkAGigpABsoKQAcKCkAHSgpAB4oKQAfKCkAICgpACEoKQAiKCkAIygpACQoKQ
364=AlKCkAJigpACcoKQAoSAHJZCnIAUlkKsgBSWQrSAGLNAQALCgpAC0oKQAuKCkALygpADAo
365=KQAxKCkAMigpADMoKQA0KCkANSgpADYoKQA3KCkAOEgBzZQ5SQGirZQ6KCkAOygpADwoKQ
366=A9SAHNlD5IAcUeP8gBRR5AyQECeaBAKBsUQACiqQxDQATJAUQoKQBFKCkARkgByQxHSAHN
367=JkgoKQBJKCkASigpAEsoKQBMKCkATSgpAE4oKQBPKCkAUCgpAFEoKQBSKCkAUygpAFRIAc
368=UeVcgBRR5WyQECeKAnFQ5YVALJF1koKQBaKCkAWygpAFwoKQBdKCkAXigpAF8oKQBgKCkA
369=YSgpAGIoKQBjKCkAZCgpAGUoKQBmKCkAZygpAGgoKQBpSQGwsTVqSQGoqQFrKCkAbCgpAG
370=0oKQBuKCkAbygpAHAoKQBxKCkAckkBqr0Kc0gBwSV0KCkAdSgpAHYoKQB3KCkAeCgoAAEG
371=AEEAJZUpB0oBCAJbCQMACEkBCakBCSgpAAooKQALKCkADCgpAA0oKQAOKCkADygpABAoKQ
372=ARKCkAEigpABMoKQAUSQEoVBEBAAMAFUkBrKUeFkkBpKkBFygpABgoKQAZKCkAGigpABso
373=KQAcKCkAHSgpAB4oKQAfKCkAICgpACEoKQAiKCkAIygpACQoKQAlSQGmsRQmSAFwGE3LJ0
374=kBrrUCKEgB0WEpyAFRYSrIAVFhK0gB2QYsKCkALUgB3SAuSAHdIC8oKQAwKCkAMSgpADIo
375=KQAzKCkANCgpADUoKQA2KCkANygpADhJAaKpFzkoKQA6KCkAOygpADwoKQA9SAHVkT5IAc
376=UeP8gBRR5AyQECYZ5BKMETQSjAEycpAERNBaKtEEUoKQBGKCkAR0gBySJIKCkASSgpAEoo
377=KQBLKCkATCgpAE0oKQBOKCkATygpAFAoKQBRSAHNPFJIAdE1U0gBzTxUSAHFHlXIAUUeVs
378=kBAmKeQQDNBVhUAsUIWUgBzTxaSAHBGlsoKQBcKCkAXSgpAF4oKQBfKCkAYCgpAGEoKQBi
379=KCkAYygpAGQoKQBlSAHNG2ZJASdrEwMAZ0gB0YJoKCkAaSgpAGooKQBrKCkAbCgpAG0oKQ
380=BuKCkAbygpAHAoKQBxKCkAcigpAHMoKQB0SAFgE0VrdSgpAHYoKQB3KCgAAgcAQgAHvZkI
381=SAHdKwlIAdkcCkkBkXcJAwALSQGFqQEMKCkADSgpAA4oKQAPKCkAECgpABEoKQASKCkAE0
382=kBh70KFEkBALkRFUgBJSkhFkkBoqFcFygpABgoKQAZKCkAGigpABsoKQAcKCkAHSgpAB4o
383=KQAfKCkAICgpACEoKQAiKCkAIygpACQoKQAlKCkAJkgB2VMnSQGlqRcoSAHZXinIAVleKs
384=kBAiKST0IAwTAsVALFCC1JAaKlCC4oKQAvKCkAMCgpADEoKQAyKCkAMygpADQoKQA1KCkA
385=NigpADcoKQA4KCkAOSgpADooKQA7KCkAPCgpAD1IAcUePkgBxR4/yAFFHkDJAQJpm0IoaR
386=NCKGgTJykARE0ForEfRSgpAEYoKQBHKCkASCgpAEkoKQBKKCkASygpAEwoKQBNKCkATigp
387=AE8oKQBQKCkAUSgpAFJIAcU0U0gBxR5USAHFHlXIAUUeVskBAmibJ8UDWFQCxQhZSQGiuR
388=xaKCkAWygpAFwoKQBdKCkAXigpAF8oKQBgKCkAYSgpAGIoKQBjKCkAZCgpAGVIAdUYZkkB
389=BrVwZ0kBja1zaEkBhakBaSgpAGooKQBrKCkAbCgpAG0oKQBuKCkAbygpAHAoKQBxSAHFgX
390=JIASX5JXNIAXwOXZl0KCkAdSgpAHYoKAABCABDACXtSglIAdEqCkgB3ZkLSQGMdwkDAAxJ
391=AYOpAQ0oKQAOKCkADygpABAoKQARKCkAEigpABNJAYaxCRRIAScRE0PhXBZUAtkRFygpAB
392=goKQAZKCkAGigpABsoKQAcKCkAHSgpAB4oKQAfKCkAICgpACEoKQAiKCkAIygpACQoKQAl
393=KCkAJigpACdJAaW5UyhIAcFcKcgBQVwqyQECcJgnxQMsVQKiuQYtKCkALigpAC8oKQAwKC
394=kAMSgpADIoKQAzKCkANCgpADUoKQA2KCkANygpADgoKQA5KCkAOigpADsoKQA8KCkAPUgB
395=xR4+SAHFHj/IAUUeQMkBAnCYJ8UDQlUCoqUeQygpAEQoKQBFKCkARigpAEcoKQBIKCkASS
396=gpAEooKQBLKCkATCgpAE0oKQBOKCkATygpAFAoKQBRKCkAUigpAFNIAcUeVEgBxR5VyAFF
397=HlbJAQJwmCfFA1hVAqKlHlkoKQBaKCkAWygpAFwoKQBdKCkAXigpAF8oKQBgKCkAYSgpAG
398=IoKQBjKCkAZCgpAGVIAdUYZkgBJxITQwDNfmhUAs1+aSgpAGooKQBrKCkAbCgpAG0oKQBu
399=KCkAbygpAHAoKQBxSQGKpYFySAFkAUWXcygpAHQoKQB1KCsACQBE5ZcKSAHVGAtJAZBoCH
400=uVRACIqQENVALVGA4oKQAPKCkAECgpABEoKQASKCkAE0gBJ7oSRAAnuRJEKLkSRP3xF0wF
401=zTwYKCkAGSgpABooKQAbKCkAHCgpAB0oKQAeKCkAHygpACAoKQAhKCkAIigpACMoKQAkKC
402=kAJSgpACYoKQAnSAHZJyhIAclZKcgBSVkqyQECeJUnxQMsVQKiqVktKCkALigpAC8oKQAw
403=KCkAMSgpADIoKQAzKCkANCgpADUoKQA2KCkANygpADgoKQA5KCkAOigpADsoKQA8KCkAPU
404=gBxR4+SAHFHj/IAUUeQMkBAniVJ8UDQlUCoqUeQygpAEQoKAABRQBEABEAAA8OACAIogEA
405=AAAEAEYARADJAUcoKQBIKCkASSgpAEooKQBLKCkATCgpAE0oKQBOKCkATygpAFAoKQBRKC
406=kAUigpAFNJAaWlE1RJASapAVXIAQEBBABWyAEBAgQAV0kBq6EEWEkBoqkBWSgpAFooKQBb
407=KCkAXCgpAF0oKQBeKCkAXygpAGAoKQBhKCkAYigpAGMoKQBkKCkAZUgB1RhmSgEGAkstAw
408=BnSQGMRAEBAAMAaEkBg6kBaSgpAGooKQBrKCkAbCgpAG0oKQBuKCkAbygpAHBJAYq9CnFI
409=AWQBAQAEAHIoKQBzKCkAdCgoAAIKAEUAr7knC0kBpKkBDEkBpqkBDUkBkHcJAwAOSAHJFw
410=8oKQAQKCkAESgpABIoKQATSQGGpQgUSQEAqSIVSAHJOBZJAae1DRcoKQAYKCkAGSgpABoo
411=KQAbKCkAHCgpAB0oKQAeKCkAHygpACAoKQAhKCkAIigpACMoKQAkKCkAJSgpACYoKQAnSQ
412=GpqRcoSAHRVinIAVFWKsgBAQIEACtIAcktLEgBxR4tKCkALigpAC8oKQAwKCkAMSgpADIo
413=KQAzKCkANCgpADUoKQA2KCkANygpADgoKQA5KCkAOigpADsoKQA8KCkAPUgBxR4+SAHFHj
414=/IAUUeQMgBRR5BSAHFHkJIAcUeQygpAEQoKQBFKCkARigpAEcoKQBIKCkASSgpAEooKQBL
415=KCkATCgpAE0oKQBOKCkATygpAFAoKQBRKCkAUigpAFNIAcUeVEgBxR5VyAFFHlbIAUUeV0
416=gBxR5YSAHFHlkoKQBaKCkAWygpAFwoKQBdKCkAXigpAF8oKQBgKCkAYSgpAGIoKQBjKCkA
417=ZCgpAGVIASdiEkUAJ2ISRQAnYhJFANV7aUwFyQFqKCkAaygpAGwoKQBtKCkAbigpAG9IAd
418=WRcEgBdH9VkXEoKQByKCkAcygrAAsARvWRDEkBoqVrDUkBpqkBDkgB1ZEPSAHRFBAoKQAR
419=KCkAEigpABNJAYZzEAMAFEgBJwsSRgCtvQoWVQIyqQEXyAFBOxjIAQECBAAZSQEloQQaKC
420=kAGygpABwoKQAdKCkAHigpAB8oKQAgKCkAISgpACIoKQAjSQE2VA0BBAQAJEgBwQ8lSAHV
421=AiZIAdUCJygpAChJASxYBkktKcgBVRgqyAFVGCtIAdkGLCgpAC0oKQAuKCkALygpADAoKQ
422=AxKCkAMkgB2REzSAHdCjQoKQA1SAFgBAEHBAA2SAHBBDcoKQA4KCkAOSgpADooKQA7KCkA
423=PCgpAD0oKQA+SAHFHj/IAUUeQMgBRR5BSAHBD0IoKQBDKCkARCgpAEUoKQBGKCkARygpAE
424=hIAWAaWTJJSAHdCkooKQBLSAFgBEUeTEgBwQRNKCkATigpAE8oKQBQKCkAUSgpAFIoKQBT
425=KCkAVEkBJ608VcgBRR5WyAFFHldIAcEPWCgpAFkoKQBaKCkAWygpAFwoKQBdKCkAXigpAF
426=8oKQBgKCkAYUkBL7kRYsgBWRFjyAFZEWTIAQEDBABlSAHdbWZIAScJEkYoCRJGKAgSJykA
427=ak0Fg7F3aygpAGwoKQBtKCkAbkgB3Y5vSQGspRNwSQGkqQFxKCkAckkBqrcCDABH/Y4NSQ
428=GitQIOSQGmqQEPSAHdjhBIAdkRESgpABIoKQATSQGGvRUUSAEnsRFHKLIRRwBwjQEDBAAX
429=QARoAQEEBAAYyQEFco1HAGg4RSkaVALJARsoKQAcKCkAHSgpAB4oKQAfKCkAICgpACEoKQ
430=AiKCkAI0gBcVYIco1HAGgBAQkEACXUAgEKBAAmSAHNECcoKQAoSAFob1UYKcgBVRgqyAFV
431=GCtIAdkGLCgpAC0oKQAuKCkALygpADAoKQAxKCkAMkgBZBNRFDPIAVEUNMgBURQ1yQELcI
432=0n+QQ3VALNEDgoKQA5KCkAOigpADsoKQA8KCkAPSgpAD5IAcUeP8gBRR5AyAFFHkFIAdUN
433=QigpAEMoKQBEKCkARSgpAEYoKQBHKCkASEgBxR5JyAFFHkrIAUUeS8gBRR5MSAHBD00oKQ
434=BOKCkATygpAFAoKQBRKCkAUigpAFMoKQBUSAFwjU08VcgBRR5WyAFFHldIAcEPWCgpAFko
435=KQBaKCkAWygpAFwoKQBdKCkAXigpAF8oKQBgKCkAYUgBcI1NEGLIAU0QY8gBAQYEAGTIAV
436=2vZUgBJ7IRRwAnsRFHKLERRyiwEScpAGpZBoOxd2soKQBsKCkAbUkBhqEEbkgBxYxvSAHV
437=hnAoKQBxSQGpo4gNAEjljA5IAc0FD0kBpqEEEEgBxYwRSAHNEBIoKQATSQGGoQ8USAEnWR
438=FIKFkRSJmKBniKqAFdIBhMBWSMQWcZSAFwNQECBAAaKCkAGygpABwoKQAdKCkAHigpAB8o
439=KQAgKCkAISgpACIoKQAjSAF9Vwx5ikiZig14iqkBDnmKSJScWREnTAXFEyhIAXBsVRgpyA
440=FVGCrIAVUYK0gBzQUsKCkALSgpAC4oKQAvKCkAMCgpADEoKQAySAHRFDPIAVEUNMgBURQ1
441=yQEPeIonvQI3VALNEDgoKQA5KCkAOigpADsoKQA8KCkAPSgpAD5IAWwQQQ8/yAFBD0BIAX
442=wgRR5BSAHVDUIoKQBDKCkARCgpAEUoKQBGKCkARygpAEhIAXQNWTJJyAFBD0rIAUEPS8gB
443=RR5MSAHBD00oKQBOKCkATygpAFAoKQBRKCkAUigpAFMoKQBUSAHNEFXIAU0QVsgBTRBXSA
444=HBD1goKQBZKCkAWigpAFsoKQBcKCkAXSgpAF4oKQBfKCkAYCgpAGFIAXiKSS1iyAEBCQQA
445=Y8gBRa1kyAFFrWVJAa2ldmZIASdZEUgoWRFIKFgRJykAakwFyXprSQGIvXhsKCkAbUkBir
446=UCbkkBq6kMb0kBoqkBcEkBqasBDgBJ7YkPSAHBBBBJAaahBBFIAc2JEkgBwQ8TSQGGqQwU
447=SAEnARFJKAERSYGICWCIqQEKIlwiqQELIl8iSQCsqQwaRQikqQEbKCkAHEkBqLUCHSgpAB
448=4oKQAfKCkAICgpACEoKQAiKCkAI0kBqrEJJEgBYUYRYYhJjYkSY4hJALChBCdABMEPKCgp
449=ACkoKQAqKCkAKygpACwoKQAtKCkALkgBzRsvKCkAMCgpADEoKQAySQGmrRAzSQELqQE0yA
450=EBAQQANUgBzSY2SAHdCjcoKQA4KCkAOSgpADpIAd0KO0kB970KPEkB76kBPUkB8akBPkgB
451=1SM/yAFVI0BIAdkGQUgB2QZCSAHZBkNIAcUTREgB1Q1FSQGPd0QEAEZIAcEER0gByRdISA
452=HNBUlIAcEPSsgBQQ9LSAHZBkxIAdkGTUgBxTROKCkATygpAFAoKQBRKCkAUigpAFMoKQBU
453=SAHJQ1VIAdUuVsgBVS5XSAHJQ1hIAcEPWSgpAFooKQBbKCkAXCgpAF0oKQBeKCkAX0gBwR
454=pgKCkAYUgBySJiSAElhUhjyAFZEWTJAQIiEDQnvQ1mVAInAxFJAIx0LiKBWEkoABEnKQBq
455=TQWKoQRrSQGspT9sSAHZEW0oKQBuSQGioQRvSQGpqwEPAEr1hhBIAcEEEUgByRcSSQGQqQ
456=wTSQGGqQEUSAEnqRBKKKoQSgDZHBdABGgBWRwYyQECa4VKAKuhDxpVAqKpARtJAaWpARxJ
457=Ab1rDAQAHcgBRQgeSQHqtQIfKCkAICgpACEoKQAiKCkAIygpACRJAcylCCXIAV0KJkgB3Q
458=onKCkAKCgpACkoKQAqKCkAKygpACxJAcS9Ci3IAV0KLkgB2RwvSAHZHDAoKQAxKCkAMkgB
459=0R8zSAHRVjTIAVEJNUgB0Qk2SAHRCTcoKQA4KCkAOSgpADpIAd0KO0kB9r0rPEkB7akBPU
460=kB8KkBPkkBCqkBP8gBQQ9ASAHZBkFIAdkGQkgB2QZDSAHFE0RIAdUNRUkBjqkiRkgBwQRH
461=SAHJF0hIAc0FSUgBxR5KyAFBD0tIAdkGTEgBzQVNSAHJQ07IAU0FT0gByThQKCkAUSgpAF
462=IoKQBTKCkAVCgpAFVIAclDVsgBXQpXSAHdClgoKQBZKCkAWigpAFsoKQBcKCkAXUgByUNe
463=yAFdCl9IAc0bYEgBySJhSAHZHGJIAWFnACKsIbhpWQZk1QICaIUnvQ1mVAInqRBKKKkQSi
464=iqEEoA3YNqTAXdg2tJAaK5PWwoKQBtKCkAbkgB34MQAEv9gxFIAdkGEkkBpqUIE0kBkng9
465=IhJVSwAnURBLKFEQSyhQEKgBQRoYWAZ5HAJxgksoUxBLAKe9ChtABM0QHEgBZD9NBR3IAQ
466=EDBAAeSAFkNFEJHygpACAoKQAhKCkAIigpACMoKQAkSAFkP10KJcgBXQomSAHdCicoKQAo
467=KCkAKSgpACooKQArKCkALEgBZD9dCi3IAV0KLkkBr60bL0gB2RwwKCkAMUkBoqEEMkgB3U
468=EzSAHJZDTIAUUeNUgB2Ug2SAHZBjcoKQA4KCkAOSgpADpIAd0KO0kB+rUNPEkB8qkBPUkB
469=9KkBPkgBJ1IQSwBoAUEPQFQC2QZBSAHZBkJIAdkGQ0gBxRNESAHVDUVIASdQECe5B0dUAs
470=kXSEgBzQVJSAHFHkrIAUEPS0gB2SdMSAHJQ01JAb1UTwECBABOyAFJLU9IAck4UCgpAFEo
471=KQBSKCkAUygpAFQoKQBVSAHJQ1bIAV0KV0gB3QpYKCkAWSgpAFooKQBbKCkAXCgpAF1IAc
472=lDXsgBXQpfSAHNG2BIAclDYUgB2RxiSAF0ZZCCJw0NZNQCUR9lSAEnAjJLACdSEEsAzfdo
473=QATFgWlIAcSBCWoASwCiAQAAAAQAaxEAAJkOACAIAEsAogEAAAAEAGwoKQBtSwGpAQB0Ag
474=IRAEwAr6kBEkkBoqkBE0kBpqkBFEoBAAJPBQMAFUkBrbUCFkkBJqkBF8gBAQEEABjIAQEC
475=BAAZSAHNBRpJAbOtBRvIAU0FHMgBTQUdyAEBAwQAHsgBAQQEAB/IAQEFBAAgyAEBBgQAIU
476=kBrrEJIkgB3QojyAFdCiTIAV0KJcgBXQomyAFdCifIAV0KKMgBXQopSAHdCipIAd0KK8gB
477=XQosyAFdCi3IAV0KLsgBXQovyAFdCjDIAV0KMUkBq70VMkkBpakBM0kBC6kBNMgBSQw1SA
478=HNBTZJAaehBDcoKQA4KCkAOSgpADpJAaKtBTtJAaqpATxJAb5YNkU/PcgBSQw+SQHLtQI/
479=yAFVAkBJAcK1AkHIAVUCQkkBsLEJQ0gB2RFESAHNR0VJAY65BkZIAdlIR0gBzQVISAHFHk
480=lIAcUeSsgBSQxLSAHJLUzIAVUCTcgBAQIEAE7IAUktT8gBSS1QyAEBBQQAUcgBSS1SSQGu
481=vRVTSAHdClTIAV0KVcgBXQpWyAFdClfIAV0KWMgBXQpZyAFdClpIAd0KW0gB3QpcyAFdCl
482=3IAV0KXsgBXQpfyAFdCmDIAV0KYcgBXQpiSAHNaGPIAVEJZMgBUQllSAHNaGZJAQa1cGdJ
483=Aay5HGhJAaSpAWlJAaKpAWooKQBrKCkAbEgB3zYSAE3tfhNJAaW5BhRIASeiD00AwQ8WVA
484=LRFBfIAVEUGMkBAmB9J60AGlQCdCMBBwQAG8gBAQgEABzIAQEJBAAdyQEKYn1NAG0FC2B9
485=qQEMYH2pAQ1gfSddASLYBl0KI8gBXQokyAFdCiXIAV0KJsgBXQonyAFdCijIAV0KKUkBra
486=UeKkgBbBBdCivIAV0KLMgBXQotyAFdCi7IAV0KL8gBXQowyAEBDQQAMUkBq70KMkgB0Soz
487=SAHZXjTIAVknNUkBsa0FNkkBuKkBN8gBQQQ4yAFdKznIAUVKOkkBra0FO0kBuKlvPMgBWQ
488=Y9SAFsfk0FPkgBYH1FCD/IAVUCQEgBYH1VAkHIAVUCQkkBxVAJRQhDSQGNSAFVhkRJAYWp
489=AUVJAYOpAUZIAdUCR0kBh7UCSEkBraUTSUgBxR5KyAFdCktIAcktTMgBSS1NyAFJLU7IAU
490=ktT8gBAQsEAFDIAUktUcgBAQ0EAFJJAa21DVNIAd0KVMgBXQpVyAFdClbIAV0KV8gBXQpY
491=yAFdClnIAQENBABaSQGtvQpbSAHdClzIAV0KXcgBXQpeyAFdCl/IAV0KYMgBXQphyAEBDQ
492=QAYkgBzWhjyAFJImTIAU0xZUkBraEPZkgBJ6MPTQCrtQJoVQKiqQFpKCkAaigpAGtJAamh
493=BBNQpsmxFEgB3YMVSQGloQQWSAHZERfIAVkRGMkBAml6Tvl/GlQCfSAOaXpOhXYPaHqpAR
494=BoeqkBEWh6qQESaHqpARNoeqkBFGh6J10BIihdASPIAV0KJMgBXQolyAFdCibIAV0KJ8gB
495=XQooyAFdCilIAdknKkkBs1gcXRUryAFdCizIAV0KLcgBXQouyAFdCi/IAQETBAAwyAFdCj
496=FIAcEwMkgB2SczSQHIuV40yAFZJzVJAeq1AjZIAWh6QUY3yAEBCQQAOMgBQUY5yAEBCwQA
497=OkgByRc7SAFoekEwPMgBAQMEAD1JAaxAGkFyPkgB1Tk/KCkAQEkBpqEEQUgBfHhFCELIAU
498=UIQ0kBjKUTREkBg6kBRSgpAEYoKQBHSQGGoQRISAHFE0lIASdKD04AaAFFHktVArNAD0kt
499=TMgBSS1NyAFJLU7IAUktT8gBSS1QyQETbPcnaQhSVALVDVNJAbO9ClTIAV0KVcgBXQpWyA
500=FdClfIAV0KWMgBARMEAFnIAUk4WkgB3QpbSQGzvQpcyAFdCl3IAV0KXsgBXQpfyAFdCmDI
501=AQETBABhyAFdCmJIAc1oY8gBSSJkyAFBMGVIAcEPZkgBJ0kPTihJD04mZS5pQQSiRBNNPG
502=pJAamrARQAT/X0FUgB1U8WSAHBDxfIAUEPGMkBAnF3TyjxDk+FdhVwd6kBFnB3qQEXcHep
503=ARhwd6kBGXB3qQEacHepARtwdyddASJVDbNQFF0KI8gBXQokyAFdCiXIAV0KJsgBXQonyA
504=FdCijIAV0KKUgBwSUqSAHdCivIAV0KLMgBXQotyAFdCi7IAV0KL8gBXQowyAFdCjFJAatQ
505=FFEqMkgB2SczSAFwd0ElNMgBAQMEADVIAXB3RSk2SQG4WAYBDAQAN8kBDXJ3TwB0Ak1dOd
506=QCTUc6SQGtTAVJDDtJAQqpATzIAVEJPUgBzRA+SQGioQQ/KCkAQEgBxRNBSAHFCELIAUUI
507=Q0kBjKFyREkBg6kBRSgpAEYoKQBHSAEn8A4nsQZJVAJkdlEUSsgBXQpLSAHJLUzIAUktTc
508=gBSS1OygEYBEABsEBJLVBQAXgGSS1RyAFJLVJIAd0gU0gBYARJQ1TIAV0KVcgBXQpWyAFd
509=ClfIAV0KWMgBXQpZyAFdClpIAd0KW0gB3QpcyAFdCl3IAV0KXsgBXQpfyAFdCmDIAV0KYc
510=gBXQpiSAHNaGPIAUkiZMgBAQIEAGVIAd02ZkgB0a5nSQGiqThoKCkAaUgBxHYCFQBQALGh
511=BBZIAckMF8gBSQwYyQECeXRQ5YEaVALJDBsoKQAcKCkAHSgpAB4oKQAfKCkAICgpACFJAa
512=KtECJIAd0KIygpACQoKQAlKCkAJigpACcoKQAoKCkAKUgB3QoqSAHdCisoKQAsKCkALSgp
513=AC4oKQAvKCkAMCgpADFIAd0KMkgB0WEzSAHRVjTIAVknNUkBrq0bNkkBuEgBWbY3yQEReX
514=RQmHRZtjnVAhNt7FDlojtUAtFsPMgBXQo9SAHZPT5IAdkRPygpAEBIAcUTQUgBxQhCyAFF
515=CENJAZCtc0RJAYipAUUoKQBGKCkAR0kBiqEESEgBwVxJSAHFHkrIAV0KS0kBrFgcUXdMSA
516=HVLk0oKQBOKCkATygpAFAoKQBRKCkAUkgBzRtTSAHRCVQoKQBVKCkAVigpAFcoKQBYKCkA
517=WSgpAFpIAd0KW0gB3QpcKCkAXSgpAF4oKQBfKCkAYCgpAGFJAaalHmJIAc1oY8gBSSJkyQ
518=ECeHQnDQ1mVQKiuQZnKCkAaEgBz3MWAFFsLm0AF0gBfApRCRjJAQJhclEoQQ5R6fMbQQSi
519=vQocKCkAHSgpAB4oKQAfKCkAICgpACEoKQAiKCkAIygpACQoKQAlKCkAJigpACcoKQAoKC
520=kAKSgpACooKQArKCkALCgpAC0oKQAuKCkALygpADAoKQAxKCkAMkgB2V4zSAHZUzTIAVkn
521=NUgB3Vc2SAFhchh95lGUcF2vONQCXa85yAFdrzpIAdkGO0gB2Wk8yAFdCj1IASdADictBj
522=9UAs0xQEgBxRNBSAHFCELIAUUIQ0gBwWdESAHNUkUoKQBGKCkARygpAEhIAd0KSUgBxR5K
523=yAFdCktIAcUTTEgB2RFNKCkATigpAE8oKQBQKCkAUSgpAFIoKQBTKCkAVCgpAFUoKQBWKC
524=kAVygpAFgoKQBZKCkAWigpAFsoKQBcKCkAXSgpAF4oKQBfKCkAYCgpAGFIAckiYkgBYGdV
525=kWPIAUkiZMkBAmByJw0NZlUCoqFnZ0gB13AXAFJkcG0AGEgBcQkCaW9SKOkNUijoDScpAB
526=xNBaKxCR0oKQAeKCkAHygpACAoKQAhKCkAIigpACMoKQAkKCkAJSgpACYoKQAnKCkAKCgp
527=ACkoKQAqKCkAKygpACwoKQAtKCkALigpAC8oKQAwKCkAMSgpADJIAdUuM0gBwVE0yAFVLj
528=VIAcFRNkgBwVw3KCkAOCgpADkoKQA6SAHdCjtIAcFnPMgBXQo9SQGvqS0+SQGnqQE/KCkA
529=QEgB1TlBSAHFCELIAUUIQ0gBxRNESAHdNkUoKQBGKCkARygpAEhIAcUTSUgBxR5KyAFdCk
530=tIAd0KTEgB3QpNKCkATigpAE8oKQBQKCkAUSgpAFIoKQBTKCkAVCgpAFUoKQBWKCkAVygp
531=AFgoKQBZKCkAWigpAFsoKQBcKCkAXSgpAF4oKQBfKCkAYCgpAGFIAckiYkgBdGWKb1IAaA
532=FJImTVAgJobycNDWZUAsQ0AhgAUwCwqTgZSQGiqQEaKCkAGygpABwoKQAdKCkAHigpAB8o
533=KQAgKCkAISgpACIoKQAjKCkAJCgpACUoKQAmKCkAJygpACgoKQApKCkAKigpACsoKQAsKC
534=kALSgpAC4oKQAvKCkAMCgpADFIAdVaMkgBwSUzSAHJTjTIAV0rNUgB0WE2SAHZBjcoKQA4
535=KCkAOSgpADpIAd0KO0gByWQ8yAFdCj1JAditMT5JAdCpAT8oKQBASQHStQJBSAHFCELIAU
536=UIQ0gBxRNESAHFE0UoKQBGKCkARygpAEhIAcUTSUgBxR5KyAFdCktIAd0KTEgB3QpNSAHN
537=R04oKQBPKCkAUCgpAFEoKQBSKCkAUygpAFQoKQBVKCkAVigpAFcoKQBYKCkAWSgpAFooKQ
538=BbKCkAXCgpAF0oKQBeKCkAXygpAGAoKQBhSAEnkQ1ThGuQbKgBSSJkQAR9bQJxbFMmgzcZ
539=AFQmdUYaSQGisTUbKCkAHCgpAB0oKQAeKCkAHygpACAoKQAhKCkAIigpACMoKQAkKCkAJS
540=gpACYoKQAnKCkAKCgpACkoKQAqKCkAKygpACwoKQAtKCkALigpAC8oKQAwSAHNJjFJAb1/
541=+QQAMsgBTSYzSAEi9GFFKTTIAVUCNUgBIphFVQI2KCkANygpADgoKQA5KCkAOigpADtJAc
542=q1DTzIAV0KPUkB16EwPkkBFiKfbAQAPygpAEBJAdGhBEFIASIASE0QQsgBRQhDSQHpvQpE
543=KCkARSgpAEYoKQBHKCkASCgpAElIAcUeSsgBXQpLSQHEvQpMyAFVAk1IAcXZTkgBzUdPKC
544=kAUCgpAFEoKQBSKCkAUygpAFQoKQBVKCgABlYAVACiAQAAABEAAPcNACAAAQQAVwBUAKIB
545=AAAABABYAFQAogGJAVkoKQBaKCkAWygpAFwoKQBdKCkAXigpAF8oKQBgKCkAYUkBpakMYk
546=kBJqkBY8gBAQEEAGTIAQUCBAAaAFUAr6EEG0kBoqkBHCgpAB0oKQAeKCkAHygpACAoKQAh
547=KCkAIigpACMoKQAkKCkAJSgpACYoKQAnKCkAKCgpAClJAaelEyooKQArKCkALCgpAC0oKQ
548=AuKCkALygpADBJAamxCTFJAb1IMQECBAAyyAEBAwQAM0kBy7UCNMgBVQI1SQHqVAJZJzYo
549=KQA3KCkAOCgpADkoKQA6KCkAO0kBykQIVQ08yAFdCj1JAde5ET5KARYCRwQEAD8oKQBASQ
550=HRoQRBSQHIXANFCELIAUUIQ0kB6VQCRRNEKCkARSgpAEYoKQBHKCkASCgpAElIAcUeSsgB
551=XQpLSQHEXApVDUzIAVUCTUgBwUZOSAHZMk8oKQBQKCkAUSgpAFIoKQBTKCkAVCgpAFVJAa
552=K5HFYoKQBXKCkAWCgpAFkoKQBaKCkAWygpAFwoKQBdKCkAXigpAF8oKQBgKCkAYUgBJ+IM
553=VQAn4AyoAV8rGwBW9WUcSAHdFR0oKQAeKCkAHygpACAoKQAhKCkAIigpACMoKQAkKCkAJS
554=gpACYoKQAnKCkAKEgB3RUpSQEnUDUBAAMAKkkBCXtIAwArKCkALCgpAC0oKQAuKCkALygp
555=ADBJASixCTFJAQu5MjLIAV0gM0kBrLUCNEkBpKkBNSgpADYoKQA3KCkAOCgpADkoKQA6SQ
556=GmpQg7SQEKqQE8yAFVDT1JAdu1Aj5JAdOpAT8oKQBASQHVtQJBSAHFCELIAUUIQ0gB3RVE
557=SAHdFUUoKQBGKCkARygpAEgoKQBJKCkASkgB3RVLSAHVDUzIAVUNTUgBzTFOSAHNMU8oKQ
558=BQKCkAUSgpAFIoKQBTKCkAVEgBzTFVSQGruRxWSAHVT1coKQBYKCkAWSgpAFooKQBbKCkA
559=XCgpAF0oKQBeKCkAXygpAGAoKQBhSQGlrRBiSAHJZBxE3NGCHUkBoqEEHigpAB8oKQAgKC
560=kAISgpACIoKQAjKCkAJCgpACUoKQAmKCkAJygpAChIAcUTKUkBBqVgKkkBjalZK0kBhakB
561=LCgpAC0oKQAuKCkAL0kBh60FMEkBALEJMUgBJzIMVwBpAQF+xVcA2TI0QATRHzUoKQA2KC
562=kANygpADgoKQA5KCkAOkkBpbknO0gB0Us8yAFVDT1IAclZPkkBpK0FPygpAEBJAaa1AkFI
563=AXAUAQAEAELIAUUIQ0gB3RVESAHdFUUoKQBGKCkARygpAEgoKQBJKCkASkgB3RVLSAHdFU
564=zIAVUNTUgBzTFOSAHNMU9JAYW9K1AoKQBRKCkAUigpAFNIAc0xVEgBzTFVSAHVGFZIAdUY
565=VygpAFgoKQBZKCkAWigpAFsoKQBcKCkAXSgpAF4oKQBfKCkAYCgpAGFIASUrIR0AWOXDHk
566=gB2REfKCkAICgpACEoKQAiKCkAIygpACQoKQAlKCkAJigpACcoKQAoSQGluT0pSAHJLSpJ
567=AYy9KytJAYOpASwoKQAtKCkALigpAC9JAYatBTBIAcktMUgB2UgyyAFBOzNIAcEwNEgBxR
568=41KCkANigpADcoKQA4KCkAOSgpADpIAdUYO0gB2Ug8yAFVDT1IAdUNPkgB1Q0/KCkAQEgB
569=xQhBSAHFCELIAUUIQ0gBxQhESAHFCEUoKQBGKCkARygpAEgoKQBJKCkASkgB1Q1LSAHVDU
570=zIAVUNTUgBzTFOSAHNMU9IAc0xUCgpAFEoKQBSKCkAU0gBzTFUSAHNMVVIAdUYVkgB1RhX
571=KCkAWCgpAFkoKQBaKCkAWygpAFwoKQBdKCkAXigpAF8oKQBgSAHPXR4AWe1dH0gBzRAgKC
572=kAISgpACIoKQAjKCkAJCgpACUoKQAmKCkAJygpAChIAcktKUgB0SoqSAHRKitIAdEqLCgp
573=AC0oKQAuKCkAL0gB0SowSAHRKjFIASeBC1koXRdZKF0XWSbRNjVMBcUeNigpADcoKQA4KC
574=kAOSgpADpIAdUYO0gBwUY8yAFBRj1IAcE7PkgByQw/KCkAQEgBxQhBSAHFCELIAUUIQ0gB
575=xQhESAHFCEUoKQBGKCkARygpAEgoKQBJKCkASkgB1Q1LSAHVDUzIAVUNTUgBzTFOSAHNMU
576=9IAc0xUCgpAFEoKQBSKCkAU0gBzTFUSAHNMVVIAdUYVkgB1RhXKCkAWCgpAFkoKQBaKCkA
577=WygpAFwoKQBdKCkAXigpAF9IAddaHwBa9VogSAHBDyEoKQAiKCkAIygpACQoKQAlKCkAJi
578=gpACcoKQAoSAHRKilIAdknKkgB2ScrSAHZJywoKQAtKCkALigpAC9IAdknMEgB2ScxSAEn
579=KQtaKCkLWigpC1ooKAsnKQA2WAbFHjcoKQA4KCkAOSgpADpIAdUYO0gB1Q08yAFJQz1IAc
580=k4PkgB3Qo/KCkAQEgBxQhBSAHRS0LIAUUIQ0gBxQhESAHFCEUoKQBGKCkARygpAEgoKQBJ
581=KCkASkgB1Q1LSAHVDUzIAVUNTUgBzTFOSAHNMU9IAc0xUCgpAFEoKQBSKCkAU0gBzTFUSA
582=HNMVVIAdUYVkgB1RhXKCkAWCgpAFkoKQBaKCkAWygpAFwoKQBdKCkAXkgB31cgAFv9VyFI
583=AdUNIigpACMoKQAkSQGnJNEgJSgpACYoKQAnKCkAKEgB2ScpSAHBJSpIAcElK0gBwSUsKC
584=kALSgpAC4oKQAvSAHBJTBIAcElMUgB2UgyyAFZMjNIAdknNEgBwRo1KCkANigpADcoKQA4
585=KCkAOSgpADpIAdUYO0kBsiKTIwQAPMgBVQ09SAElCTM+SAHVIz8oKQBASAHJLUFJAbOlCE
586=LIAUUIQ0gB3RVESAHdFUUoKQBGKCkARygpAEgoKQBJKCkASkgB3RVLSAEn0gpbAGgBVQ1N
587=VALNMU5IAc0xT0gBzTFQKCkAUSgpAFIoKQBTSAHNMVRIAc0xVUgB1RhWSAHVGFcoKQBYKC
588=kAWSgpAFooKQBbKCkAXCgpAF1IAdsnIQBc5VUiSAHJDCNIAcUeJEkB9/tTXADvqQEmVALJ
589=ASdJAfG1AihJAa2pASlIAckiKkgBySIrSAHJIiwoKQAtKCkALigpAC9IAckiMEgBySIxSA
590=EneQpcKE0VXChNFVwoTBUnKQA2WAbNGzcoKQA4KCkAOSgpADpIAdEfO0gBeVMCelNcAGgB
591=AQMEAD1VAr9ITkU/PkkByUkBACKaUFwAaAFVAkBVArm1AkHIAVUCQkgBZFVFCENIAcE7RE
592=kBoq0mRSgpAEYoKQBHKCkASCgpAEkoKQBKSAHdFUtIAWxSWRFMyAFBD01IAc0xTkgBzTFP
593=SQGDcxQDAFAoKQBRKCkAUigpAFNIAc0xVEgBzTFVSAHVGFZIAdUYVygpAFgoKQBZKCkAWi
594=gpAFsoKQBcSAHPUiIAXe1SI0gBzRskSQH6oSUlSQHyqQEmSQHtqQEnSQHwqQEoSAEnIgpd
595=ANEfKlUCkKUeK0kBiKkBLCgpAC0oKQAuKCkAL0kBiq0FMEgB0R8xSAEnIQpdKCEKXSghCl
596=0oIAonKQA2WAbBJTcoKQA4KCkAOUgBwZ46KCkAO0kBpq0bPEgBdU8CYlFdAGgBAQMEAD5U
597=AnRPVQI/yAFVAkBIAWBRVQJByAFVAkJJAayxCUNIAdUNRCgpAEVJAaKhBEYoKQBHKCkASC
598=gpAEkoKQBKSAHRNUtIASchCl0onBQnLQZOQATNMU9IAc0xUCgpAFEoKQBSKCkAU0gBzTFU
599=SAHNMVVIAScgCiepBVdUAtUYWCgpAFkoKQBaKCkAW0gB108jAF71TyRIASVRRyVIAcEwJk
600=gBwVEnSAEnygleACfLCV4AJqFGKkEEAyTBSisoKQAsKCkALSgpAC4oKQAvKCkAMEkBJbEJ
601=MUgBJ8kJXijJCV4oyQleKMgJJykANlgG3SA3KCkAOEgB0TU5SAHJvDpIAdG5O0gBwRo8SA
602=HBBD1IAcEEPkkBBrVEP8gBUY1ASAHNBUFIAc0FQkgB0QlDSAHBBERIAcEERUgByThGSAHd
603=FUcoKQBIKCkASSgpAEpIAdUYS0gBJ8kJXijICSctBk5ABM0xTygpAFAoKQBRKCkAUigpAF
604=MoKQBUSAHNMVVIAd0VVkgB3RVXKCkAWCgpAFkoKQBaSAHfTCQAX/1MJUgBxQgmSAHdTCdJ
605=Afi9KyhIASVBJClJAai1AiooKQArSQGqtQIsSAEiIG1NwC3IAVkyLkgBIshsVQIvKCkAMC
606=gpADFJAbR8TCL+bV8AaAFZBjNUAtkcNEgB0RQ1KCkANigpADcoKQA4SAHZMjlJAfalEzpI
607=AdVlO0gB3UE8SAHBBD1IAcEEPkgBcUsCYutfAGgBRZdAVALNBUFIAc0FQkgB0QlDSAHBBE
608=RIAcEERUgB1RhGSQGiuRFHKCkASCgpAEkoKQBKSAHVGEtJAbG1I0zIAVUjTUgBIrRvUSpO
609=KCkATygpAFBIASLYbkEEUcgBWQZSSAHdr1NIAcWMVCgpAFVIAdEUVigpAFcoKQBYKCkAWU
610=gBx0olAGDlSiZIAckXJ0gBySIoSAEl1SYpKCkAKigpACtIAcFyLEgBeEgBAgQALcgBQTAu
611=SAF4SFUYLygpADAoKQAxSAFsR1kGMsgBWQYzSAHBMDRJAaKhMDUoKQA2KCkANygpADhIAd
612=UYOUgB0a46SQH0pQg7SAHFPzxIAcEEPUgBwQQ+SAEKBgEAAAQEAD8AYAAGAREAAHEMBh0A
613=AwAABQQAQABgAPoBAAAABABBAGAA9KkBQkkBrakBQ0gBwQRESAHBBEVJAauhBEZJAaKpAU
614=coKQBIKCkASSgpAEpJAaWtBUtJAbFcDgECBABMyAEBAwQATUkB6VQCAQEEAE4oKQBPKCkA
615=UEkBxEAEWQZRyAFZBlJIAdkRU0kBoqkMVCgpAFUoKQBWKCkAVygpAFhJAam4BgImAGEAsa
616=kBJ0gB0R8oSQHytQIpSQHtqQEqKCkAK0kB8LUCLEkBC6kBLcgBQRouSQGstQIvSQGkqQEw
617=KCkAMSgpADIoKQAzSAHBGjQoKQA1KCkANigpADcoKQA4KCkAOUkBqLUNOigpADtIAd0KPE
618=gBwQQ9SQGqrQU+SQEGSAEBBgQAP8gBAQcEAEBJAbBUAoJGYQDZBkJUAtEJQ0gB1QJEKCkA
619=RUgBwQRGKCkARygpAEgoKQBJKCkASigpAEtIAc0mTCgpAE0oKQBOKCkAT0kBprEUUEkBCq
620=kBUcgBTTFSSAEnwghhAMUTVFQCyQFVKCkAVigpAFdIAdREAScAYgDdIChIAdUNKUgBwUYq
621=SAHVRCtIASdqCGIAJ2gIqAFZES5ABNkRL0gBzRAwKCkAMSgpADIoKQAzKCkANCgpADUoKQ
622=A2KCkANygpADhIAdVwOUkB97UjOkkB8akBO0gB2X88SAHBBD1IAcEEPkgBaENRQD/IAVUY
623=QEgBzQVBSAHNBUJIAdEJQ0gBwQRESAHBBEVIAdEfRkgB0R9HKCkASCgpAEkoKQBKKCkASy
624=gpAEwoKQBNKCkATigpAE9IAdEfUEgBJ2oIYgBoAVUYUlQC2RFTSAHZEVQoKQBVKCkAVkgB
625=3EECKABjAK+5JylIAc1oKkgB3UErSAEnEQhjKBAIqAFBDy5ABMEPL0gBwQ8wKCkAMSgpAD
626=IoKQAzKCkANCgpADUoKQA2KCkANygpADhIAd0gOUkB9qkXOkgB0RQ7SAHdNjxIAcEEPUgB
627=wQQ+SAFxQAJ+g2MAaAFJsUBUAs0FQUgBzQVCSAHRCUNIAcEEREgBwQRFSAHRH0ZJAaK5EU
628=coKQBIKCkASSgpAEooKQBLKCkATCgpAE0oKQBOKCkAT0gB0R9QSAFkP0lZUcgBTTFSSAHZ
629=EVNIAdkRVCgpAFVIAcc/KQBkQNJLAAQAKigpACtJAfy1GCxIASfND2SEP0kMLlQCwUYvSQ
630=GnrQUwKCkAMSgpADIoKQAzKCkANCgpADUoKQA2KCkANygpADhIAd0VOUgBzVI6SAHF+jtI
631=AdXePEgBwQQ9SAHBBD5IAW08BHk9ZJk9BXnBZCj9IGQo/SBk6ehDWAbRCURIAdEJRUgB0R
632=9GSAHRH0coKQBIKCkASSgpAEooKQBLKCkATCgpAE0oKQBOKCkAT0gB0R9QSAEnugdkAGgB
633=TTFSVALZEVNIAdkRVEgB2AYCKgBlAOpIPFVEKygpACxJAcu1Ai3IAVEJLkgBzQUvKCkAMC
634=gpADEoKQAyKCkAMygpADQoKQA1KCkANigpADdJAcmhDzjIAUEPOUgBwQ86KCkAOygpADwo
635=KQA9KCkAPkkBzLEJP8gBUQlASAHRCUEoKQBCKCkAQygpAEQoKQBFKCkARigpAEcoKQBIKC
636=kASSgpAEooKQBLKCkATCgpAE0oKQBOKCkATygpAFAoKQBRKCkAUigpAFMoKwArAGaUOVkc
637=LEgBaDgBAgQALcgBUZguSAFwH0EELygpADAoKQAxKCkAMigpADMoKQA0KCkANSgpADYoKQ
638=A3SAFoOEEPOMgBQQ85SAHBDzooKQA7KCkAPCgpAD0oKQA+SAFoOFEJP8gBUQlASAHRCUEo
639=KQBCKCkAQygpAEQoKQBFKCkARigpAEcoKQBIKCkASSgpAEooKQBLKCkATCgpAE0oKQBOKC
640=kATygpAFAoKQBRKCkAUigrACwAZybNJS1JAaSppi4oKQAvKCkAMCgpADEoKQAyKCkAMygp
641=ADQoKQA1KCkANkkBpqkMN0gBxbg4yAFJQzlJAayhBDpIAdkROygpADwoKQA9SAHRCT5IAW
642=CpkTVngKmSNWcA0QlBQATRCUIoKQBDKCkARCgpAEUoKQBGKCkARygpAEgoKQBJKCkASigp
643=AEsoKQBMKCkATSgpAE4oKQBPKCkAUCgpAFFJAaq/IC0AaCYVJC5JAaK1Ai8oKQAwKCkAMS
644=gpADIoKQAzKCkANCgpADUoKQA2SQGlvQo3SAEnWQZo4es5VQKroQQ6SAHNEDsoKQA8KCkA
645=PUgB0Qk+SAF5MgR922iZMgV+22gA0QlBQATRCUIoKQBDKCkARCgpAEUoKQBGKCkARygpAE
646=goKQBJKCkASigpAEsoKQBMKCkATSgpAE4oKQBPKCkAUEkBqbMfLgBp7TEvSAHJFzAoKQAx
647=KCkAMigpADMoKQA0KCkANSgpADZJAaWpDDdIAScBBmkoAQZp7SY6QATBDzsoKQA8KCkAPU
648=gB0Qk+SAFhMAZhMGmBMAdgMCcxAUFABNEJQigpAEMoKQBEKCkARSgpAEYoKQBHKCkASCgp
649=AEkoKQBKKCkASygpAEwoKQBNKCkATigpAE9IAdcuLwBq9S4wSAHdFTEoKQAyKCkAMygpAD
650=QoKQA1KCkANkgB1SM3SAEnqQVqKKkFaiipBWomHTs7TAXBDzwoKQA9SAHRCT5IAWktAGkt
651=aogtXZlAVAInrAsnMQFCVALRCUMoKQBEKCkARSgpAEYoKQBHKCkASCgpAEkoKQBKKCkASy
652=gpAEwoKQBNKCkATkgB3yswAGv9KzFIAcUTMigpADMoKQA0KCkANSgpADZIAd0gN0gBJ1EF
653=ayhQBSeJATpBBKetXTsoKQA8KCkAPUgBxRM+SAEnUQVrKFEFa+U0QUAE3RVCKCkAQygpAE
654=QoKQBFKCkARigpAEcoKQBIKCkASSgpAEooKQBLKCkATCgpAE1IAd8VMQBs5SkySAHFEzMo
655=KQA0KCkANSgpADZIASf6BGwAIgxPWUg4VAJoAVlIOUgBItghVQI6KCkAOygpADwoKQA9KC
656=kAPkkByiYaKmwAaAFRCUBUAidNCmzhXEJUAt0VQygpAEQoKQBFKCkARigpAEcoKQBIKCkA
657=SSgpAEooKQBLKCkATEgBzyYyAG3tJjNIAc0QNCgpADUoKQA2SAEnoQRtgCUBAgQAOFQCYC
658=VJ/jlIAWAlWRw6KCkAOygpADwoKQA9KCkAPkgBdCNRCT/IAVEJQEgBJ6EEbSigBCcpAENB
659=BKKpWUQoKQBFKCkARigpAEcoKQBIKCkASSgpAEooKQBLSAHXIzMAbvUjNEgB1Q01KCkANi
660=gpADdJAaS5ETgoKQA5KCkAOigpADsoKQA8KCkAPUkBpqUIPkgBaW8GfZluiW8HacduKOkN
661=bihIBCcpAENYBtEURCgpAEUoKQBGKCkARygpAEgoKQBJKCkASkgB3yA0AG/9IDVIAckMNi
662=gpADcoKQA4KCkAOSgpADooKQA7KCkAPCgpAD1IAdFLPkgBcB9dbT/IAUVKQEgBJz0Ibyjw
663=AycpAENABMUTRCgpAEUoKQBGKCkARygpAEhJAae1LklIAcceNQBw5R42SAHdCjcoKQA4KC
664=kAOSgpADooKQA7KCkAPCgpAD1IASeZA3CBOwJsPKgBmV5wKI0HcCiYAycpAENFCKK9FUQo
665=KQBFKCkARigpAEdIAdUNSEgBcJFTKjYAce0bN0gB0Qk4KCkAOSgpADooKQA7KCkAPCgpAD
666=1IAckMPkgBfTYEYRpxjRsFcVZxKEEDcShAAycpAENYBs0QRCgpAEUoKQBGKCkAR0gBxzQ3
667=AHL1GDhIAcUIOSgpADooKQA7KCkAPCgpAD1JAaWlKT5IAWgXnW1yiRcHaRdyKOkCcijoAi
668=cpAENYBsEPRCgpAEUoKQBGSAHfFTgAc/0VOUgB2QY6KCkAOygpADwoKQA9SAEnkQJzhBNJ
669=OD9UAnwVnWJzKJECcyiQAicpAENMBdUNRCgpAEVIAccTOQB05RM6SAHNBTsoKQA8KCkAPU
670=gBJzkCdJkRAng9qAGdV3QoOQJ0KDgCJykAQ0UIorUuREgBzxA6AHXtEDtIAcEEPCgpAD1I
671=ASfhAXWAD5xMqQEFcTV1KOEBdSjgAScpAENECNcNOwB29Q08SAHVDT1JAaWlEz5IAXwrnU
672=F2lA2dQXYoiQF2KIoBdgDfCjwAd/0KPUgBJzEBd4QInDaoAZ02dygxAXfnCD0AeCahUT5I
673=AWwQmQZ4hAiYBimBAHmUAgsCBAA/AHkABgEAAAMEABEAAA==

[Lighting]
Red=1.000000
Blue=1.000000
Green=1.000000
Level=0.000000
Ground=0.000000
IonRed=0.300000
Ambient=1.000000
IonBlue=0.750000
IonGreen=0.400000
IonLevel=0.000000
IonGround=0.000000
IonAmbient=0.870000

[Map]
Size=0,0,60,62
Theater=URBAN
LocalSize=2,4,56,52

[Neutral]
IQ=0
Edge=North
Color=Grey
Allies=Neutral
Country=Neutral
Credits=0
NodeCount=0
TechLevel=1
PercentBuilt=0
PlayerControl=no

[Nod]
IQ=0
Edge=North
Color=Gold
Allies=Nod
Country=Nod
Credits=0
NodeCount=0
TechLevel=1
PercentBuilt=0
PlayerControl=no

[OverlayDataPack]
1=GAAAIP5BDACBBP7/AQCBBf//DUIMgQH+vgMAgDcAACD+QQIAgQT+/wEAgQX//wVCAoED/g
2=MACoQIAAAC/gcACgAL/tgTAIEE/gQAB9xBAuErHv6NAQCAlQAAIP4rAACBB/4DAAqCCwfc
3=DQCBC/4DAArcMAD+uAEAgwcKAM0uAIQEBwcEzUIAgQD/2gFTAIIICMxTAgQTzTAEzi0E/8
4=oBYgLPUAIEE8tAAtArAv/MAWIEzz8Ezy8I/9kBUgYH7c0/As4+AtArCv7cCQDOPgr+7wEA
5=gQb/2QFSAOQYFv/ZAVIC/yYCGBb/AAI+FP7CAQCAUAEAIP4YAACBA/5OAAD/TwAYAP5hAQ
6=CCBwb+TgAAggYH/64BagCBCttoAoEE4iQE6AsE/5ABiAKBC9tpBIED/gQACoEI/ggAAIEC
7=/gQACoEJ2/gFgQv/qwFoBAH/3BcG7+MHggsL/6kBaQYR//9TABcI/6gBaQgB//4DAAr/UA
8=AYCv4DAAr/pgFqChP+ggoA/1IAFwyBABBY/6IBbQwl/f9XABUM/6MBaw6CAwb+BwAH20kE
9=/jEAAIEE/gcAB4EG/7ABZwD+BgIANA7NGBLpJhb+nQEAwkQG/hwACoILDMFkAhgY9RoY/g
10=8ACsY7Bv6EAQCBBv4HAA6BCtYHGoIMBf4DAACCBQb4FxrNYhoSJf+IAX4W/gcAD4MNAAfV
11=CByBDSHUgQf4FxzMYhyCDw//iwF4GoED/gcACx2i0woegQkh1IED+BcezWIegQvbSQb+aQ
12=EAgA4BACD+BQAAgQL+IAAKgg4J/gMAAIIDDvgXAP4QAAqBCP6tAQCBAcghAvMcAv6jAQCC
13=Awb+BgAHgQT+UwAAgQT+BgAHggYD/pwBAIQHCgsL/gMACoEH/1UAuQWCCgoAXf9UABMG/0
14=4BwQSCCgD/VwASBoEAAFz/nwFuBjOn/1kAEgb/ogFsCDYD/1UAEwr/ogFrBmIB/1YAEwz/
15=pgFqDBIB/1YAEwr/pwFqDgGrgQb+IQAAgQb+BAAKgQz+LAAAgQb/qQFpEMAJBP4hAACBBW
16=AF/0oA6xP+rAEA7zUU/s4BAP8AAjUWwlgCYgCEBggAAuo6Ev/JAW8WwGcEwBMEEgn/8wE6
17=GAHzwGcKDC3/vQFDHICyAAAg/jUAAIEE/gQAAIoFAAAHCgAGAAAD/gMACoEJ/u0BAAH7Qg
18=CBCgIA/vIBAFIAgwQHByQL/vABABXy/+8BRgD+AgYACe3NPgTOPQTQKg7+yQEADe2DCgsH
19=/g0AAIMGCgrLLxDQKhD/ywFhDoEAzi0QgQDOPxDOLBL/ywFhEIIICMw/EtA9EM4sFP/KAW
20=ESgQsD3ctTFM49DtAqFv/MAWEUzT4U8hkY/8sBcgzyGRr+jgUAgCkAACD+LA4AgQL+CQAK
21=gQgwDYEM/v8BAIEF//8FPg6BAf7/BQCBBP/CAz4SgBYAACD+PQAAgQX+/wEA/wAOPQCBAf
22=7CDwCABQAAIP4AIACABQAAIP4AIACABQAAIP4AIACABQAAIP4AIACABQAAIP4AIACABQAA
23=IP4AIACABQAAIP4AIACABQAAIP4AIACABQAAIP4AIACABQAAIP4AIACABQAAIP4AIACABQ
24=AAIP4AIACABQAAIP4AIACABQAAIP4AIACABQAAIP4AIACABQAAIP4AIACABQAAIP4AIACA
25=BQAAIP4AIACABQAAIP4AIACABQAAIP4AIACABQAAIP4AIACABQAAIP4AIACABQAAIP4AIA
26=CABQAAIP4AIACA

[OverlayPack]
1=EAAAIP5BDP+B8f//EUIK/r8B/4AlAAAg/kEC/4Hx/wAIQgD+BADxQAcwC/7YE//+BgBm/0
2=IADR7+jQH/gF0AACD+KwD//gYAZv9CAA0A/rgB/wHYzVIA/gQAG81CABAo/9cBVgDOUQDR
3=PgL/2wFSAM5RAgH+y0AE0CsC/8wDYgL//QEuCP4TCP/OPgr/8ANPEsxABv/wBU4S/sIB/4
4=DZAAAg/hgA/4Fm/k4A//9PABgA/mEB/4JmZv+eAMkB/2EBuADbaAKB8OIkBOgLBP+RAYgC
5=3BgE/gUA8NMuBvMABv+QAYkE/1EAGAL/qgFoBv4GAGb/ogDFCf9dAbwI/1UAGAr/pAFsCj
6=Go/1MAFwL/pgFpDP4JAGb/pQDCD/9aAb8O/1gAGBD/sAFnAP4GAv+B8cghFvMcFv+eAYkU
7=/iIA8dMCGOkoGM5GGP6JAf/+IwDwIdT6Fhr+EADw/5MBehgwCtIMHEHU+BgczGMc/5UBdx
8=r/bAANGv+HAXkcgLEAACD+BQD//iMA8dMCAOkoAM9FAP6qAf8xrs14AOkmAv6jAf/+CQBm
9=/68AuAP/UQHCAv+uALkF/08BwQQABf9VALoHMF3/pQFsAv+sALsJ/1QBvwj/qwC8C/9WAb
10=wG/6kAvg3/VgG9DP+pAL4P/1cBvA7+IQD//gYAy/9PAOYR/4oBiRDfFBJgBf9KAOsT/qwB
11=/+81FP7OAf//DgI1FggK6zkS/8kBbxj+BAAbMgn/uQNHGoBqAAAg/jUA/4HLQAWEGxv/Gw
12=AJ/gQAy/7tAf9yAAIC/vMB//8BAjUC//IBQwD+Agb//gYAZv4NAP/OPQTQKg7/ywNhDBHf
13=yzAQwTwA3B4S/8wDYQwT4N0xFM0tFv/cAWES8hkY/7gDchb+1gP/gB8AACD+LA7//gsA8U
14=AN/wACLQz//wc+Dv8BBCwK/8IDPhqAFAAAIP49AP+B8f7/Af//ABA9AP7DDf+ABQAAIP4A
15=IP+ABQAAIP4AIP+ABQAAIP4AIP+ABQAAIP4AIP+ABQAAIP4AIP+ABQAAIP4AIP+ABQAAIP
16=4AIP+ABQAAIP4AIP+ABQAAIP4AIP+ABQAAIP4AIP+ABQAAIP4AIP+ABQAAIP4AIP+ABQAA
17=IP4AIP+ABQAAIP4AIP+ABQAAIP4AIP+ABQAAIP4AIP+ABQAAIP4AIP+ABQAAIP4AIP+ABQ
18=AAIP4AIP+ABQAAIP4AIP+ABQAAIP4AIP+ABQAAIP4AIP+ABQAAIP4AIP+ABQAAIP4AIP+A

[Ranking]
ParTimeEasy=00:01:00
ParTimeHard=00:01:00
OverParTitle=GUI:NoOverParTitle
ParTimeMedium=00:01:00
UnderParTitle=GUI:NoUnderParTitle
OverParMessage=GUI:NoOverParMessage
UnderParMessage=GUI:NoUnderParMessage

[Russians]
IQ=0
Edge=North
Color=DarkRed
Allies=Russians
Country=Russians
Credits=0
NodeCount=0
TechLevel=1
PercentBuilt=0
PlayerControl=no

[Special]
IQ=0
Edge=North
Color=Grey
Allies=Special
Country=Special
Credits=0
NodeCount=0
TechLevel=1
PercentBuilt=0
PlayerControl=no

[SpecialFlags]
Inert=no
FogOfWar=no
IonStorms=no
MCVDeploy=no
Meteorites=no
Visceroids=no
FixedAlliance=no
TiberiumGrows=yes
InitialVeteran=no
HarvesterImmune=no
TiberiumSpreads=yes
TiberiumExplosive=no
DestroyableBridges=no

[Structures]
1020028=Neutral,GAGATE_A,256,62,64,0,None,1,0,1,0,0,None,None,None,0,0
1020029=Neutral,GAGATE_A,256,62,60,0,None,1,0,1,0,0,None,None,None,0,0
1020030=Neutral,CAGARD01,256,65,65,0,None,0,0,1,0,0,None,None,None,0,0
1020033=Neutral,CAGARD01,256,61,65,0,None,0,0,1,0,0,None,None,None,0,0
1020036=Neutral,CAGARD01,256,61,59,0,None,0,0,1,0,0,None,None,None,0,0
1020039=Neutral,CAGARD01,256,65,59,0,None,0,0,1,0,0,None,None,None,0,0
1020042=Neutral,CAGEFGL,256,68,62,0,None,0,0,1,0,0,None,None,None,0,0
1020045=Neutral,CAGEFGL,256,58,62,0,None,0,0,1,0,0,None,None,None,0,0
1020048=Neutral,CAGEFGL,256,74,62,0,None,0,0,1,0,0,None,None,None,0,0
1020051=Neutral,CAGEFGL,256,80,62,0,None,0,0,1,0,0,None,None,None,0,0
1020054=Neutral,CAGEFGL,256,52,62,0,None,0,0,1,0,0,None,None,None,0,0
1020057=Neutral,CAGEFGL,256,30,62,0,None,0,0,1,0,0,None,None,None,0,0
1020060=Neutral,CAGEFGL,256,36,62,0,None,0,0,1,0,0,None,None,None,0,0
1020063=Neutral,CAGEFGL,256,46,62,0,None,0,0,1,0,0,None,None,None,0,0
1020066=Neutral,GAGATE_A,256,40,64,0,None,1,0,1,0,0,None,None,None,0,0
1020067=Neutral,GAGATE_A,256,40,60,0,None,1,0,1,0,0,None,None,None,0,0
1020068=Neutral,CAGARD01,256,43,65,0,None,0,0,1,0,0,None,None,None,0,0
1020071=Neutral,CAGARD01,256,39,65,0,None,0,0,1,0,0,None,None,None,0,0
1020074=Neutral,CAGARD01,256,39,59,0,None,0,0,1,0,0,None,None,None,0,0
1020077=Neutral,CAGARD01,256,43,59,0,None,0,0,1,0,0,None,None,None,0,0
1020080=Neutral,CAGARD01,256,83,65,0,None,0,0,1,0,0,None,None,None,0,0
1020083=Neutral,CAGARD01,256,83,59,0,None,0,0,1,0,0,None,None,None,0,0
1020086=Neutral,CAGARD01,256,87,65,0,None,0,0,1,0,0,None,None,None,0,0
1020089=Neutral,CAGARD01,256,87,59,0,None,0,0,1,0,0,None,None,None,0,0
1020092=Neutral,CAGEFGL,256,108,62,0,None,0,0,1,0,0,None,None,None,0,0
1020095=Neutral,CAGEFGL,256,90,62,0,None,0,0,1,0,0,None,None,None,0,0
1020098=Neutral,CAGEFGL,256,102,62,0,None,0,0,1,0,0,None,None,None,0,0
1020101=Neutral,CAGEFGL,256,96,62,0,None,0,0,1,0,0,None,None,None,0,0
1020104=Neutral,CAPARS04,1,47,67,0,None,0,0,1,0,0,None,None,None,0,0
1020105=Neutral,CAPARS05,1,51,67,0,None,0,0,1,0,0,None,None,None,0,0
1020106=Neutral,CAPARS04,128,55,67,0,None,0,0,1,0,0,None,None,None,0,0
1020107=Neutral,CAPARS06,1,55,55,0,None,0,0,1,0,0,None,None,None,0,0
1020108=Neutral,CAPARS06,1,47,55,0,None,0,0,1,0,0,None,None,None,0,0
1020109=Neutral,CAPARS05,128,51,55,0,None,0,0,1,0,0,None,None,None,0,0
1020110=Neutral,CAPARS14,64,61,83,0,None,0,0,1,0,0,None,None,None,0,0
1020111=Neutral,CAPARK01,256,62,86,0,None,0,0,1,0,0,None,None,None,0,0
1020112=Neutral,CAPARK01,256,63,86,0,None,0,0,1,0,0,None,None,None,0,0
1020113=Neutral,CAMSC03,256,64,86,0,None,0,0,1,0,0,None,None,None,0,0
1020114=Neutral,CAMSC03,256,61,86,0,None,0,0,1,0,0,None,None,None,0,0
1020115=Neutral,CAEUR04,256,69,81,0,None,0,0,1,0,0,None,None,None,0,0
1020116=Neutral,CAIND01,64,52,93,0,None,0,0,1,0,0,None,None,None,0,0
1020117=Neutral,CAIND01,256,53,87,0,None,0,0,1,0,0,None,None,None,0,0
1020118=Neutral,CAPARS06,256,70,74,0,None,0,0,1,0,0,None,None,None,0,0
1020119=Neutral,CAGAS01,256,54,74,0,None,0,0,1,0,0,None,None,None,0,0
1020120=Neutral,CAPARS07,256,57,76,0,None,0,0,1,0,0,None,None,None,0,0
1020121=Neutral,CAMISC04,256,57,74,0,None,0,0,1,0,0,None,None,None,0,0
1020122=Neutral,CAMISC03,256,68,76,0,None,0,0,1,0,0,None,None,None,0,0
1020123=Neutral,CAFRMB,256,68,78,0,None,0,0,1,0,0,None,None,None,0,0
1020124=Neutral,CAMISC05,256,68,79,0,None,0,0,1,0,0,None,None,None,0,0
1020125=Neutral,CAMISC05,256,70,78,0,None,0,0,1,0,0,None,None,None,0,0
1020126=Neutral,CATS01,256,67,81,0,None,0,0,1,0,0,None,None,None,0,0
1020127=Neutral,CATS01,64,67,83,0,None,0,0,1,0,0,None,None,None,0,0
1020128=Neutral,CABUNK01,256,60,68,0,None,0,0,1,0,0,None,None,None,0,0
1020129=Neutral,CABUNK01,256,65,68,0,None,0,0,1,0,0,None,None,None,0,0
1020130=Neutral,CABUNK01,256,38,68,0,None,0,0,1,0,0,None,None,None,0,0
1020131=Neutral,CABUNK01,256,43,68,0,None,0,0,1,0,0,None,None,None,0,0
1020132=Neutral,CABUNK01,256,82,68,0,None,0,0,1,0,0,None,None,None,0,0
1020133=Neutral,CABUNK01,256,87,68,0,None,0,0,1,0,0,None,None,None,0,0
1020134=Neutral,CABUNK02,256,82,55,0,None,0,0,1,0,0,None,None,None,0,0
1020135=Neutral,CABUNK02,256,87,55,0,None,0,0,1,0,0,None,None,None,0,0
1020136=Neutral,CABUNK02,256,65,55,0,None,0,0,1,0,0,None,None,None,0,0
1020137=Neutral,CABUNK02,256,60,55,0,None,0,0,1,0,0,None,None,None,0,0
1020138=Neutral,CABUNK02,256,38,55,0,None,0,0,1,0,0,None,None,None,0,0
1020139=Neutral,CABUNK02,256,43,55,0,None,0,0,1,0,0,None,None,None,0,0
1020140=Neutral,CAPARS06,256,66,113,0,None,0,0,1,0,0,None,None,None,0,0
1020141=Neutral,CAPARS06,64,66,109,0,None,0,0,1,0,0,None,None,None,0,0
1020142=Neutral,CAEUR04,64,65,104,0,None,0,0,1,0,0,None,None,None,0,0
1020143=Neutral,CAIND01,256,71,105,0,None,0,0,1,0,0,None,None,None,0,0
1020144=Neutral,CAOILD,256,58,111,0,None,0,0,1,0,0,None,None,None,0,0
1020149=Neutral,CAOILD,256,52,105,0,None,0,0,1,0,0,None,None,None,0,0
1020154=Neutral,CAOILD,256,58,105,0,None,0,0,1,0,0,None,None,None,0,0
1020159=Neutral,CARUS04,256,71,97,0,None,0,0,1,0,0,None,None,None,0,0
1020160=Neutral,CARUS05,64,71,87,0,None,0,0,1,0,0,None,None,None,0,0
1020161=Neutral,CARUS06,256,71,92,0,None,0,0,1,0,0,None,None,None,0,0
1020162=Neutral,CARUS06,64,76,97,0,None,0,0,1,0,0,None,None,None,0,0
1020163=Neutral,CAPARS06,1,87,89,0,None,0,0,1,0,0,None,None,None,0,0
1020164=Neutral,CAGEFGL,256,24,62,0,None,0,0,1,0,0,None,None,None,0,0
1020167=Neutral,CAGEFGL,256,18,62,0,None,0,0,1,0,0,None,None,None,0,0
1020170=Neutral,CAGEFGL,256,12,62,0,None,0,0,1,0,0,None,None,None,0,0
1020173=Neutral,CAPARS04,256,69,67,0,None,0,0,1,0,0,None,None,None,0,0
1020174=Neutral,CAPARS05,128,73,67,0,None,0,0,1,0,0,None,None,None,0,0
1020175=Neutral,CAPARS05,1,77,67,0,None,0,0,1,0,0,None,None,None,0,0
1020176=Neutral,CAPARS05,256,33,67,0,None,0,0,1,0,0,None,None,None,0,0
1020177=Neutral,CAPARS05,64,29,67,0,None,0,0,1,0,0,None,None,None,0,0
1020178=Neutral,CAPARS05,1,25,67,0,None,0,0,1,0,0,None,None,None,0,0
1020179=Neutral,CAPARS05,64,91,67,0,None,0,0,1,0,0,None,None,None,0,0
1020180=Neutral,CAPARS05,256,95,67,0,None,0,0,1,0,0,None,None,None,0,0
1020181=Neutral,CAPARS05,1,99,67,0,None,0,0,1,0,0,None,None,None,0,0
1020182=Neutral,CANEWY21,256,50,98,0,None,0,0,1,0,0,None,None,None,0,0
1020183=Neutral,CANEWY20,64,46,97,0,None,0,0,1,0,0,None,None,None,0,0
1020184=Neutral,CAEUR04,1,37,89,0,None,0,0,1,0,0,None,None,None,0,0
1020185=Neutral,CARUFGL,256,67,59,0,None,0,0,1,0,0,None,None,None,0,0
1020188=Neutral,CARUFGL,256,81,59,0,None,0,0,1,0,0,None,None,None,0,0
1020191=Neutral,CARUFGL,256,89,59,0,None,0,0,1,0,0,None,None,None,0,0
1020194=Neutral,CARUFGL,256,59,59,0,None,0,0,1,0,0,None,None,None,0,0
1020197=Neutral,CARUFGL,256,45,59,0,None,0,0,1,0,0,None,None,None,0,0
1020200=Neutral,CARUFGL,256,37,59,0,None,0,0,1,0,0,None,None,None,0,0
1020203=Neutral,CAUSFGL,256,37,65,0,None,0,0,1,0,0,None,None,None,0,0
1020206=Neutral,CAUSFGL,256,45,65,0,None,0,0,1,0,0,None,None,None,0,0
1020209=Neutral,CAUSFGL,256,59,65,0,None,0,0,1,0,0,None,None,None,0,0
1020212=Neutral,CAUSFGL,256,67,65,0,None,0,0,1,0,0,None,None,None,0,0
1020215=Neutral,CAUSFGL,256,81,65,0,None,0,0,1,0,0,None,None,None,0,0
1020218=Neutral,CAUSFGL,256,89,65,0,None,0,0,1,0,0,None,None,None,0,0
1020221=Neutral,CAGEFGL,256,114,62,0,None,0,0,1,0,0,None,None,None,0,0
1020224=Neutral,GAGATE_A,256,84,64,0,None,1,0,1,0,0,None,None,None,0,0
1020225=Neutral,GAGATE_A,256,84,60,0,None,1,0,1,0,0,None,None,None,0,0
1020226=Neutral,NAPSYA,256,62,38,0,None,0,0,1,0,0,None,None,None,0,0
1020229=Neutral,CAOILD,256,67,18,0,None,0,0,1,0,0,None,None,None,0,0
1020234=Neutral,CAOILD,256,72,18,0,None,0,0,1,0,0,None,None,None,0,0
1020239=Neutral,CAOILD,256,67,13,0,None,0,0,1,0,0,None,None,None,0,0
1020244=Neutral,CAIND01,64,59,18,0,None,0,0,1,0,0,None,None,None,0,0
1020245=Neutral,CATS01,64,61,15,0,None,0,0,1,0,0,None,None,None,0,0
1020246=Neutral,CATS01,1,61,13,0,None,0,0,1,0,0,None,None,None,0,0
1020247=Neutral,CATS01,256,61,11,0,None,0,0,1,0,0,None,None,None,0,0
1020248=Neutral,CATEXS08,128,56,19,0,None,0,0,1,0,0,None,None,None,0,0
1020249=Neutral,CATEXS06,0,52,19,0,None,0,0,1,0,0,None,None,None,0,0
1020250=Neutral,NAPSYB,256,68,44,0,None,1,0,1,0,0,None,None,None,0,0
1020253=Neutral,NAPSYB,256,58,44,0,None,1,0,1,0,0,None,None,None,0,0
1020256=Neutral,CARUFGL,256,68,49,0,None,0,0,1,0,0,None,None,None,0,0
1020259=Neutral,CARUFGL,256,73,49,0,None,0,0,1,0,0,None,None,None,0,0
1020262=Neutral,CARUFGL,256,73,41,0,None,0,0,1,0,0,None,None,None,0,0
1020265=Neutral,CARUFGL,256,73,45,0,None,0,0,1,0,0,None,None,None,0,0
1020268=Neutral,CARUFGL,256,54,41,0,None,0,0,1,0,0,None,None,None,0,0
1020271=Neutral,CARUFGL,256,54,45,0,None,0,0,1,0,0,None,None,None,0,0
1020274=Neutral,CARUFGL,256,54,49,0,None,0,0,1,0,0,None,None,None,0,0
1020277=Neutral,CARUFGL,256,59,49,0,None,0,0,1,0,0,None,None,None,0,0
1020280=Neutral,CARUS04,128,72,34,0,None,0,0,1,0,0,None,None,None,0,0
1020281=Neutral,CARUS05,64,72,24,0,None,0,0,1,0,0,None,None,None,0,0
1020282=Neutral,CARUS06,64,72,29,0,None,0,0,1,0,0,None,None,None,0,0
1020283=Neutral,CARUS06,256,77,24,0,None,0,0,1,0,0,None,None,None,0,0
1020284=Neutral,CARUS06,64,47,24,0,None,0,0,1,0,0,None,None,None,0,0
1020285=Neutral,CAGAS01,128,53,36,0,None,0,0,1,0,0,None,None,None,0,0
1020286=Neutral,CAPARS06,64,53,29,0,None,0,0,1,0,0,None,None,None,0,0
1020287=Neutral,CAEUR04,128,53,25,0,None,0,0,1,0,0,None,None,None,0,0
1020288=Neutral,CAPARS06,256,53,32,0,None,0,0,1,0,0,None,None,None,0,0
1020289=Neutral,CAEUR04,64,87,34,0,None,0,0,1,0,0,None,None,None,0,0
1020290=Neutral,CAPARS04,64,73,55,0,None,0,0,1,0,0,None,None,None,0,0
1020291=Neutral,CAPARS06,256,77,55,0,None,0,0,1,0,0,None,None,None,0,0
1020292=Neutral,CAPARS06,1,69,55,0,None,0,0,1,0,0,None,None,None,0,0
1020293=Neutral,CAPARS06,256,91,56,0,None,0,0,1,0,0,None,None,None,0,0
1020294=Neutral,CAPARS06,256,95,56,0,None,0,0,1,0,0,None,None,None,0,0
1020295=Neutral,CAPARS06,1,99,56,0,None,0,0,1,0,0,None,None,None,0,0
1020296=Neutral,CAPARS06,256,34,56,0,None,0,0,1,0,0,None,None,None,0,0
1020297=Neutral,CAPARS05,1,30,56,0,None,0,0,1,0,0,None,None,None,0,0
1020298=Neutral,CAPARS05,64,26,56,0,None,0,0,1,0,0,None,None,None,0,0
1020299=Neutral,CARUS05,64,38,34,0,None,0,0,1,0,0,None,None,None,0,0

[Tags]
0649DE9C=0,Start Ambients,0649E72C

[TeamTypes]

[Terrain]
33045=TIBTRE02
33082=TIBTRE03
35046=TIBTRE03
35064=TIBTRE01
35081=TIBTRE03
44063=TIBTRE01
49060=TREE17
49061=TREE18
49062=TREE17
49065=TREE17
49066=TREE18
49067=TREE17
50060=TREE18
50061=TREE26
50062=TREE18
50065=TREE18
50066=TREE27
50067=TREE18
51060=TREE17
51061=TREE18
51062=TREE17
51065=TREE17
51066=TREE18
51067=TREE17
55022=TIBTRE02
55105=TIBTRE02
68017=TIBTRE02
68105=TIBTRE01
73059=TREE18
73060=TREE17
73061=TREE18
73064=TREE18
73065=TREE17
73066=TREE18
74059=TREE17
74060=TREE26
74061=TREE17
74064=TREE17
74065=TREE27
74066=TREE17
75059=TREE18
75060=TREE17
75061=TREE18
75064=TREE18
75065=TREE17
75066=TREE18
80063=TIBTRE02
89044=TIBTRE01
89062=TIBTRE02
89080=TIBTRE02
91045=TIBTRE02
91081=TIBTRE02
92039=TREE04
93038=TREE06
94039=TREE03
94058=TREE06
94060=TREE04
94065=TREE05
94067=TREE05
95057=TREE03
95061=TREE03
95064=TREE03
95068=TREE03
96041=TREE05
96058=TREE05
96060=TREE02
96065=TREE06
96067=TREE04
97043=TREE06
98043=TREE07
98058=TREE08
98060=TREE05
98065=TREE04
98067=TREE02
99057=TREE03
99061=TREE03
99064=TREE03
99068=TREE03
100058=TREE04
100060=TREE06
100065=TREE05
100067=TREE05

[Triggers]
0649E72C=Americans,<none>,Start Ambients,0,1,1,1,0

[Units]
0=Neutral,PTRUCK,256,57,90,0,Sleep,None,0,-1,0,-1,1,1
1=Neutral,PTRUCK,256,54,105,160,Sleep,None,0,-1,0,-1,1,1

[Waypoints]
0=78085
1=78034
2=45041
3=44087
8=23067
9=101061
10=73062
11=49063
12=62041
13=62085
98=62063
99=62063



[Digest]
1=zgDU7k0qbj0Cufl/Sr9jPborMjs=

