; Map created with FinalAlert 2(tm) Mission Editor
; Get it at http://www.westwood.com
; note that all comments were truncated

[Header]
Width=25
Height=94
StartX=243
StartY=20
Waypoint1=251,29
Waypoint2=252,110
Waypoint3=0,0
Waypoint4=0,0
Waypoint5=0,0
Waypoint6=0,0
Waypoint7=0,0
Waypoint8=0,0
NumberStartingPoints=2


[Preview]
Size=0,0,60,100

[PreviewPack]
1=UBAAIAAPuLChta+gboM9a4E8YGFBPj5POTxSODpRNzpSOTtTODtSqABQAkgAUAJYAUMBOT
2=xT7AEBUzg8U0QC/AJ8BWkDOlACTQRRaAOABEgG7ATYCkgDiABkBVQDLSwAkAiYEIwNWAHc
3=EWQLClJqgDpdUEhAPk5XVUlAB+QLK/QBUAJIAFQDbgc8UlUAOGwHVBJ4BFwCSABABEgAQA
4=FKADc6J7QCTQRR/AJ0FSvsAJAjSAknvAAqLACdCFJUAIQabAe8CLwsSBhIA1QJlAMnGAJk
5=IFgESACUA3QerAFYBEABSAC8AkABSABMAUgAQAFIAEABzAR0ElwXZA5cC0gS3QI7sBFUAH
6=QMUAJIAEAHiDzcBewBaCSgCqwEVABWQkE/aEKMCswiUAtYASekAEwBSABQBUQCQAFQC0wB
7=lELEDlwFUAJIAEAEaQM7gQ07VANgAZQPSE5PLlI7PWgSrASdAlFMB0wKoAcsFAB8BeQCbA
8=F4BIRWkAJsK0QCWAdYAcgJSSE7ZAWFEVOoA1A4mAGEEUAEcF9AEycIANwISBJ0CaQXnFkD
9=OjxPa348XFAJZG09VlhDaoA8aXk6WARYDUQF4AGIOfROXAKQDmwQJywAlA92Njs9zDREAk
10=gAXAi0RawBXAVIAI0BU7wCWAH0DFAXqDN4FlAdDD4+UERCTT0+UUVETEpJSkgJCk5QR2x/
11=PGl+OmqCPBTgAAhrgjxsgTxpgDprekQXUQhSnAtYEGABfAucKVACLi4APFO8WQJrcDs5O0
12=w0eBxQEUQFTA1AAYgAgAqMH1wCSACoA0ABCV5mPml8PFJUR2NsP1cPano6UhRqecATWwFo
13=fzqvFGqBO0EBeOAATAGoAEQXxFOEMkgeWAonfAErLACcYpguXRpTXDW9hjk3ZBN4FlglWB
14=NYKGoVgTtYEEknaZARoBAnhAK4ASoUAPAVKBwAVANcBQVlYUZJRU0+PVRpeDSoJEQXgAFg
15=QFgWSABYAUxnYS48YBaAAdwFzFUqUgY8UyccCkgqSDxMDScIAKw0WAFAAUsAta+grAGkE1
16=gBUAKsASoUAEwECWmBOmh/OWuAPEZBTCeEAkATLQgAlBUnkAJgAUgwgBZMAXgobAH4fEwH
17=VDAntAIqHApEDkQRBlpcXE9RU3x9e0wBSABYE0gAQAFIACp4AlACSAAqRAAnLABfCGh+OW
18=RKAnw6ODtRRA7EJmTIWQFSQCuwAvwCXBTMK1QMWApEFEgYXBpIAGABAzpRPD1Qa/RmrARY
19=BEABSABAAQNIS00+QD5IAAM9Pz94eXdQAkgAXAJIAEABoBOsASc4ALACKhQAWBZIACo8C0
20=gPaCd8jNgTWBaIAGBzVANMAYUUUyr8DkQ1RFYCQD9Qa310ZkQOSA9IAEABSABAAUgAQAFI
21=AEMBRkpMWBZIACrkAipUAkwESABQBSpQAKwBVBVcWUxwXGIwPAukF0QpQAFIElQAQBZUAK
22=wBQAoDaoE8bII8WDS2k2uCIAG0AqcR/wAAqABYFkgAJ+QCtBJMBKABVABMAUANQAFIAFQV
23=RHcGbII9bn89RUFPWBBUJy0IAFQVUBRIA0BDQAFUFVQAjATERFQJSABYClQJSACsAVgBQA
24=FIAEABSABAAUgAQAFIAEABSAC0FSoUAFgWSAAt5AJQFFAFVABIAEwHXAtAcESVWytXSkpE
25=EbxWnBF41rQVuAFUA0gAgBZJRVJUQrQYQApICUgAQAFIAEABSABAAUgAQAFIAEABSABAAU
26=gAJyAArAEnwAJcAkgAUAL0RQQ8PkA9fX15UAJIAFQVJwgATARYFlGGaV6GfTtM2SckArTV
27=UBRAFkQXXAJ0FZCYUAJsAXxceIVABFgKqABACicgAK8BYGJiUIOsAUgDQAFIAEABA7GomL
28=atnqwBWAFAAUgAQAEAA3V1ckpNTUBERjw+PFZWU7eyqbavoCrAAkwESABQBUcXaYA5Q3BX
29=UEhMEExAUBRAAVgTQAFkFJQVQAFIAFgZUAJIA2wB/OBQCEgJqACvAYmKiFCDQJoDTVBRSE
30=pLUCa8AgO2rqK7s6VLALWsmyq8AAACdXVzTU5PSkxOOjw9Q0VHU1VTensnsAIrIABcCEAW
31=qwBvgz4ieCaQ4EAWoBOME6Ty1FdcAkgAXALoAHj3KvQBJ4ABA3N0ck9SUVAmQD0DVVZTuL
32=KlUyazraBQBSecBQazqp54eHZMT1BIAAk8Pj5BRkpER0lCQ0REHSccASogAKgVVABIWgNw
33=djxMREtIFUgASBJIAEgSoC7sAWRBrAFIA4ABQFvAFkwfRBGoAEwBJ5QBBlBUVTo9PUVISq
34=A9J4AAArasnbivKLQCBj5AQEhLTHN1c2oAdHJQHUBbUHEq5AIDdnd1bm9wUAtIAAJrgTtu
35=gyJkNCqcI1BxVBJIAFgTTECoAEBbpBpQAkABJwgApBFUAFQJVABIAEABDLSvoz9CRUFEQ0
36=VIRVxeXicUA0ABQAQDsq2hUlNRRBpXFUBBPmoVdXNIAycIAFgWSAC7iEVISUQaQDFEBQVK
37=TU9pfztrgmAWX1lpdDtYnSqcI0gVWBZIAJAUXSxRjAFoioQC3CxEFEgARBFIAEABSABAAU
38=gAQAEDRklKQUI/qA+83VACSADEGgJDPz9BQUQaUAUntAIqIAAGUFFQQURHPT49S3JESEtY
39=BEwHSwBrgTp2yYI7SLRYl5QSSFd0mSdgArAC1AAiUCdABGAWqC1ICUgASAlIAEABqABMAS
40=f0AUM9PkA8XA4DOz9Bt7GmV2+3rp5IAKcaTE9RbkB5d7wFQAdIAFBcSACuK0ZJKLQCWLIn
41=fRZdhIaMECu0AmgtI+grTFtIGFQALeQCRBRIDEgAQAGoAKwBoBBUAAJ+f3xERWdEPD06VF
42=pEAkgATwS1raJcBUABhRo+2BZlF3YntAJIQlAFqABQBUgAXAVEWTR8FiJ1JFJYLkwWiBUq
43=IANQRHwsmFtMBCgYDkAKWApIAEABSABAAQOwq6NNTk12WklOXCm0D7QAQARIAKwBVABkFw
44=hDRzk8QEFDRERGRyq0AlQDJwgATApIAEAHRBdcWSl8FkgSSABUP3gT5BclVDWMMWwBoC6k
45=CFAIQAFIAEABSABAAUgAQAFIAAN0dXJ0dXNPED5AP0C1tA9cAqAB9QB2sHEDPkNHP0NIJ/
46=wL9AMuHACERAQ7aoI7aoA7XLMw9AdcLEgAQC6AKyXwL4QC3LYneAJEEUwBSABAAUgAKqQB
47=QLVQnlhDSFoqXABYQEgAoBZcGqwHbC4ppCosvADUAU9wbII9IcghATo8Ujci/Cx4K1wpUB
48=RQKUgAJ4QCjAEi5EdAAUgAXAK0DEQUQAFIAEABSABAAUgAQAFIACdYE1Ce3A3YAMwrRJgn
49=tAJcBUAHSABAATbkAkCdWHAiISqBbMpYQKQRUBFgKyMsP1AX2AGQcSosALAFSAxIAFQMSA
50=BAAagAJywAQAFoWgJDP2RjX7AVA4OBfWBeW1gBtBWwAlQAJ+AASAYnLAAt5AJcAkBDWFhc
51=LFQAQENQs2gVlJlQLFQVVBJIALwUaAN0GHwsJywAUAhIDEgAQAFIAEABSABAEKgAJywAA4
52=iHgmdnZlhVJ5QNWAGsBC0UACcQAUwHTAFIAEABRxdPUVCsAfwsJTw4TBOIAFRvSAC4cEAB
53=KwwLQARgFowuWBlMAagJRAtIAC0AAic4ACdsBVgWVGxQLEsthYN/J4AALSAAKkwBLSwAuA
54=Fchio8OFgQsCxcLEwBSAAkLCdAAVAUTBa8AqwBpAhUFUABLdwB+AEo3AonbAVAAVCDwARs
55=ssgBLRgATApIAFALSABAASd0AEwBSABQAkcXaYA7UEQkRCpIEkgARBREiXQV4EZQAkgAnA
56=JQs2iHWAdIAEQISABAASdkAUCCQNlIAC3cCieAAEQ+RBcnNBkq7ABMAUgAQApIAEABJ8gA
57=KiAAQFtIh1QAKkQqVBXsE2REmCsjyCEpTEBAClgKSABAAUgAQAFIADO0ApwCKswBbAFYFk
58=gALeQCJxwBCZ+Yi1taVI6KgFZXT3QF7AAimCQjaCcHaoA6a24+R0NNOyPwTVApSACMFpwU
59=JQRGIuhAWC5cF0gDfIwj2C8nlAFUFUgAJ2wFXAL8DNwAKuQCTAFABEgAQAGkFwADPT89Oz
60=0+dnh2m5eMWllXnpeKn5eLQARIAEwEA7mwoKuklqAJWgFrgVRCI1AqAn07S0dJuBZAE1gT
61=J2wLWAEnCABUFVQwUBpUCUgARAhIFUjDSAAtJAhUA7QMJxQAUAVIAFwCSABAAUgACKWelF
62=9eW6CZjEVJJfRAAzw/P2RkYkAESABABEgAQAEnBAEnIABcAoQXIpgnKiwtvCmkFJwXK+0h
63=OJwsoBYqtAJUCSdkAUABJ8QBKlwATAEABqOdkjU2OD5AQzg5OWNiXjg6PYB8dEdKTEgJQU
64=Y9KcRGUAgzCABAcEgAVMwDZF5GPz5PWLVAFrQVSIdMAUArVABIAEABSwBDQE9QEUgAVA9U
65=AFjZLVgBXAInRABMAUwEJzgAJyAAAAZYVlNAQkQ4Ojs9P0E4Oz1iYmBgYF6hmo20RSrkAi
66=fIACcgAHYVgDkk5y9GRE9IEkgAWBMutAJgiIRchHFURUQRqAAzVAJQAkgAJ5QBQwFrgTpU
67=AKgAAAl2d3VCREZqbGxXV1Y3OTwyNDc7PkEyNDiAfXhMCkAHNuQCSANcCLyGMOQvSFrYFn
68=QVgM2UFXwCgENYB0gASAyoAKwBqBJMAaABVAAqLABYASc4CVpASk18NUAEA1dXVVVVVFwI
69=TAFIAEABhQV4hBco1DAt3RA5IowkZJuIEoUUPHzgYC4jTEMn9A2sW7wsXAuoAFQMqABYAU
70=ABpA4qFABcAiq0AltJc3VzUAIJtq+hurWev7SguamWWAEs7ADV0jwj1DBIA0AESABcLEyd
71=ULNAylQSSABYWFwU2ENgnSKwJ9gBOJwFSAlIAFgKSABAAUgAQAEpzALUD0wrtBVUA0wED7
72=y0pKuknEhybl6Sj7+smqyklOgGK7wAsAVcBVzIUG5AFkMBXVBIJ7QCQChILZAp3CyUGMwB
73=VAOIAEjhK5wy7A18AEgMSABIDEgALWwFAA+7s6S4sKC7s6W5rpy6saK4r55IhYRNjYyprJ
74=yrq4u2q5gtvAAnHAFAAUgAQApU9iKENUL3cDuEEShgAidgBUABSABUGExboAG4GaQIUAhA
75=fEgAtJNkFigMADSsBAAGwLmps6ubp52MToqJT5GQnaSgrKaetbCkP7QCTA1QDkQsUIYoRS
76=o82EBME1hDWCtAAUgATAFIAIABIjgqVBtqGDxSRAhIAEgJhGUoJFww9AG4BFQAJ0ADXCwG
77=vrShsKSQt62aMLwATApIAFwFSABAAUgAQAFgcCx/Q0A+TlAUbBNkbifABVQYnJt4GXj3RB
78=dIAFgEUAhICUgAQAFIAEABhBcHPURFQz5APz9BQ1xWJ4QCQARIACc4ACkgADQsBlAFSABM
79=CkgAQAFIAEABSAAn9A3UnGCaVBIilDpEKURBVABcKaRBTAFIFUgAVBUnLABICagAVAlAAa
80=QRAkVISkFBKswFuAJ0ACeMAHEBeDS0AgJ4eHh4eBEAAMQOACAHeHh4eLWvoLiwoUsAta+g
81=SAAFaoE7aYE6aoBIAAk7XVBIODpRNzpSOTxLAFM5PEgAQwFSODuVADp4AUwBggRTNymkAC
82=c0AUABSAwtCAADRkpMPkA+SAADPT8/eHl3J3QAVA8GeHh2PkBAQEE+SwBIS0xYB1ACSAAn
83=jAAqIABcAieAAAlugz1ofzppfjlbYEMnSAJCFjg6QBNUFWgVVBhIFUgAKVwAyANQF1ACVA
84=lIAFgKSAAqoAFQAlsBc3RyL+QCK7QCTARIAEwHvAVMAS0IAFwCVAOoAANpfztrgTtYFlct
85=XV9DVA+IALwRKLQCkQJTtBgnLAZIGKwBQApIAEAKVABIAEABSABAAS3cAVgBZBcIQ0c5PE
86=BBQ0RERkdMK1ACLQgALewAKhwBTAFIAEAESAC4FgZrfjtrfTtLR0lEEUAuRBRUALQVtABQ
87=FIEBUo4rUjiQR7ACSAmoAFQJQAG4EEwBoAH0AMwrAz5DRz9DSDC0CFgEKuwAJywAXAIqCA
88=BcAkQLqAADa4E6bII9QC5QRFBBRBeME1QtUURRnBdsW6ABSBWrADk7U0QCpAhUCSpwAawB
89=SAMt3Aq8AmwuKZwLOOwAuAV0ACqMAEwBSABQC1BEA2h/OWh+OU5GPT4pPA6AE0wTTBlIFU
90=ABSABMAUgAgQFTWAdIAEQISAB0CygMAMwrtGwoWADkAUQXyAFYc0gA0AF4AEAKSABACkgA
91=fAHsAFACSABQAkgAQAFIAEABRhdpgCtUDoATcFxAAUwWrCsnLABEF1QGSABYB0gAQAFIAK
92=wruIJcVlwC7A4uHABQBUQXKKoIeXdQBUgAXAJIAEABCTc5PD9CRTo7PDo7PVgBUAJIAEAB
93=SABAAUgARCy4W1BEVHICR0NNOz10FUgVUBRYE0haQAFIACcsAEABWAdIAFgHSAC0FUArSA
94=BUFSeIAkAErAFMBC0sAEQCWBZIAEQXSAC0okwEXAJIAA83Oj05Oz06PD1DRUY7PD02ODpX
95=eD9CRkgDTARIAEABSABYFkgAQC60cgJFREs8PmhvRBdIAFgWSABYFkgAQBZMAaAHLbQCUA
96=KwFCoUAFACSABIDEgAQAGrA760okwBSABQAjDkAgAMmpWLYmFYOjs+MzQ2Ozw+RERFOz0/
97=ODs+PT9COz5BSAZAB0gAQAFIAFgWSABEFwZpezpCQU85O1FYE0gASBVIAFQVXBdAAUSMSA
98=ZIAEgGNmwFTBNABEgATARIAKABBptkTal6ZKJwWlQDSwC+rZtcAkgAQARHFz0/PawuA1pc
99=WlpZV7wCBjo8Pjk8Pjw+QU8DODg7UAJIAFwFSABAAUgAQAFIALyJAWqAO1eA5VAUVBVEF6
100=AWrAFYBEgASAZIAFQPLQgAUAJIAEAESABAAQmyl4GcZU2YYEiaYEknpAAJmF9IqHxluqWT
101=vbGgTARIAFAFRBdYFgZkY19gXluFg39QAkgAXAJURUABJ+wATAFIAFwCSAAnbAtT+3B2PK
102=BbLLQCQEZVXVJIBkgASAZIAEABMzQBXAJIAAO2r6C5p5YqtAInsABBAZn3GMG5qlAFSABA
103=CgxnZ2Y7Pjw/QD07PT17eXZQAkQFMAgAXAJIAFwFSABYQ0gtA2uCPGtwO1hDnLZcFHiyaC
104=0jHCJYBEgASAZIAEABSABAAUgAQAFIAEABSABAAUsAvLKfuA0neAK4AScXAK6XhVAFSABQ
105=BUsAg4F9UCxILQNBREY+Pz1AAVgBTC4nvAAqIABcBaAHA2uCPWuBPFjNSC0CTERLOTtsK1
106=QVJ8QTWENEBagAtAY5LABABEgABquZi6+ejaCCcEREJ9IBlmIimCRMB0AESAAqRA9ILbgE
107=QAFURawBJMQlXAVIAJwF2AJYAJwsIkwiRBd4QykkDlxERPhIAEgGSABMB6gAPywAQARLAL
108=qvnVwLSwC3qpon4ABcAiq0AlSlJ2gAQAEkuCW8XEuiTVBRpBdQCDAIAFhDSC0nJA5cLFiF
109=bhY7UkAuVAlIAFgNSABAAUgAQAFIAEABJygBTAFEAqgATAFIACcsAKwEWAEwtAJQAksAYG
110=JiXAVIAEwBVABIAEABpBesBy3kAi0kDkhaSBVIAECISABAAUgARAhIAEgJSABAAUgAQAG0
111=CUwBoAFUAEwBXAKoAKwBVACoADa0AgmJiohaXFxPUVNbXVZUKkwHvAUnIABEF0QLaABI/y
112=wMHd0sgSrFE1NUQkAuTBZECEgAJzQBTAFwCOwAWAFIA1QA4QJ4TAFIAFACSAA2tAInsABA
113=AUhCSABbE1hZU0QXSABAK0wHUAgDp6GVp6GUSgM9QEy2XIsBP3d4diqfBWtuPrT5SBVIAJ
114=wsbIhMB6QIKhQATA1IAEQCVACoAEwBpAVAAUgANrQCR0F8fXuoBioUAFsWWlpUSABmF09R
115=qAlI5ANTUkxUU06kBVDaUHRIXVAaKCQOI4wttPlcLFKGa4IoPBpQBVAgSABIBlQSWAqoCV
116=QATAFIAFACSAA2tAJEQUATUCakQVQGMAsAc3VzuBZHF0dJS0vknpaKTApQC0gAQAFYB1gW
117=SABQEVgQJ+QCtPkDRURMSklKUKGwBVgNSABIBlAFWBZIAEgGUAhUA0gAQAFIADa0AkAESA
118=BABEgAsAhIEkgAcAgw3AIIeHh1dnR0dXNISk2sBHoEeXdMB1AISABAAVgQWBZIAFARWBAn
119=5wJqejohLDlABFgESABAAUgARA5IAEgGUAVICUgASAZcAjm0AidQAlAIqABcBVAISABcCL
120=QSLYwAQARIAEAESAAnjAADSEpLfX15XAInEAFIA1gWAz5APD5APUgDRxdqgTtQtkAEWARI
121=AEABSABAAUgASAlIAEgGRBcDS01OOjs6ImojQD68rUAESABQBSckAiogAFwCSABABEgAUA
122=hIAFwILeQCKrwAoAQKQERGU1RSVVZTuLKltiNUQVAIQyVMT1BIA1QPA1ZWU7eyqUgDXAJE
123=C1QASABAAUgAQAFIAEABSABYNwmTkIp1dG88Pj9HSUonXABAASrQATMsAEwERAioAFQSSA
124=An5AIp7AbIB0ATBjo9PUVISnp7eGITrqG0FV8CPkBAQCVUYEgDTApIAEwKtACgATQuALKk
125=KlwA2AwgBRgAJ+AAXAtYFkgAJ+QCq05OUFEnVAJAE1wFMLQCvAJIA1AISACgAVQASABYAU
126=gAQAFIAEABSABAAUgAQAFIAEABPJsCtpVuNoAATAdIAFAISAAn2AJEQUhOWzdxcnBQAkAE
127=IAO0AlgEUAi0AKABNiwANjACvAILlI9acoRBdINAb4Q/uJYgBOQCSE4GuLKkta+ikY+KUA
128=4gCbQCvBS0AEAHQAFIAEABSABAAUgAQAFIAEABSAC4EzAUAAyOi1KlkmSHi1F2hUWSkFsw
129=gAAqRABcCEAKSABAAUgAQAEgD7QCSAZABycIAJWKPkCFRE0qoAFYBEgAuAQqXAAqLwBzgk
130=EqOAAwLABYBypQAKAKSGxIAC08C6gDXAVAAUgAQAFIAEABSABAAUgAoAFUAEgAWAFAZCAb
131=5AIqVAInLABYClALJzgAJyAAIBW0AkgJQApQCFQASABYAUgAQAGkF0SSSABNLrZkj1QEaA
132=BABEgATARIAHwBOwwALYwAQAe4BbQVWytAQT6sgkQFVAO0AKABLSwAoAe0AKAEVABIAFgE
133=SABAAUgAQAEt5AK8BbQAQARIAEwESACkAi0UAFwCQAQtUABYAbQVvK0ntAJQBUgAXAVIAE
134=ABSABAAUgAQAFIAFQGMAgAXAKgBCpoAEQCSABIAzbkAkgDQARIAEABSAAn7ABMAVACJzgA
135=JywAJ7QCoBagBFAFSABMBEgAQAFIAEABSABAAUgAQAEnmACgAbQAXAJcHawBMBQAVANMB1
136=gWSABcXEhFSABURSqkAEwESABYBEgAQAEqaACsASe0AkANSAAnjAC8BVgBQAFIACcgAKwB
137=WAG4B7QAUAJIAFCMpEpUA0gAhAK8A3QARAJ4AIwATAFIAEAEpBdQFzBsEYAFLhAALbQCKn
138=gAQAqoAFgKQAFUAKgALYwAuAFIA1QVtAlIYEQ1RAJUBqgArAGkBS0UACeAACAD5AInfAFI
139=DEwrLSgBJzgAJ0wBXA4nUAAvIQB2oBZICVQVVAlIAFwFqABECLwFWAGgAS0UAFwCTARIAE
140=ABJ+QCLYwAJ7QCRAtIAFAFSABcBUgAKqQAUAJIAFACSABAAagDTAGgAfQAKyRZWARABEgA
141=oAFUAPgEKBwAVAMnMAAqLABQAlwFSABQAqQXRAJKAE1PIrQjvE20FVACSABYBFAFSABAAU
142=gAJyAArAFYAUwEqABMAUgAXAJAK7wIrCuwAlwCJyAATAGoBjAUAEgDSAAwXACkAkUIcyN7
143=aE9RVCF7VkJESCGTZVdYV1wCoAQqFABcCFwCVACoACpoAFwCuAFIAyADtAJcBUQFVAC0Bi
144=oUAFwCJzgAKiwAUAJcBUQCWEBIAKAiAz5DR1JTVFhzwYt5KFRuXAUnCABUBicsAC8hAHZU
145=CUgAOWwFXA5IAFAIJwgAWAG8CEQCoAEtFABcAkwEVABIAFALtBVYQEgAXAJIAFwCtEUgDu
146=QCK7QCVAlIAEgJQApIAEABSABAAagArAG0AEQCQAFIAEABLagCuAFcAlQDSAC0FScID1wC
147=oARUAEwBtEWkF1guNlQUXAhIAERBVAlIAKwrSBVIAJwCUAloAEwBTAqoACosAEQCWAFIAH
148=AE7ABQAugBIgRGVANIAFALTCtIAKAWKowAJ7AAQAFcAkgAXAUw5AK8AkgDVBVcCEgVSAC0
149=CbQVQARECKgAJywAXAVMAUgAQAFIAKABrAQwFABUA1ALSBVIAEgMSAC8C5wCLrgAVAkqSA
150=BMBEgAUAIu5gJ5dyM8NSXEeUgVSABYBDDsACpEAEAESABACkgAoAFUAEgAKowASAMqtAJU
151=IUQLSACcAmAFKrwATAFcAlQAqAB4A4wAWAFcAkgAQAFHFz9BPkMVPD4/IRA9WAFUSEAKSA
152=OMBXAATAFQBWQBjAAnLAC8AlgBCrWvoLWvoLiwobWvoLgRAAA1A1AGCLChuLChta+gta+g
153=QAFIAAl4eHZMT1A+QEBAQT5LAHN1c1ACSQB4KQAAUAVIAFACqAAnLABAAUgAJ1AArAFUAE
154=gAA3V0b3p5dEgDTAFIAEABJzwBJywAXAInUABMAVwCVACoAEwBSABMAVQASACgAagVtBWg
155=FrQVJxABRAWsAbwFKhQASANYAUgAQAGoAKwBVACoAFACoAFUALAItABcAkgArAG0AEAESA
156=BQAlQAqABMAUgAJywAQAFYAUgAoBZLFUhLTEgVSACQAngITAR4AIwATAFcAkgAQAFIAEAB
157=SwD/AABIAEABSABQAkgAQAGoAKwBVACoACdQAFgBLSwAmQt4vAIqLABYBFACSABAAUgAoA
158=FUAEgALbQCVAOgB7QAQARIAFACSABAAUgAQAFIAEgVLQgAUAJIAEAESABAAUgAQAFIAEAB
159=qAAnLABAAUgAvAu0AKAErAG0AEAESAC8AkABSABMAbQAoAEwLAAn4ABABEgAQARIAEABqA
160=CsASfMAidQALwCJzgAoAFUACdcAEABSABEAkgAQAFIAEABrA1UACcsALwCWAFAAUgAQAFI
161=AKABVABIAFgBSABAAUgAQAFIAEABSABAAagAJywAQAFIALACVAAnLABAAUgApAJAAUgATA
162=FIAEABSABAAUgAQAFIAEABqAAnLABAAUgAQBaoAEwBJ4AAMCwAMEQAUAVQAkgAQAFIAEAB
163=SABAAUgAQAFIAEABSABAAUgAQAGoACcsAEABSACwAlQArAFUAKgARAKoAFgBQAFUAKgATA
164=FIACAGLABEBUgAUAVUAEgAQAFIAEABSABAAUgAQAFIAEABSABAAUgAQAFIAEABSABAAUgA
165=QAGoACcsAEABSACwAlQAJywAQAFIAEQCSABAAUgAQAFIAEABSABAAUgAQAFIAEABSABAAU
166=gAQAFIAEABSABDAf///1QAqACkAkwBQAFIAEABSABAAUgAQAFIAEABSABAAUgAQAFIAEAB
167=SABAAUgAQAGoACcsAEABSACwAlQAJywAQAFIAEQCSABAAUgAQAFIAEABSABAAUgAQAFIAE
168=ABSABAAQm1r6C4sKG4sKG1r6ARAAA=

[AITriggerTypesEnable]
0A31295C-G=yes
0A44F17C-G=yes
0A44F2CC-G=yes
0A452C6C-G=yes
0A452E5C-G=yes
0AA845AC-G=yes
0AA846FC-G=yes
0AD2BAEC-G=yes
0C0C7AEC-G=yes
0C0D184C-G=yes
0C0D251C-G=yes
0C1245AC-G=yes
0C1246FC-G=yes
0C32599C-G=yes
0C32D84C-G=yes
0C87B45C-G=yes
0C87B99C-G=yes
0C87E5AC-G=yes
0C8B81BC-G=yes
0C8BC5AC-G=yes
0C8C2AEC-G=yes
0C8C2C3C-G=yes
0C8C430C-G=yes
0C8C4C3C-G=yes
0C8C51BC-G=yes
0C8C56FC-G=yes
0C8C645C-G=yes
0C8C6EDC-G=yes
0C8C71BC-G=yes
0C8E2C3C-G=yes
0C8EE1BC-G=yes
0C8EEAEC-G=yes
0C8EEEDC-G=yes
0C91D45C-G=yes
0C92C1BC-G=yes
0C92C45C-G=yes
0C955AEC-G=yes
0C955C3C-G=yes
0C9561BC-G=yes
0C9565AC-G=yes
0C96F45C-G=yes
0C96F5AC-G=yes
0CA1F84C-G=yes
0CA24D8C-G=yes
0CA2A04C-G=yes
0CA2B06C-G=yes
0CA2D99C-G=yes
0CA2FEDC-G=yes
0CA5945C-G=yes
0CA6621C-G=yes
0CA6AEDC-G=yes
0CAD0B2C-G=yes
0CAD0C7C-G=yes
0CAD0DCC-G=yes
0CAD130C-G=yes
0CAD145C-G=yes
0CAD25AC-G=yes
0CAD2AEC-G=yes
0CAD2C3C-G=yes
0CAD5AEC-G=yes
0CADD99C-G=yes
0CADDEDC-G=yes
0CB29EDC-G=yes
0CB2CEDC-G=yes
0CDF899C-G=yes
0CDF8D8C-G=yes
0CDF8EDC-G=yes
0CE2395C-G=yes
0CE23AAC-G=yes
0CE26B5C-G=yes
0CE26CAC-G=yes
0CE2E8DC-G=yes
0CE2EA2C-G=yes
0CE44D0C-G=yes
0D022B1C-G=yes
0D022C6C-G=yes
0D052AEC-G=yes
0D0803CC-G=yes
0D08461C-G=yes
0D0848BC-G=yes
0D084A0C-G=yes
0D084B5C-G=yes
0D0873DC-G=yes
0D087D8C-G=yes
0D0B3B9C-G=yes
0D2769BC-G=yes
0D2C41EC-G=yes
0D2C448C-G=yes
0D2C45DC-G=yes
0D53099C-G=yes
0D53130C-G=yes
0D53430C-G=yes
0D535EDC-G=yes
0D62145C-G=yes
0D6215AC-G=yes
0D6216FC-G=yes
0D62199C-G=yes
0ECCB2BC-G=yes
0ECCB40C-G=yes
0ECCB55C-G=yes
0ECCB7FC-G=yes
0ECCBC3C-G=yes
0ECCF14C-G=yes
0ECCF29C-G=yes
0ECCF68C-G=yes
0ECCFA7C-G=yes
0ECCFCAC-G=yes

[Africans]
IQ=0
Edge=North
Color=DarkRed
Allies=Africans
Country=Africans
Credits=0
NodeCount=0
TechLevel=1
PercentBuilt=0
PlayerControl=no

[Aircraft]
0=Neutral,ASW,256,89,79,64,Guard,None,0,0,1,0
1=Neutral,ASW,256,89,78,64,Guard,None,0,0,1,0
2=Neutral,ASW,256,90,78,64,Guard,None,0,0,1,0
3=Neutral,ASW,256,90,79,64,Guard,None,0,0,1,0

[Alliance]
IQ=0
Edge=North
Color=Gold
Allies=Alliance
Country=Alliance
Credits=0
NodeCount=0
TechLevel=1
PercentBuilt=0
PlayerControl=no

[Americans]
IQ=0
Edge=North
Color=Gold
Allies=Americans
Country=Americans
Credits=0
NodeCount=0
TechLevel=1
PercentBuilt=0
PlayerControl=no

[Arabs]
IQ=0
Edge=North
Color=DarkRed
Allies=Arabs
Country=Arabs
Credits=0
NodeCount=0
TechLevel=1
PercentBuilt=0
PlayerControl=no

[Basic]
Name=NO MONEY
Percent=0
GameMode=megawealth
HomeCell=98
InitTime=10000
Official=no
EndOfGame=no
FreeRadar=no
MaxPlayer=2
MinPlayer=2
SkipScore=no
TrainCrate=no
TruckCrate=no
AltHomeCell=99
OneTimeOnly=no
CarryOverCap=0
NewINIFormat=4
NextScenario=
SkipMapSelect=no
CarryOverMoney=0.000000
AltNextScenario=
MultiplayerOnly=1
IceGrowthEnabled=yes
VeinGrowthEnabled=yes
TiberiumGrowthEnabled=yes
IgnoreGlobalAITriggers=no
TiberiumDeathToVisceroid=no

[British]
IQ=0
Edge=North
Color=Gold
Allies=British
Country=British
Credits=0
NodeCount=0
TechLevel=1
PercentBuilt=0
PlayerControl=no

[CellTags]

[Confederation]
IQ=0
Edge=North
Color=DarkRed
Allies=Confederation
Country=Confederation
Credits=0
NodeCount=0
TechLevel=1
PercentBuilt=0
PlayerControl=no

[French]
IQ=0
Edge=North
Color=Gold
Allies=French
Country=French
Credits=0
NodeCount=0
TechLevel=1
PercentBuilt=0
PlayerControl=no

[GDI]
IQ=0
Edge=North
Color=Gold
Allies=GDI
Country=GDI
Credits=0
NodeCount=0
TechLevel=1
PercentBuilt=0
PlayerControl=no

[Germans]
IQ=0
Edge=North
Color=Gold
Allies=Germans
Country=Germans
Credits=0
NodeCount=0
TechLevel=1
PercentBuilt=0
PlayerControl=no

[Houses]
0=Americans
1=Alliance
2=French
3=Germans
4=British
5=Africans
6=Arabs
7=Confederation
8=Russians
9=GDI
10=Nod
11=Neutral
12=Special

[IsoMapPack5]
1=hhAAIA8eAAEAPgEAAAMAAB0AAgA6AQBhAB7IAVUBH0kBO1wAWQIcVQQ9qQEdSAFsBQECAA
2=AeyAFFCB9IAWwFVQIgyAFXAhsABJwKSQEcSAFkCEEEHUkBPrEJHsgBVQEfyAFVDSDIAVUC
3=IUgBdA1UAgEaAAUAaAxJARvIAUEEHEgBfApVAh1IAXwKSQweyAFBDx/IAVUCIMgBVQIhSA
4=F8ClUCIsgBVAIBGQAGAHAJSQEaSAF0DUEEG8gBVQIcSAFgBFUCHcgBVQIeSAHRCR9IAWwQ
5=WREgyAFRFCFIAXgGVQIiyAFVAiNJATxcAFQCARgABwDZBhnIAUEDGkgBfApBBBvIAVUCHE
6=gB2QYdyAFVAh5IAXwVTQUfSAFwCVEUIMgBURQhSAFsEFUCIsgBVQIjyAFZBiTIAVMJFwAI
7=iC1BBBhIAdEJGcgBVQIaSAFkE1EJG8gBVQIcSAFkE1UCHUgBeAZdCh7IAV0KH0gBbBBVAi
8=DIAVUCIUgBcAlVAiLIAVUCI0gBbAVRCSTIAUkMJUgBfApXAhYACe0mF8gBWQYYSAHRCRnI
9=AVUCGkgBZBNJDBvIAVUCHEgBcAlVAh3IAV0KHsgBVQ0fSAHNECDIAVUCIUgBaAxNBSLIAV
10=UCI0gBaAxdCiRIAXgGXQolyAFVAibIAVQCARUACgBsBUkBFkgBbBBRCRfIAVEJGEgByQwZ
11=yAFVAhpIAXgGTQUbyAFVAhxIAcUIHUgBwQ8eyAFBDx9IAXAJVQ0gyAFVAiFIAcFGIsgBVQ
12=IjSAFsBUkBJEgBcAlVDSXIAVUNJsgBVQInyAFXAhQAC+F9FUgB0RQWSAHJDBfIAV0KGEgB
13=fBVZERnIAVUCGkgBdA1VAhvIAVUCHEgBeBFVAh1IAWAEQQ8eyAFBDx9IAWAEVQIgyAFVAi
14=FIAWAPVQIiyAFVAiNIAWwFSQEkSAFwCV0KJcgBVQ0mSAHFEyfIAVUCKEgBYBpPBRMADJxi
15=SQEUyAFBBBVIAdEJFkgBwQ8XyAFVDRhIAXwKWREZyAFVAhpIAXgGVQIbyAFVAhxJAUJQCk
16=kMHUgBwQ8eyAFBAx9IAXAJQQQgyAFVAiFIAWwbVQIiyAFVAiNIAWgMSQEkyAFVDSXIAVUN
17=JkgBcAlVAidIAcEPKEgBYA9VAinIAU8FEgAN/W0TSAHZHBTIAUEEFUgBdA1ZBhbIAVUCF0
18=gBzQUYyAFVAhlIAWgMRRMaSAFoF0kBG0gBZAhVGBxIAdkRHUgBbAVVAh7IAU0FH8gBVQIg
19=yAFVAiFIAWAaVQIiyAFVAiNIAXwKQQ8kSAF0DUEEJSgpACbIAU0FJ0gB1Q0oSAFoF00FKc
20=gBQQQqSAHLDBEADpx4XQoSSAF0AlEfE0gB2QYUyAFZBhVIAWwQUQkWyAFVAhdIAXgGVQIY
21=SQFtXABJABnIAUEEGkkBa0gCSQAbyAFVAhxJAWhIAkkAHcgBVQIeSAFoF1kRH8gBWREgyA
22=FVAiFIAXQNVQIiyAFVAiNIAcktJCgpACUoKQAmSAFsJk0FJ0gBaAxFCChIAXgcSQEpyAFB
23=BCpIAckMK8gBVwIQAA+cg10VEcgBXRUSyAFVAhNIAdEJFMgBWQYVSAFsJkkMFkkBb0AFSQ
24=AXyAFFCBhIAWwmQQQZyAFZBhpIAWwmVQIbyAFVAhxIAWwmVQIdyAFVAh5IAXwVUQkfyAFJ
25=DCDIAVUCIcgBVQIiSAF8IEkBI8gBQQQkSAFkCFUCJcgBVQImSAFgGlUCJ8gBVQIoSAFgGl
26=UCKcgBVQIqSAFwKlUCK8gBVQIsSAHHCA8AECNcIkEEEEgBbBBVGBHIAVUYEsgBVQITyAFV
27=AhRIAWQTVQIVyAFVAhZIAWQpVQIXyAFVAhhIAWQpAQQAABnIAQEFAAAaSQH3TBFBDxtJAf
28=GpARxJAWNIAkkAHcgBQQMeSAF0DVEJH8gBSQwgyAFVAiHIAVUCIkgB1RgjyAFBBCRIAWQI
29=QQQlyAFVAiZIAXwgVQInyAFVAihIAWQpVQIpyAFVAipIAWQpVQIryAFVAixIAcUILcgBVA
30=IBDgARAGwQSQEPSAHRCRBIAXQCTRsRyAFNGxJIAXwKVQITyAFVAhRIAXwKVQIVyAFVAhZJ
31=AXNIAkkAF8gBVQIYSAHFKRlJAfNIAkEEGkkB8qkBG0kB8KkBHEgBfCtVGB3IAVEUHkgBbB
32=BNBB9IAWAlRQggyAFVAiFIAckXIsgBVQIjSAHRFCTIAVUCJUgBZB5FCCbIAVUCJ0gByQwo
33=SAFgBFUCKcgBTQUqyAFVAivIAVUCLMgBVQItyAFVAi7IAVcCDQASnKRVAg7IAVUCD8gBVQ
34=IQSAFoF0UeEcgBRR4SSAF4EVUCE8gBVQIUSAFgGlUCFcgBVQIWSAF0LlUCF8gBVQIYSQH4
35=SA1JDBlKAf//QAF2WhIAyQEbVALBBBxJAXueAwAdyAFFBx5JAWm1Ah/IAVUCIEgBbIlBAy
36=HIAVUCIkgBdBhBDyNIAdEUJMgBVQIlSAFwKlEUJsgBVQInSAF4HFEJKMgBUQkpSAFwCVUC
37=KkgBwbQrSAHVAizIAU0FLUgBxQguyAFVAi9IAWwQRwgMABOMXVUCDUgBbAVNEA7IAU0QD8
38=gBVQIQyAFVAhHIAVUCEsgBVQITSAFsEFUCFMgBVQIVSQF2SA1JABbIAVUNF8gBTQUYSAHJ
39=LRlIAcEwGigpABtIAcEEHEgBbDFZBh3IAUkMHkgBbDFVAh/IAVUCIEgBbDFVAiHIAVUCIk
40=gBaGRNECPIAUUTJMgBVQIlSAFsMVUCJsgBVQInSAHZBihIAWAlUQkpSAHFHipIAScsBrAq
41=QQ8sVAJgBE0FLUgBeAZVAi7IAVUCL0gBfApVDTDIAVcNCwAU+TIMSAHZEQ1IAWQITQUOyA
42=FNBQ/IAVUCEMgBVQIRSAHNPBLIAVUCEygpABRIAcEPFUgBZDRZERbIAVW9F8gBVb0YSAHB
43=MBlIASeFBhQotwwUAPpcC00QHEAE0ZgdKCkAHigpAB9IAd3FIEgBfJlZBiHIAVEIIkgBZB
44=NZESPIAU0mJMgBVQIlSAFoIlUCJsgBVQInSAHZBihIAWAEUQkpSAFgMEkMKkgBJ4UGFCbJ
45=KixUAngGTQUtSAHdKy7IAVUCL0gBYARVDTDIAVUNMUgBaAxXAgoAFZA1SQELyAFBBAxIAc
46=EEDUgBfApBBA7IAUEED8gBVQIQyAFVAhFIAXw2VQISyAFVAhNJAXBIGEkAFMgBRRMVSQF9
47=SAJJABbIAVUCF0gBwcoYSQH0SAJBBBlIASfdBhUo3AYnKQAcKIEAHSgpAB4oKQAfSAHRQC
48=BIAXw2URQhyAFRFCJIAWgXQQ4jSAFsJkEPJMgBVQIlSAHNMSbIAVUCJ0gBYCVJASjIAVEJ
49=KUgBbAVJDCooKQArSAF8ClUCLMgBTQUtSAHdKy7IAVUCL0gBfApNEDDIAUkMMUgBZAhVAj
50=LIAVQCAQkAFgBsBUkBCkgBwQQLyAFVAgxIAWgMWQYNyAFVAg5IAWwFWREPyAFBDxBIAWwF
51=VQIRyAFVAhJIAcEaE0gBdDlBBBTIAUEEFUgBdDlVAhbIAVUCF0gB1S4YSAHJOBkoKQAaKC
52=kAGygpABwoKQAdKCkAHigpAB9IAd0KIEkBZkAbSQAhyAFNGyLIAVkRI0gB2RwkyAFFEyVI
53=AcEaJsgBVQInSAFkKUkBKEgBfCBdCinIAV0KKkgBdERVAivIAVUCLEgBaAxJAS1IAWQIQQ
54=QuyAFVAi/IAVkRMMgBSQwxSAF4BlUCMsgBVQIzSAHHEwgAF4A7QQQJyAFBBApIAdkGC8gB
55=VQIMSAF8FU0FDcgBVQIOSAFsBVkRD8gBWREQyAFVAhHIAVUCEsgBVQITSQF0XABJABTIAU
56=EEFUgBzXMWSAHdpBdIAdl0GEgBJ40HF/l0GihVABsoKQAcKCkAHSgpAB4oKQAfSAEnjgcX
57=AGw8QRohVAJoAUm8IsgBSbwjSAFsJlEUJEgBfCBJFyXIAVUCJkgBYARVAifIAVUCKEgBbA
58=VNJinIAUkMKkgBbDxVAivIAVUCLEgBZClJAS1IAWw8QQQuSAHdCi9IAXAJSQwwyAFJDDFI
59=AXAJVQIyyAFVAjNIAWQIVQI0yAFXAgcAGCY9KQhIAdkGCcgBQQQKSAHZBgvIAVUCDEgBzR
60=ANyAFVAg5IAXwVURQPyAFJFxDIAVUCEUgBIsA0TRASyAFZBhNIAXx4VQIUyAFVAhVIAc0x
61=FkgBzTwXKCkAGCgpABkoKQAaKCkAGygpABwoKQAdKCkAHigpAB9IAd3xIEgB2e0hSAEi8C
62=RFEyLIAUUTI0kBakgCSQAkyAFVAiVIASLwJFUCJsgBVQInSAFgJV0gKEgB0TUpyAFBBCpI
63=AdUuK8gBVQIsKCkALUgB2QYuyAFBBC/IAVEqMMgBSQwxSAFwCVUCMsgBVQIzSAFoOFUCNM
64=gBURQ1yAFTCQYAGYx+TQUHSAF0DU0FCEgB0QkJyAFBBApIAdEJC8gBVQIMSAF4HFkGDcgB
65=VQIOSAHNBQ/IAVUCEEgBfApNEBFIAXxBWQYSyAFBBBNIAXxBVQIUyAFVAhVIASc9CBnhfR
66=dUAslDGCgpABkoKQAaKCkAGygpABwoKQAdKCkAHigpAB8oKQAgSAHBDyFIAXxBRRMiyAFF
67=EyNIAXxBVQIkyAFVAiVIAXxBVQImyAFVAidIAWAlSQEoSAHJLSnIAVUCKkgBdCNZBivIAV
68=UCLCgpAC1IAdkGLsgBQQQvSAF8ClEqMMgBQTsxyAFVAjLIAVUCM0gBeDJVAjTIAVUNNcgB
69=UQk2yAFUAgEFABoA3goGAKgBRQgHSAHFCAhIAXgRUQkJyAFBBApIAdkGC0gBwRoMKCkADc
70=gBVQ0OSAFwCVUND8gBVQIQSAEiiC1dChHIAV0KEsgBTQUTSAHFwxRIAcXDFUgBxcMWSAHJ
71=QxcoKQAYKCkAGSgpABooKQAbKCkAHCgpAB0oKQAeKCkAHygpACBIAcGIIUgB2REiKCkAIy
72=gpACRIAcWMJUkBZEwcSQAmyAFZHCdIAWgiSQEoSAHFKSnIAVUCKkgBcCpZBivIAVUCLEgB
73=2QYtSAFosUEELsgBQQQvSAFwNUkBMEgBbAVBBDHIAVUCMsgBVQIzSAEl8S80SAF4BlUCNc
74=gBTQU2yAFVAjfIAVQCAQQAGwBkE0gBAQUAGwBoF1E1BsgBQTsHSAFgD1UCCEgBfApJAQnI
75=AUEECkgB2QYLSAFsBUkMDMgBXQoNSAFgBFUCDsgBVQIPSAHNBRBIAWxHUQkRyAFN9xLIAU
76=33E0gByXoUSAHVRBUoKQAWKCkAFygpABgoKQAZKCkAGigpABsoKQAcKCkAHSgpAB4oKQAf
77=KCkAICgpACEoKQAiKCkAIygpACRIAckXJUkBfFAgSQAmyAFdICdJAWxIAkkAKEgBaJBJAS
78=nIAUEEKkgBZDRVLivIAUElLEgBeCdJAS1IAWxHQQQuyAFVAi9IAWAERQgwyAFBBDHIAUEE
79=MsgBVQIzSAEn7QgbI4AhVQI1VAJ4PU0FNsgBVQI3yAFVAjhIAcQTAQMAHADJAQTIAUEEBU
80=gBZAhBGgbIAVkRB0gBfBVVAgjIAVUCCcgBVQIKyAFVAgtIAXQYQQ8MyAFdCg1IAWRKVQIO
81=yAFVAg9IAXhIRQgQyAFFCBHIAQgCAAASABwA9wEAABEAAJgPACAGAAAAEwAcAPQBQAEFAA
82=AUABwA//+JARUoKQAWKCkAFygpABgoKQAZKCkAGigpABsoKQAcKCkAHSgpAB4oKQAfKCkA
83=ICgpACEoKQAiKCkAIygpACRJAfipFyVJAXxEFwECAAAmyAEBAwAAJ0kBbFQCTQQoSQFoSA
84=FBBCnIAUEEKkkBO1QDSQArSQE8XABNBCzIAVUBLUkBPlwAVQIuyAFVAS9JAT1cAEUIMMgB
85=QQQxyAFBAzJIAdkGM8gBVQI0SQE6XABNBTXIAVUBNkgBzQU3yAFVAjhIAc0FOcgBVAICAg
86=AdAGFYB0kAA8gBVQIESAFsBUkBBUgBdBhZHAbIAVEUB0gBaAxVAgjIAVUCCcgBVQIKyAFV
87=AgtIAXAJSQEMyAFBBA3IAVUCDkgByQwPSQF2jhEAEMgBAQQAABHIAQEFAAASSAHFNBNIAd
88=FLFCgpABUoKQAWKCkAFygpABgoKQAZKCkAGigpABsoKQAcKCkAHSgpAB4oKQAfKCkAICgp
89=ACEoKQAiKCkAIygpACRJAfpQK0UdJUkB86kBJigpACdJAfG1AihJAWZABUkAKcgBQQMqyA
90=FFKStIAdknLMgBUSotSAHFNC7IAVUCL0gB2VMwyAFdCjHIAV0KMkgB2QYzyAFZBjRIAWg4
91=VQ01yAFVAjZIAc0FN8gBVQI4SAHNBTnIAVUCOkgB0BQCAQAeAP1IDUEPAkgBdE9dCgPIAU
92=0FBEgBZAhJAQVIAdkGBsgBVQIHSAF0ZVkGCMgBVQIJSAF4BlUCCsgBVQILSAHFHgxIAXwV
93=QQ8NyAFZEA5IAWAEVQIPSQF0XABJABDIAUEEEUkB91wAVQISSAHJmxNJAb+1AhRJASWpAR
94=UoKQAWKCkAFygpABgoKQAZKCkAGigpABsoKQAcSQEvvQodyAFVAR7IAVkcH8gBWRwgSAHR
95=YSEoKQAiKCkAIygpACQoKQAlKCkAJigpACdIAdFsKEgBdE9JDCnIAUFyKsgBAQUAACtIAW
96=wxQQQsSAHBMC3IAVUCLkgBfCtdFS/IAVUCMMgBVQIxyAFVAjJIAXg9SS0zyAFFHjRIAd02
97=NcgBVQI2SAF0DU0FN8gBVQI4SAHNBTnIAVUCOkgBcBRNBTvIAVQCAgIAHwBkSAJJAAPIAV
98=UCBEgBfApJAQVIAWgXQQQGyAFVAgdIAdEUCMgBVQIJSAF4Bk0FCsgBVQILSAFkCE0bDEgB
99=ZBNFHg3IAVUCDkgBYJ5ZBg/IAVkGEMgBTQURSAHNMRJIAc08E0gBdE9NBRRJASVcAEkAFS
100=gpABYoKQAXKCkAGCgpABkoKQAaKCkAGygpABxIAXRPWT0dygEFAFInHwB2AgYATAKoAQEH
101=AAAgUAHFEyEoKQAiKCkAIygpACRJAb5QFUUeJcgBVQEmyAFFHidIAdGjKEgB2aApSAHRNS
102=rIAVkGK0gBcCpJASxIAdkyLcgBVQIuSAHFPy/IAVUCMEgBeDJJATFIAcEEMkgBZAhNEDPI
103=AUU0NEgBaAxVAjXIAVUCNkgBeD1VAjfIAVUCOEgBzQU5yAFVAjpIAWgMTQU7yAFVAjxIAc
104=0QA0Ao0QkESQFnSCNJAAXIAVEUBkgBbAVZBgdIAdEUCMgBVQIJSAHFCArIAVUCC0gBeBFR
105=CQzIAVEJDUgBZAhVAg5IAXRPTQUPyAFZPRDIAVk9EUgBJ/UJICYtJxNUAnRPQRoUSQElUA
106=pJARUoKQAWKCkAFygpABgoKQAZKCkAGigpABsoKQAcSAF+TAgAQccgiU4JdE+pAQp0T6kB
107=C3RPJ2UCIVgGwVEiKCkAIygpACRJASZcFVEfJcgBVQEmyAFVGCdIAcUIKEgB0R8pSQF7TA
108=ZJACrIAVkGK0kBakgCSQAsyAFVAi1IASJgKFUCLsgBVQIvSAFwQEktMEgB1TkxSAF0AkEP
109=MsgBWQYzyAFZBjRIAWwFVQI1yAFVAjZIAck4N8gBVQI4SAFwCU0FOcgBVQI6SAHFCDvIAV
110=UCPMgBWRE9SAF0REwQAQQAIQB0T0kBBcgBQQQGSAF8CkkBB8gBQQQIyAFVAglIAWgMVQIK
111=yAFVAgtIAd0KDMgBVQINSAFoF00FDkkBc1AVSQAPyAFFExBIAdntEUgB2e0SSAHZMhMoKQ
112=AUKCkAFSgpABYoKQAXKCkAGCgpABkoKQAaKCkAGygpABwoKQAdSQEtWBJRFB7IAVUBH8gB
113=VRggSAFkYEEEISgpACIoKQAjKCkAJEkBK1gHTQUlyAFVASbIAVEJJ0gB2RwoSAEn9gkhAH
114=RPQQQqVAJoAUUpK0gBdE9VAizIAVUCLUgBdE9VAi7IAVUCL0gBfINBDzDIAUEPMUgBfDZV
115=AjJIAWw8WQYzyAFZBjRIAWAEVQI1yAFVAjZIAck4N8gBVQI4SAHFCDnIAVUCOkgBxQg7yA
116=FVAjxIAXgRTRA9SAFgBE0QPsgBVAIBBQAiAGgMVQIGyAFVAgdIAWRKVQIIyAFVAglIAWAP
117=VQIKyAFVAgtIAcUIDMgBVQINSAHVDQ5IAXRPTRsPyAFFExBIAdUuEUgBzTESKCkAEygpAB
118=QoKQAVKCkAFigpABcoKQAYKCkAGSgpABooKQAbKCkAHCgpAB1IAXRPRRMeyAFBtB/JAQVv
119=nyIAJUAbSQAhVALJASIoKQAjKCkAJEgBdE9RCSXIAVEJJskBBSJ1OyLpvChUAtHwKUgBJY
120=UyKigpACsoKQAsSAHV9C1IASK4KE0xLsgBRRMvyAFJLTBIAWQ/TRAxSAFsMVUCMsgBVQIz
121=SAHVOTRIAdk9NcgBUQk2SAFkCEkMNygpADhIAWwFUQk5yAFRCTpIAckMO0gBeAZBBDzIAU
122=EEPUgBwQQ+yAFVAj9IAdMJBgAjgFFVAgdIASLsP0EPCEgBcGxJAQnIAUUTCkgBaBdNBQtI
123=AXRPVQ0MyAFVAg1IAdUNDkgBdE9FCA/IAUUIEEgBJ/UJI+0xElQCwVETKCkAFCgpABUoKQ
124=AWKCkAFygpABgoKQAZKCkAGigpABsoKQAcKCkAHUgBdU8GZu8jAGkBB2TvqAFJ8yBBBCVc
125=FlkcISgpACIoKQAjKCkAJEgBdE9RCSXIAVEJJsgBUQknSAHZHCgoKQApKCkAKigpACsoKQ
126=AsSAHNJi1IAXRPSS0uyAFBXC/IAQEFAAAwSAF4MkkWMcgBQTAyyAFVAjNIAWg4QRo0SAHR
127=QDXIAV0KNkgB2Ug3KCkAOEgBYDtRCTnIAVEJOkgBZAhVAjtIAXgGSQE8yAFBBD1IAdkGPs
128=gBVQI/SAHNBUDIAVQCAQcAJAB0T0kBCEgBdE9RFAnIAUUTCkgBdA1JAQtIAWQIQQQMyAFV
129=Ag1IAc0bDkgBdE9BBA/IAUEEEEgBxSkRSAHNMRIoKQATKCkAFCgpABUoKQAWKCkAFygpAB
130=goKQAZKCkAGigpABsoKQAcKCkAHUkBJlgdTSYeyAFVAR/IAUkXIEgB0RQhKCkAIigpACMo
131=KQAkSAHRCSXIAVEJJsgBUQknSAHRCSgoKQApKCkAKigpACsoKQAsSAHdpC1IAdmgLkgBIv
132=BQSRcvyAFVDTBIAXw2VQIxyAFVAjJIAWxSQTAzSAFoOEEENEgBcDVJATXIAU0FNkgBbAVV
133=AjfIAVUCOEgB2QY5yAFVAjpIAc0FO8gBVQI8SQFCXABFCD0oKQA+KCkAPygpAEBJAXhABU
134=kAQcgBRwcIACUm1TwJyAFVAgpIAWwQSQELSAF0T1kGDMgBVQINSAHNXQ5JAXFUA0kAD8gB
135=QQQQSAEn9QklKOwTJykAE0AExTQUKCkAFSgpABYoKQAXKCkAGCgpABlJAaxIDUEPGkkBqK
136=kBGygpABxJAaa1Ah1IAcFGHsgBQQMfyAFBRiBIAdkRISgoAFTx6RcjKFUAJEgB0QklyAFR
137=CSbIAVEJJ0gB0QkoKCkAKSgpACooKQArKCkALCgpAC1IAdknLkgBdE9dCi/IAVFLMEgBdE
138=9VAjHIAVUCMkgBcDVZETNIAWg4QQQ0SAF0T0kBNcgBTQU2SAFkSlUCN8gBVQI4SAHZBjnI
139=AVUCOkgBzQU7SAFgBFUuPMgBVQ09SAFoDFUCPsgBVQI/SAF4BlUCQEgBdE9VDUHIAV0KQk
140=gB3BUBCQAmAHwKQQQKyAFBBAtIAWAEVQIMyAFVAg1IAXRPVQIOSAF0T0kBD8gBQQQQSAHZ
141=JxFIAc0xEigpABMoKQAUKCkAFSgpABYoKQAXKCkAGCgpABlJAa1MHE0bGkgBWABpABsoKQ
142=AcSAHBBB1IAcFGHsgBRQcfyAFJFyBIAdEUISgpACIoKQAjKCkAJEgB0QklyAFRCSbIAVEJ
143=J0gB0QkoKCkAKSgpACooKQArKCkALCgpAC1IAdmgLkgBJbkoL0gBxaIwSAEi3DJJHjHIAU
144=0QMkkBaUgCSQAzyAFVAjRIAWjdVQI1SAFwVkkBNsgBQQQ3SAF0REkBOMgBQQQ5yAFVAjpI
145=AdFLO0gB1UQ8yAFZPT1IAWAEUR8+yAFVAj9IAXwKVQJAyAFVAkFIAcVKQsgBVQJDSAHcCg
146=EKACcAcAlBDwvIAVkRDMgBVQINyAFVAg5IASWJWQ/IAUEEEEgBJ/UJJ+GIElQC2TITKCkA
147=FCgpABUoKQAWKCkAFygpABgoKQAZSAHRSxpIAUgRaQAbSAHFohxJAaVMEVkCHUgBwUYeyA
148=FBAx/IAVUjIEgBxRMhKCkAIigpACMoKQAkSAHRCSXIAVEJJsgBUQknSAHRCSgoKQApKCkA
149=KigpACsoKQAsKCkALSgpAC4oKQAvSAHRKjBIAXRPVQ0xyAFJODJIAXRPVQIzyAFVAjRIAX
150=RPURQ1SAF0T0EENsgBQQQ3SAF0REkBOMgBQQQ5yAFVAjpIAXxBVQI7SAFsBVEqPMgBXQo9
151=SAFkSlUCPsgBVQI/SAHNBUDIAVUCQUgBzQVCyAFVAkNIAWgMRQhEyAFXAgsAKIBRQQ8MSQ
152=FrVANJAA3IAUEEDkkBfUgCSQAPyAFVAhBIAcElEUgBzTESKCkAEygpABQoKQAVKCkAFigp
153=ABcoKQAYKCkAGUkBr0gNQQ8aSAEn5x0oAKe1AhxVAqmpAR1JAS6pAR7IAVUBH8gBTRsgyA
154=FJLSFJASVUA10KIigpACMoKQAkSQEnoQQlyAFVASbIAVEJJ0gBxQgoKCkAKSgpACooKQAr
155=KCkALCgpAC0oKQAuSQG9XAtZES9IAcWiMEgBxaIxKCkAMigpADMoKQA0SAHJpjVIASXFWz
156=bIAUkLN0gBfI5JAThIAdFAOcgBVQI6yAFNEDtIAWRKWRw8yAFNJj1IAWRKVQI+yAFVAj9I
157=Ac0FQMgBVQJBSAHNBULIAVUCQ0gBYA9FCETIAQUDAABFACgAOhEAACMPACAJAQAAAgAADA
158=ApAGsAiQENyAEBAwAADkkBfbUCD8gBVQIQSQH4WAZBAxFKAf//QwEAABIoKQATKCkAFCgp
159=ABVJAb+5BhZJAS+pARfIAVUBGMgBAQIAABnIAVUNGkgByQwbKCkAHCgpAB1JAS5YBwEEAA
160=AeyAEBBQAAH8gBAQYAACDIAQEHAAAhSQElTAVJACIoKQAjKCkAJEkBJ1QDQQ8lyAFdCibI
161=AQEFAAAnSQElQARJACgoKQApKCkAKigpACsoKQAsKCkALSgpAC5JAb1ECUkAL0gB2RwwKC
162=kAMSgpADIoKQAzKCkANEgBzTE1SQF7ijEANsgBXQo3SQFqtQI4yAFVAjlJAWy1AjpJAWip
163=ATvIAUEEPEkBOlwASQA9yAFNBD7IAVUCP0kBPFwAVQJAyAFVAUFJATtcAFUCQsgBVQFDSA
164=FwCVUCRMgBVQJFSQE9XABVAkbIAVQBAg0AKgD7XABVAg5JAfOpAQ8oKQAQSQH0tQIRSAHN
165=JhIoKQATKCkAFCgpABVIAXRPRQcWSAF0T0E7F8gBAQUAABjIAUFGGcgBAQcAABpIAckMGy
166=gpABwoKQAdSAF1Twh2TyoAaQEJdE+pAQp0T6kBC3dPKgAlQBBBXCJYBskBIygpACRJASdA
167=BE0QJcgBAQcAACbIAUkMJ0gB2QYoKCkAKSgpACooKQArKCkALCgpAC0oKQAuSAF0T1kRL0
168=gB2RwwKCkAMSgpADIoKQAzKCkANEgBJ/YJKgB0T1EJNlQCaAFNaDdIAXRPVQI4yAFVAjlI
169=AXRPRR06SAF0T0EEO8gBQQQ8SAFgRkkBPcgBQQQ+yAFVAj9IAXRPVQJAyAFVAkFIAXRPVQ
170=JCyAFVAkNIAXAJVQJEyAFVAkVJAT5AEF1MRsgBVQFHyAFUAgEOACsAySIPKCkAECgpABEo
171=KQASKCkAEygpABQoKQAVSAF0T00QFkgBdE9VORfIAUFGGMgBQUYZyAFBRhpIAc0QGygpAB
172=woKQAdSQGwXBZdFR5JAaipAR8oKQAgSQGqtQIhSAHRCSIoKQAjKCkAJEkBJq0FJcgBVQEm
173=yAFJFydIAcUIKCgpACkoKQAqKCkAKygpACwoKQAtKCkALigpAC8oKQAwKCkAMSgpADIoKQ
174=AzKCkANEkB+kQUUR81SAHJhTYoKQA3KCkAOCgpADlJAfG5BjpJAWJYB0kAO8gBQQM8SAFg
175=k1VEPUgBxUo+yAFVAj9IAcVKQMgBVQJBSAFkSkElQsgBVQJDSAHFCETIAVUCRUgBzQVGyA
176=FVAkfIAUUISMgBVwIPACzhURAoKQARKCkAEigpABMoKQAUKCkAFSgpABYoKQAXSAF4lVEf
177=GMgBUR8ZyAFNEBrIAU0QG0gBcFZNBRzIAU0FHcgBTQUeyAFNBR9IAdVEICgpACEoKQAiKC
178=kAIygpACRIASf2CSwAaAFJDCbUAkkMJ0gB3QooKCkAKSgpACooKQArKCkALCgpAC0oKQAu
179=KCkALygpADAoKQAxKCkAMkkB20QfWREzyAFZETTIAUUeNUgBxRM2KCkANygpADgoKQA5SA
180=HJpjpIAXRPUQk7yAFRCTxIAWBGVQ09SAF0nE0PPsgBVQI/SAF4U1UCQMgBVQJBSAHNBULI
181=AVUCQ0gBcAlNBUTIAVUCRUgBfFdVAkbIAVUCR0gBzQVIyAFVAknIAU8FEAAt4VERKCkAEi
182=gpABMoKQAUKCkAFSgpABYoKQAXSAF0T1HwGMkBBSLdJy2J6AZk76gBQeAbQAR0T00FHMgB
183=TQUdyAFNBR7IAU0FH0gBzTEgKCkAISgpACIoKQAjKCkAJEkBJlgdWRwlyAFVASbIAUU0J0
184=gB3QooKCkAKSgpACooKQArKCkALCgpAC0oKQAuKCkALygpADAoKQAxSAFoTkUeMsgBRR4z
185=yAEBBgAANMgBRR41SAHFEzYoKQA3KCkAOCgpADlIASf3CS0AZlgdSQA7VAJoAUUePMgBRR
186=49SAFkSkkBPkgByU4/yAFNBUBIAWAERQhByAFNBULIAUlZQ0gBZEpVAkTIAVUCRUgBdE9V
187=AkbIAVUCR0gBzQVIyAFVAknIAU0FSsgBVwIRAC7hURIoKQATKCkAFCgpABUoKQAWKCkAF0
188=gBdE9R8BjIAVHwGcgBUfAayAFR8BtIAXRPTQUcyAFNBR3IAU0FHsgBTQUfSAHNMSAoKQAh
189=KCkAIigpACMoKQAkSQEmRCpFKSXIAVUBJsgBUR8nSAHdCigoKQApKCkAKigpACsoKQAsKC
190=gAUGntJi4oVQAvKCkAMEkBuEAQSQAxyAFNEDJIAWBRRR4zyAFFHjRIAdkRNSgpADYoKQA3
191=KCkAOCgpADlIASf1CS6UT1U5O1QCdE9NXTzIAU1dPUgBZORNED5IAXRPXSA/yAFZBkBIAX
192=RPVQJBSAFgBEkXQsgBWQZDSAF8TFUCRMgBVQJFSAF4BlUCRsgBVQJHyAFVAkjIAVUCSUgB
193=bFJVAkrIAVUCS0gBZAhLARIAL/EqEygpABQoKQAVKCkAFigpABcoKQAYKCkAGSgpABooKQ
194=AbKCkAHEgBcFZZER3IAU0QHsgBXSAfyAFVIyBIAXBWQQQhyAFBBCLIAUEEI0gByTgkSAEn
195=9QkvKOQdqAFZBidABM0FKCgpACkoKQAqKCkAKygpACwoKQAtKCkALigpAC8oKQAwSAF0T1
196=UNMcgBURQySAHBDzMoKQA0KCkANSgpADYoKQA3KCkAOCgpADlIASW5KDpIASUJKDtIASKw
197=MlEqPMgBTSY9SAEiWDJVAj7IAVUCP0gBxT9ASAF4U0EEQUgBdE9JF0LIAUkXQ0gBdE9VAk
198=TIAVUCRUgBZAhVAkbIAVUCR8gBVQJIyAFVAklIAXRPVQJKSAFoDFUNS8gBWRFMSAFoDFcC
199=EwAw4VEUKCkAFSgpABYoKQAXKCkAGCgpABkoKQAaKCkAGygpABxIAXRPWXQdyAFZdB7JAQ
200=YizDtIiFgSSdIgVAJ0T0EEIcgBQQQiyAFBBCNIAcE7JEkBJlgGVRglyAFVASbIAVEfJ0gB
201=zQUoKCkAKSgpACooKQArKCkALCgpAC0oKQAuKCkALygpADBJAcVAEFUNMcgBQTAySAHBDz
202=MoKQA0KCkANSgpADYoKQA3KCkAOCgpADkoKQA6SAHZoDtIAXRPQQ88yAFBDz1IAXRPVQI+
203=yAFVAj9IAWxHSQFASAF0T0EEQUgBdERVF0JIAWAESQFDyAFFKUTIAVUCRcgBVQJGSAHFSk
204=fIAVUCSEgBxQhJyAFVAkpIAWwFVQ1LyAFNEExIAXRPVQJNyAFXAhQAMeFRFSgpABYoKQAX
205=KCkAGCgpABkoKQAaKCkAGygpABxIAXRPUfAdyAFJ0h7IAUnSH8gBUfAgSAF0T0EEIcgBQQ
206=QiyAFBBCNIAcE7JEkB7EwcVSMlyAFVASbIAU0bJ0gBzQUoKCkAKSgpACooKQArKCkALCgp
207=AC0oKQAuKCkALygpADBJATZUDkkAMcgBQQ8ySAHBDzMoKQA0KCkANSgpADYoKQA3KCkAOC
208=gpADkoKQA6SAHZoDtIASXVPDxIAcWiPUkBZFwhSQA+yAFFEz9IAWhDSQFASAF0T0EEQUgB
209=dE9dFUJIAWAESQFDyAFdQUTIAVUCRcgBVQJGSAHFSkfIAVUCSEgBxQhJSAFgBEkMSigpAE
210=vIAU0QTEgBYA9BBE3IAVUCTkgB2wYVADLhURYoKQAXKCkAGCgpABkoKQAaKCkAGygpABwo
211=KQAdKCkAHigpAB8oKQAgSAFkVUUTIcgBRRMiyAFdICNJAetIAkEEJEkBJ6kBJcgBVQEmyA
212=FNBSdIAc0FKEkBJVQDWQYpKCkAKigpACsoKQAsKCkALSgpAC4oKQAvSAFoTlG5MMoBBQBS
213=JzIAdgIGAEwCqAEBBwAAM1EBJaEPNCgpADUoKQA2KCkAN0gBaG9RFDjIAUUHOcgBQRo6yA
214=FZPTtIAcFcPEgBxaI9SAFkokUIPsgBRQg/SAEixFBVAkBJAWdcAEkAQcgBQQRCSAF8QUkB
215=Q8gBQQRESAHNlEXIAUEPRkgBdERZEUfIAVUCSEgBzQVJSAHBBEooKQBLyAFNBUxIAXQNRQ
216=hNyAFVAk5IAdkGT0gBcAlNEBZAKNkcFygpABgoKQAZKCkAGigpABsoKQAcKCkAHSgpAB4o
217=KQAfKCkAIEgBdE9BOyHIAQEFAAAiyAFBOyNIAWRKQSUkSQEnXABJFyXIAVkGJsgBWQYnSA
218=HNBShJASVMBUkAKSgpACooKQArKCkALCgpAC0oKQAuKCkAL0gBfExRuTDIAU21McgBTbUy
219=yAFNtTNIAcEPNCgpADUoKQA2KCkAN0gBdE9VGDjIAQEFAAA5yAFRHzrIAQEHAAA7SAHZMj
220=xIASf1CTMmFVs+VAJgUVUjP0gBdE9RH0BIAXRPRT9ByAFBBEJIAdk9Q8gBTQVESAF0RFFA
221=RcgBVQJGSAF0nFUCR8gBVQJISAFsR1UCSSgpAEpIAcUIS8gBTQVMSAHVDU3IAVUCTkgBxQ
222=hPSAFgBFEUUMgBUxQXADTlohgoKQAZKCkAGigpABsoKQAcKCkAHSgpAB4oKQAfKCkAIEgB
223=dE9BOyHIAUE7IsgBQTsjSAFkSkUTJEkBJ1wWWTIlyQEHIq9jNAAnVAJFCCdUAs0FKEkBJV
224=QCWQYpKCkAKigpACsoKQAsKCkALSgpAC4oKQAvSAF0TwEMAAAwyQENbZ80jZ8ObJ+pAQ9t
225=nzQmxWY0TAXNEDUoKQA2KCkAN0kBL1AUSRc4yAFRHznIAVEfOsgBVVo7SAEn9gk0AN3xPV
226=QC3fE+KCkAP0gByfNASAHJ80HIAUEOQkgB2T1DyAFZPURIAWxHTSZFyAFVAkZIAXRPVQJH
227=yAFVAkhIAWwFlk80AHhIQQRK1AJJAUvIAU0FTMgBTQVNyAFNEE5IAXwKVQJPKCkAUMgBQQ
228=RRSAFwFEMEGAA14VEZKCkAGigpABsoKQAcKCkAHSgpAB4oKQAfKCkAICgpACEoKQAiKCkA
229=IygpACRIASfeJzUAaAFRFCbUAkUeJ0gBxTQoKCkAKSgpACooKQArKCkALCgpAC0oKQAuSQ
230=GzXAtRHy/IAVUBMMgBVQ0xyAFdKzLIAVGYM8kBBSK+TzUAZAhVZTVUAsUTNigpADcoKQA4
231=SQEmXAtVDTnIAVUBOsgBVA0KOwA1AP//AAAAAAA8ABEAAL4OACAINQD//wAAAAAAPQAnKQ
232=A+KCkAP0oB+AFbAwAAQEkBZoYBAEHIAUEDQsgBAQIAAENJATxIAkkAREkBPlwAWQVFyAFV
233=AUZJATtcAFUCR8gBVQFIyAFVAklIAdkGSsgBQQRLSAHZBkzIAVUNTcgBAQMAAE5IAWAPVQ
234=JPKCkAUMgBQQRRSQE6RAlBBFLIAVcCGQA28R8aKCkAGygpABwoKQAdKCkAHigpAB8oKQAg
235=KCkAISgpACIoKQAjKCkAJEkBJlgRRR4lyAFVASbIAVEUJ0gB2TIoKCkAKSgpACooKQArKC
236=kALCgpAC0oKQAuSQGzXAsBBwAAL8gBAQgAADDIAQEJAAAxyAEBCgAAMsgBAQsAADPIAQEM
237=AAA0ygENAFAnJ80ENlQC0RQ3KCkAOEgBzRs5yAFNDzrIAU0bO0gB2QY8KCkAPSgpAD4oKQ
238=A/SAEn9gk2AHRPXTZBVAJoAQEEAABCyQEFdk82AHBAQQREVAJ4SFUNRcgBVQJGSAF4SFUC
239=R8gBVQJIyAFVAklIAdkGSsgBQQRLSAHZBkzIAV02TcgBTRtOSAFgD1UCT0gBfExJAVDIAU
240=EEUUgBZAhVAlLIAVUCU0gB2wYaADfhURsoKQAcKCkAHSgpAB4oKQAfKCkAICgpACEoKQAi
241=KCkAIygpACRIAcU0JcgBWREmyAFdICdIAcU0KCgpACkoKQAqKCkAKygpACwoKQAtKCkALk
242=gBdU8Odk83AGkBD3RPqQEQdE+pARF0T6kBEnRPqQETdE+pARR0TyehBDZcCtEUNygpADhI
243=Ac0bOcgBTRs6yAFNGztIAdkGPCgpAD0oKQA+KCkAP0kB+lgHXTZASQHxqQFBSQFkSAJJAE
244=LIAUEDQ0gBbDxJAUTIAUEERcgBVQJGSAFwS1UCR8gBVQJISAHRQElIAcEESsgBQQRLSAHF
245=SkxIAWgMVRhNyAFZU05IAWQIVQJPSAFsBUkBUMgBQQRRSAHZBlLIAVUCU0gB2QZUyAFXAh
246=sAOOFRHCgpAB0oKQAeKCkAHygpACAoKQAhKCkAIigpACMoKQAkSAHFNCXIAVkcJsgBSRcn
247=SAHFNCgoKQApKCkAKigpACsoKQAsKCkALSgpAC5IAWlOFXVPOJVPFnRPqQEXdE+pARh0T6
248=kBGXRPqQEadE+pARt0Tyd1BDZcCtEUNygpADhIAc0bOcgBTRs6yAFNGztIAdkGPCgpAD0o
249=KQA+KCkAPygpAEBIAdmgQUkBfExISQBCyAFJDENJAW5IAkkARMgBVQJFSQE7XABBO0ZIAX
250=BLTRBHyAFVAkhIAdFASUgBwQRKyAFBBEtJATpECFkGTEkBPUgBSQxNyAFVAU7IAVUCT8gB
251=VQJQSAHdClFJAUJIAkEEUkgBeBFJAVPIAUEDVEgB3QpVyAFXAhwAOeFRHSgpAB4oKQAfKC
252=kAICgpACEoKQAiKCkAIygpACRIAcU0JcgBVQ0myAFZHCdIAcU0KCgpACkoKQAqKCkAKygp
253=ACwoKQAtKCkALkkB+VwLRR4vSAHdCjBJAb61AjHIAVUBMsgBTRAzSAHNBTRJAbpUA0UINc
254=gBVQE2yAFNBTfIAVE1OEgBzRs5yAFNBTrIAU0FO0gB3Qo8KCkAPSgpAD4oKQA/KCkAQEgB
255=J/YJOQB0T1EJQlQCaAFBD0NIAXRPVQJEyAFVAkVJAWpcFkkARsgBWRFHSAFsBVUCSMgBVQ
256=JJSAFgRkkBSkgB3UFLyAFVAkzIAUkMTcgBSQxOyAFVAk/IAVUCUEgB0VZRSAEn9gk5AHRP
257=TQVTVAJoAU0FVEgBdA1VAlXIAVUCVsgBVwIdADrhUR4oKQAfKCkAICgpACEoKQAiKCkAIy
258=gpACRIAcU0JcgBTRsmyAFVDSdIAcU0KCgpACkoKQAqKCkAKygpACwoKQAtKCkALkgB3TYv
259=SAHdCjBIAc0QMcgBTRAyyAFNEDNJAbJIAkU0NEgBdU8Ebp86AGgBAQUAADbWAgYAQMe2Ag
260=cAS3c6ACa5BjlABGgBVQE6yAFdCjtIAc0QPCgpAD0oKQA+KCkAPygpAEBIAdHwQUkB81AK
261=RRNCSAHd8UNIAWRKURREyAFRFEVIAXRPQQ9GyAFBO0dIAWwFVQJIyAFVAklJAWlQCkkASs
262=gBVQxLSAFsBVUCTMgBVQJNSAF8pEkBTkgBcFZBBE/IAVUCUEgBZEpVAlFIASf2CToA1QJT
263=VAJoAU0FVEgBZFVNBVVIAdEJVsgBQQRXSAFsBUMEHgA74VEfKCkAICgpACEoKQAiKCkAIy
264=gpACRIAXgyUQklyAFJDCbIAUkiJ0gBxTQoKCkAKSgpACooKQArKCkALCgpAC0oKQAuSQH8
265=XAtVDS9IAd0KMEgBzRAxyAFNBDLIAU0QM0gBSAZpADRIAWlOCHVPO5VPCXRPqQEKdE+pAQ
266=t1Tzso9AmoAV0KOkQIdA1dCjtIAc0QPCgpAD0oKQA+KCkAPygpAEAoKQBBKCkAQkgBzVJD
267=SAHNUkQoKQBFKCkARkgBxVVHSQFuRBtFVUjIAUVVSUkBaVQCURRKyAFNUktIAWwFVQJMyA
268=FVAk1JAWpMBUkATsgBWRxPSQFrSAJJAFDIAVUCUUkBaEgCSQBSyAFVAlNIAWRKUQlUSAF0
269=T0kMVUgBdE9JAVbIAUEEV0gBbAVVAljIAVcCHwA84VEgKCkAISgpACIoKQAjKCkAJEgBbD
270=FZESXIAVkRJsgBSQwnSAHFNCgoKQApKCkAKigpACsoKQAsKCkALSgpAC4oKQAvKCkAMEgB
271=zRAxyAFNEDLIAU0QM0gBQBRpADRJAbpVAwx1TzyVTw10T6kBDnRPqQEPdU88KPQJqAFFBz
272=pECHQNXQo7SAHNGzwoKQA9KCkAPigpAD8oKQBAKCkAQSgpAEIoKQBDKCkARCgpAEUoKQBG
273=SAHFVUdIAcVVSCgpAEkoKQBKSAHFVUtIAXRPRVVMyAFFVU1IAXRPQRpOyAFdQU9IAXRPVQ
274=JQyAFVAlFIAXRPVQJSyAFVAlNIAWRKVSNUSAFw8E0tVUgBbKpJAVbIAUEEV0gBeFNVAljI
275=AVUCWUgBZFVXAiAAPeFRISgpACIoKQAjKCkAJEgBbDFZBiXIAVEJJsgBURQnSAHFNCgoKQ
276=ApKCkAKigpACsoKQAsKCkALSgpAC4oKQAvKCkAMEgBzRAxyAFNEDLIAU0QM0kBrkgCURQ0
277=SAF1TxB1Tz2VTxF0T6kBEnRPqQETdU89KPQJqAFQCFzNlAJdCjtQCc0bPCgpAD0oKQA+KC
278=kAPygpAEAoKQBBKCkAQigpAEMoKQBEKCkARSgpAEYoKQBHKCkASCgpAEkoKQBKSAHFVUtI
279=AcVVTCgpAE0oKQBOKCkATygpAFBIAd1XUUgBInAqRSlSyAFJIlNJAWxIAkkAVEgBeFNJAV
280=XIAUEEVkgBYFFFVVdIAXRPWSdYyAFVAllIAXRPVQJayAFXAiEAPuFRIigpACMoKQAkSAHF
281=PyXIAVUNJsgBUQknSAHFNCgoKQApKCkAKigpACsoKQAsKCkALSgpAC4oKQAvKCkAMEgBzR
282=AxyAFNEDLIAU0QM0kBrUgCSSI0SAF0TyPFRT6VTxV0T6kBFnRPqQEXdU8+nExZBjlYBmgM
283=UQg6yAFdCjtIAc0bPCgpAD0oKQA+KCkAPygpAEAoKQBBKCkAQigpAEMoKQBEKCkARSgpAE
284=YoKQBHKCkASCgpAEkoKQBKKCkASygpAEwoKQBNKCkATigpAE8oKQBQSAEltS1RSAF0T1Ef
285=UsgBVURTSAF0T1UjVEgBdE9BBFXIAUEEVkgBaE5BBFdIAXykUSpYyAFVAlnIAVUCWsgBVQ
286=JbSAHbBiIAP+FRIygpACRIAXgyWQYlyAFZBibIAU0QJ0gBxTQoKCkAKSgpACooKQArKCkA
287=LCgpAC0oKQAuKCkALygpADBIAc0QMcgBTRAyyAFNEDNJAbFIAlEUNEgBdU8YbZ8/lU8ZdE
288=+pARp0T6kBG3VPPyj0CagBUQg6RAh0DV0KO0gBzRs8KCkAPSgpAD4oKQA/KCkAQCgpAEEo
289=KQBCKCkAQygpAEQoKQBFKCkARigpAEcoKQBIKCkASSgpAEooKQBLKCkATCgpAE0oKQBOKC
290=kATygpAFBIAdWnUUgB1adSKCkAU0gB0aNUSAF4U0ktVcgBTSZWSAF4U1UCV0gBeFNJAVjI
291=AUEEWUgBbFJRKlrIAVFWW0kBOlQDSQFcyAFDBCMAQOFRJEgBbDFRCSXIAVkFJsgBTQUnSA
292=HFNCgoKQApKCkAKigpACsoKQAsKCkALSgpAC4oKQAvKCkAMEgBzRAxyAFNEDLIAU0QM0gB
293=zRA0KCkANSgpADYoKQA3KCkAOEgB3Qo5yAFdCjrIAV0KO0gB3Qo8KCkAPSgpAD4oKQA/KC
294=kAQCgpAEEoKQBCKCkAQygpAEQoKQBFKCkARigpAEcoKQBIKCkASSgpAEooKQBLKCkATCgp
295=AE0oKQBOKCkATygpAFAoKQBRKCkAUigpAFNIAdGjVEgBdE9VI1XIAU1HVkgBdE9ZJ1dIAX
296=RPQQRYyAFBBFlIAWjzQQRaSAFoTkVKW8gBVQJcSAF4U1UCXcgBVwIkAEHhUSUoKQAmKCkA
297=JygpACgoKQApKCkAKigpACsoKQAsKCkALSgpAC4oKQAvSQGyQBBZETBIAdVEMcgBQQMyyA
298=FZHDNIAdVENCgpADUoKQA2KCkANygpADhIAd0KOcgBXQo6yAFdCjtIAd0KPCgpAD0oKQA+
299=KCkAPygpAEAoKQBBKCkAQigpAEMoKQBEKCkARUkBtUAQRR5GyAFVAUfIAVkRSMgBVTlJyA
300=EBBAAASsgBAQUAAEvIAQEGAABMSAHJF00oKQBOKCkATygpAFAoKQBRKCkAUigpAFNIAdGj
301=VEgB0aNVKCkAVkgB0aNXSAF4U1UYWMgBVRhZSAFsUlUCWsgBVQJbSAFgUUEaXEgBdE9ZHF
302=3IAVUCXkgBcFZXAiUAQuFRJigpACcoKQAoKCkAKSgpACooKQArKCkALCgpAC0oKQAuKCkA
303=LygpADBJASZQFUkXMcgBCgEAADIAQgAmAQAAAgARAAAQDgAgBQAzAEIA//8AYQA0KCkANS
304=gpADYoKQA3KCkAOEoBJgF2BgA5yAFVATrIAQECAAA7SgH//4EEPCgpAD0oKQA+KCkAPygp
305=AEAoKQBBKCkAQigpAEMoKQBEKCkARUkBtUAQAQcAAEbIAQEIAABHyAEBCQAASMgBAQoAAE
306=nIAQELAABKyAEBDAAAS8gBAQ0AAExIAckXTSgpAE4oKQBPKCkAUCgpAFEoKQBSKCkAUygp
307=AFQoKQBVKCkAVkkB+EgXSSVXSQF8XABZJ1jIAQEDAABZSQFotQJayAFVAltJATtYBkkAXE
308=kBOlwATQRdyAFVAV5JAT5cAFUCX8gBVAEBJgBDAM0bJygpACgoKQApKCkAKigpACsoKQAs
309=KCkALSgpAC4oKQAvKCkAMEgB1UQxyAFNEDLIAVkcM0gB2RE0KCkANSgpADYoKQA3KCkAOE
310=gB3Qo5yAFdCjrIAV0KO0gB3Qo8KCkAPSgpAD4oKQA/KCkAQCgpAEEoKQBCKCkAQygpAEQo
311=KQBFSAF1Tw52T0MAaQEPdE+pARB0T6kBEXRPqQESdE+pARN0T6kBFHRPJ4UGTVwK1RhOKC
312=kATygpAFAoKQBRKCkAUigpAFMoKQBUKCkAVSgpAFZJAfpMJ1VEV0kB86kBWEkB8akBWUkB
313=e1QDSQBayAFBA1tJAWpIAkkAXMgBVQJdSQFrSAJJAF7IAVUCX0kBfUgCSQBgyAFXAicARO
314=FRKCgpACkoKQAqKCkAKygpACwoKQAtKCkALigpAC8oKQAwSAHVRDHIAUEPMsgBVUQzSAHd
315=KzQoKQA1KCkANigpADcoKQA4SAHdCjnIAV0KOsgBXQo7SAHdCjwoKQA9KCkAPigpAD8oKQ
316=BAKCkAQSgpAEIoKQBDKCkARCgpAEVIAWlOFXVPRJVPFnRPqQEXdE+pARh0T6kBGXRPqQEa
317=dE+pARt0TydZBk1cCtUYTigpAE8oKQBQKCkAUSgpAFIoKQBTKCkAVCgpAFUoKQBWKCkAVy
318=gpAFhIAcWiWUgBdE9RKlrIAY6fRAB0T1UCXFQCaAFVAl1IAXRPVQJeyAFVAl9IAXRPVQJg
319=yAFVAmFJAflQNk9SKABF4VEpKCkAKigpACsoKQAsKCkALSgpAC4oKQAvKCkAMEgB1UQxyA
320=FBDjLIAVkRM0gB3Ss0KCkANSgpADYoKQA3KCkAOEgB3Qo5yAFdCjrIAV0KO0gB3Qo8KCkA
321=PSgpAD4oKQA/KCkAQCgpAEEoKQBCKCkAQygpAEQoKQBFKCkARigpAEdJATVYEkkASMgBRR
322=NJSAHFE0ooKQBLKCkATCgpAE0oKQBOKCkATygpAFAoKQBRKCkAUigpAFMoKQBUKCkAVSgp
323=AFYoKQBXKCkAWEgBxaJZSAHFolooKQBbKCkAXCgpAF0oKQBeKCkAXygpAGAoKQBhSQH0SC
324=NVT2JIAcsiKQBG4VEqKCkAKygpACxJASW5Bi0oKQAuKCkALygpADBJASytBTHIAVUBMsgB
325=TTEzSAHRCTQoKQA1KCkANigpADcoKQA4SQEnRAlJFznIAVUBOsgBXQo7SAHdCjwoKQA9KC
326=kAPigpAD8oKQBAKCkAQSgpAEIoKQBDKCkARCgpAEUoKQBGSAFpTgRun0YAaQEFbJ+pAQZv
327=n0YA61AVSRdKTQUqqQFLyAFVAUzIAVUYTUgBzQVOSQElVANZBk8oKQBQKCkAUSgpAFIoKQ
328=BTKCkAVCgpAFVJATSxCVbIAVUBV8gBQQ9YyAFNlFlIAcEPWkkBL0AFTRBbSAHVAlwoKQBd
329=KCkAXkgBzQVfyAFFB2DIAUkMYcgBSQxiSAHVT2MoKwAqAEfhUSsoKQAsSAFgD1EJLSgpAC
330=4oKQAvKCkAMEgBdE9JDDHIAVkyMsgBAQUAADNJASVECUkANCgpADUoKQA2KCkANygpADhI
331=AXRPXQo5yAFdCjrJAQUi1zFHACVQCkkAPFQCyQE9KCkAPigpAD8oKQBAKCkAQSgpAEIoKQ
332=BDKCkARCgpAEUoKQBGSAFoTiPVMUeUTyPUMakBCnVPR5RPRRNKTQUqXABVGEvIAVUYTMgB
333=AQUAAE1IAXRPTQROSQElXABJAE8oKQBQKCkAUSgpAFIoKQBTKCkAVCgpAFVIAXRPVQ1WyA
334=EBBQAAV8gBSWRYyQEHItQxJyUFWlQCZEpZBltJASVMEUkAXCgpAF0oKQBeSAHNBV/IAQEF
335=AABgyAFJDGHIAUkMYkgBJ/QJJ8kJZChXACsASOFRLEkBJVQOXVctKCkALigpAC8oKQAwSA
336=F0T1UNMcgBVQ0yyAFFNDNIAdEJNCgpADUoKQA2KCkANygpADhJASdMEF0KOcgBAQcAADrI
337=AV0KO0gB3Qo8KCkAPSgpAD4oKQA/KCkAQCgpAEEoKQBCKCkAQygpAEQoKQBFKCkARkgBdU
338=8MbZ9IlU8NbJ+pAQ51T0iUT1knSkwFdE9VGEvIAVUYTMgBVRhNSAF0T00FTkgBwRpPKCkA
339=UCgpAFEoKQBSKCkAUygpAFQoKQBVSAF0T0kMVsgBSWRXyAEBCgAAWMkBC3VPSJx4TRBaVA
340=JkSlkGW0gB2RFcKCkAXSgpAF5IAc0FX8gBSQxgyAFJDGHIAUkMYkgBJ/QJJ50JZChVAGUo
341=KwAsAEnhUS0oKQAuKCkALygpADAoKQAxKCkAMigpADMoKQA0KCkANSgpADYoKQA3KCkAOE
342=kBJlRPTcA5yAFVATrIAUElO0gBwRo8KCkAPSgpAD4oKQA/KCkAQCgpAEEoKQBCKCkAQygp
343=AEQoKQBFKCkARigpAEcoKQBIKCkASSgpAEpJAexcFlUYS8gBVQFMyAFVGE1IAdUYTigpAE
344=8oKQBQKCkAUSgpAFIoKQBTKCkAVCgpAFVIAXRPSWRWyAFJZFfIAUlkWEgBwQ9ZKCkAWigp
345=AFsoKQBcKCkAXSgpAF4oKQBfSAHRNWDIAVkcYcgBWRxiSAHVDWMoKQBkKCkAZSgpAGYoKw
346=AtAErhUS4oKQAvKCkAMCgpADEoKQAyKCkAMygpADQoKQA1KCkANigpADcoKQA4SAHBGjnI
347=AUEaOsgBQRo7SAHBGjwoKQA9KCkAPigpAD8oKQBAKCkAQUkBt1AKSUNCyAFVAUPIAUkMRM
348=gBXeZFyAFJ0kbJAQVun0oAZQgGbJ8noQRJQATFE0pJASZQCkkMS8gBVQFMyAFJDE1IAc0F
349=TigpAE8oKQBQKCkAUSgpAFIoKQBTKCkAVCgpAFVIAWC0VQ1WyAFVDVdIAdUNWCgpAFkoKQ
350=BaKCkAWygpAFwoKQBdKCkAXigpAF9IAdkcYMgBQQ9hyAFBD2JIAcEPYygpAGQoKQBlKCkA
351=ZigpAGcoKwAuAEvhUS8oKQAwKCkAMSgpADIoKQAzKCkANCgpADUoKQA2KCkANygpADhIAc
352=EaOcgBQRo6yAFBGjtIAcEaPCgpAD0oKQA+KCkAPygpAEAoKQBBSAFsR03hQsgBRc5DyAFV
353=yETIAVXIRcgBVchGyAFZikfIAVmKSEgB2RFJKCkASkgB1RhLyAFVGEzIAVUYTUgB2QZOSQ
354=G/VANFVU9JASWpAVAoKQBRKCkAUigpAFMoKQBUSAFoTklkVcgBAQUAAFbJAQYi3SdLI6Qg
355=RR5YVQIlqQxZKCkAWkgBdOlNEFvIAU0EXMgBXRVdyAFBcl5JAbJUA00FX0kBJqkBYMgBVQ
356=FhyAFZBmJIAdkcYygpAGQoKQBlKCkAZigpAGcoKQBoKCsALwBM4VEwKCkAMSgpADIoKQAz
357=KCkANCgpADUoKQA2KCkANygpADhIAcEaOcgBQRo6yAFBGjtIAcEaPCgpAD0oKQA+KCkAPy
358=gpAEAoKQBBSAF0T13QQsgBAQ8AAEPIAQEQAABEyAEBEQAARckBEiK9T0yBnhNsn6kBFGyf
359=J0kESUwFxRNKSAHVGEvIAVUYTMgBVRhNSAHNBU5IAXRPQQRPSQHlXABBO1BJAeapAVEoKQ
360=BSKCkAUygpAFQoKQBVKCkAVigpAFcoKQBYKCkAWSgpAFooKQBbSQHnoQ9cSQEvSAEBBgAA
361=XcgBXVdeSAHJF19JASZABF0VYMgBVQFhyAFZHGJIAc0FYygpAGQoKQBlKCkAZigpAGcoKQ
362=BoKCkAaSgrADAATeFRMSgpADIoKQAzKCkANCgpADUoKQA2KCkANygpADhIAcEaOcgBQRo6
363=yAFBGjtIAcEaPCgpAD0oKQA+KCkAPygpAEAoKQBBSAF0TwEVAABCyQEWdU9NkUsXdE+pAR
364=h0T6kBGXRPqQEadE+pARt0TycdBElQCcUTSkgB1RhLyAFVGEzIAVUYTUgBzQVOSAF0T1UC
365=T0gBYJNJAVAoKQBRKCkAUigpAFMoKQBUSQE1XAtVslXIAVWyVsgBUWxXyQEPItUxTSapMV
366=lUAtUNWkkBL0QITcBbyAFNwFzIAU3AXcgBTcBeSAHJF19IAdkcYMgBUQhhyAFVGGJIAc0F
367=YygpAGQoKQBlKCkAZigpAGcoKQBoKCkAaSgpAGooKwAxAE7hUTIoKQAzKCkANCgpADUoKQ
368=A2KCkANygpADhIAcEaOcgBQRo6yAFBGjtIAcEaPCgpAD0oKQA+KCkAPygpAEAoKQBBSQG2
369=UApFdkLIAVUBQ8gBSQxEyAFZzEXIAVHaRskBBXZPTgBlCAZ0TyfxA0lABMUTSkkBJlAKSQ
370=xLyAFVAUzIAUkMTUgBzQVOKCkATygpAFAoKQBRKCkAUigpAFMoKQBUKCkAVSgpAFYoKQBX
371=KCkAWCgpAFkoKQBaKCkAW0gByRdcyAFJF13IAUkXXkgByRdfSAHNBWDIAU0FYcgBTQViSA
372=HMBQRjAE4A//8AEQAACg0AIAcAAAAAZABOAP//QAEDAABlAE4AyQFmKCkAZygpAGgoKQBp
373=KCkAaigpAGsoKwAyAE/xCTMoKQA0KCkANSgpADYoKQA3KCkAOEoBJgGFEznIAVUBOsgBAQ
374=IAADtIAd0VPCgpAD0oKQA+KCkAPygpAEAoKQBBSQG2UAoBBwAAQsgBAQgAAEPIAQEJAABE
375=yAEBCgAARcgBAQsAAEbIAQEMAABHyAEBDQAASEgB2RFJKCkASkgB1RhLyAFBDkzIAVUYTU
376=gB2QZOKCkATygpAFAoKQBRKCkAUigpAFMoKQBUKCkAVSgpAFYoKQBXKCkAWCgpAFkoKQBa
377=KCkAW0gByRdcyAFJF13IAUkXXkgByRdfSAHNBWDIAU0FYcgBTQViSAHNBWMoKQBkKCkAZS
378=gpAGYoKQBnKCkAaCgpAGkoKQBqKCkAaygpAGwoKwAzAFDhUTQoKQA1KCkANigpADcoKQA4
379=SAHBGjnIAUEaOsgBQRo7SAHBGjwoKQA9KCkAPigpAD8oKQBAKCkAQUgBdU8Odk9QAGkBD3
380=RPqQEQdE+pARF0T6kBEnRPqQETdE+pARR0TyeZA0lcCsUTSkgB1RhLyAFVGEzIAVUYTUgB
381=zQVOKCkATygpAFAoKQBRKCkAUkkBskQJVXNTSAHFCFQoKQBVKCkAVigpAFcoKQBYKCkAWS
382=gpAFooKQBbSQExqQxcyAFVAV3IAUkXXkgBwQ9fSAHZHGDIAU0FYcgBTQViSAHNBWMoKQBk
383=KCkAZSgpAGYoKQBnKCkAaCgpAGkoKQBqKCkAaygpAGwoKQBtKCsANABR4VE1KCkANigpAD
384=coKQA4SAHBGjnIAUEaOsgBQRo7SAHBGjwoKQA9KCkAPigpAD8oKQBAKCkAQUgBaU4VdU9R
385=lU8WdE+pARd0T6kBGHRPqQEZdE+pARp0T6kBG3RPJ20DSVwKxRNKSAHVGEvIAVUYTMgBVR
386=hNSAHNBU5JAb9UA0VKT0kBJakBUCgpAFEoKQBSKCkAUygpAFQoKQBVKCkAVigpAFcoKQBY
387=KCkAWSgpAFooKQBbSAF0TwEDAABcyAEBBAAAXcgBAQUAAF5IAckXX0gB2RxgyAFVF2HIAV
388=kcYkgBzQVjKCkAZCgpAGUoKQBmKCkAZygpAGgoKQBpKCkAaigpAGsoKQBsSAHZEW3IAVkR
389=bsgBWxE1AFLhUTYoKQA3KCkAOEgBxQg5yAFFCDrIAUUIO0gBwRo8KCkAPSgpAD4oKQA/KC
390=kAQCgpAEEoKQBCKCkAQygpAEQoKQBFKCkARigpAEcoKQBIKCkASSgpAEpIAdUYS8gBVRhM
391=yAFVGE1IAdUYTkgBdE9BBE9JAeVcAEFRUEkB5qkBUSgpAFIoKQBTKCkAVCgpAFUoKQBWKC
392=kAVygpAFgoKQBZKCkAWigpAFtJAeehD1xIAWFRB3ZPUgBpAQh0TycJB19ABNkcYMgBRQdh
393=yAFZHGJIAdkcYygpAGQoKQBlKCkAZigpAGcoKQBoKCkAaSgpAGooKQBrKCkAbEgB2RFtyA
394=FZEW7IAVkRb0gB2xE2AFPhUTcoKQA4SAHFCDnIAUUIOsgBRQg7SAHFCDwoKQA9KCkAPigp
395=AD8oKQBAKCkAQSgpAEIoKQBDKCkARCgpAEUoKQBGKCkARygpAEgoKQBJKCkASkgB1RhLyA
396=FVGEzIAVUYTUgB1RhOSAF0T1UCT0kBJUAFSQFQKCkAUSgpAFIoKQBTKCkAVCgpAFUoKQBW
397=KCkAVygpAFgoKQBZKCkAWigpAFtIAX1MCW2fU4lOCnRPqQELdE8n3QZfTAXZHGDIAVUXYc
398=gBVRhiSAHZHGMoKQBkKCkAZSgpAGYoKQBnKCkAaCgpAGkoKQBqKCkAaygpAGxIAdkRbcgB
399=WRFuyAFZEW9IAdkRcCgrADcAVOFROEgBxQg5yAFFCDrIAUUIO0gBxQg8KCkAPSgpAD4oKQ
400=A/KCkAQCgpAEEoKQBCKCkAQygpAEQoKQBFKCkARigpAEcoKQBIKCkASSgpAEpIAdUYS8gB
401=VRhMyAFVGE1IAdUYTigpAE8oKQBQKCkAUSgpAFIoKQBTKCkAVCgpAFUoKQBWKCkAVygpAF
402=goKQBZKCkAWigpAFsoKQBcKCkAXSgpAF4oKQBfSAHZHGDIAVkcYcgBWRxiSAHZHGMoKQBk
403=KCkAZSgpAGYoKQBnKCkAaCgpAGkoKQBqKCkAaygpAGxIAdkRbcgBWRFuyAFZEW9IAdkRcC
404=gpAHEoKwA4AFXhUTkoKQA6KCkAOygpADwoKQA9KCkAPigpAD8oKQBAKCkAQSgpAEIoKQBD
405=KCkARCgpAEUoKQBGKCkARygpAEgoKQBJKCkASkgB3SBLyAFdIEzIAV0gTUgB3SBOKCkATy
406=gpAFAoKQBRKCkAUigpAFMoKQBUKCkAVSgpAFYoKQBXKCkAWCgpAFkoKQBaKCkAWygpAFwo
407=KQBdKCkAXigpAF9IAdkcYMgBWRxhyAFZHGJIAdkcYygpAGQoKQBlKCkAZigpAGcoKQBoKC
408=kAaSgpAGooKQBrKCkAbEgB2RFtyAFZEW7IAVkRb0gB2RFwKCkAcSgpAHIoKwA5AFbhUToo
409=KQA7KCkAPCgpAD0oKQA+KCkAPygpAEAoKQBBKCkAQigpAEMoKQBEKCkARSgpAEYoKQBHKC
410=kASCgpAEkoKQBKSAHdIEvIAV0gTMgBXSBNSAHdIE4oKQBPKCkAUCgpAFEoKQBSKCkAUygp
411=AFQoKQBVKCkAVigpAFcoKQBYKCkAWSgpAFooKQBbKCkAXCgpAF0oKQBeKCkAX0gB2RxgyA
412=FZHGHIAVkcYkgB2RxjKCkAZCgpAGUoKQBmKCkAZygpAGgoKQBpKCkAaigpAGsoKQBsSAHZ
413=EW3IAVkRbsgBWRFvSAHZEXAoKQBxKCkAcigpAHMoKwA6AFfhUTsoKQA8KCkAPSgpAD4oKQ
414=A/KCkAQCgpAEEoKQBCKCkAQygpAEQoKQBFKCkARigpAEcoKQBIKCkASSgpAEpIAd0gS8gB
415=XSBMyAFdIE1IAd0gTigpAE8oKQBQKCkAUSgpAFIoKQBTKCkAVCgpAFUoKQBWKCkAVygpAF
416=goKQBZKCkAWigpAFsoKQBcKCkAXSgpAF4oKQBfSAHZHGDIAVkcYcgBWRxiSAHZHGMoKQBk
417=KCkAZSgpAGYoKQBnKCkAaCgpAGkoKQBqKCkAaygpAGxIAdkRbcgBWRFuyAFZEW9IAdkRcC
418=gpAHEoKQByKCkAcygpAHQoKwA7AFjhUTwoKQA9KCkAPigpAD8oKQBAKCkAQSgpAEIoKQBD
419=KCkARCgpAEUoKQBGKCkARygpAEgoKQBJKCkASkgB3SBLyAFdIEzIAV0gTUgB3SBOKCkATy
420=gpAFAoKQBRKCkAUigpAFMoKQBUKCkAVSgpAFYoKQBXKCkAWCgpAFkoKQBaKCkAWygpAFwo
421=KQBdKCkAXigpAF9IAdkcYMgBWRxhyAFZHGJIAdkcYygpAGQoKQBlKCkAZigpAGcoKQBoKC
422=kAaSgpAGooKQBrKCkAbEgB2RFtyAFZEW7IAVkRb0gB2RFwKCkAcSgpAHIoKQBzKCkAdCgp
423=AHUoKwA8AFnhUT0oKQA+KCkAPygpAEAoKQBBKCkAQigpAEMoKQBEKCkARSgpAEYoKQBHKC
424=kASCgpAEkoKQBKSAHdIEvIAV0gTMgBXSBNSAHdIE4oKQBPKCkAUCgpAFEoKQBSSwGXAwBh
425=AFPIAV0KVMgBXQpVyAFNBFbKAQQASndZAHoGBQBQJyfNBFlABM0QWigpAFsoKQBcKCkAXS
426=gpAF4oKQBfSAHZHGDIAVkRYcgBWRFiSAHJDGMoKQBkKCkAZSgpAGYoKQBnKCkAaCgpAGko
427=KQBqKCkAaygpAGxIAdkRbcgBWRFuyAFZEW9IAdkRcCgpAHEoKQByKCkAcygpAHQoKQB1KC
428=kAdigrAD0AWuFRPigpAD8oKQBAKCkAQSgpAEIoKQBDKCkARCgpAEUoKQBGKCkARygpAEgo
429=KQBJKCkASkgB3SBLyAFdIEzIAV0gTUgB3SBOKCkATygpAFAoKQBRKCkAUkgBeEgBBgAAU8
430=gBAQcAAFTIAQEIAABVyAEBCQAAVskBCnVPWpVPC3RPJ6EEWUAEzRBaKCkAWygpAFwoKQBd
431=KCkAXigpAF9JASZAG1VhYMgBVQFhyAFZHGJIAckMYygpAGQoKQBlKCkAZigpAGcoKQBoKC
432=kAaSgpAGooKQBrKCkAbEgB2RFtyAFZEW7IAVkRb0gB2RFwKCkAcSgpAHIoKQBzKCkAdCgp
433=AHUoKQB2KCkAdygrAD4AW+FRPygpAEAoKQBBKCkAQigpAEMoKQBEKCkARSgpAEYoKQBHKC
434=kASCgpAEkoKQBKSAHdIEvIAV0gTMgBXSBNSAHdIE4oKQBPKCkAUCgpAFEoKQBSSAF1Twx1
435=T1uFSg10T6kBDnRPqQEPdE+pARB0T6kBEXRPJ3UEWVAJCP//AAAAAABaAFsAEQAAtwwAIA
436=H//wAAQAABWwBbAMkBXCgpAF0oKQBeKCkAX0oBJgFTBgAAYMgBVQFhyAEBAgAAYkgB0Qlj
437=KCkAZCgpAGUoKQBmKCkAZygpAGgoKQBpKCkAaigpAGsoKQBsSAHZEW3IAVkRbsgBWRFvSA
438=HZEXAoKQBxKCkAcigpAHMoKQB0KCkAdSgpAHYoKQB3KCkAeCgrAD8AXOUpQCgpAEEoKQBC
439=KCkAQygpAEQoKQBFKCkARigpAEcoKQBIKCkASSgpAEpJATFEH0EzS8gBVQFMyAFdIE1IAd
440=0gTigpAE8oKQBQKCkAUSgpAFJIAQWXAwAAEgAAU8gBARMAAFTIAQEUAABVyAEBFQAAVsgB
441=ARYAAFfIAQEXAABYSAHBD1koKQBaKCkAWygpAFwoKQBdKCkAXigpAF9IAdk9YMgBWRxhyA
442=FZHGJIAdUNYygpAGQoKQBlKCkAZigpAGcoKQBoKCkAaSgpAGooKQBrKCkAbEgB2RFtyAFZ
443=EW7IAVkRb0gB2RFwKCkAcSgpAHIoKQBzKCkAdCgpAHUoKQB2KCkAdygpAHgoKQB5KCsAQA
444=Bd4VFBKCkAQigpAENJASVQFUFGRCgpAEUoKQBGKCkARygpAEgoKQBJKCkASkgBdE9BRUvI
445=AQEEAABMyAEBBQAATUgB3SBOKCkATygpAFAoKQBRKCkAUkgBdU8Ydk9dAGkBGXRPqQEadE
446=+pARt0T6kBHHRPqQEddE8nHQRZUAnNEFooKQBbKCkAXCgpAF0oKQBeKCkAX0gB2T1gyAFF
447=KGHIAVk9YkgByQxjKCkAZCgpAGUoKQBmKCkAZygpAGgoKQBpKCkAaigpAGsoKQBsSAHZEW
448=3IAVkRbsgBWRFvSAHZEXAoKQBxKCkAcigpAHMoKQB0KCkAdSgpAHYoKQB3KCkAeCgpAHko
449=KQB6KCsAQQBe4VFCKCkAQ0kBJVAVSQBEKCkARSgpAEYoKQBHKCkASCgpAEkoKQBKSAF0Tw
450=EGAABLyQEHdk9eAHUCCHRPJw0CTkAEySJPKCkAUCgpAFEoKQBSSAFpTh51T16VTx90T6kB
451=IHRPqQEhdE+pASJ0T6kBI3RPJ+EBWVAJwQ9aKCkAWygpAFwoKQBdKCkAXigpAF9JASZAJk
452=V2YMgBVQFhyAFZPWJIAckMYygpAGQoKQBlKCkAZigpAGcoKQBoKCkAaSgpAGooKQBrKCkA
453=bEgB2RFtyAFZEW7IAVkRb0gB2RFwKCkAcSgpAHIoKQBzKCkAdCgpAHUoKQB2KCkAdygpAH
454=goKQB5KCkAeigpAHsoKwBCAF/hUUNIAXRPURREKCkARSgpAEYoKQBHKCkASCgpAEkoKQBK
455=SAF9TAl1T1+JTgp0T6kBC3RPJ+EBTkwFySJPKCkAUCgpAFEoKQBSKCkAUygpAFQoKQBVKC
456=kAVigpAFcoKQBYKCkAWSgpAFooKQBbKCkAXCgpAF0oKQBeKCkAX0gB2T1gyAFZPWHIAUUp
457=YkgBzRtjKCkAZCgpAGUoKQBmKCkAZygpAGgoKQBpKCkAaigpAGsoKQBsSAHZEW3IAVkRbs
458=gBWRFvSAHZEXAoKQBxKCkAcigpAHMoKQB0KCkAdSgpAHYoKQB3KCkAeCgpAHkoKQB6KCkA
459=eygpAHwoKwBDAGDhUUQoKQBFKCkARigpAEcoKQBIKCkASSgpAEooKQBLKCkATCgpAE0oKQ
460=BOKCkATygpAFAoKQBRKCkAUigpAFMoKQBUKCkAVSgpAFYoKQBXKCkAWCgpAFkoKQBaKCkA
461=WygpAFwoKQBdKCkAXigpAF9IAdk9YMgBWT1hyAFZPWJIAdk9YygpAGQoKQBlKCkAZigpAG
462=coKQBoKCkAaSgpAGooKQBrKCkAbEgB2RFtyAFZEW7IAVkRb0gB2RFwKCkAcSgpAHIoKQBz
463=KCkAdCgpAHUoKQB2KCkAdygpAHgoKQB5KCkAeigpAHsoKQB8KCkAfSgrAEQAYeFRRSgpAE
464=YoKQBHKCkASCgpAEkoKQBKKCkASygpAEwoKQBNKCkATigpAE8oKQBQKCkAUSgpAFIoKQBT
465=KCkAVCgpAFUoKQBWKCkAVygpAFgoKQBZKCkAWigpAFsoKQBcKCkAXSgpAF4oKQBfSAHZPW
466=DIAVk9YcgBWT1iSAHZPWMoKQBkKCkAZSgpAGYoKQBnKCkAaCgpAGkoKQBqKCkAaygpAGxI
467=AdkRbcgBWRFuyAFZEW9IAdkRcCgpAHEoKQByKCkAcygpAHQoKQB1KCkAdigpAHcoKQB4KC
468=kAeSgpAHooKQB7KCkAfCgpAH0oKQB+KCsARQBi4VFGKCkARygpAEgoKQBJKCkASigpAEso
469=KQBMKCkATSgpAE4oKQBPKCkAUCgpAFEoKQBSKCkAUygpAFQoKQBVKCkAVigpAFcoKQBYKC
470=kAWSgpAFooKQBbKCkAXCgpAF0oKQBeKCkAX0gB2T1gyAFZPWHIAVk9YkgB2T1jKCkAZCgp
471=AGUoKQBmKCkAZygpAGgoKQBpKCkAaigpAGsoKQBsSAHZEW3IAVkRbsgBWRFvSAHZEXAoKQ
472=BxKCkAcigpAHMoKQB0KCkAdSgpAHYoKQB3KCkAeCgpAHkoKQB6KCkAeygpAHwoKQB9KCkA
473=figpAH8oKwBGAGPhUUcoKQBIKCkASSgpAEooKQBLKCkATCgpAE0oKQBOKCkATygpAFAoKQ
474=BRKCkAUigpAFMoKQBUKCkAVSgpAFYoKQBXKCkAWCgpAFkoKQBaKCkAWygpAFwoKQBdKCkA
475=XigpAF9IAdk9YMgBWT1hyAFZPWJIAdk9YygpAGQoKQBlKCkAZigpAGcoKQBoKCkAaSgpAG
476=ooKQBrKCkAbEgB2RFtyAFZEW7IAVkRb0gB2RFwKCkAcSgpAHIoKQBzKCkAdCgpAHUoKQB2
477=KCkAdygpAHgoKQB5KCkAeigpAHsoKQB8KCkAfSgpAH4oKQB/KCkAgCgrAEcAZOFRSCgpAE
478=koKQBKKCkASygpAEwoKQBNKCkATigpAE8oKQBQKCkAUSgpAFIoKQBTKCkAVCgpAFUoKQBW
479=KCkAVygpAFgoKQBZKCkAWigpAFsoKQBcKCkAXSgpAF4oKQBfSAHZPWDIAVk9YcgBWT1iSA
480=HZPWMoKQBkKCkAZSgpAGYoKQBnKCkAaCgpAGkoKQBqKCkAaygpAGxIAdkRbcgBWRFuyAFZ
481=EW9IAdkRcCgpAHEoKQByKCkAcygpAHQoKQB1KCkAdigpAHcoKQB4KCkAeSgpAHooKQB7KC
482=kAfCgpAH0oKQB+KCkAfygpAIAoKQCBKCsASABl4VFJKCkASigpAEsoKQBMKCkATSgpAE4o
483=KQBPKCkAUCgpAFEoKQBSSQGyRSoAIsRFJ+EBVFQC0SpVKCkAVigpAFcoKQBYKCkAWSgpAF
484=ooKQBbKCkAXCgpAF0oKQBeKCkAX0gB2T1gyAFRE2HIAVk9YkgBxRNjKCkAZCgpAGUoKQBm
485=KCkAZygpAGgoKQBpKCkAaigpAGsoKQBsSAEipEFVI23IAVkRbsgBWRFvSAHZEXAoKQBxKC
486=kAcigpAHMoKQB0KCkAdSgpAHYoKQB3KCkAeCgpAHkoKQB6KCkAeygpAHwoKQB9KCkAfigp
487=AH8oKQCAKCkAgSgrAEkAZvVPSigpAEsoKQBMSAEiJEdJIk0oKQBOKCkATygpAFAoKQBRKC
488=kAUigpAFMoKQBUKCkAVSgpAFYoKQBXKCkAWCgpAFkoKQBaKCkAWygpAFwoKQBdKCkAXigp
489=AF9JASdUOkEaYMgBVQFhyAFNPGJIAcUeYygpAGQoKQBlKCkAZigpAGcoKQBoKCkAaSgpAG
490=ooKQBrKCkAbEgBaE4BAwAAbcgBAQQAAG7IAQEFAABvSAEnyAknsQZxKFUAcigpAHMoKQB0
491=KCkAdSgpAHYoKQB3KCkAeCgpAHkoKQB6KCkAeygpAHwoKQB9KCkAfigpAH8oKQCAKCsASg
492=Bn/UxLKCkATEkBJVQvSQBNKCkATigpAE8oKQBQKCkAUSgpAFIoKQBTKCkAVCgpAFUoKQBW
493=KCkAVygpAFgoKQBZKCkAWigpAFsoKQBcKCkAXSgpAF4oKQBfSAFwS1U5YMgBVTlhyQEFIu
494=92ZwAlWB1JAGNUAskBZCgpAGUoKQBmKCkAZygpAGgoKQBpKCkAaigpAGsoKQBsSAFxSwZx
495=S2cj5VQHcEupAQhwSydZBnBMBd1McSgpAHIoKQBzKCkAdCgpAHUoKQB2KCkAdygpAHgoKQ
496=B5KCkAeigpAHsoKQB8KCkAfSgpAH4oKQB/KCsASwBo5UpMSAFkKVF3TSgpAE4oKQBPKCkA
497=UCgpAFEoKQBSKCkAUygpAFQoKQBVKCkAVigpAFcoKQBYKCgACVkAaAAlAQAAAgAAWhEAAD
498=gLhB0IAGgAJQEAAAIAAFsoKQBcKCkAXSgpAF4oKQBfSAEFJwEAAAYAAGDIAQEHAABhyAEB
499=CAAAYkkBJUAEXQpjKCkAZCgpAGUoKQBmKCkAZygpAGgoKQBpKCkAaigpAGsoKQBsSQExVA
500=0BCQAAbcgBAQoAAG7IAQELAABvSwH//wBhAHAoKQBxKCkAcigpAHMoKQB0KCkAdSgpAHYo
501=KQB3KCkAeCgpAHkoKQB6KCkAeygpAHwoKQB9KCkAfigoAAFMAGkA3RVNKCkATigpAE8oKQ
502=BQKCkAUSgpAFIoKQBTKCkAVCgpAFUoKQBWKCkAVygpAFgoKQBZKCkAWigpAFsoKQBcKCkA
503=XSgpAF4oKQBfSQEmRDRFMGDIAVUBYcgBVURiSAHFHmMoKQBkKCkAZSgpAGYoKQBnKCkAaC
504=gpAGkoKQBqKCkAaygpAGwoKQBtKCkAbigpAG8oKQBwKCkAcSgpAHIoKQBzKCkAdCgpAHUo
505=KQB2KCkAdygpAHgoKQB5KCkAeigpAHsoKQB8KCkAfSgrAE0AavVETigpAE8oKQBQKCkAUS
506=gpAFIoKQBTKCkAVCgpAFUoKQBWKCkAVygpAFgoKQBZKCkAWigpAFsoKQBcKCkAXSgpAF4o
507=KQBfSAEnaghqAGgBiEOoAYhDJ5kDY0wF1URkKCkAZSgpAGYoKQBnKCkAaCgpAGkoKQBqKC
508=kAaygpAGwoKQBtKCkAbigpAG8oKQBwKCkAcSgpAHIoKQBzKCkAdCgpAHUoKQB2KCkAdygp
509=AHgoKQB5KCkAeigpAHsoKQB8KCsATgBr/UFPKCkAUCgpAFEoKQBSKCkAUygpAFQoKQBVKC
510=kAVigpAFcoKQBYKCkAWSgpAFooKQBbKCkAXCgpAF0oKQBeKCkAX0gBZD+dg2soEAioAZBA
511=J20DY0wFJxAIJ1UAZShVAGYoKQBnKCkAaCgpAGkoKQBqKCkAaygpAGwoKQBtKCkAbigpAG
512=8oKQBwKCkAcSgpAHIoKQBzKCkAdCgpAHUoKQB2KCkAdygpAHgoKQB5KCkAeigpAHsoKwBP
513=AGzlP1AoKQBRKCkAUigpAFMoKQBUKCkAVSgpAFYoKQBXKCkAWCgpAFkoKQBaKCkAWygpAF
514=woKQBdKCkAXigpAF9IASe5B2wouAeoAZg9J0EDY0wFJ7gHJ1UAZShVAGYoKQBnKCkAaCgp
515=AGkoKQBqKCkAaygpAGwoKQBtKCkAbigpAG8oKQBwKCkAcSgpAHIoKQBzKCkAdCgpAHUoKQ
516=B2KCkAdygpAHgoKQB5KCkAeigrAFAAbe08USgpAFIoKQBTKCkAVCgpAFUoKQBWKCkAVygp
517=AFgoKQBZKCkAWigpAFsoKQBcKCkAXSgpAF4oKQBfSAEnYQdtKGAHqAGAOycVA2NMBSdgBy
518=dVAGUoVQBmKCkAZygpAGgoKQBpKCkAaigpAGsoKQBsKCkAbSgpAG4oKQBvKCkAcCgpAHEo
519=KQByKCkAcygpAHQoKQB1KCkAdigpAHcoKQB4KCkAeSgrAFEAbvU5UigpAFMoKQBUKCkAVS
520=gpAFYoKQBXKCkAWCgpAFkoKQBaKCkAWygpAFwoKQBdKCkAXigpAF9IAScJB24oCAeoAYg4
521=J+kCY0wFJwgHJ1UAZShVAGYoKQBnKCkAaCgpAGkoKQBqKCkAaygpAGwoKQBtKCkAbigpAG
522=8oKQBwKCkAcSgpAHIoKQBzKCkAdCgpAHUoKQB2KCkAdygpAHgoKwBSAG/9NlMoKQBUKCkA
523=VSgpAFYoKQBXKCkAWCgpAFkoKQBaKCkAWygpAFwoKQBdKCkAXigpAF9IASexBm8osAaoAZ
524=A1J70CY0wFJ7AGJ1UAZShVAGYoKQBnKCkAaCgpAGkoKQBqKCkAaygpAGwoKQBtKCkAbigp
525=AG8oKQBwKCkAcSgpAHIoKQBzKCkAdCgpAHUoKQB2KCkAdygrAFMAcOU0VCgpAFUoKQBWKC
526=kAVygpAFgoKQBZKCkAWigpAFsoKQBcKCkAXSgpAF4oKQBfSAEnWQZwKFgGqAGYMieRAmNM
527=BSdYBidVAGUoVQBmKCkAZygpAGgoKQBpKCkAaigpAGsoKQBsKCkAbSgpAG4oKQBvKCkAcC
528=gpAHEoKQByKCkAcygpAHQoKQB1KCkAdigrAFQAce0xVSgpAFYoKQBXKCkAWCgpAFkoKQBa
529=KCkAWygpAFwoKQBdKCkAXigpAF9IAScBBnEoAAaoAYAwJ2UCY0wFJwAGJ1UAZShVAGYoKQ
530=BnKCkAaCgpAGkoKQBqKCkAaygpAGwoKQBtKCkAbigpAG8oKQBwKCkAcSgpAHIoKQBzKCkA
531=dCgpAHUoKwBVAHL1LlYoKQBXKCkAWCgpAFkoKQBaKCkAWygpAFwoKQBdKCkAXigpAF9IAS
532=epBXIoqAWoAYgtJzkCY0wFJ6gFJ1UAZShVAGYoKQBnKCkAaCgpAGkoKQBqKCkAaygpAGwo
533=KQBtKCkAbigpAG8oKQBwKCkAcSgpAHIoKQBzKCkAdCgrAFYAc/0rVygpAFgoKQBZKCkAWi
534=gpAFsoKQBcKCkAXSgpAF4oKQBfSAEnUQVzKFAFqAGQKicNAmNMBSdQBSdVAGUoVQBmKCkA
535=ZygpAGgoKQBpKCkAaigpAGsoKQBsKCkAbSgpAG4oKQBvKCkAcCgpAHEoKQByKCkAcygrAF
536=cAdOUpWCgpAFkoKQBaKCkAWygpAFwoKQBdKCkAXigpAF9IASf5BHQo+ASoAZgnJ+EBY0wF
537=J/gEJ1UAZShVAGYoKQBnKCkAaCgpAGkoKQBqKCkAaygpAGwoKQBtKCkAbigpAG8oKQBwKC
538=kAcSgpAHIoKwBYAHXtJlkoKQBaKCkAWygpAFwoKQBdKCkAXigpAF9IASehBHUooASoAYAl
539=J7UBY0wFJ6AEJ1UAZShVAGYoKQBnKCkAaCgpAGkoKQBqKCkAaygpAGwoKQBtKCkAbigpAG
540=8oKQBwKCkAcSgrAFkAdvUjWigpAFsoKQBcKCkAXSgpAF4oKQBfSAEnSQR2KEgEqAGIIieJ
541=AWNMBSdIBCdVAGUoVQBmKCkAZygpAGgoKQBpKCkAaigpAGsoKQBsKCkAbSgpAG4oKQBvKC
542=kAcCgrAFoAd/0gWygpAFwoKQBdKCkAXigpAF9IASfxA3co8AOoAZAfJ10BY0wFJ/ADJ1UA
543=ZShVAGYoKQBnKCkAaCgpAGkoKQBqKCkAaygpAGwoKQBtKCkAbigpAG8oKwBbAHjlHlwoKQ
544=BdKCkAXigpAF9IASeZA3gomAOoAZgcJzEBY0wFJ5gDJ1UAZShVAGYoKQBnKCkAaCgpAGko
545=KQBqKCkAaygpAGwoKQBtKCkAbigrAFwAee0bXSgpAF4oKQBfSAEnQQN5KEADqAGAGicFAW
546=NMBSdAAydVAGUoVQBmKCkAZygpAGgoKQBpKCkAaigpAGsoKQBsKCkAbSgrAF0AevUYXigp
547=AF9IASfpAnoo6AKoAYgXJ9kAY0wFJ+gCJ1UAZShVAGYoKQBnKCkAaCgpAGkoKQBqKCkAay
548=gpAGwoKwBeAHv9FV9IASeRAnsokAKoAZAUJ60AY0wFJ5ACJ1UAZShVAGYoKQBnKCkAaCgp
549=AGkoKQBqKCkAaygrAF8AfOUTYCgpAGEoKQBiKCkAYygpAGQoKQBlKCkAZigpAGcoKQBoKC
550=kAaSgpAGooKwBgAH3tEGEoKQBiKCkAYygpAGQoKQBlKCkAZigpAGcoKQBoKCkAaSgrAGEA
551=fvUNYigpAGMoKQBkKCkAZSgpAGYoKQBnKCkAaCgrAGIAf/0KYygpAGQoKQBlKCkAZigpAG
552=coKwBjAIDlCGQoKQBlKCkAZigrAGQAgewFCGUAgQD//wAAAAAAEQAA

[Lighting]
Red=1.000000
Blue=1.000000
Green=1.000000
Level=0.032000
Ground=0.000000
IonRed=1.000000
Ambient=1.000000
IonBlue=1.000000
IonGreen=1.000000
IonLevel=0.032000
IonGround=0.000000
IonAmbient=1.000000
DominatorRed=0.850000
DominatorBlue=0.300000
DominatorGreen=0.200000
DominatorLevel=0.000000
DominatorGround=0.000000
DominatorAmbient=1.500000
DominatorAmbientChangeRate=0.009000

[Map]
Size=0,0,30,100
Theater=URBAN
LocalSize=2,4,26,94

[Neutral]
IQ=0
Edge=North
Color=Grey
Allies=Neutral
Country=Neutral
Credits=0
NodeCount=0
TechLevel=1
PercentBuilt=0
PlayerControl=no

[Nod]
IQ=0
Edge=North
Color=Gold
Allies=Nod
Country=Nod
Credits=0
NodeCount=0
TechLevel=1
PercentBuilt=0
PlayerControl=no

[OverlayDataPack]
1=BQAAIP4AIACABQAAIP4AIACACwAAIP4QFACBAf7vCwCABQAAIP4AIACABQAAIP4AIACABQ
2=AAIP4AIACABQAAIP4AIACABQAAIP4AIACABQAAIP4AIACABQAAIP4AIACABQAAIP4AIACA
3=BQAAIP4AIACABQAAIP4AIACABQAAIP4AIACABQAAIP4AIACABQAAIP4AIACABQAAIP4AIA
4=CABQAAIP4AIACABQAAIP4AIACABQAAIP4AIACABQAAIP4AIACABQAAIP4AIACABQAAIP4A
5=IACABQAAIP4AIACABQAAIP4AIACABQAAIP4AIACABQAAIP4AIACABQAAIP4AIACABQAAIP
6=4AIACABQAAIP4AIACABQAAIP4AIACABQAAIP4AIACA

[OverlayPack]
1=BQAAIP4AIP+AZAAAIP4YAv/+BADx//0BHAAgA//+Ax4C//sBGAJR+f/5AR8IzBAM//EBKg
2=D//gEYDM4OCv/4AScO//QBHg7KHQj/8wEbCM4kFP/uASQUzyMU/+8BJBbgARr/7QE3Fv//
3=ASUU/t4B/4AkAAAg/hEA/4Hx/v4B/4Lx8f//ARIA/v8B///+DRAE/gMA8f7vC/+ABQAAIP
4=4AIP+ABQAAIP4AIP+ABQAAIP4AIP+ABQAAIP4AIP+ABQAAIP4AIP+ABQAAIP4AIP+ABQAA
5=IP4AIP+ABQAAIP4AIP+ABQAAIP4AIP+ABQAAIP4AIP+ABQAAIP4AIP+ABQAAIP4AIP+ABQ
6=AAIP4AIP+ABQAAIP4AIP+ABQAAIP4AIP+ABQAAIP4AIP+ABQAAIP4AIP+ABQAAIP4AIP+A
7=BQAAIP4AIP+ABQAAIP4AIP+ABQAAIP4AIP+ABQAAIP4AIP+ABQAAIP4AIP+ABQAAIP4AIP
8=+ABQAAIP4AIP+ABQAAIP4AIP+ABQAAIP4AIP+ABQAAIP4AIP+ABQAAIP4AIP+A

[Russians]
IQ=0
Edge=North
Color=DarkRed
Allies=Russians
Country=Russians
Credits=0
NodeCount=0
TechLevel=1
PercentBuilt=0
PlayerControl=no

[Special]
IQ=0
Edge=North
Color=Grey
Allies=Special
Country=Special
Credits=0
NodeCount=0
TechLevel=1
PercentBuilt=0
PlayerControl=no

[SpecialFlags]
Inert=no
FogOfWar=no
IonStorms=no
MCVDeploy=no
Meteorites=no
Visceroids=yes
FixedAlliance=no
TiberiumGrows=yes
InitialVeteran=no
HarvesterImmune=no
TiberiumSpreads=yes
TiberiumExplosive=no
DestroyableBridges=yes

[Structures]
0=Neutral,CATECH01,256,32,36,64,None,1,0,1,0,0,None,None,None,0,0
1=Neutral,CATEXS01,256,34,43,64,None,1,0,1,0,0,None,None,None,0,0
2=Neutral,CAMISC04,256,35,36,64,None,1,0,1,0,0,None,None,None,0,0
3=Neutral,CAWASH11,256,39,46,64,None,1,0,1,0,0,None,None,None,0,0
4=Neutral,CAWASH07,256,43,46,64,None,1,0,1,0,0,None,None,None,0,0
5=Neutral,CAWASH08,256,49,42,64,None,1,0,1,0,0,None,None,None,0,0
6=Neutral,CAPRS03,256,39,36,64,None,1,0,1,0,0,None,None,None,0,0
7=Neutral,CASWST01,256,34,45,64,None,1,0,1,0,0,None,None,None,0,0
8=Neutral,CAOUTP,256,39,53,64,None,1,0,1,0,0,None,None,None,0,0
9=Neutral,CAWASH05,256,39,57,64,None,1,0,1,0,0,None,None,None,0,0
10=Neutral,CAWASH05,256,39,60,64,None,1,0,1,0,0,None,None,None,0,0
11=Neutral,CAWASH05,256,39,63,64,None,1,0,1,0,0,None,None,None,0,0
12=Neutral,CAWASH05,256,44,57,64,None,1,0,1,0,0,None,None,None,0,0
13=Neutral,CAWASH05,256,44,60,64,None,1,0,1,0,0,None,None,None,0,0
14=Neutral,CAWASH05,256,44,63,64,None,1,0,1,0,0,None,None,None,0,0
15=Neutral,CAWASH04,256,53,45,64,None,1,0,1,0,0,None,None,None,0,0
16=Neutral,CAMIAM01,256,44,68,64,None,1,0,1,0,0,None,None,None,0,0
17=Neutral,CAMIAM02,256,51,68,64,None,1,0,1,0,0,None,None,None,0,0
18=Neutral,CANEWY07,256,53,73,64,None,1,0,1,0,0,None,None,None,0,0
19=Neutral,CANEWY07,256,53,77,64,None,1,0,1,0,0,None,None,None,0,0
20=Neutral,CANEWY07,256,49,73,64,None,1,0,1,0,0,None,None,None,0,0
21=Neutral,CAPARS06,256,53,64,64,None,1,0,1,0,0,None,None,None,0,0
22=Neutral,CAPARS05,256,59,67,64,None,1,0,1,0,0,None,None,None,0,0
23=Neutral,CAPARS05,256,63,67,64,None,1,0,1,0,0,None,None,None,0,0
24=Neutral,CANEWY18,256,59,73,64,None,1,0,1,0,0,None,None,None,0,0
25=Neutral,CANEWY17,256,59,75,64,None,1,0,1,0,0,None,None,None,0,0
26=Neutral,CANEWY16,256,61,73,64,None,1,0,1,0,0,None,None,None,0,0
27=Neutral,CANEWY15,256,59,78,64,None,1,0,1,0,0,None,None,None,0,0
28=Neutral,CANEWY14,256,59,82,64,None,1,0,1,0,0,None,None,None,0,0
29=Neutral,CACOLO01,256,81,78,64,None,1,0,1,0,0,None,None,None,0,0
30=Neutral,CAAIRP,256,78,78,64,None,1,0,1,0,0,None,None,None,0,0
31=Neutral,GAAIRC,256,88,78,64,None,1,0,1,0,0,None,None,None,0,0
32=Neutral,CAOILD,256,29,21,64,None,1,0,1,0,0,None,None,None,0,0
33=Neutral,CAOILD,256,27,21,64,None,1,0,1,0,0,None,None,None,0,0
34=Neutral,CAOILD,256,25,18,64,None,1,0,1,0,0,None,None,None,0,0
35=Neutral,CAOILD,256,25,20,64,None,1,0,1,0,0,None,None,None,0,0
36=Neutral,CAOILD,256,25,22,64,None,1,0,1,0,0,None,None,None,0,0
37=Neutral,CAOILD,256,27,23,64,None,1,0,1,0,0,None,None,None,0,0
38=Neutral,CAOILD,256,29,23,64,None,1,0,1,0,0,None,None,None,0,0
39=Neutral,CAOILD,256,23,25,64,None,1,0,1,0,0,None,None,None,0,0
40=Neutral,CAOILD,256,25,27,64,None,1,0,1,0,0,None,None,None,0,0
41=Neutral,CAOILD,256,28,27,64,None,1,0,1,0,0,None,None,None,0,0
42=Neutral,CAOILD,256,31,27,64,None,1,0,1,0,0,None,None,None,0,0
43=Neutral,CAOILD,256,21,44,64,None,1,0,1,0,0,None,None,None,0,0
44=Neutral,CAOILD,256,26,47,64,None,1,0,1,0,0,None,None,None,0,0
45=Neutral,CAOILD,256,26,42,64,None,1,0,1,0,0,None,None,None,0,0
46=Neutral,CAOILD,256,31,45,64,None,1,0,1,0,0,None,None,None,0,0
47=Neutral,CAOILD,256,30,50,64,None,1,0,1,0,0,None,None,None,0,0
48=Neutral,CAOILD,256,34,53,64,None,1,0,1,0,0,None,None,None,0,0
49=Neutral,CAOILD,256,34,48,64,None,1,0,1,0,0,None,None,None,0,0
50=Neutral,CAUSFGL,256,65,75,64,None,1,0,1,0,0,None,None,None,0,0
51=Neutral,CAUSFGL,256,71,75,64,None,1,0,1,0,0,None,None,None,0,0
52=Neutral,CAUSFGL,256,71,81,64,None,1,0,1,0,0,None,None,None,0,0
53=Neutral,CAUSFGL,256,72,80,64,None,1,0,1,0,0,None,None,None,0,0
54=Neutral,CAUSFGL,256,66,74,64,None,1,0,1,0,0,None,None,None,0,0
55=Neutral,CAUSFGL,256,66,80,64,None,1,0,1,0,0,None,None,None,0,0
56=Neutral,CAWASH19,256,67,76,64,None,1,0,1,0,0,None,None,None,0,0
57=Neutral,CASTL05A,256,79,86,64,None,1,0,1,0,0,None,None,None,0,0
58=Neutral,CASTL05B,256,83,86,64,None,1,0,1,0,0,None,None,None,0,0
59=Neutral,CASTL05C,256,87,86,64,None,1,0,1,0,0,None,None,None,0,0
60=Neutral,CASTL05D,256,79,90,64,None,1,0,1,0,0,None,None,None,0,0
61=Neutral,CASTL05E,256,87,90,64,None,1,0,1,0,0,None,None,None,0,0
62=Neutral,CASTL05F,256,79,94,64,None,1,0,1,0,0,None,None,None,0,0
63=Neutral,CASTL05G,256,83,94,64,None,1,0,1,0,0,None,None,None,0,0
64=Neutral,CASTL05H,256,87,94,64,None,1,0,1,0,0,None,None,None,0,0
65=Neutral,CAMOV01,256,55,53,64,None,1,0,1,0,0,None,None,None,0,0
66=Neutral,CAEURO05,256,67,86,64,None,1,0,1,0,0,None,None,None,0,0
67=Neutral,CAWASH18,256,70,89,64,None,1,0,1,0,0,None,None,None,0,0
68=Neutral,CAPARK02,256,70,86,64,None,1,0,1,0,0,None,None,None,0,0
69=Neutral,CAPARK03,256,67,89,64,None,1,0,1,0,0,None,None,None,0,0
70=Neutral,CASTL01,256,82,66,64,None,1,0,1,0,0,None,None,None,0,0
71=Neutral,CASTL01,256,77,66,64,None,1,0,1,0,0,None,None,None,0,0
72=Neutral,CASTL03,256,32,29,64,None,1,0,1,0,0,None,None,None,0,0
73=Neutral,CAWASH05,256,78,100,64,None,1,0,1,0,0,None,None,None,0,0
74=Neutral,CAWASH05,256,83,100,64,None,1,0,1,0,0,None,None,None,0,0
75=Neutral,CAWASH05,256,88,100,64,None,1,0,1,0,0,None,None,None,0,0
76=Neutral,CAWASH04,256,85,106,64,None,1,0,1,0,0,None,None,None,0,0
77=Neutral,CAWASH04,256,90,106,64,None,1,0,1,0,0,None,None,None,0,0
78=Neutral,CAWASH04,256,90,111,64,None,1,0,1,0,0,None,None,None,0,0
79=Neutral,CAWASH04,256,90,116,64,None,1,0,1,0,0,None,None,None,0,0
80=Neutral,CAWASH04,256,85,111,64,None,1,0,1,0,0,None,None,None,0,0
81=Neutral,CAWASH04,256,80,106,64,None,1,0,1,0,0,None,None,None,0,0
82=Neutral,CAWASH03,256,99,99,64,None,1,0,1,0,0,None,None,None,0,0
83=Neutral,CAWASH03,256,103,99,64,None,1,0,1,0,0,None,None,None,0,0
84=Neutral,CAWASH07,256,92,86,64,None,1,0,1,0,0,None,None,None,0,0
85=Neutral,CAWASH07,256,92,90,64,None,1,0,1,0,0,None,None,None,0,0
86=Neutral,CATEXS01,256,93,94,64,None,1,0,1,0,0,None,None,None,0,0
87=Neutral,CANEWY06,256,92,99,64,None,1,0,1,0,0,None,None,None,0,0
88=Neutral,CASWST01,256,93,96,64,None,1,0,1,0,0,None,None,None,0,0
89=Neutral,CAWASH10,256,104,94,64,None,1,0,1,0,0,None,None,None,0,0
90=Neutral,CAWASH10,256,104,86,64,None,1,0,1,0,0,None,None,None,0,0
91=Neutral,CAWASH10,256,104,78,64,None,1,0,1,0,0,None,None,None,0,0
92=Neutral,CAWASH18,256,105,91,64,None,1,0,1,0,0,None,None,None,0,0
93=Neutral,CAWASH18,256,105,83,64,None,1,0,1,0,0,None,None,None,0,0
94=Neutral,CAOILD,256,112,96,64,None,1,0,1,0,0,None,None,None,0,0
95=Neutral,CAOILD,256,112,93,64,None,1,0,1,0,0,None,None,None,0,0
96=Neutral,CAOILD,256,112,99,64,None,1,0,1,0,0,None,None,None,0,0
97=Neutral,CAOILD,256,115,99,64,None,1,0,1,0,0,None,None,None,0,0
98=Neutral,CAOILD,256,115,96,64,None,1,0,1,0,0,None,None,None,0,0
99=Neutral,CAOILD,256,115,93,64,None,1,0,1,0,0,None,None,None,0,0
100=Neutral,CAOILD,256,112,102,64,None,1,0,1,0,0,None,None,None,0,0
101=Neutral,CAOILD,256,116,102,64,None,1,0,1,0,0,None,None,None,0,0
102=Neutral,CAOILD,256,119,102,64,None,1,0,1,0,0,None,None,None,0,0
103=Neutral,CAOILD,256,119,99,64,None,1,0,1,0,0,None,None,None,0,0
104=Neutral,CAOILD,256,99,119,64,None,1,0,1,0,0,None,None,None,0,0
105=Neutral,CAOILD,256,99,116,64,None,1,0,1,0,0,None,None,None,0,0
106=Neutral,CAOILD,256,99,113,64,None,1,0,1,0,0,None,None,None,0,0
107=Neutral,CAOILD,256,99,110,64,None,1,0,1,0,0,None,None,None,0,0
108=Neutral,CAOILD,256,99,108,64,None,1,0,1,0,0,None,None,None,0,0
109=Neutral,CAOILD,256,99,106,64,None,1,0,1,0,0,None,None,None,0,0
110=Neutral,CAOILD,256,101,106,64,None,1,0,1,0,0,None,None,None,0,0
111=Neutral,CAOILD,256,103,106,64,None,1,0,1,0,0,None,None,None,0,0
112=Neutral,CANEWY01,256,60,61,64,None,1,0,1,0,0,None,None,None,0,0
113=Neutral,CAMSC10,256,32,55,64,None,1,0,1,0,0,None,None,None,0,0
114=Neutral,CAMSC10,256,98,92,64,None,1,0,1,0,0,None,None,None,0,0
115=Neutral,CAMISC05,256,98,90,64,None,1,0,1,0,0,None,None,None,0,0
116=Neutral,CAMISC05,256,98,89,64,None,1,0,1,0,0,None,None,None,0,0
117=Neutral,CAGAS01,256,65,62,64,None,1,0,1,0,0,None,None,None,0,0
118=Neutral,CAMSC11,256,68,62,64,None,1,0,1,0,0,None,None,None,0,0
119=Neutral,CAMSC11,256,69,62,64,None,1,0,1,0,0,None,None,None,0,0
120=Neutral,CAMSC11,256,65,65,64,None,1,0,1,0,0,None,None,None,0,0
121=Neutral,CAMSC11,256,66,65,64,None,1,0,1,0,0,None,None,None,0,0
122=Neutral,CAMISC01,256,68,64,64,None,1,0,1,0,0,None,None,None,0,0
123=Neutral,CAMISC01,256,68,65,64,None,1,0,1,0,0,None,None,None,0,0
124=Neutral,CAMISC02,256,69,64,64,None,1,0,1,0,0,None,None,None,0,0

[TeamTypes]

[Triggers]

[Units]
0=Neutral,PICK,256,86,80,64,Guard,None,0,-1,0,-1,1,0
1=Neutral,PICK,256,87,80,64,Guard,None,0,-1,0,-1,1,0
2=Neutral,CAR,256,40,50,64,Guard,None,0,-1,0,-1,1,0
3=Neutral,CAR,256,35,33,64,Guard,None,0,-1,0,-1,1,0
4=Neutral,WINI,256,34,39,64,Guard,None,0,-1,0,-1,1,0
5=Neutral,PICK,256,93,102,64,Guard,None,0,-1,0,-1,1,0
6=Neutral,PICK,256,94,102,64,Guard,None,0,-1,0,-1,1,0
7=Neutral,TRUCKA,256,35,50,64,Guard,None,0,-1,0,-1,1,0
8=Neutral,STANG,256,79,71,64,Guard,None,0,-1,0,-1,1,0
9=Neutral,SUVB,256,82,70,64,Guard,None,0,-1,0,-1,1,0
10=Neutral,SUVW,256,84,71,64,Guard,None,0,-1,0,-1,1,0
11=Neutral,TAXI,256,87,72,64,Guard,None,0,-1,0,-1,1,0
12=Neutral,PTRUCK,256,76,72,64,Guard,None,0,-1,0,-1,1,0
13=Neutral,LIMO,256,62,71,64,Guard,None,0,-1,0,-1,1,0

[Waypoints]
0=33024
1=113106



[Digest]
1=H7iCAffHIDHsUgudC9pV03pPWbg=

