; Map created with FinalAlert 2(tm) Mission Editor
; Get it at http://www.westwood.com
; note that all comments were truncated

[Header]
Width=85
Height=45
StartX=213
StartY=50
Waypoint1=293,66
Waypoint2=219,68
Waypoint3=0,0
Waypoint4=0,0
Waypoint5=0,0
Waypoint6=0,0
Waypoint7=0,0
Waypoint8=0,0
NumberStartingPoints=2


[Preview]
Size=0,0,180,50

[PreviewPack]
1=5hIAIAbd6e3e6u7e6u5AAUsA3uruSABAAUgAQAFIAEABSABAAUgAQAFIAEABSABAAUgAQA
2=FIAEABSABAAUgAQAFIAEABSABAAUgAQAFIAEABSABAAUgAQAFIAEABSABAAUgAQAFIAEAB
3=SABAAUgAQAFIAEABSABAAUgAQAFIAEABSABAAUgAQAFIAEABSABAAUgAQAFIAEABSABAAU
4=gAQAFIAEABSABAAUgAQAFIAEABSABAAUgAQAFIAEABSABAAQAD1+PnvcjMoKyt0+Hkwc7E
5=2ufo2ujqXAJIAEAESABAAUgAQAFIAEABSABAAUgAQAEACdfn7cfe59Xn7c3h6YClxEFlhR
6=Y8YhQ8YhU8YkABSAAJFDtiFDthFDxhFj1jUAJYAaABBneQoTdUa2B0gbwISAlAAUgAQAFI
7=AEABSABAAUgAQAFIAEABSABAAUgAQAFIAEABSABAAUgAQAFIAEABSABAAUgAQAFIAEABSA
8=BAAUgAQAFIAEABSABAAUgAQAFIAEABJwgAWAFIALgBQAFIACCQLAADrLrCxNHXWBZQF0gA
9=QAFIAEABSABAAUgAQAFIAEABSABAAQagr7lzhpLS3eJMAUgAUAJIAEABAAvd6u3P3N+4w8
10=XD0NPI1dnBy82jq6TZ6OrX5unc6lBoB+2ir7eKnam2xc7cBTJnDdXm7EgADNTn7aHA2G+U
11=s3yeuT1ggaBA1EL+RBY9YEaFRGFUAANogpNneIFYEFALSABAAUgAQAFIAEABSABAAUgAQA
12=FIAEABSABAAUgAQAFIAEABSABAAUgAQAFIAEABSABAAUgAQAFIAEABSABAAUgAQAFIAEAB
13=SABAAUgAQAFIAEABSACgAVQASABYAUgAQAFIAEABSABAAUgAQAFIAEABSABAAUgAQAFIAE
14=ABSABAAUgAQAFIAEABSABAAUgAQAFIAEABSABAAUgAQAFIAEABSABAAUgAQAFIAEABSABA
15=AUgAQAFIAEABSABAAUgAQAFIAEABSABAAUgAQAFIAEABSABAAUgAQAEJfYuThpijpLO7t8
16=PKWAFQAkgAQAFIAEABSABAAUgAYAEI5+uot8CBk59lcHd4ASycFAAJ3+zvzdveqbOztL/C
17=2Obp4e/wxtPW0uHk1+XoUAVIAFAIA1Zlb4iXoKwBWAFAAUgAQAFIAAnQ3OHK1NiOmJ6+yc
18=5YQ0gAREQJv9fkZYina4qlOV1/nIZ4QEABQENciWABSkU9Y0ABBiFHa1x4jG5+iEAKSABA
19=CkgAQAFIAEABSABAAUgAQAFIAEABSABAAUgAQAFIAEABSABAAUgAQAFIAEABSABAAUgAQA
20=FIAEABSABAAUgAQAFIAEABSABAAUgAQAFIAEABSACgAVQASABYAUgAQAFIAEABSABAAUgA
21=QAFIAEABSABAAUgAQAFIAEABSABAAUgAQAFIAEABA9bl6+Ls8KwBWAFAAUgAQAFIAEABSA
22=BAAQPV3+Hd6eysAVgBQAFIAEABqAAnLABAAUgAJ1AAOSwAAAOuu8ONoKvD0NZIVFt8jpi6
23=x8/X4eU5vwChrLNYCkAESAAnIACsAbgBBniAgMHO0d3r7ltD0N3gUAJIAEAESAAnIACsAS
24=c4AEABSABQAkgAAAm9ydDa4+evusDZ4+fL3+jL3+fB2OSPsc8xVnpQg0xAYMp8QXCGXIlQ
25=RLwCTAEgbGQZJ0QDQAFIAEgbSABAAUgAQAFIAAPR4un6+gCoAEg/A+jw8+fv8lwCKiwAUA
26=VbBNLj6kgAQARIAKwEXAJYBC23CM7X2FwCSABQCEgABNjj5tji5d4ptAioA1QASABABEgA
27=QAFIAEABSABAAUgAQAFIAAnX4eaep6zH09mKlp1QAkgAsAJBAdRCu+ftWAFMAUgAQAFIAF
28=ACJy8A2ejtWAFQAkgAUAJIAEABSABAAUgAQwHe6u1AAUgAjAEgED8m1+ftQEMJzeLrwtnl
29=wNflZoywYkA9YiKAIYNDFD1jTAFIAEhCQEZ0AyJlImFEywZRZnJoeIGcp6pID0AQSABAAU
30=gAQAFIAEABSABAAUgAQAFIAEABSABAAUgAQAFIAEABSABAAUgAQAFIAEABSABAAUgAQAFI
31=AEABSABAAUgAQAFIAEABSABAAUgAoAFUAEgAWAFIAEABSABAAUgAQAFIAEMBv9bhrEMwFA
32=BYQEg/QEBUQjB0AEQCSANABEABSABARkAKSABMCkgAQAFIAEABSwDAzb0nLABAAUgAUAJI
33=AEABSABAAUgAQAFIAEABSABAAUgAQAFIAEABSABAAUgAQAFIAEABBcfe58zh6tfnYJRYAS
34=dSANHjIlQpRAJIAEwEWDcDw9nlyd3nXAJLRc3i6kABSANcBVgBXEcnLQDV5E1EAqgATASo
35=AFgBQAFcBawEBs7V1svR0Nzo7LwLBnSavEpuj1V8oUBAxUE9ImgqJzAIUAInHCInLwBYfZ
36=dMCkgAUAtIAEABSABAAUgAQAFIAEABSABAAUgAQAFIAEABSABAAUgAQAFIAEABSABAAUgA
37=QAFIAEABSABAAUgAQAFIAEABSABAAUgAQAFIAEABSACgAVQASABYAUgAQAFIAEABSABAAU
38=gAA9nn7MPZ4zl4CFA+IAYIAAPi7fHh7PBIAFELeOAATAFIAEMN2ujpQAFIAEwBSABAAUgA
39=QAFIAEABSABAAUgAQAFIAEABSABYMSo0BydcAAPW5uzN4ulMdkA9J1AARAJEQVACoEZMBA
40=ACxNnjw9nks83fqcTYtM7gyN3px9y1wOhYBEgATAdYBEAHiQDqJ6wBUAKICWBJTAFYEJkB
41=61RRB9Xh5MvS0s/X2BTjAIiowpRCIpghTIVMAWgAIxQqZEFMhSOwIW4BO2JMiExGDCNJax
42=tCaG+OoVlteXaUpFwLV05egJNQiUgSQB9IAEABSABAAUgAQAFIAEABSABAAUgAQAFIAEAB
43=SABAAUgAQAECyc3Kys8iFC1AAQPNzsrN09O8AkgDQAFIAEABSABAAUgAoAFUAEgAWAFIAE
44=ABSABAAUgAQAFIAEABSABYQ0gAP4QItT++n4zf6/CgAURHvAJUQid8EOhD3ABADUgAQA1I
45=AEABSABAAUgAQAGkI0wBQAErdgbg6Vg6SH5fMszg6Fg6REFENZw4YENcAlw7UAJVAMvzBd
46=Hk7FwCSAAGxdzo0OLqcpi7TDFQNQxvlrubu9MjSW5kianB2ORABEgAQAdIAEABSABAAUgA
47=QAFIAEABSABAjkwBSABMAVQASAADv9jmyd7n8EIrHABQPlQMaAC0QidUO5TMrBBMBOABIi
48=giCW+SrmB+nIOkwczh6FROBrrJzWiFk1VreUwiSABAIkgAQAFIAEABSABAAUgAQAFIAEAB
49=SABAAUgABsrOysC9scXDuUgAQAFIAEABSABAAUgAQAFQRFAFSABQBUgAQAFIAKABVwBSZn
50=FYAUgATAFIAEABSABAAUgAQAFIAEABSABYQ0gAJ4QItD9cAkABdgDq71Q/UAVIALgBUAWg
51=AVwCCczZ08nVx7C6l9Le2UAEA9Pd3tDY16RDWAFYBEgACbK/x1JdZYqWncPQ1ie8HqQvA8
52=jd55+/1kQvSzDO4upYOkh+A3aZt0RpjVg6SH4Dz+Lr0+btUAVbBLLN4VBBTAEGx97qz+Lq
53=ts/gREFAu0gtBjBXfG+YvcPa5ku9nLfOsDVMdidQBglvk7BIbZK3ztrG3OZMDVwIUwjR5O
54=soAgLg6VwCWAdACgFylbTA4ElLDFV7nksPwNjmXAsrZAjwASTYKcTIhMtID0hCXIlAEEgA
55=nBEiHCJQAqgABGWHpsbb5c5YoAjh6qO3wFhqdW5+iEwlUCZIAEABSABAAUgAQAFIAEABSA
56=BAAUgAQAFDQ8rIv0BAWEBIAEABSAC4LrcAx8fBWARQBUgAQAFIAEABSACgAVQASABYAS2E
57=CAZSZ3NqfopSZ3VIA0AESABAAUgAKsQHWAG3PNfi40AEUERMhVACTAFIAEABSABABAbO1t
58=PX4ePa5ee8EbQAXAJLANDZ2VwCUAVIAFIFx9NkRyf4D1QwBs7j7LrU5L3X5kQvBjVafn+i
59=wcDX5lg6xCwIPGIwXIY1YY1+ob9QPgZ0ncFPcpJghadYBAlzmLpBZITM3+lRdphxBTt0ul
60=czQmqRWARAAUAxSDNIA0ABWAFIM1gBRDIDFDxhn7jGJ68BkK/IUAhDTFR1k1ACSBKkC1wF
61=Ygc8YrwOVEW4B7wLrAHwQiscAFQGVANcDkANjQFhWAFcDkgAAzxihkFmiEABDGmMqX6iwd
62=Tm7dHl7cXb5khUvCMLcoyccYKMQWiBe5Si2OUgARcezczEtC20AFhDSAAneAisATzcEFAy
63=SA9IAEABA1RncE1ibKwBWAEGeIqTaXuEVWhzTAFTAtjj5iGgMURBWDpIAEc70NnaSD8n1B
64=hYBKREWItcBUgARgLU3yKXScjMyk/x1+LlUAJIAFwCSAAD1d/f0d3egQTsVMaoGFQAVCEn
65=UwZ3mrZUJ1BrUyZPcpNMAUABaAAjwC9YK0gAswJDa5G0PEcCT3KUUC9cAkgAcAWY+lQDSA
66=P8AvAyUP4iuFJ4/VAFcD5Gvz1iTA1QCEBMWAdwAicgGCcgAJgESAZABEgAYAGICawBVD+0
67=BitkCPABWBBUA0gAQAFIAFMFI0xzS0LK3ehIQkRQXJ5YhYABImAjTCVRJt0iCE4F7qi7wM
68=7d4ugjzDg5hC9fBdfg4lhDUEFYQFQqqABMAUgAUAJIACAG3BDUDzKsTwZ6ipG+zdNphZRQ
69=rUg5Asnd5tzpInRdTAEnVAhAAbdC3+rvTItIAFhDSABEFEgAUAsJx8zKtbOtpaGYw8fEWA
70=FQAkgAQAFIAEABuBZAIkABWIIHX4OkW3yabY+tFFQtWDophFlkL5ACdEUnmAZ8RCIUWlws
71=qACkNawBqDCoCVwCSABQCEgAYAFICUgASAxUAEgAoAEjWChiBDxhpAhkBYwQWAEoHAEpvA
72=BQO1QMSBJEBUwBVAB4B2hOhgg9YvBCKxwAVAlUBlQAUwVukrMhpF2QQQPr0uTq0ON4glMj
73=1OftIbwhSCRMAUsA4+3wJ1QIQAFIAFhDSABABEgAQARIAEABSABAAUgABtTX1dXb2Nrf3U
74=RBTCsgA1QIrAe0AEQIQAFIAEABSABAAUgAQAFIAEABSABAAQO7zNG50d1XQs7h6EgAUAJR
75=QeEj3DFAAUgArAFEBaREVEJYQ0gAQAFIAFwFSABUAwm5urWelouYjoC/w8BYAVACSABAAV
76=gWSwCnxNghq1lBZYWYK3TAVC1IJycABUABSABEAlApvC9sASqECFw1ZDJwgHSE+PpcCFwF
77=SAC4B5wLjARQSkgGSACUQtQDTAFIACdYAZRCSAN1Bjx0jSccAZACnAicBbARTBNcAkgAvA
78=VAAVwCSAZcAitkCJABUAIDgqXButLeSKVIQlRjKiQIWOtYASRsNUAlSABMJUgASEJIAEhC
79=SABAAQa2ydSYr77h7O9MKKgATARQBUgAQAFIAEABSABDAcnHvFhDSABIRTY0GVgEsAVUAE
80=gAWAFIAEABSABAAUgAQAFIAEABSABDAdnn7EhCSABYPUgAWD1cg0hCSAC0QkMB1d/gWM1c
81=AkAESABMBEgACMDX4s3h6Mvg5tPjKORZCZSGdaWflZ2ThszS0bwLSAxAAU5kzeIitzi/1+
82=QiGGJINkgAJ9gFTLioOSf0B5g3UC9IAHwvUAWIfkRBJzgATAFcMkgAVDBxAjsieEFYAVwC
83=VAZIAHACvIMpfAFQAmhLnAtQBUwHRAVsPegPuAFUAEQFdABMB6gATBBIAOwWSANIAEwEUA
84=ioAEgJkEIuEABMOlAgSABcIEgAQAFIAEMB1ebsQAFIAAPK0NDS2ttAAUgAXAJIAFRCTENI
85=AAmrv8h1kKJidH+Ekpg2HAFcBUAHJ3QqOTQZWASwBVQASABYAUgAQAFIAEABSABAAUgABs
86=nNysLBttbf4UwBWD1IAFg9VD9EQUQCQAFAQ0wBvAUJztfY1N/g0tvb2uXnVAMG0uPofYyU
87=QFprTgHa6GAcQAFIAFAFSABAAQmdk4SsqqKXjoGsqJ5YAVACSNVMZExnCdLn783h6qnG2i
88=9VeYgqIuxyVDl8uZQ/lC1gi0ABqACZBGJMBFgBuDF0MORBJywAZD6QiUwESAZcAlwFcAJV
89=Tj0ijDBcAqQCTA3tAWNEAlAFcAuMiLBETAdABGwBiEtABFgBRAX0CSIoOkwEKEQASAyQTW
90=AETA0pdAhQg1gfUCBIAEABSABAAUgAQAFIAEABSAAJyM/Oq6qih3hm2uTnJ1AAXgLe6SLY
91=VkABA119j0xicCdoAEABSABcAkgAXDivhcrIv0ABSAC8hlwCJ3wHUAVIAFAFSACgAVQASA
92=BYAUgAQAEk9yLKz85MAURQSABQCE8B2ebqXD5MBFjKtMZMAVRCQARIAE8B2OPmIfghCNTf
93=4tfh493p7d3pEQAA7xEAIA3t3uru3urueIuUfouQSFxnWwHd6e1IAEABSABAAUgAQAEJyM
94=vIpaGXqaWc2uTnWAFQAkgAQAED1OftzeLqSAAGv9fkPWCBFDtiSAADFj1jFjxiSAABFDxi
95=FIwBARQ7YRVEAgE9YhY9YARsAVoBPGJAAUgARAVIBkABSAC4B1QATAFQBUgATAFIAEAESA
96=BAAf0CY0ABSACsB1wCgAGRDjt0ALgBQARIAHIIPWNQEWwBnA5cBWwBnBFkBV4UPGFAAVAC
97=SABAAQA2FDxhNFh7rMfaxdvmzOHq3OntyM7NvLy2tLSvsrOtoJaIpJuPxsvJzdbWjoFxg3
98=Jdq6ynpKGZhHNfeGRQmY5/pJ2R2eTm3+vvSCRAJUgAQAFIAEABBtPh5Iqfql90gEwBSABQ
99=AkgABtfg4sC9scXDuUgAQAFIAEABSABAAUgAQAFIAFAFSABQBUgAQAFIAKABVABIAFgBSA
100=BAAUgAAdTX1XgvAAAD1t/h1N/gSAAC1uDh3+rAE1AFoAW3DMrPzlAISABcAkgAQAFIAEAB
101=SwAxT2AnLABAAUgAUAJIAEABBsbOzaCajod4ZkgeWAFQAkgAQAEP1ubszeLpzeLry+DqcZ
102=OwJVB6VCrEL/QwWAFkRLBEVDCAAUgwSABUMEQ+QAFIAGwBVANKADthUAhYAUAHAydOdC5T
103=d3A7BTtiO2GIUXKQTAFQBfwCZD5YBFAIaABMB0gAXAsp0Ae8CEgGQAFIAFAFbAGABEABSA
104=ByAjxh1FdYB2wBTFgHZGKDob3V48vf6ERfBtHj6tTe38jOzEgeQB8D1dzc093erAEDsq2j
105=vry0rAEJtLGoubq0zdTTzNLPWARQAkgAQAFIAEABSABAAUsAWG14JywAQAFIAFMCzczEQD
106=RIAFhASABAAUgAQAFIAEABSABDAc3T01AFSABcBUgAoAFUAEgAWAFIAEABSABAAVQJsD63
107=AM3OymgADtPT0NnZzdXS0d3e1N/i2uXnTFJDScnHvFALSwzCwbZISFgHUAhIAEABSAAJoq
108=yvcYuaepWknbC4UAJIAFACSABAAQnFy8mGd2aWj4Shl4lYAVACSABAAQLc6e7X50ND68zg
109=dCcDtc7eTXGTSC1IALQtoAFIOVgBTAFQMng3UDKMRipcAGRHjIgDLVN3aIupUEFQBVt2YI
110=KfWAEAA2uOq0hvlE1zlm6SsIiownyfvompxbwCA2+Us1h+oFALSADkRyo8EWyUSAl8DlE+
111=O3iUUBHYAUQCVEhUAEhRSI3sAaATTAQJWoGmpMPZx9vjy+DpRERIAEhgUERMH0gAUCBIAE
112=ABSABAAUgAJyAArAEnOABAAUgAUAJKAGV3eIVAAUgAUAJIM1A4V3XKzspIM0A0SABAAUgA
113=QAFIAEABSABAAUsAx8fBSAZAB0gAQAFIAKABVABIAFgBSABAAUgANjQBWEO0CUYOyc3URV
114=wFUAJIAEsM1dnWUAhIAFACSABAAQaXpKh0ho9OY3BMAUgAUAJIAEABCc7Y2ZuShqijm7e2
115=rlgBUAJIAEABSABAAUgAQAEn3BAG0uXsWXycNVl8bCtAQEgAjEBEuahyQEBEOCikBpQDcA
116=WUQkg2DBc/Zklvk63I2s7i6qfF3EBASLqkMgOgvtSRscysAUgDAbrU5hSAAAPI3+p8nrm0
117=RaRHA2qOrlR3l0Q7YA1IDJgQTAG8jFiRTBCsAawEWAFMEEwTQBBoAEjeVM8AATtiPGKGQW
118=aIWoSryNzly9/nzeFd5uuBEOpYQ6wfWB9AAUgAJyAArAEnOABAAUgAUAJIAC1UCCdcAFAy
119=SABcMkgAQAFIAEABSABAAUgAQAFIAEABSABAAVB6QAdIAEAKSACgAVQASABYAUgAQAFIAE
120=ABSIFIBkgAVAZIAEABSABAAUgAQAFIAEABSABAAUgAQAFIAERHagDT01gHUAhIAEABSwBl
121=iZ8nLABAAQnd6u7b5uqjnZOtqJ1YAUAESABAAUgAQAFIAEABA9fn7cfe50DKSyfA1+VHek
122=puj1QwdC1QcYQsWAFIMGgA+DR8L+wBRTIUTAFIAEQ4SAALQWplh6aivtXL4OfL4OiQPwEU
123=0uTqoAFUACosAFgBJwgAtEUJ0OTryd/ottHjKFR+rBBcDlhSMPwRrI4DZIioL1h/QENTBT
124=NXekhLQNZAFrwFDGmMqX6iwdTm7dHl7c7i6UiHSB5DH9Xm7EsA0OPpVABYprACXAJIAEwB
125=SABAAUgAQAFIAEABSwBTZ3MnLABAAT+vEP8AAKgAXDVAN0gAQAFIAEC+WAdACkgAQAFIAK
126=ABVABIAFgBSABAAUgANtwQSAlIAEgJSABAAUgAQAFIAEABSABAAUgAKpQBCYSUm32MlEBa
127=a6C4wlALSABQC0gACdDb3czS0aSek8fMylACSABQAkgAQAFIAEABSABcaKQyA7nS4WaMsF
128=AsSD9Mc3QAtbQ9KIQXZUE7IrwnWDFMAVAFQDdwBUh1CzthJEtwgqXBdJe1xtvlJ9AHIAwg
129=AAnM4emXuNNliKcsUXVUQgkcQWfA1uPK3eiEo75cj6gJvI+sAVZIZYrU1QNggp/I3egwvR
130=LOVEIC3+jM4epYQFwdQB8DyMzKy9LSrAFYAUABSABAAUgAQAFIAEABSABAAUgAM1whXAJI
131=/EgASHtMMVAySABAAUgAqEInFAAnXAAzNBlcCKANVABIAFgBSABAAUgAQwHa391IDCcEAU
132=ABSABIDEgAJ3wBTAFQAkgAQAFIAEABJ9wQKsQZBniLlHqKkVJmcVgKUAtIAEABSAAGzdLR
133=j4R2xcnHTAFQAkgAQAFIAEjJQ2fU5+2kMqxwmD2M+lCAZD4oLABIA0gATEZgQ1hGrIWUAE
134=h1SDkCI0xzzOKxtuusNyAVFwCqyN0hcCJD0Mrf6CGIMUQUPBwBKrUIzUAQ/JVuAd/orBxM
135=AUAfSABAH0RlBrWzraWhmMPHxFgBUAJIAEABSABAAUgAQAFIAAaTqbQ2U2pfdIBMAVACSA
136=BAAUgAQAFIAEABSABMMUgAUDJIAEABSABAAUgATDcnLABAAUgAUAIwFCq8CLQAVAlAAUgA
137=QAFIAEABSABBAc0sfCtECyoIAKQLUAtAAUgAQAFIAEABSABAAUgAKg8RYHaCKic7+voASA
138=AJtreyqqign5eLys/OWA1QDgbQ2+GYqLHH1dtIJ0gAXC+scANgg6I+Y4W0P+RBIjA7QMdA
139=hUBDQIVUA0ABKxQABTxiK1F2v9bkWHNIt1QAPDQHIAN3AMTZ4y2YAEQLA7PN38nd5y1cAC
140=o7AMPZ5S2AAFwdWMdIHkABSABAAUgAQAEIubq1raujsrKs3OkiEEBQAkgAXAJIAEQmqAAD
141=ip+qZ3iBJ1wAQAFIAEAESABYylB6MNwQUDJIAFAySABAAUgAQAFIACAS3BBUDFgNU8vKyL
142=9ECEgJSABAAUgAWEMnLABAAUgAUAJIAEABSABAAUgANscBMU9gtBu0AEgMQA0ACbW1r6Wg
143=l6ahl5yThcXKyoKPlr7Jz8fS18rV20TLCM3h6tPk7Zm40ktwIqgydD8jhCmkRGLHPGIqTB
144=9AvkD6A0FmiExujkC+RgjR4yhcISq8BiAhLAAAA87j7LrU5L3X5naZt2qHoKzF19Dk7FgK
145=KrQIQxDF3OhQRwOpxNi1z+CgBEAfWKMCzeLp1eciw0fU5uxAAUghXAJIAEMBl4x+QAFIAE
146=wBSACgAbAmtAADfpenbn6IXAJIAEAESABAAUgAQAFIAEAxSABAMUgAQAFIAEABSABAAUgA
147=QAFIAEABSABAASAM3BBMT7QGQAdAAUgAQAFIAEABSABAAUgAQAFIAEABSABAAUgAQAFIAE
148=ABQ0PV2dYt3CsJe4mNg5ypY4GPnbC4tBtUAFQYWBlIAEABSAAJzNTUytDOsq6lz9naUAJI
149=AFACSIcDyN3pu9TiSLpY/QZoh6KDoro0WXtTRDxihiFQJ1D+r/rI3edbuE1zliEwIFQGQ/
150=rR5e1ENSAzCAAnVwh3mrZEEbCVB6C2xTVafn+iwcCURQkwV3xvmL3D2uZ0mrykWVBHAr7X
151=5cDYXZjoVMlQiUJG0eQitD5ISEgAUAJEWUAfBsnR0auooMbLyUwBUCCoAEQmJwgACYeirq
152=W8yGeInYGQmUwESACsBEABSABMASRUID8MEVA1vAVIBkABSABAAUgAoAFUAEgAWAFIAEAB
153=QENIyViFVDxIAFg9SABAAUgAQAFIAEABSABAAUgAQAFIAEABSABAAUANVEJIAFwISABACk
154=gAQwF4iJAhGzt6laQnaAOgAUgDQARIAEABSABAAUoAwsUorz3Z6u+kO0w9SD8Gx93mz+Pr
155=pcPZJ98fyt3oIcAvrARCK8newLtMAVB3vAIgLRQAA83h6cTb5kiBVEIpRBsjvVQ9dwBPcp
156=PURQI9YkJqkSTMI1ybQAFkRAALPWKDpMHA2OZ0ncFPcpJylbS0zuCbu9N+ob/T5u2YQyUk
157=OwnCxMGxraTS2dnDyMYncwTO19ioJ1QATCUDqb3Ho7fAToiLmSIwOCeYAEABSABABEgAXD
158=JIAEA0SABAAUgAQAFIAEABSABAAV+Gyc3KIQAgWHlcBUAHSACgAVQASABYAUgAQAFIAFBN
159=SAAgEswaTFVQCEgAUAhIAEABSABAAQN0ho+Xq7RYGS0IAEgDQARIAEABSABAAUgAQAFLAN
160=fn7Vrx1eZotCpwB1QnuAFc/icsAKQCIEUUAEzcBYClxGuKpTldIpQ6WEBTPhY9Y6ABdj88
161=YkRBQAHcAivFPWJQAkgDUwVDa5FUAKgACTVhjUhtkp+4xpOvw1hbJLBUUCBIAAnT3d7Awr
162=2+wb3Izs1QIy0ABbgBBlhqdWh4gZynqlwFTARIAEABSABAAUgAQAFIOVhASABEQUgAQAFI
163=AEABSABAAUgAQAEwRA9AB1gHSABAAUgAQAFIAEABSABIBkgAVAZIAEABSABAAUgAQAFIAE
164=ABVwnV29gnvABAAUgAQAdIAEABSABAAUgABnGBiZGptaC4wqAZvAJMAUABSABABEgAQAFI
165=AEABSABBAdQp/B288rw+KiwApAIgThQADNDj68/i6rbP4I+xzzFWekA9dEKUP3U8PXRCUA
166=JIALwCUAIqbBHcAlFHO0QFIzxoSI1UBiVJaGMnEEZFUMwmeDtPIquqoicYZUgnMAsAWH2X
167=XCZIAFAFSABAAUgAQAFIAEABrMFINkA3SABAAUgAQAEk0FtUAFCGWARQBUgAQAFIAKABVw
168=Dh7PBYAUgATAFIAEgJP9wQLTQBAA91k6dUdYmZpqnW5etrg451jpeOmZ2Bj5WQpKyGoK10
169=j50nOANcC0ANSABAAUgAQAFIAEABSABAAUgAQAEj4UvqWIJLw83i6SpcHiosAFTMA1V7nm
170=CFp1jHSwB2mbdItFj3A8zg6M/i60i0ICrkCFA1CZe0zTJYe8zf6Zu4zmx/eTpjInw0I7w8
171=WEBIAHwCWAGUP8wBaD8oxD1YQ0gAhEdwAlgHeASZjhcj81bC2eSjH9Lk6kghCbGyrpuSg8
172=THw9be31AjJxgFKiAACbrJzZ2xumyJmI2aoEwESABAB0gAQAFIAEABSAAnFA+siLw7VEIq
173=CABQBUgAUAVIAEMB0uPqVABIAFgBSABAAUgAQAFIAFxKSABATEgAQAEnLCEnlAFMBAmAjp
174=SWr7xdeYhyjJ4ntAJcAlAIuAEqLACkAicUAEwESABABEgAQAEwrBBiQ+HqpDJQPkQmA3OY
175=ukFkhCovAEpujyH4J0v8T3KUSAMDRGmNMFyGSLRb97XP4CHjJ8nf6SF0JyAbkwjQ5Osh4E
176=sDTXGTT3SYcIBIfkg5SABAQEgAQQE91DxIyVhD2D1ERJyJaD9uAWIWUES8BVQAUQg7RQJj
177=cET0A0AEKtwQCNbg45eNf6eglNHYcLNIJCfoBDAgAE8opbzIIfghA2aHnYWUm1AFA8LS2N
178=jl6VwCTAFIAEABSABAAUgAQAFIAFhDWDpQO1hDKkwHQARIAEAEtACgAScsAFyGtAZAB0AB
179=J1QIQARIAFAFSAADl6Wog5igQ4JjgY9QAjC0AjBEAFgEQAdIAEABSABAAUgAJ1whW2TV5u
180=xAQGhCCOLr0OTtqsbZQWaHRDJQJkwuChY9Yk9ylBQ8YhU8YhYRAABpEgAgDzxiT3KUFDth
181=FDthFTxiFD1jFlQAAjtiFj1jWAGoAEQCAAZ8nbm1z+C+1+XJ3+nR4+oUFBS/2ObJ3udAAS
182=0IADZcALgECbXO3muKpTFWehY9YrELFIwNWA1AAUQCXAJYDUwBVADtAWHMAYwTbARFFDx0
183=FSosAGwEXAILPWMkS3DM4uvM4erE2+VUAA/d6e3e6u6dloqfl4qdlYrFycdbAfr6AD8IAA
184=ADrsHKp7nAqLvAe5Sizdvg6PDz5+/yTAdACkgAQAFIAAzJzcrAvbHFw7nKyL/NzspqANPT
185=XAJABEgAQAFLANHi6VQAWAFIAEABSABAAUgAQwHNzMRYB0gARAhIAFACSABcAkgACX6Olp
186=CquXKMnoagrT+oAi2AAFAISABQCEgAQAEDrrvDxtHXTAEABqKvt4qdqbbFzsfe583h6YCl
187=xEFlhY+qv1QtSABIME0oFEwohDJMK6gAUAIoaACIMFAFSAByAj1jQAFYBEwEREQABcDY5M
188=vf6MDX5p+/1rLN4bTO4Mjd6cfccERfAsXc6LwCQ0nQ5Oy8QQLD2eXJ3aAEB+fA1+WIqMI1
189=WXxACkgATArAQEgSnA5QAkgAfAJFAjv0Qm0BYldXFDxhVFfdET1AWGgAWAGdFGJ0BgRBak
190=FslcLZcxTN4upYWCpMBAmln5SZkYSdk4S9wLxcAgbO1teclYvK0M9MAUwoSABAAUgAQAFI
191=AEABSwC9zdK0QkBDQAFIAEABXAJBBHjgAFA7A8fHwdXZ1l87wsG2SANABEgAQAFDQ9Lj6k
192=ABWAFIAEABSABAAUgAQwHKzspQSlQGWAdYAVACSAAJl6SoZYmfXoCUXXmIUAIt3Ac8OABc
193=BUgAAAPb6OvZ5OfX4+XX4eaisbqAk5+NoKtcAlALD1Zlb4iXoNbm7M3i6aHA2GWIp0t1OV
194=1/lCp4bXgxmIJwKUUsPGh4JywASC3VMz1YMWgApC9QAkgAWAQDf6LBc5i6rAEGb5a7m7vT
195=NVp+UAJDRnSavEAEXwusxddQjAnA2ObD2uazzd+pxNisAQO50uFmjLBIDIwKdE7NATxkO3
196=BWhERQCNwCWBNIAFQDlABYQ0gDXAtUAEwBrBCsAVQAaAALPWJlh6bG2+XO4unN4eon3BCs
197=IrwjCamkmpKHeZyVis/W1lRFXIkDnpaLxMjGSCdABEgAQAFIAEABSABAAVBBSEJIAEABSA
198=AD4uzw1uXrVABMAVRDrwHa391QBawBSAZIQqwBVABcAkQCVABIAEABSABAAUgAQAEq3xDW
199=3+FQAgaElJtSZnFAWWxMAUgATARIAFxBrAFAATwIALgESAYOvb+72OHj3ejsnqes1Obs1e
200=dwp0ABA9Dj69Hk60BDQAEGz+Lqts/gj7HPuLiEMlg9/HGERKQsaXI7SANFcWNQLFACSABA
201=AUgGWDRIAEABSABQAkgAvAJUACc3B09ykyeMAEABrAQDb5i9dJ3BKiwASANQCKwNvAJEVn
202=wInJigAcwEkESsAdwCVIdQAlBESABURYkAFEyLuAEFPWJMbo6sx9pYl1uFy+DpJ6AEQAFI
203=AEQmSABAAUgAQwHS2NhAAUgATAEJmI1/mI6ApZ+VuLq1WAFQAga8wL6inZLT29xMAUgAUA
204=JEQVhDSABAAUQ+QAFIAKwBXEREAicUAEBDTIVIACdEAKQIUAhAAUgAQAFIAEMB1+DiWENc
205=hiq0EQZ4ipNpe4RVaHOsBAPE196swcysAUgGSAAnLABAAahFUAJIAFgBVACoAFKh2+ZkIK
206=iETCJIAFS6QOpIQgabuM5UdZPM3+mgAVi4hCwn3BB4QLQzUDVAAdUwPWBDoHNQAkgAVAa4
207=AUAESABQBUQCRDJIALQDUAJIAFwCWAFAAWgAUAgpJBpYB6gDTASkQVgBUAhYAeABcIZEAi
208=ekCVALWAFAB1QAYAq0QlUAO4icUEGIAEgDUAhMCkABBitRdm6Ss8re6FAgW4XX5+xMJQmO
209=naVreICVoafY4+ewJlACSAAzLAADiHlnnZOGSIoMlId1j4V3npaJ0Nja3OfqKrwAUEEnxA
210=cqLAAqbAhMAVhDVACkBU8N4ezwVABIAEgJSABAAUgAQAFLAMC9sSqUIrRFAAbKz856ipG+
211=zdNphZS3ztrG3ObD2eO/1uFcBUAHqACtAdTvgtfn7UwBuOhDBNLd36D6VAAniBBUuqMuUX
212=aYJyAAQCisAUABQC5MAUgAWC5YAUABSABsAWQv3ImULcwBVANINlQA7ASUM1AFSP+kNVx3
213=nI9ANCdAAS68AEg5SgY7YVA+qANUAEgAbAovFAkyXAAlYCxcBUyOqBhsAVBQCzxiIEdtSW
214=+TYIKfv9bkW4XS5OpIAAm4x89OXmiDkJfBzNJMJUgAUClIAEABSABAAUgAQAFIAEABSABA
215=AUgAQwGXjX9YzawBWAFAAUgAQAFIAEABA9nm6tTf4Fw+UIZIAFhDTAGsQCcUAEBDUIZIAE
216=QCVwbp8fRAB0ABSABAAUgAQAFIAEABSABDAcnHvCrfEMfHwUjVSAADu8zRudHdtEJAQ0AB
217=SABAAUgGQAdIAFxBIlYp4upaYc3iZ8W/2OZYQ0wHSABUQioIAEiEUC9UJ1g0XDtENSgaBT
218=xhWAFYLkAEVADsASdgMlQ2lMmQOFQGRC9UAEQFQENoCYQ7WAFcAlwLQAFIACcsAEABUAVU
219=AFwOVACsAaAEeAFsB8RKWAFMBEgAQBBIAEwESABwAizcMYQCJ2wClIpAE5RIXBdAEGAE9M
220=kJFz9mh6vIyNzly+DnSCRQJkgAQyiUoqpAAUgATAFIAEABSABAAUgAQAFIAEABSABAAUgA
221=QAFIAEABrD2sAQPV3+DX4uPvAeHd6WyRTEMD093e0NnZSANUP0gGQAS0BicsAEABSABcAk
222=sA6fL1OdwQQIVIh1vKzdPTIWgqrAFEO0gApAhQQUhCSABAAUgAQAEDw9jhv9XeRAtDBNXm
223=7KBDCdDk7arG2UFmh2CFp0QCSABXhEpujyp4CKwBYC4iJCmEyCOoKUQCJ1QFoCtEArQzpD
224=XgQGRETAFUA0gAZAVQSoQIZD5sCvQ8UDVEhugAaEgpzCBAB7wFVAC8C1QJSABMAVALXA5A
225=AVgBeASER1gBUAJQBUgAXBSoA1ACoAFYBFwLKCwAIl0kYURESAlQAgkcRW1cgKKivtXL3+
226=dIKkgAQMoF1d/h0uDg0t4i7DYGzNnTt8KjytbNvClIKkABSABAAUgAQAFIAFB9rPdUAECC
227=SABsggLg4dXf36dB0NjXUAVIAFAFSwDR3d5IBrCDUAJIAFMC1N7fWEkD0tvb2uXnWAGwAj
228=/dEM0jJDtbhdXZ1kgABtTX1dXb2Nrf3SR0KrAI1EII2eTA1+LC2OKzytTxhulUHgbO4+x3
229=mraPqr9UIUgAWyVPcpSgAbQAtEIqFAC0LQYnTnRrjqs2XH5YAUQsQAdcL3QAcDKQRylEGK
230=wEoApsASnUGCikBlx3tEWgQ4BGUAVIAEwESABAAVwLYAFABIhIQApIAFACSABAAUgDWDpY
231=BEwBSABQAkgAcAK0S4TFWAFABEgAwAQvHAFABAhOdpt0l7Vsjq3Q4kkk6FCGQENIAEN81u
232=DhQDRAK0gAWDQDr7qVq7SKrAFYAUABSABAAUgABtnn7Mnd5tzp7lRCKggAWENIAERETARE
233=QaSDTAGgAVQAQEMnvABYBFAOrApIikABSABQBUgAXIZUAFgBSABAAUgAQAFIAEABSABAAU
234=iHWENIh0wBSABQAkgAQAFIAEABSABAAUgAQwHB2ORCAdnoImoh2+hkhgPE2ePD2eQm9DeU
235=OYgzXGtMZ0A9VCfMAVg9KnAI7AEMpsXaUneal7nTpcPZNFl7xERANyoIAEQ+fHF8hoQ11M
236=xoDFgEiDO8AlQAsA4IM1d6yN3ovNTjVXgibCNYEEgDXAVQEUABTARUAEQ4VACsAUAESANA
237=BMQ+KEwBBGI8YoZBZohHBTthiCEAREAKTAFwBUgSSEVME4geUAJIAFwIJIwhA4KlwbrS3l
238=BBqwDM4epYhUw0WChMKLACVgC8ySvMQUgDQARIAEABQ0PO4egqlAcnuAegAVhDoAFMBETI
239=rAFMB6ABJxcA4u3xQMdLANTe3lgKQARIAEABSACgAVQASABYAUgAQAFIAEABSABAAUgASM
240=kqRConXABAAUgAQARIAEABSABDAUxhbajJBsXc6NDi6nKYu0AiWCJAK1QtUCZMAUAuUAJI
241=AEwBnAJ4rMwB9EIqHAAJz+Pry+DqcZOwJVB6XAVYB1AFSACsAVgKSDZ4ASOAVGABRDJM+o
242=BDWHxABMQ4AAg9YjFWernQ3sre5cje6Mzg6Mnf6LjQ3klukFQG2ApwiTQ0K0AWBi1Td2iL
243=qS5Td08BNFh7IRgpCWmMqX6iwdTm7dHl7VBNBm+Us3yeuT1ggUgSTARIAHgKnJtuATxiLY
244=whQEAF2OPmztfY090inEFYAUgAWChUAFDCSr3a6CJAN6wrXAJAAUgAQAFIAET4J4gHIBgg
245=AKDHzgrp7EABSABQC0gAoAFUAEgAWAFIAEABSABAAUgAUIZAQ1CGSAB7Q87KzS9kVVAFSA
246=BQBUgAQAFIAEMBQVlpIUQhWHxIM1guWCJIAEABVDlENUgATAFQJkhFvAJYAUwBrGpALipg
247=CAnV6fCnxNihwNhBZYWIBp6DPWIq7A8oXgA8Yls3rcjaQI5y0TxiMAcHxdvmIcAjJFwwU7
248=nN4upLAL/X5EA6QBMDaIeiiaS6QAonHBBEFEhLQ0CEo75ME1ALBs7i6qfF3ImpxSRQQlEI
249=zojDWApMAUgJBmSIqGWKqy9VeVwdWAdLCVFykKwBKowhrBAD1+fs2OLlUEEtCABbKNLb27
250=wpTAFAAUgAQAFIAEABSABAAUgAIBhUCCrgAIXL7SdMAUABSABQC7QAoAEqLQDKI19Uysi/
251=KswCRES3RcrPzlMFyc3KQAEw7ABIA1MCSV1qRCNIAGk/PFCDIzQoQLJIAFDI7PRABEgATA
252=SsagOqyd7P4+lQDkgnvwjU5+0qjA8q3GEG0ufvzeHqqcbaQDEqB0m71OI3Bwfg6dIjtDgn
253=lF5cC1wFCcjd57fR4WaKqoOiuiTgRVyACUhvlJGxzMrf6Mrd6FCDSBJMB0NAy+DoKC0A3y
254=JoQlACSABYQ1imQApIEgNliKd8n75LSG6SsFjNSwlNc5YqjCFICUAcSABPJb/LuUgeKggA
255=vAJIA0ABSABAAUgAQAFIAEABSABAAUgAQwG/1uEqoAdMAbwCSANMASADCABA0FhDXAVAB0
256=gAQAFIAKABVABIAFgBSABAAUgAQwHNzMQqqAJIQic4AEwBSABQiUgAKoQ7QAdIAEwHSABA
257=AUgAQAFERCqMD0xzZEGYQ1xBJ2wRXAIHJUpuTHGXa5fCykUv3yKEJkxqUAhIAFwIQC5YPV
258=AyA9Dk7Mbd50gzJ1wAWzrJ3ucheCNQOCpcAFAFWAFIMLQ2QDdAAUgAQAdIAEwKKkRaXgvH
259=3WiKQARIAFAFtDxYCk8B0OPpWAFICUAHSABMB1gBQAFIAEwBTAdPBMzh6kAWWAFIA0gAUA
260=Jai7rUzwqgvtRYTFgEUAuJAOq8BVRCJ1whUMtQLKwKXAhAAUgAQAFIAEABSABAAUgAQAFI
261=AEABSABAAUgAQAGkRCT8IAO+1uHf6/BTAt/q70wBQARYAUABRAJIRTMsAFlD6SPQOkwEXA
262=VIAKABVABIAFgBSABAAUgAJzQZSBVIACckCCovAMfHwSe8AEABSABAB0gAQAFIAEABSABA
263=AUgAQwFAWmtUP3RCRIZMiCgcMXCJJ1wACEZrkGB+nIOkwczhTEN2vdHjK3xPQC5YPawKWA
264=pAAUgAQAE2XABMNEAESABMBEwBSDysAVgBQAFIAEABSABAAUgAQAEtjAA/vABIBkAHSABA
265=AUwHA97q7d7r7iRUKVgBWAdUAERKVACsAVRCJ/wCUAJAB0gATAdLANjj5iSMIUwBUAJIAE
266=ABSABAAUgAQAFIAEABSABAAUgAQAFIAEABSABAAUgAQAFQQUABSABMAUgAQAFIAEABXgLD
267=2SLEQ0IB4ex4RjNcAFACSABcBUgAoAFUAEgAWAFIAEABSABAAVyGSEJIAFCDSABAAUgAQA
268=FIAEABQ0PV2dYqJDtIBkAHSABAAUgAQAFIAEABSABAAUgAQwFSZnFYQEgAhIYi5DJBRhYi
269=PS9iSPxsiIDNKtRpQG1IAEgqSHJQCEgAXAhIAEABSABAAUgAQAFIAEABSABAAUgAQAFIAE
270=ABSABAAUgAQAFIAEABSAAnIAAwLAAD3ent3uruEQAARAV4CQbe6u7d6e3d6e1AAUsA3ent
271=SABAAUgAQAEG0NvhmKixx9XbTAFIAFACSAAAAtDe4Z2oqNvp69nm6cXNytzp7NzpeAdABE
272=gAQARIAEABSABAAUgAQAFIAEABSABAAUgAQAFIAAbT3d7S29va5edMAVACSABAAUgAQAFI
273=AEABSABAAUgAQAFIAEABSABAAUgAQAFIAEABSABAAUgAQAFIAEABSABAAUgAQAFIAEABSA
274=BAAUgAQAFIAEABSABAAUgAQAFIAKABVABIAFgBSABAAUgAQAFIAEABBtrf3dTX1dXb2EMB
275=1dnWQAEnXABAAUgATARIAEABSABAAUgAQAFIAEABSABAAUgAQAFIAEABSABAAQNIXGcVPG
276=JIAAMWPGIWPWNDARQ7YVQAeAELPGIgR22Hq8jC2eTL3+hLAM3i64gABOrM4erX5+xYB1AI
277=AtTm7NXnIBPkBUwHRAioAC0sACc4AEABSAAnjAAzLAAAFYKPlr7Jz8fS18rV29He4LbCxN
278=fm6JSdns/c3YCIi7O+wdbk59rp6zPsAFACSAA5fwHW4OFABEgAOYwASANABEgAQAFIAEAB
279=SABAAUgAQAFIAEABSABAAUgAQAFIAEABSABAAUgAQAFIAEABSABAAUgAQAFIAEABSABAAU
280=gAoAFUAEgAWAFIAEABSABAAUgAQAFIAEABSABAAUgAQAFIAEABSABAAUgAQAFIAEABSABA
281=AUgAQAFIAEABSABAAUgAQAFIAEABSAAGcoKIX3mNR2R89EIBYhQ9Y0wBQkMUO2hFDBY9Yk
282=htkqbD2KjG28ne51hDSACYQ2gtA9bm7M3i6UgASEUnTAFAAUgAUAtIAEABSABAAUgAQAFI
283=AEABSAAnIAAwLAAnaABAAUgAQARIAEABSABAAUgAQAFIAEABSABAAUgAQAGoAAAG3ert1O
284=Llsby90+Hj4/Hz3Orsw9HTzdveJ4wAQAFIANAFLPwRIIFcACBIhAIJl6SoY4eeM1p2VXWG
285=VIRIAFxBREFIQkgAWENQRGABcIlQRApiYH6cwNjkqsnez+PpWENIAKREQAFIAE8B0ePqUB
286=dIAD/kBaAEVAAnsACsASc4AEABSABQAkgAQAFIAEABSABAAUgAQAFIAEABSABAAUgAQAFI
287=AEABSwCvubpERAbZ6Ora6OrG09YnXABAAUgAQARIAEABSABAAUgAQAFIAEABSABAAUgAQA
288=FIAEABSABAAUgAQAFIAEABSABAAUgAQAFIAEABSABAAUgAQAFIAEABSABAAUgAQAFIAEAB
289=SABAAUgAQAFIAEABSABAAUgAQAFIAEABSABAAUgAQAFIAEABSABAAUgAQAFIAEMB////VA
290=BIAFgBSABAAUgAQAFIAEABSABAAUgAQAFIAEABSABAAUgAQAFIAEABSABAAUgAQAFIAEAB
291=SABAAUgAQAFIAEABBtbl6+Ls8EBZbF5BFDyMhUxAQAFIAJyGKlgZJ4QIBUxxl6TD2crg0M
292=tIQkgAVEJIAIEB6lhDvAtIDEABSABAAUgAQAFIACcgADAsACdoAEABSABABEgAQAFIAEAB
293=SABAAUgAQAFIAEABSABAAUgAQAFIAEABSABAAUgAQAFKANzqK0wiJ1wAQAFIAEAESABAAU
294=gAQAFIAEABSABAAUgAQAFIAEABSABAAUgAQAFIAEABSABAAUgAQAFIAEABSABAAUgAQAFI
295=AEABSABAAUgAQAFIAEABSABAAUgAQAFIAEABSABAAUgAQAFIAEABSABAAUgAQAFIAEABSA
296=BAAQne6u7d6e3d6e3e6u4RAAA=

[AITriggerTypesEnable]
043F40BC-G=yes
043F521C-G=yes
043F874C-G=yes
044082BC-G=yes
05CB5B6C-G=yes
05CB830C-G=yes
05CBAEDC-G=yes
05CBC04C-G=yes
05CBC19C-G=yes
05CBC2EC-G=yes
05FC088C-G=yes
05FC0C9C-G=yes
05FC13EC-G=yes
05FC1A8C-G=yes
05FC1C5C-G=yes
05FC333C-G=yes
05FC37CC-G=yes
05FC3C9C-G=yes
05FC50EC-G=yes
05FC747C-G=yes
05FC75CC-G=yes
05FFA7DC-G=yes
05FFB18C-G=yes
06002BFC-G=yes
0611A1EC-G=yes
0611A33C-G=yes
0612B11C-G=yes
0612CD8C-G=yes
0612EAEC-G=yes
0612F46C-G=yes
0612F9AC-G=yes
0616004C-G=yes
06C551AC-G=yes
078F4B2C-G=yes
07C04C7C-G=yes
07C04EDC-G=yes
07C0B14C-G=yes
07C30A5C-G=yes
07C310BC-G=yes
07C3266C-G=yes
07C329FC-G=yes
07C330CC-G=yes
07C33DDC-G=yes
07C4853C-G=yes
08A3EEDC-G=yes
08B902EC-G=yes
08B90B1C-G=yes
08B911BC-G=yes
08B9154C-G=yes
08B9213C-G=yes
08B9305C-G=yes
08B9356C-G=yes
08B940EC-G=yes
08B9423C-G=yes
08B9483C-G=yes
08B9586C-G=yes
08B9641C-G=yes
08B9708C-G=yes
08B9767C-G=yes
08B97C6C-G=yes
0A31295C-G=yes
0A44F17C-G=yes
0A44F2CC-G=yes
0A452C6C-G=yes
0A452E5C-G=yes
0AA845AC-G=yes
0AA846FC-G=yes
0ABC484C-G=yes
0AD2BAEC-G=yes
0C0C7AEC-G=yes
0C0D184C-G=yes
0C0D251C-G=yes
0C1245AC-G=yes
0C1246FC-G=yes
0C32599C-G=yes
0C32D84C-G=yes
0C87B45C-G=yes
0C87B99C-G=yes
0C87E5AC-G=yes
0C8B81BC-G=yes
0C8BC5AC-G=yes
0C8C2AEC-G=yes
0C8C2C3C-G=yes
0C8C430C-G=yes
0C8C4C3C-G=yes
0C8C51BC-G=yes
0C8C56FC-G=yes
0C8C645C-G=yes
0C8C6EDC-G=yes
0C8C71BC-G=yes
0C8E2C3C-G=yes
0C8EE1BC-G=yes
0C8EEAEC-G=yes
0C8EEEDC-G=yes
0C91D45C-G=yes
0C92C1BC-G=yes
0C92C45C-G=yes
0C955AEC-G=yes
0C955C3C-G=yes
0C9561BC-G=yes
0C9565AC-G=yes
0C96F45C-G=yes
0C96F5AC-G=yes
0CA1F84C-G=yes
0CA24D8C-G=yes
0CA2A04C-G=yes
0CA2B06C-G=yes
0CA2D99C-G=yes
0CA2FEDC-G=yes
0CA5945C-G=yes
0CA6621C-G=yes
0CA6AEDC-G=yes
0CAD0B2C-G=yes
0CAD0C7C-G=yes
0CAD0DCC-G=yes
0CAD130C-G=yes
0CAD145C-G=yes
0CAD25AC-G=yes
0CAD2AEC-G=yes
0CAD2C3C-G=yes
0CAD5AEC-G=yes
0CADD99C-G=yes
0CADDEDC-G=yes
0CB29EDC-G=yes
0CB2CEDC-G=yes
0CDF899C-G=yes
0CDF8D8C-G=yes
0CDF8EDC-G=yes
0CE2395C-G=yes
0CE23AAC-G=yes
0CE26B5C-G=yes
0CE26CAC-G=yes
0CE2E8DC-G=yes
0CE2EA2C-G=yes
0CE44D0C-G=yes
0D022B1C-G=yes
0D022C6C-G=yes
0D052AEC-G=yes
0D0803CC-G=yes
0D08461C-G=yes
0D0848BC-G=yes
0D084A0C-G=yes
0D084B5C-G=yes
0D0873DC-G=yes
0D087D8C-G=yes
0D0B3B9C-G=yes
0D2769BC-G=yes
0D2C41EC-G=yes
0D2C448C-G=yes
0D2C45DC-G=yes
0D53099C-G=yes
0D53130C-G=yes
0D53430C-G=yes
0D535EDC-G=yes
0D62145C-G=yes
0D6215AC-G=yes
0D6216FC-G=yes
0D62199C-G=yes
0ECCB2BC-G=yes
0ECCB40C-G=yes
0ECCB55C-G=yes
0ECCB7FC-G=yes
0ECCBC3C-G=yes
0ECCF14C-G=yes
0ECCF29C-G=yes
0ECCF68C-G=yes
0ECCFA7C-G=yes
0ECCFCAC-G=yes

[Africans]
IQ=0
Edge=North
Color=DarkRed
Allies=Africans
Country=Africans
Credits=0
NodeCount=0
TechLevel=1
PercentBuilt=0
PlayerControl=no

[Alliance]
IQ=0
Edge=North
Color=Gold
Allies=Alliance
Country=Alliance
Credits=0
NodeCount=0
TechLevel=1
PercentBuilt=0
PlayerControl=no

[Americans]
IQ=0
Edge=North
Color=Gold
Allies=Americans
Country=Americans
Credits=0
NodeCount=0
TechLevel=1
PercentBuilt=0
PlayerControl=no

[Arabs]
IQ=0
Edge=North
Color=DarkRed
Allies=Arabs
Country=Arabs
Credits=0
NodeCount=0
TechLevel=1
PercentBuilt=0
PlayerControl=no

[Basic]
Name=Cold As Ice
Percent=0
GameMode=standard
HomeCell=98
InitTime=10000
Official=no
EndOfGame=no
FreeRadar=no
MaxPlayer=2
MinPlayer=2
SkipScore=no
TrainCrate=no
TruckCrate=no
AltHomeCell=99
OneTimeOnly=no
CarryOverCap=0
NewINIFormat=4
NextScenario=
SkipMapSelect=no
CarryOverMoney=0.000000
AltNextScenario=
MultiplayerOnly=1
IceGrowthEnabled=yes
VeinGrowthEnabled=yes
TiberiumGrowthEnabled=yes
IgnoreGlobalAITriggers=no
TiberiumDeathToVisceroid=no

[British]
IQ=0
Edge=North
Color=Gold
Allies=British
Country=British
Credits=0
NodeCount=0
TechLevel=1
PercentBuilt=0
PlayerControl=no

[CellTags]

[Confederation]
IQ=0
Edge=North
Color=DarkRed
Allies=Confederation
Country=Confederation
Credits=0
NodeCount=0
TechLevel=1
PercentBuilt=0
PlayerControl=no

[French]
IQ=0
Edge=North
Color=Gold
Allies=French
Country=French
Credits=0
NodeCount=0
TechLevel=1
PercentBuilt=0
PlayerControl=no

[GDI]
IQ=0
Edge=North
Color=Gold
Allies=GDI
Country=GDI
Credits=0
NodeCount=0
TechLevel=1
PercentBuilt=0
PlayerControl=no

[Germans]
IQ=0
Edge=North
Color=Gold
Allies=Germans
Country=Germans
Credits=0
NodeCount=0
TechLevel=1
PercentBuilt=0
PlayerControl=no

[Houses]
0=Americans
1=Alliance
2=French
3=Germans
4=British
5=Africans
6=Arabs
7=Confederation
8=Russians
9=YuriCountry
10=GDI
11=Nod
12=Neutral
13=Special

[IsoMapPack5]
1=Lg0AIAFaAAEAgAACBQBZAAKEAQEABQBaKCkAWygrAFgAA+EEWSgpAFooKQBbKCkAXCgrAF
2=cABPkGWCgpAFkoKQBaKCkAWygpAFwoKQBdKCkAVlQTlwkFAFcoKQBYKCkAWSgpAFooKQBb
3=KCkAXCgpAF0oKQBeKCsAVQAGhAxFAlYoKQBXKCkAWCgpAFkoKQBaKCkAWygpAFwoKQBdKC
4=kAXigpAF8oKwBUAAfhD1UoKQBWKCkAVygpAFgoKQBZKCkAWigpAFsoKQBcKCkAXSgpAF4o
5=KQBfKCkAYCgrAFMACPkRVCgpAFUoKQBWKCkAVygpAFgoKQBZKCkAWigpAFsoKQBcKCkAXS
6=gpAF4oKQBfKCkAYCgpAGEoKwBSAAnxFFMoKQBUKCkAVSgpAFYoKQBXKCkAWCgpAFkoKQBa
7=KCkAWygpAFwoKQBdKCkAXigpAF8oKQBgKCkAYSgpAGIoKwBRAArpF1IoKQBTKCkAVCgpAF
8=UoKQBWKCkAVygpAFgoKQBZKCkAWigpAFsoKQBcKCkAXSgpAF4oKQBfKCkAYCgpAGEoKQBi
9=KCkAYygrAFAAC+EaUSgpAFIoKQBTKCkAVCgpAFUoKQBWKCkAVygpAFgoKQBZKCkAWigpAF
10=soKQBcKCkAXSgpAF4oKQBfKCkAYCgpAGEoKQBiKCkAYygpAGQoKwBPAAz5HFAoKQBRKCkA
11=UigpAFMoKQBUKCkAVSgpAFYoKQBXKCkAWCgpAFkoKQBaKCkAWygpAFxJAfZntwUAXUkB7q
12=kBXkkB8KkBX0gBgxYFAGAoKQBhKCkAYigpAGMoKQBkKCkAZSgrAE4ADYwJUaNPKCkAUCgp
13=AFEoKQBSKCkAUygpAFQoKQBVKCkAVigpAFcoKQBYKCkAWSgpAFpIAcUeW0gBxR5cSQHepR
14=5dKCkAXkkB77UCX0gBjBd8ICcVA2EoVQBiKCkAYygpAGQoKQBlKCkAZigrAE0ADpgKSSJO
15=KCkATygpAFAoKQBRKCkAUigpAFMoKQBUKCkAVSgpAFYoKQBXKCkAWCgpAFkoKQBaSQH1pR
16=5bSAHJIlwoKQBdSQHxoQReSAHBBF9IAcUpYEgBzUdhSAGTGwUAYigpAGMoKQBkKCkAZSgp
17=AGYoKQBnKCsATAAPjAlBJU0oKQBOKCkATygpAFAoKQBRKCkAUigpAFMoKQBUKCkAVSgpAF
18=YoKQBXKCkAWCgpAFlIAdlIWkgB3SBbKCkAXEgBzUddSAGPFwUAXkgB3StfSAHZBmBIAc0F
19=YUgBzQViKCkAYygpAGQoKQBlKCkAZigpAGcoKQBoKCsASwAQmApZJ0woKQBNKCkATigpAE
20=8oKQBQKCkAUSgpAFIoKQBTKCkAVCgpAFUoKQBWKCkAVygpAFhIAdknWUgB3SBaKCkAWygp
21=AFwoKQBdSAHdTF5IAdkGXygpAGBIASckBSfFA2JUApcfBQBjKCkAZCgpAGUoKQBmKCkAZy
22=gpAGgoKQBpKCsASgARmApRKksoKQBMKCkATSgpAE4oKQBPKCkAUCgpAFEoKQBSKCkAUygp
23=AFQoKQBVKCkAVigpAFcoKQBYSAHdTFlIAcElWigpAFsoKQBcKCkAXSgpAF4oKQBfKCkAYE
24=gBJ3wFJ/EDYlQCgCF8KydVAGQoVQBlKCkAZigpAGcoKQBoKCkAaSgpAGooKwBJABKEDEkt
25=SigpAEsoKQBMKCkATSgpAE4oKQBPKCkAUCgpAFEoKQBSKCkAUygpAFQoKQBVKCkAVigpAF
26=coKQBYSQH5saNZSAEn1gUSAMkBWyhVAFwoKQBdKCkAXigpAF8oKQBgKCkAYUgBxWBiSAHF
27=rWNIAZsjBQBkKCkAZSgpAGYoKQBnKCkAaCgpAGkoKQBqKCkAaygrAEgAE4QMQTBJKCkASi
28=gpAEsoKQBMKCkATSgpAE4oKQBPKCkAUCgpAFEoKQBSKCkAUygpAFQoKQBVKCkAVigpAFco
29=KQBYKCkAWUgB0WFaSAEnLQYT+TJcKFUAXSgpAF4oKQBfKCkAYCgpAGEoKQBiSAHdYmNIAY
30=QlbjETANWcZVQC0TVmSAHBBGcoKQBoKCkAaSgpAGooKQBrKCkAbCgrAEcAFIwJWTJIKCkA
31=SSgpAEooKQBLKCkATCgpAE0oKQBOKCkATygpAFAoKQBRKCkAUigpAFMoKQBUKCkAVSgpAF
32=YoKQBXKCkAWCgpAFlIAcFnWkgBJYEhW0gB0TVcKCkAXSgpAF5IAc0FXygpAGAoKQBhSAHF
33=CGIoKQBjSAHNaGRIAcEEZSgpAGZIAcEEZygpAGhIAck4aUgBmy4FAGooKQBrKCkAbCgpAG
34=0oKwBGABWUBlE1RygpAEgoKQBJKCkASigpAEsoKQBMKCkATSgpAE4oKQBPKCkAUCgpAFEo
35=KQBSKCkAUygpAFQoKQBVKCkAVigpAFcoKQBYKCkAWSgpAFooKQBbSAHVOVxIAcU0XUkB87
36=GjXkgBgyEFAF8oKQBgKCkAYUgBxXZiSAHFNGMoKQBkKCkAZSgpAGYoKQBnKCkAaEgBzXNp
37=SAHBD2ooKQBrKCkAbCgpAG0oKQBuKCsARQAWgAhJOEZKAf//VwEFAEcoKQBISAFNAgBBBE
38=koKQBKKCkASygpAEwoKQBNKCkATigpAE8oKQBQKCkAUSgpAFIoKQBTKCkAVCgpAFUoKQBW
39=KCkAVygpAFgoKQBZKCkAWigpAFsoKQBcKCkAXSgpAF4oKQBfKCkAYCgpAGFIASc1Bxbxrm
40=NUAsE7ZCgpAGUoKQBmKCkAZygpAGgoKQBpSAHBcmpIAdUuaygpAGwoKQBtKCkAbigpAG8o
41=KwBEABeACF02RUgBwTtGKCkARygpAEhIAZMFBQBJKCkASigpAEsoKQBMKCkATSgpAE4oKQ
42=BPKCkAUCgpAFEoKQBSKCkAUygpAFQoKQBVKCkAVigpAFcoKQBYKCkAWSgpAFooKQBbKCkA
43=XCgpAF0oKQBeKCkAXygpAGBIAd3bYUgB1TliKCkAYygpAGQoKQBlKCkAZigpAGcoKQBoKC
44=kAaSgpAGpIAdk9a0gBwTBsKCkAbSgpAG4oKQBvKCkAcCgoAAFDABgAzTxEKCkARSgpAEYo
45=KQBHKCkASEgBwQ9JKCkASigpAEsoKQBMKCkATSgpAE4oKQBPKCkAUCgpAFEoKQBSKCkAUy
46=gpAFQoKQBVKCkAVigpAFcoKQBYKCkAWSgpAFooKQBbKCkAXCgpAF0oKQBeKCkAXygpAGBI
47=Acl6YUgBJ+UHGCh0DycpAGQogQBlKCkAZigpAGcoKQBoKCkAaSgpAGpIAcW4a0gBwTBsKC
48=kAbSgpAG4oKQBvKCkAcCgpAHEoKAAJQgAZAIIDAAACAQBDyAEBAwUAREkBhVQChYEZ9URG
49=VALBD0coKQBIKCkASSgpAEooKQBLKCkATCgpAE1IAdVPTkkBILUNT0gB1QJQSAHVDVEoKQ
50=BSKCkAUygpAFQoKQBVKCkAVigpAFcoKQBYKCkAWSgpAFooKQBbKCkAXCgpAF0oKQBeKCkA
51=XygpAGBIAcn+YUgBJz0IGSg8CCcpAGQogQBlKCkAZigpAGcoKQBoKCkAaSgpAGpIASc9CB
52=mcJFE1bFQCjwEFAG0oKQBuKCkAbygpAHAoKQBxKCkAcigoAAJBABoAOiJ0awEBAEIAqQEB
53=dUQagkYFAVZEGgB0RE1HRUAEaAFNR0ZIAWRKWRFHSAHVOUhIAcUTSSgpAEooKQBLKCkATE
54=kBJ71BTcgBQQ9OSAF0RFUNT8gBVQ1QSQEhrQVRSAHVDVJIAdUNU0kBbkAEAQEEAFTIAQEC
55=BABVSQEgZwQEAFYoKQBXKCkAWCgpAFlJAW9ECAEABABayAFRCVtIAWAIWRxcKCkAXSgpAF
56=4oKQBfKCkAYCgpAGFIAcFGYkgBwUZjKCkAZCgpAGUoKQBmKCkAZygpAGgoKQBpKCkAaigp
57=AGtIASVBL2xIAdXIbUgB1RhuKCkAbygpAHAoKQBxKCkAcigpAHMoKAACQAAbADtARgQDAQ
58=BBABsAbEdRNULIAVUCQ8kBAGxHoARBO0VUAmxHRUpGSAFsR1kGR8gBTTxISQGDYDAiryEb
59=AISpAUpUAtk9SygpAExIAWxHRQhNSQHTIrctAQBOSQHNqQFPSAF4SFUNUEgBbEdNBVHIAV
60=UNUkgBYEZJAVPJAQRuRxsAdgIFA09HGwAgcSYDTEcnKQBXTAXVAlgoKQBZSAFuRwMDTkcb
61=AGgBUQlb1AIBBQUAXEkBHqEaXUgBwRpeSAFkDFFLXygpAGAoKQBhKCkAYkgB3dBjSAHZSG
62=QoKQBlKCkAZigpAGcoKQBoKCkAaSgpAGooKQBrKCkAbEgB3Y5tSAHRFG4oKQBvKCkAcCgp
63=AHEoKQByKCkAcygpAHQoKAABPwAcAHhIAQABAEDIAVVEQUkBPlBLVQJCyAFVAkNIAd1MRM
64=gBXUxFSAHFCEbIAU0FR0gBcEtFP0hIAWRKVQJJSAFkSlFASsgBRT9LSQGbuTJMyAFNBU1J
65=AVxoHgcBAE4AHACAAAAAEQAAag8AIAACAAEATwAcAIAAAAABAQBQABwAzQJuAQBRSAEFIQ
66=MAAAUBAFJJAW5IAQEGAQBTyAEBBwEAVMgBAQgCAFVJASBUBgEAAgBWKCkAVygpAFgoKQBZ
67=SQFvcwkCAFrIAVEJW8gBAQgBAFxJAR5ABAECAQBdyAEBAwUAXkkBQVQCAQAFAF9IAXANSQ
68=FgKCkAYUkB9msXBQBiSQHeqQFjKCkAZCgpAGUoKQBmKCkAZygpAGgoKQBpKCkAaigpAGso
69=KQBsKCkAbUkB7qEPbkkB8KkBb0gB3RVwKCkAcSgpAHIoKQBzKCkAdCgpAHUoKAADPgAdAD
70=sBWwkBAD/IAQEBAQBASQE9VAJJAUFJAT5IAVknQsgBAQMBAEPIAQEAAQBEyAFNBUVIAXAJ
71=TQVGyAFNBUdJATxECEEESEgBYARZBknIAVUCSkkBhEwxSUNLSQGbSAFFCEzIAUUITUkBXG
72=8UAQBOSAFwS0EET8gBQQRQSQHMdSMBXEwBHQD//3AFXEwnKQBTQARpTgp+TB0AagELAV9M
73=HQAgSgUAAVxMJykAV00FILUCWCgpAFlIAX5MCQFeTB0AaAFRCVtUAtUNXCgpAF1IAWhOQR
74=peSQFBQRoBfUwddApKYABgVAKPAQUAYUkB+WgXfkwdACecCScpAGRABNUCZSgpAGYoKQBn
75=KCkAaCgpAGkoKQBqKCkAaygpAGwoKQBtKCkAbkkB77kRb0gB0RRwSAHRYXFIAcFRckgBwQ
76=RzKCkAdCgpAHUoKQB2KCgAAT0AHgB8QQEAAQA+yQEBdU8egFFVOUBVAj1ARkkBQcgBQQRC
77=SAFgUUkBQ0kBQkAERQhESAF0Ak0FRcgBVQJGyAFNBUdIAXQNQQRISAF0T01HSUkBOqUISs
78=gBTQVLSAFwCUUITEgByQxNSAF4BlUCTkkBdGgedpweAGgBWQZQVAIn9QkeKPQJJykAU0AE
79=1URUKCkAVSgpAFYoKQBXKCkAWCgpAFkoKQBaKCkAWygpAFwoKQBdKCkAXkkBQFRPSZtfSA
80=FkF0kBYCgpAGEoKQBiSQH1pT9jSAHJTmQoKQBlKCkAZigpAGcoKQBoKCkAaSgpAGooKQBr
81=KCkAbCgpAG0oKQBuKCkAb0gBzZ9wSAHZEXFIAdlTckgBwRpzKCkAdCgpAHUoKQB2KCkAdy
82=goAAE8AB8AeD1JQz1IAXRESUM+yAFVAj9IAWQ/TTxAKCkAQUgB2VNCSAFlCABkorAJTQVE
83=VALNR0UoKQBGKCkAR0gB3QpIyAFFCElIAWxSTRBKyAFNEEtIAWgMVQJMSAFgD00FTUkBdn
84=QfZqIfAGgBQQ9P1AJNBVBJAcl0OWeiHwDLqQFSVALd8VNIASdNCh/xVlUoVQBWKCkAVygp
85=AFgoKQBZKCkAWigpAFsoKQBcKCkAXSgpAF5JAUBMUoWiH2wYpKInKQBhQASYAmaiHwAnTQ
86=of8aNkQATdQWUoKQBmKCkAZygpAGgoKQBpKCkAaigpAGsoKQBsKCkAbSgpAG4oKQBvKCkA
87=cCgpAHEoKQBySAHRo3NIAdUYdCgpAHUoKQB2KCkAdygpAHhIAYchBAA7TNNkPwEAAQA8yA
88=FNPD1IAWxHVQI+yAFVAj/IAUFGQMgBQQRByAFBBEJIAXAJSUNDyAFNBURIAXheTQVFyAFN
89=BUZIAd1XR0gBeAZVAkhIAXhTTQVJSAHNEErIAUEES8gBQQRMSAEnpQogmFNVDU5UAmVVBH
90=SntAJF5FBUAienCiAAzuZVIADNqlNABCelCiAopwogAPBgLGz3qAFNEFdNBcS1AljIAVUC
91=WUgBxQhaKCkAWygpAFwoKQBdKCkAXkkBQERVSaZfSAF4CkkBYCgpAGFIAdniYkgBzVJjKC
92=kAZCgpAGUoKQBmKCkAZygpAGgoKQBpKCkAaigpAGsoKQBsKCkAbSgpAG4oKQBvKCkAcCgp
93=AHEoKQByKCkAc0gBxa10SAHdV3VIAcUedigpAHcoKQB4SQEmZwQEAHlJASKoAQI6ACEAfG
94=kBAVxXqAFBMDxVAmm1Aj3IAVUCPkkBbLUCP0kBZ6kBQMgBQQRBSAF8TE1HQkgBxUpDyAFB
95=BERIAXxXAQIBAEXIAU0FRkgBJ/0KIem8SFQCfFdNBUlIAXwKSQFKyAFZBkvIAVUCTEgBZF
96=UBAAEATcgBVQ1OyAFBBE9IAdFWUEkB0LFWUUgB3UxSSQHStQJTSAHRrlRIAcEEVUgBfFdR
97=CVbIAU0QV0gBfFdVAljIAVUCWUgB2QZaKCkAWygpAFwoKQBdKCkAXkkBQFxXha0hdCukrS
98=cpAGFABCfvKSEA8X8VBQBjVALJAWRIAdVaZSgpAGYoKQBnKCkAaCgpAGkoKQBqKCkAaygp
99=AGwoKQBtKCkAbigpAG8oKQBwKCkAcSgpAHIoKQBzKCkAdEkB87UYdUgBiR4FWI8nxQN3KF
100=UAeCgpAHlIAdGuekgBmAYEBAA5ACIA03MJAQA6SAF0WlkyO8gBWTI8SAF0WlUCPcgBVQI+
101=SAF1WgEiTisiAHRaQQRAVAJoAUEEQUgBYFFBBEJIAcVVQ0gBYFxVAkRIAXGuAHVaIpxXVQ
102=JG1AJJAUdIAc0FSEgBaFlNBUlIAXQCVQ1KyAFVDUtIAXQNVQJMSAF0WlUCTcgBSbFOyAFJ
103=sU9IAdGuUEgByU5RKCkAUkkB1qkiU0gB2V5USAHNBVUoKQBWKCkAV0kBs3cqAQBYyAFVGF
104=lIAdkGWigpAFsoKQBcKCkAXSgpAF5JAUJUWkmxX0gBeApJAWAoKQBhKCkAYigpAGMoKQBk
105=SAElVSFlSAHBXGYoKQBnKCkAaCgpAGkoKQBqKCkAaygpAGwoKQBtKCkAbigpAG8oKQBwKC
106=kAcSgpAHIoKQBzSAElpSt0SAHZHHUoKQB2KCkAdygpAHhJASdwBXeyIgAjqQF69wIDAHtI
107=AXACAQADADhYA8EwOUgBwTs6SAHR8DsoKQA8KCkAPSgpAD5IAdmgP0kBZmALIvZAIwBoAU
108=08QdQCAQIBAEJIAXhTVQJDyAFRVkTIAVUCRSgpAEZIAWRgAQMBAEdIAXgGSQFISAFsXVEJ
109=ScgBRQhKyAFFCEvIAVUCTEkBdbkRTcgBQQROyAFFCE9IAckXUEgBwbRRSAF0BkUIUigpAF
110=NIAcElVCgpAFUoKQBWSQHXXAZJDFfIAUkMWEgBeF5JF1lIAcUIWigpAFsoKQBcKCkAXSgp
111=AF5JAUJMXYW4I0AMSwAFAGBUAkABcblhKCkAYigpAGMoKQBkSAHJvGVIAd26ZkgB2V5nKC
112=kAaEgBwQRpKCkAakgBzQVrKCkAbCgpAG0oKQBuKCkAbygpAHAoKQBxSAHJDHIoKQBzSAHJ
113=DHRIASUxInUoKQB2SAElXSJ3SAHRH3hIAdm2eUgBm14DAHpIAYglbl0jAJcCAgB8VAKYBg
114=ICADcAJCYRKTgoKQA5KCkAOkkBvVQuUUA7yAFBOzzIAQECAQA9yQEDIgZDJADd/D9UAnhe
115=VQJAyAFZq0HIAVmrQkgByVlDyAFRCUTIAVkGRSgpAEbIAUEPR0gBZLhBBEjIAVkGSUgB0W
116=FKyAFBBEvIAUEETEgBZGBVAk3IAVkRTsgBWRFPSAEnBgwkANG5UVQCgCUinVYkhAFdIFMo
117=VQBUKCkAVUgBeF5JDFbIAQEEAQBXyAFJDFhIAdleWSgpAFooKQBbKCkAXCgpAF0oKQBeSQ
118=FBbzEFAF9IAZwRZWAkhAFBv2EoVQBiKCkAYygpAGQoKQBlKCkAZkgB3WJnSQHzc9oFAGhI
119=AYMLBQBpKCkAakgBzQVrSAHdV2woKQBtSAHdV24oKQBvSAHNBXBIAckMcUgByQxyKCkAc0
120=gBydJ0SAHRCXUoKQB2SAHFCHdIAcUIeEgBJwYMJACIAWVgJPlee0EEI3AFZGDXAgEAfVUC
121=KHQCAgEANgAl8WE3KCkAOCgpADkoKQA6SAF9YgQibi8lAGgBTTw81QIGfGK1Agd+YiUAwc
122=o/QATdTEBJAWShD0HJAQFmwyUAfGJJAUNUAmxdSU5EyAFVAkUoKQBGSAFtBQNlwyUjHFFB
123=BEhUAnBhWQZJyAFVAkpIAXAJTQVLSAEloTBMSAFsBUlkTUkBc7kRTsgBWQZPSAEnFSQleQ
124=MAXQpRVAKMAXxiJ1UAUyhVAFRJAdREBF0KVcgBQQ9WSAFoZEkiV0gB0WFYKCkAWSgpAFoo
125=KQBbKCkAXCgpAF0oKQBeSQFBXGKEw9kRBUTDJykAYUAEVBFxxGIoKQBjKCkAZCgpAGUoKQ
126=BmKCkAZygpAGgoKQBpKCkAaigpAGsoKQBsKCkAbUgBwWduSAHdV29IAcUTcCgpAHEoKQBy
127=SAElWT1zSAHRYXQoKQB1SAElbSR2SAHRCXdJASdvAQQAeEkBI6kBeUgBJ10MJatkAgB7VA
128=KNBQFFwyWsw31iJURjXwYBAH5ABMtkNQAm6WQ2KCkANygpADgoKQA5KCkAOigpADsoKQA8
129=SAFADGVKPSgpAD4oKQA/SAHBZ0BIAWDKVU9ByQEBdWUmI3QlXUxDVAJgXEkBRMkBAyLOMC
130=YAdAJJAUZUAtleR8gBVQJISAHFYEnIAVUCSkgBbAVJDEtIASL4JUEPTEgBJYUyTUgBdGVV
131=DU7IAVkGT0gBJ7UMJogbWQZRVAKMAXRlJ1UAU1QCaWQFIhZmJgBpAQYiFGapAQciJUcmlA
132=ZFCFdMBSe0DCcBBlkoVQBaKCkAWygpAFwoKQBdKCkAXkgBIkBmXcVfSAGcCnRl1w0FAGFU
133=AoQPIsxRJ1UAYyhVAGQoKQBlKCkAZigpAGcoKQBoKCkAaSgpAGooKQBrKCkAbCgpAG0oKQ
134=BuKCkAbygpAHAoKQBxKCkAckgB0WxzSAHFznQoKQB1SAHJb3ZJASd/HAQAd0kBI6kBeEgB
135=lwIDAHlIAZQCdcgmKLQMyAF0ZdQjdGUnKQB+WQYkcwkBAH9IAcFnNFTQiy0BADUoKQA2KC
136=kANygpADgoKQA5KCkAOigpADsoKQA8KCkAPUgBfA5BRj5JARQkSWc/yAFJWUBIAWxoAQMB
137=AEHJAQRtaCeMaEFRQ1QCeF5FCETIAVkGRUgBbGhVAkbIAVUCR0gB0WFIKCkASSgpAEpIAX
138=AJVQ1LSAFsaFVlTMgBVQJNSQFxYBYi3l4nAGgBXQpPVALF5FBIAScsMpAyaYVSVAJ1ZQgi
139=xXwngWcJbGipAQpsaCetAFZMBWQMSRdXSAHBMFgoKQBZKCkAWigpAFsoKQBcKCkAXSgpAF
140=5IAWxoQRpfyQEDbGgLJwAhAwAAAAUAYQAnAP8RAAC7DwAgBv8AAAAFAGIAJ1wASAABBQBj
141=ACcpAGQoKQBlKCkAZigpAGcoKQBoKCkAaSgpAGooKQBrKCkAbCgpAG0oKQBuKCkAbygpAH
142=AoKQBxKCkAcigpAHMoKQB0KCkAdUgBnxgEAHZJASNIGwEABAB3SAGXAgMAeEgBlwIDAHlI
143=AZcCAgB6SAGXAgIAe0kBH3sGAQB8SAFkAQEAAQB9KCkAfigpAH9JASRnBAEAgEkBKKgBAj
144=MAKAD/fysBADQoKQA1KCkANigpADcoKQA4KCkAOSgpADooKQA7SAFkDFkRPCgpAD0oKQA+
145=SAEFFAEAAAIBAD/IAQEDAQBASgHSAkMHAQBBSQFhRAFFCELIAQEBAQBDSQE8uQZEyAFZBk
146=VJATq1AkbIAVUCR0kBPbUCSEgBwQRJyAFBBEpIAdEJS0kBQkwFVQ1MSQE7SAFFE01JAXFM
147=EEkBTsgBWQZPSQHJsRRQSQHQqQFRSQHfTAVRFFLIAVkGU0kB1FQCAQ0BAFRIAUUBAEkMVS
148=gpAFYoKQBXSAHNMVgoKQBZKCkAWigpAFsoKQBcKCkAXSgpAF4oKQBfSgEeA0toAQBgSQEh
149=SAFFE2HIAQEDBQBiSQEfVgIABUdrKAAkqQFkVAJoAQEBBQBlSAF4BkEEZkgBkxQFAGdIAY
150=MaBQBoKCkAaSgpAGooKQBrKCkAbCgpAG0oKQBuKCkAbygpAHAoKQBxKCkAckgBk2EEAHNJ
151=ASBzEAQAdCgpAHVJASO1AnZIAY0FA0ZrKACUAmVrKExgRQQCRGvUAmRr1QIBRGvUAmRrjG
152=V9Nn1QCVAGaQF+KCkAfygpAIBIAdFsgUgBhBMCAQAyACnxbDMoKQA0SQG6ay0BADXIAU1H
153=NsgBRTQ3SAGLLQEAOCgpADkoKQA6SAHZETsoKQA8KCkAPUkB07lTPkkBzakBP0gBaW8Ffm
154=0pACe+DSkAfG1BD0JABGkBA35tKQBoZEkBRFQCyWRFSAF0AgEAAQBGyAFJF0dIAXxtVQJI
155=yAFVAkkoKQBKSAFka0EES0gB0QlMSAF4BkEPTUkBdWcaAQBOyAFFCE/IAUEEUEgBcGxZEV
156=HIAQEEAQBSyAFBGlNIAWAISQxUKCkAVSgpAFZIAdEqVygpAFgoKQBZKCkAWigpAFsoKQBc
157=KCkAXSgpAF4oKQBfKCkAYCgpAGFIAWxoURRiSAF8bU0bY0gBcGxNG2TIAU0bZUgBbAVVAm
158=bIAVl0Z0kBIGBGfG3HSgUAaVQChx4FAGooKQBrKCkAbCgpAG1JAW5ECAEBBABuyAEBAgQA
159=b0kBIGsIBABwKCkAcSgpAHJJASOhBHNIAdlpdEgBmwYDAHUoKQB2SAGMBX1tKfFsePQCfG
160=3VAgFF2Smgcn1tKWAMZWt8TQXCpVV9SQG8qQF+SAGHBAEAfygpAIAoKQCBKCkAgigoAAIx
161=ACoAHUQeRSkyyAEBAwEAM8gBTUc0SAF0cFUCNcgBVQI2yAFRNTdIAcFGOCgpADkoKQA6SA
162=HFEzsoKQA8SAHJbz1IAd3FPigpAD9JAXl8BnVwKliQTB933ioAX7UCQkAEaAFVRENIAdVl
163=REgBZNkBAAEARUgBdHBNG0ZIAdUCR8gBWQZISQE+RNlNBUlIAcUISigpAEsoKQBMSAFkCF
164=0gTUgBdHBJAU7IAUkiT8gBSSJQSAHNiVFIAWFyB3ZwKgDFHlNVAsu9NlRIAc0FVUgBaBtZ
165=EVZIAc0FV0gBwQRYSAHJLVkoKQBaKCkAWygpAFwoKQBdKCkAXigpAF8oKQBgKCkAYSgpAG
166=IoKQBjKCkAZCgpAGUoKQBmSAFgclEfZ0gBdHBVLmjIAU1zaUkBJVxMReRqSAFoekkBa8gB
167=SehsSAFob00FbckBBHZwKgB2AgUDV3AqACB5IwNUcCcpAHFMBdUCcigpAHNJASOtBXRJAS
168=dpAQJUcNsGAgB2VAKZBgJV3iqzbAIAeFQCjQUBWE3UAndwKgDGsTV7QQS+qQF8SQG4qQF9
169=SQG9qQF+SAHBcn9IAX0OACI9KSqEAUkBgShVAIIoKQCDSAHDOzAAK4ByAQYBADHJAQdk5L
170=UCCGxzqQEJIkUqK/3mNUwFjwwBADYoKQA3SAHdCjhIAcEEOSgpADooKQA7KCkAPEgB1d49
171=SAEnbg4rAMkBP1QCbHNNPEDJAQNtcyuMc1UCQlQCbHNVAkNIAXBsVQJESAFsaEkBRcgBSS
172=JGyAFVAkfIAVkGSEgBcHdBBEnIAUV2SkgBJ4YcKwBoAVUCTFQCfApJAU1IAdkGTkkBdGse
173=AQBPyAFBBFBIAdUYUUgB1XBSSAHVAlMoKQBUKCkAVUgBzQVWSQHOuT1XSAEleStYSAHJLV
174=koKQBaSAFoEFUYWygpAFxIAc0FXSgpAF4oKQBfKCkAYCgpAGFIAcG/YkkBuq0QYygpAGRI
175=AdVPZUgByQxmKCkAZygpAGhIAXh0RXZpSAFsc1UjakkBJFh0TTFryAFNMWxIAXRwTVJtyA
176=FNUm7KAQgCTXMrrXMCTHMnKQBxQQQgdx8CAHIoKQBzKCkAdEkBI6EEdUkBJ2kBAUxzxQgB
177=THMnKQB4QASMBW1zK2YFAABscycpAHtABJgCIkcqKwDHtSN9KFUAfkkBw7UCf0gBzQWAKC
178=kAgUgBzSaCKCkAgygpAIQoKwAvACyYdAEKAQAwyQELZHa1AgxkdqkBDWR2qQEOZXYsKMUO
179=LIgQVRg2RAiPAQEANygpADgoKQA5KCkAOkkB07UYO0kBy6kBPEgB3Vc9KCkAPigpAD9JAW
180=RsDHbpLABoAVk9QVQCImgpTRBCyAFVAkNIAWRrVQJESAFka0kBRcgBSUNGSAHRbEfIAVkG
181=SMgBQQRJyAEBAwEASkgBeH9FCEvIAU0FTEgByQxNyAFVAk5JAXexFE/IAVUCUEkBXbUCUc
182=gBVQJSSAHFHlMoKQBUKCkAVUkB0LUjVkgBYAhNEFcoKQBYSAHZPVkoKQBaSAHNBVsoKQBc
183=SAHNBV0oKQBeKCkAXygpAGAoKQBhSQHFrRBiSAHRxGNIAcnHZEkBu6EEZUgByQxmSAHBfW
184=dIAcl6aEgBwQRpKCkAaigpAGsoKQBsKCkAbUgBcHdFVW7IAUVVb0kBIH0cAUZ2LADJAXEo
185=VQByKCkAcygpAHQoKQB1SQEjpQh2SAFlAQBmdiwAyRd4VALJF3lIAZd7AAB6SQEgkgUAey
186=gpAHwoKQB9SQEooQR+SAHZJ39JAcChJYBIAd0ggSgpAIIoKQCDKCkAhCgpAIUoKwAuAC31
187=cC9IASL9Kw99eC2JehB8eKkBEXx4qQESfHipARN8eCcFATVECNkRNkgBhBd9eC2FAQAibD
188=onKQA5KIEAOkkB0qEaO0gByVk8SQF6YwcBAD3IAU1dPkkBXLUCP0gBYOtdCkDIAUEEQUgB
189=2XRCSQFCJE0rQ0gB1XtESAFgBE1zRckBAyJtOi0j8DpVAkfUAl0KSMgBXQpJSAHZdEpIAX
190=x4TQVLyAFFCExIAWAEVQJNyAFVAk5IAXx4VQJPyAFVAlBIAXx4VQJRyAFVAlJJAYCtG1PI
191=AUEPVEkBzLUjVUgBfANFE1YoKQBXSQHuewIBAFjIAVkGWcgBSQxaSQHxoQRbyAFBBFxIAX
192=ACUQldKCkAXkgByThfKCkAYCgpAGEoKQBiKCkAY0gB2VNkSAHJemVIAcnzZkgB1QJnSAHB
193=fWhIAdUNaSgpAGooKQBrKCkAbCgpAG0oKQBuKCkAbygpAHAoKQBxKCkAcigpAHMoKQB0KC
194=kAdUkBxqktdkgByRd3SAHZlXhJAb+hBHlIASM8VXx4xWAAXHjDXAAAfEAEjxsAAH1JAR2O
195=LQB+SAGUAiJsOtgGIlQsJykAgSiBAIIoKQCDKCkAhCgpAIUoKQCGKCsALQAu6XouKCkAL0
196=gBdXsUdnsuAGkBFXR7qQEWdHupARd0e6kBGHR7JzEBNUQIkBgiXS0uhAFNRzcoVQA4KCkA
197=OSgpADpIASd1Dy4m2Sw8VAJ0e1lTPcgBRWA+SAF0e1lTP0gBdHtBBEDIAUEEQUgB0XdCSA
198=Endw8uAD1AfU0FRFQCaAFNBUVIAc0FRkgBZHZdFUfIAUkMSEgBYARVAklIAXB3SQFKyAFB
199=BEtIAdH7TMgBVQJNKCkATkgBzRBPKCkAUEgBdHsBBAEAUckBBSLOOy4AdHtRFFNUAmgBUR
200=RUSAEndA8nqQVWVAKDLAEAV0gBdHtNBVjIAV0KWcgBXQpaSAF0e1UCW8gBVQJcyAEBBgEA
201=XcgBAQcBAF5JAeVjCwEAX8gBQRpgyAFFE2HIAVUNYkkBxK0FY8gBTQVkSAHBfWVIAcl6Zi
202=gpAGcoKQBoSAHV3mlIAdleaigpAGsoKQBsKCkAbSgpAG4oKQBvSQENTDxFNHDIAVkRcUgB
203=3QpyKCkAcygpAHQoKQB1KCkAdkgBJVUsd0gBxQh4KCkAeUgBJ3QPzF10eycpAHxABHAjTQ
204=B9SQEkXABJAH5JASBcAEkAfygpAIBIAdn4gUgB1Q2CKCkAgygpAIQoKQCFKCkAhigpAIco
205=KwAsAC/hfS0oKQAuKCkAL0gBYX0ZbX4vjX4abH6pARtsfqkBHGx+qQEdbX4vQBhIACK0WS
206=cpADZQCU4CAABl+i8m+UY4VAIl4S05KCkAOkgB2fg7KCkAPEgBIrQtRQg9yAFJOD5IAdFs
207=P0gB2XRAyAFBBEFIAWh6WQZCSAHdbUNIAdF3RMgBTQVFSAHFCEbIAVVaR8gBVVpIyAFRCU
208=nIAVkGSsgBVQJLyAFVAkxIAWQTSQFNyAFBBE7IAVUCT0gBdA1JAVBIAdEUUUkBdmQlbn4v
209=AGgBQQRT1AJZEVRIAdUjVUkBzaHKVkgBdAZJDFcoKQBYKCkAWSgpAFooKQBbKCkAXEgBZY
210=EKbn4vAGkBC25+LwBtfgRsfqgBXYNgTAV0Al2DYcgBXYNiSAFsflEUY8gBTSZkSAHRVmVI
211=Adl/ZkgB2X9nKCkAaEgBxeRpSAHZBmooKQBrKCkAbCgpAG0oKQBuKCkAb0gBbH5NEHDIAV
212=UYccgBVRhySAHJDHMoKQB0KCkAdUkBxL0rdkgBzQV3KCkAeEkBJ5ouAHlJASOpAXpIAaQB
213=RPrQbGX6LyRAL2b6LwAjeSAARvovAJecAAB/WAaJDABHvS8AJKkIgVUCIKkBgigpAINIAd
214=GChEgBmwYBAIUoKQCGKCkAhygpAIgoKwArADD5fywoKQAtKCkALigpAC9IAWWBHmWBMIWB
215=H2SBqQEgZIGpASFkgakBImaBMACAAGSBJykANlAJ1QI3SAHR+zhIAdVaOSgpADpIASJ4TA
216=EAAQA7yAFRYTxJAWBoCCJuLzAAaAFVAj5UAnxtVU8/SAFka0kBQMkBAyJVTTAjkC5RCUJU
217=AickEAgwADoBAAACAQBEABEAANUPACAAAzAAOgEAAAMBAEUAMAA+AQAAAgEARkkBPUgBAQ
218=ABAEfIAQEBAQBISAFsBVUCScgBVQJKSQE8rQVLyAFVAkzIAQEDAQBNyAFdCk7IAVUCT0gB
219=dA1JAVBIAXQNQQRRSAEBdgAAAFUCUsgBAQQBAFPIAQEFAQBUSgHJAkcEAQBVKCkAVkkBzb
220=UCV0gBWQMAURRYKCkAWSgpAFpJAdOtBVtJAcupAVxIAcUIXUgBxQheKCkAXygpAGAoKQBh
221=KCkAYkkBCL0gY8gBXSBkSgH//1sJAQBlKCkAZkkBwaEPZ0kBu6kBaEgBzQVpKCkAaigpAG
222=soKQBsKCkAbSgpAG4oKQBvSQENWBEBBgEAcMgBAQcBAHFIAckMcigpAHMoKQB0KCkAdUgB
223=0RR2SQG8sRR3SAHFCHhJAR9IG0kAeUgBlwIAAHpIAUQCaQB7KCkAfEgBkwkAAH1JAbhzCQ
224=AAfkgBkx8AAH9IAWwGTQCAKCkAgUgB3QqCKCkAg0kBHUAFSQCESAGDBAEAhSgpAIYoKQCH
225=KCkAiCgpAIkoKAABKgAxAMUIKygpACwoKQAtKCkALigpAC8oKQAwKCkAMSgpADIoKQAzKC
226=kANCgpADVJAdV/IAEANkgBUBlxVjdJAdK1AjhIAc1dOSgpADpJAXlQBVVlO8gBVWU8SQFg
227=tQI9yAFVAj5IAXBsUWE/yAFNUkBJATtIQ1UCQUgBcHdRCULIAVkGQ0gBYH1VAkTIAVUCRc
228=gBVQJGSQE9RAhJAUfIAUEESEgB2QZJyAFVAkpIAckMS8gBVQJMSAFsEFkRTUgBcAlZEU7I
229=AVUCTygpAFDIAUEEUUkBdFgcSQFSyAFNBVNIAcElVCgpAFVJAc6lKVZJAdCpAVdIAWAIRQ
230=hYKCkAWUgB0YJaSAHRCVsoKQBcKCkAXUgB1YZeKCkAXygpAGBIAc2JYUgB1Q1iSAF8g00m
231=Y8gBXSBkSAHVT2UoKQBmSQHFvRVnSQG/qQFoSQG9dwkBAGnIAVEfakkB6rUCa0kB5qkBbM
232=gBQQRtyAFBD27IAUEPb0kBtK0FcMgBTQVxSAHZEXIoKQBzSQHCrRB0SQG+qQF1SQG9qQF2
233=SAHRFHdJASd/CgAAeEkBI6kBeUgBpAFdgzHGAQB7VAKfCgAAfEgB0YJ9SAGcCn6DMQCcCn
234=yD23QAAIBABMkIgUkBIa0BgkkBHqkBg0kBJakBhEgBwRqFKCkAhigpAIcoKQCIKCkAiSgp
235=AIooKwApADLphSooKQArSgG8A1sNAQAsyAEBAQEALUgBwQ8uKCkALygpADAoKQAxKCkAMi
236=gpADMoKQA0SAHZUzVIAdlTNkgBwVE3SAHVAjgoKQA5SQFlQBNNXTrIAUUTO8gBXUE8SAFk
237=dlUCPUgBeHRNBT5JAT61ez/IAQEDAQBASQFCVAJBBEFIAc0FQsgBRQhDyAFBBETIAVUCRU
238=gBcAlVAkbIAVUCR0gBeH9NEEhIAWwQQQRJyAFBBEpIAdkGS8gBVQJMSAHNEE1IAXSGRQhO
239=yAFRFE9JAW+lHlDIAVkGUUkBfbUCUsgBVQJTSAHNJlRJAcypWVVIAWgFWRFWKCkAV0gBwT
240=BYSAHVLllIAcUIWkkBXn8GAQBbyAFJDFxJAVu1Al3IAVUCXkkBgLUCX8gBVQJgSAHNEGFI
241=Ac1HYkgBdIYBBAEAY8gBAQUBAGRIAcEEZSgpAGYoKQBnKCkAaEgBdIZBJWnIAUElakgBdI
242=ZBD2tIAXSGSQxsyAFJDG3IAQEGAQBuyAEBBwEAb0gBdIZRCXDIAVEJcUgB2RFyKCkAc0kB
243=x7EqdEgBwQR1KCkAdigpAHdIASUpIXhIAY8FAAB5KCkAekgBaCZNAHtIASUpIXxIAd2DfU
244=gB2QZ+SAFcBGkAfygpAIBJASFvAgAAgUkBJakBgkgBhwEBAINIAYcIAQCEKCkAhSgpAIYo
245=KQCHKCkAiCgpAIkoKQCKKCkAiygrACgAM+GIKSgpACooKQArSAFsiV0rLMgBXSstSAHFEy
246=4oKQAvKCkAMCgpADEoKQAySAHRVjNIAdFWNEgB0VY1KCkANigpADcoKQA4KCkAOUgBbIlZ
247=ETrIAUFGO8gBAQUBADxIAXx4QQQ9SAF8g1UYPsgBVQI/SAFsfkVrQEgB3XhBSAHNBULIAU
248=0FQ8gBRQhEyAFVAkVIAXCCVQJGyAFVAkdIAWQIXQpISAFsEEEEScgBQQRKSAHZBkvIAVUC
249=TEgBzRBNSAF4BlUCTkgBcAlFCE9IAWyJSQFQyAFBBFFIAWyJVQJSyAFVAlNIAdEqVEgB3X
250=hVSAHRS1YoKQBXSAElhSdYSQF6ZwQBAFnIAQEBAQBaSAFsiUkMW8gBSQxcSAFsiVUCXcgB
251=VQJeSAFsiVUCX8gBVQJgSAHZEWFIASUxImJJAbG1DWPIAVUNZEgBZIFZJ2VJAemhBGZJAe
252=ipAWfIAU0FaEgBeH9NBWnIAVUCakgB2VNrKCkAbCgpAG0oKQBuKCkAbygpAHAoKQBxSQEn
253=Yw8AAHJJASCpAXMoKQB0KCkAdSgpAHYoKQB3SQEjuQZ4SAGkAU2JM8YBAHpUAiXZIXtIAS
254=UBMnxIAcUEfSgpAH4oKQB/SQEhpQSASQElqQGBSAGHAQEAgigpAINIAckihCgpAIUoKQCG
255=KCkAhygpAIgoKQCJKCkAiigpAIsoKwAnADTtiSgoKQApKCkAKigpACtIAXiKRXYsyQEFIo
256=giJwUBLlQC3RUvKCkAMEgBwYgxSAHBiDJIAdFLM0gBZlUAAUIBNABoAQEBAQA1UQFZbCIi
257=YTM0RlsAAFUCN1QCfFdNBTjIAVUCOUgBItwyVQI6yAFVAjtIAXD7VQI8yAFVAj1IAcGIPk
258=gBeHRBBD/IAUEEQEgByXpBSAHNBULIAUEEQ0gB3QpEyAFVAkXIAU1oRskBAyLiQzQAaAxV
259=AkhUAt0KSSgpAEooKQBLKCkATCgpAE1IAXiKSQxOSAHBD09IASUJM1DIAUEEUUgB0SpSKC
260=kAUygpAFQoKQBVSAHNMVYoKQBXSAHFCFhIAXiKSRdZyAFBGlpIAWQ0UUBbyAFRQFxIAXgc
261=QQRdSAF8FVkGXkkBeKk4X8gBURRgSAFwjVUuYcgBVQJiSAF4ilkGY8gBUQlkSAF4ikEEZU
262=gBeIpJAWZIAXiKTQVnyAFNBWhIAXiKVQJpyAFVAmpIAc1SaygpAGwoKQBtKCkAbigpAG8o
263=KQBwSAHNiXFJASNgGnmKNKMBAABzVALNAXQoKQB1SAGDDwAAdkgBwQR3SAHVAngoKQB5SA
264=HNiXpIASUJM3tIASVdInxIAcUIfUgBxQh+SAHVAn9JAR2tAYBIAYcBAQCBKCkAgigpAINI
265=AYQIIogiJ/EOhShVAIYoKQCHKCkAiCgpAIkoKQCKKCkAJkx23QonKCkAKCgpACkoKQAqKC
266=kAK0gBeYoGIuYzNQBpAQd5ijXhky5BBNckCSgvSAHRVjBIAcVVMUgBZFVFSjLIAVVEM0gB
267=ZFVdQTTJAQN5ijWMiVUCNlQCZIxVAjdIAXiKVQI4yAFVAjlIAXiKVQI6yAFVAjtJAT0kCT
268=M8yAFVDT1IAXheTRA+SAFwYVkGP8gBVQJAyAFNBUFIAXiKQQRCyAFdCkNIAXwKVQJEyAFV
269=AkVIAXwKSQFGSAHBBEfIAVUCSEgBJ1oRNQB8ClUCSlQCaAFRCUtJAXBjQgEATMgBTRBNSQ
270=FrtQJOyAFVAk9JAX61AlDIAVUCUUgByS1SKCkAU0gB1S5UyAFNBVVJAVqlCFbIAVUCV0kB
271=XLUCWEkBX6kBWcgBQQRaSAF4HEkBW0gBIqAlTSZcyAFVAl1IAWAEVQJeSAF4ik0bX8gBRR
272=5gSAF4ilUCYcgBVQJiSAEl4SJjSAHZU2RJAboksT1lyAFJDGbIAUUIZ0gBzQVoKCkAaSgp
273=AGooKQBrKCkAbCgpAG0oKQBuKCkAbygpAHBIASWxMnFIAWQiTQBySAHFgXNIASO7VAAAdE
274=gBUANpAHVIAcEEdkgBwQR3SAF0A00AeCgpAHlIASMASCI9VTUmDUR7VAJcBGkAfCgpAH1J
275=ASFsAiK/RDUAHqkBf1UCJakBgEgBhAF5ijWEAU0xgihVAINIAc0mhCgpAIUoKQCGKCkAhy
276=gpAIgoKQCJKCsAJQA2+X8mKCkAJygpACgoKQApKCkAKigpACsoKQAsKCkALUgBjxcBAC4o
277=KQAvSQHWpYwwSAHNXTFIAWBcXUEyyAFFSjNIAXiKQeA0yQEFeoo2AG1zASK1IjaI/lUjN0
278=AEZIFVAjhIAd1XOcgBVQI6SAF4dE0FO8gBVQI8SAHZBj1IAcEEPigpAD9IAdEJQEkBPrWR
279=QUgBbBBRCUJIAcEEQ0gBYARVGERIAXAJSQFFyAFBGkZIAXgGVQJHyAFVAkhIASdYEaAaRR
280=NKVALdCktIAXiKWQZMyAFZBk1IAXiKVQJOyAFVAk9IAXiKVQJQyAFVAlFIAcktUigpAFNI
281=AdUuVMgBTQVVSAF4ikUIVsgBVQJXSAF4ikUTWEgBeIpBBFnIAUEEWkgBfBVJAVtIAd0gXM
282=gBVQJdSAFgBFkGXsgBVQJfSAHNBWBJAXNnRgEAYcgBVQ1iSAEleTZjSAHZXmRIAXiKRQhl
283=yAFVRGbIAVVEZ0gBzQVoKCkAaSgpAGooKQBrKCkAbCgpAG0oKQBuKCkAbygpAHBIASdZET
284=ZgF20AclQCxYFzSAElYVR0SQG6e14AAHVIASXZIXYoKQB3SAHBBHhIAdGNeUgBcApNAHpI
285=AYMaAAB7SQEhSAJJAHxJAR5cAEkAfUkBJVwASQB+SAFZAABZU38oKQCAKCkAgSgpAIIoKQ
286=CDSAGIDCK0IidREIUoVQCGKCkAhygpAIgoKwAkADftiSUoKQAmKCkAJygpACgoKQApKCkA
287=KigpACsoKQAsSAEl6WUtSAHNGy4oKQAvSAHJFzBIASW5PjFJAWNzBQEAMsgBAQEBADNIAW
288=x+TUc0SAHBcjXIAVUCNkgBYARFVTdIAc1zOEgB3Vc5yAFNBTpIAWQISS07SAFgBEkBPMgB
289=VQ09SAHFgT4oKQA/SAFsBUkMQEkBPliKSQFBSAFwCUkBQkgBwQRDSAFgBF0KRMgBXQpFyA
290=FVAkZIAdEURygpAEgoKQBJSAFgiE0FSsgBRQhLSAFohVUCTMgBVQJNSAHJhU5IASVBZk8o
291=KQBQSAHBBFEoKQBSKCkAU0kBZLUuVMgBXQpVSAFwKk0mVkgBzRtXyAFVAlhIAdEfWcgBVQ
292=JaSAHNG1tIAXwgVQJcSAHRKl1IAXAJVRheyAFVDV9IAXAJVQJgSAF4ilEqYcgBRQhiSAHV
293=GGNIASWlK2RIASUNI2VIAcVKZigpAGcoKQBoKCkAaSgpAGooKQBrKCkAbCgpAG0oKQBuKC
294=kAbygpAHBJASZ7JwAAcUkBIqgBB3IANwAAAAAAAAARAABNDwAgBABzADcAAACBAHRKAcEC
295=iQF1SQG4qQF2KCkAdygpAHhJAbuhBHlIAZMGAAB6SQEhrQF7SQElqQF8SAGHAQEAfSgpAH
296=4oKQB/KCkAgCgpAIEoKQCCKCkAg0oB//9bCQEAhCgpAIUoKQCGKCkAhygoAAEjADgA2QYk
297=KCkAJSgpACYoKQAnKCkAKCgpACkoKQAqKCkAKygpACxJAdZrIgEALUkBy6kBLkkBzakBL0
298=gBzRAwSQHStQIxSQFjXBkBAgEAMsgBAQMBADNIAQU6AQAAAQEANMgBAQABADXIAVUCNkkB
299=QkAEVQI3KCkAOEkBPrUCOcgBTQU6SQE9VAJJDDtIAXwKSQE8yAFFCD1IAdkGPsgBWQY/SQ
300=E7WAZBBEBIAXgGSQFBSAHNBUIoKQBDyAFdCkTIAVUYRcgBVQJGyAFVAkdJATxcCkkBSEgB
301=cAlBBElJAXC9IErIAUEES0kBfrUCTMgBVQJNSQHMuSdOSAHRKk8oKQBQSAHdK1FJAXpECE
302=kXUsgBTRtTSQFftQJUyAFVAlVIAWQTSQFWSAHFHlfIAVUCWEgBfBVRCVnIAVUCWkgBzTFb
303=SAF4BlUCXEgBdC5NBV1IAXQCWRxeyAFVGF9IAWAEVQJgSQF4uRFhyAFFCGJJAYC1AmPIAV
304=UCZEgB0R9lSAHRH2ZKAb8DUwUBAGfIAU0FaEgBwQRpKCkAaigpAGsoKQBsKCkAbSgpAG4o
305=KQBvKCkAcCgpAHFJAR9cDkkAckgBWABpAHMoKQB0SQHFczUAAHVJAb2pAXYoKQB3KCkAeE
306=kBv6EEeUkBIWgJeoo4AM2Je1QCkwIBAHwoKQB9KCkAfigpAH8oKQCAKCkAgSgpAIIoKQCD
307=SAHBJYQoKQCFKCkAhigrACIAOe2JIygpACQoKQAlKCkAJigpACcoKQAoKCkAKSgpACooKQ
308=ArKCkALCgpAC1IAdVaLkkByWMlAQAvSAHRjTBIAdUCMUkBZGQleoo5AGkBAXqKOQBgUVVP
309=NEAEaAFVTzVIAd1XNkgBwVw3SAHVAjhIAXQCTQU5yAFFCDpIAXRlQVw7SAHJhTxIAd0KPU
310=gB2QY+yAFZBj9IAWwFUQlASAHNBUFIAc0FQigpAEPIAVkGREgBdA1ZBkXIAVUCRkgB0RRH
311=SAF4aVkcSEgBfApFE0lJAXS9IErIAUEES0gBwSVMKCkATSgpAE5IAdEqTygpAFBIAdkGUU
312=gBeIpZEVLIAVkRU0gBeIpVAlTIAVUCVUgB0RRWKCkAVygpAFgoKQBZKCkAWigpAFsoKQBc
313=KCkAXSgpAF5IAXAqVQ1fSAFkKVEfYEgBeIpZEWHIAUEEYkgBeIpVAmPIAVUCZEgBJ1gRJ4
314=ELZlQCeIpNBWfIAU0FaEgB1WVpKCkAaigpAGsoKQBsKCkAbSgpAG4oKQBvKCkAcCgpAHFJ
315=ASZ/NgAAckkBHqkBcygpAHRJASK1AnVIAaYBAHZIAYcTAAB3SAHVAngoKQB5SQEduQJ6SA
316=GHAQEAeygpAHxIAYQIIrQiJx0EfihVAH8oKQCASAHFCIEoKQCCKCkAg0gB0QmEKCkAhSgr
317=ACEAOu2JIigpACMoKQAkKCkAJSgpACYoKQAnKCkAKCgpACkoKQAqKCkAKygpACwoKQAtSA
318=EnWhE6AHRaTUcvVAJoAVVlMEkBXH8cAQAxSAFgXEEEMsgBQQQzSQE+RPpJATRIAclvNUgB
319=2V42SAFgBAECAQA3yAFZSDjIAVAJWZIAYARFCDpUAsF9O0gBdFpZBjxJAT1IDE0FPcgBTQ
320=U+SAFgBFUCP0gB1Q1AKCkAQSgpAEIoKQBDKCkARCgpAEUoKQBGKCkAR0gByQxISQF2vSBJ
321=yAFNEErIAVEUS0gB3YNMKCkATUgBZClRFE7IAVkGT0kBWrEJUMgBVQJRSQFgtQJSyAFVAl
322=NIAXAqTSZUSAHVI1VIAcUeVkgBeCdJDFfIAVkGWEgBeAZVAlnIAVUCWkgBzQVbyAFVAlxI
323=AdkcXcgBVQJeKCkAX0gBeAZZHGDIAVkRYcgBVQJiSQFyqRdjyAFFCGRIASdYESetC2ZUAn
324=mKBCK2IjoAaAEBBQEAaFQC1WVpKCkAakkBj70Ka0gBwQRsKCkAbSgpAG4oKQBvKCkAcCgp
325=AHEoKQByKCkAcygpAHRIAd2OdUkBHmEPAFqKOgDJAXcoVQB4KCkAeUkBJa0FekgBhAF5ij
326=qEAUEwfFQCyRd9KCkAfigpAH8oKQCAKCkAgSgpAIIoKQCDKCkAhCgrACAAO+2JISgpACIo
327=KQAjSQG+JI0oJMgBRTQlyAFJOCbIAUE7J8gBRTQoSAHJFylJAdMk2SEqSAElYTMrSAHBBC
328=woKQAtSAEnWRE7mIpJDC9UAnBhSQwwSAF4ik0QMUgBeIpBBDLIAUEEM0kBPkx+SQE0SAFo
329=WUEENUgB2V42SAHRgjfIAVEJOEgBeAZNBTnIAUUIOsgBVQI7yAFVAjxIAWQIVQI9yAFVAj
330=5IAXBhVQI/yAFVAkBIAXwKSQFBSAHZEULIAVUCQ0kBb2M+AQBEyAFZEUVJAWi1AkbIAVUC
331=R0gByQxISQF2QARFCEnIAVUuSsgBAQUBAEtJAcm1LkwoKQBNSQF6WAZRFE7IAUUIT0gBeI
332=pVAlDIAVUCUUgBeIpVAlLIAVUCU0gBdBhZEVRIAXiKRVVVSAHdK1ZIAWQeWQZXyAFZBlhI
333=AXgGVQJZyAFVAlpIAWwFUQlbyAFVAlxIAdkcXcgBVQJeSAHNBV9IAWAEQQ9gyAFFCGFIAW
334=AEVQJiSQFyuRxjyAFFCGRIAckiZUkBzbUjZkgBbYkGeYo7mYoHeIonXQxpQATFVWpJAZBc
335=CkkMa0kBhakBbEkBh6kBbUgBzQVuKCkAbygpAHAoKQBxKCkAcigpAHMoKQB0SAF4ClUNdS
336=gpAHYoKQB3KCkAeCgpAHkoKQB6KCkAeygpAHxIAdEUfSgpAH4oKQB/KCkAgCgpAIEoKQCC
337=KCkAgygrAB8APO2JICgpACEoKQAiKCkAI0gBeIpFVSTIAUEwJcgBQTAmyAEBCAEAJ8gBAQ
338=kBAChIAckXKUkB1qk4KkgBwTsrSQHLtQIsKCkALUgBwQQuSAEiYDNRKi/IAU1HMEgBZEpV
339=RDFIAXhIRVUySAHBXDPIAU0FNEgBYARFCDVIAdVaNkgB0YI3yAFRCThIAXwKTQU5yAFFCD
340=pIAcUIO0gBwWc8KCkAPSgpAD4oKQA/KCkAQEgBfApRCUFIAWwQSQxCyAFVAkNIAXiKVRhE
341=yAFZEUVIAXiKVQJGyAFVAkdIAXAJRQhISAEl5TNJyAFRCUpIAdknS0kBzr0rTEgB1QJNSQ
342=Fia1UBAE7IAVkGT0gBaCJJDFDIAUEPUcgBVQJSSQFCTLVBD1NIAWwQWQZUSAF4BlUCVUgB
343=wQRWSAHVAlfIAU0FWMgBTQVZyAFVAlpIAXwrSQxbSAHdClxIAcElXcgBTQVeSAHNBV9IAW
344=wFURRgyAFFCGFIAWAEVQJiSQF1uRxjyAFFCGTIAUEEZUkBzLUjZkgBeIpdV2fIAV1XaEgB
345=3VdpKCkAaigpAGtIAcWMbEkBhrUNbUgB2QZuKCkAbygpAHAoKQBxKCkAcigpAHMoKQB0SA
346=F4Ck0mdSgpAHYoKQB3KCkAeCgpAHkoKQB6SAHZEXsoKQB8KCkAfSgpAH4oKQB/KCkAgCgp
347=AIEoKQCCKCsAHgA97YkfKCkAICgpACEoKQAiKCkAIygpACRJAbsk4SIlyAFRNSZIAckXJy
348=gpACgoKQApKCkAKkkB0rU5K0gBzV0sKCkALUkBZWspAQAuyAFJDC/IAV1BMEgBZEpVAjFI
349=AdVPMkgBZEpBMDPIAUEENEgBwVw1SAF4BkEENsgBQQQ3SAHBBDhIAWAESQw5yAFFVTpIAX
350=wKVQI7yAFVAjxIAc1oPUgBbBBVAj5IAcUIP0kBcLUYQMgBVQ1BSQFptQJCyAFVAkNJAX21
351=AkTIAVUCRUkBe7UCRsgBVQJHSQFstQJISQF+qQFJyAFBBEpIAdVlS0gB2TJMSAHVLk1JAW
352=JYBkEaTsgBSRdPSAF0GEUIUEgBySJRyAFVAlJJAUL6ij0AeBxZBlRUAmwFUQlVSAHBBFZI
353=AdUCV8gBTQVYyAFNBVnIAVUCWkgBwQ9bSAHdClxIAXQCTQVdyAFNBV5IAWAEWRFfSAHVyG
354=DIAVUCYUgBcDVJAWJIAXiKWQZjyAEBBAEAZMgBReRlSAHBJWZIAcElZygpAGhJAcSlVWlJ
355=AZNMJk1HakgBzQVrKCkAbEkBjqEEbUgBwQRuKCkAbygpAHAoKQBxKCkAcigpAHMoKQB0KC
356=kAdSgpAHYoKQB3KCkAeCgpAHkoKQB6KCkAeygpAHwoKQB9KCkAfigpAH8oKQCAKCkAgSgr
357=AB0APu2JHigpAB8oKQAgKCkAISgpACIoKQAjKCkAJEgBeIpZPSXIAV02JkgBxSknKCkAKC
358=gpACkoKQAqSAHBXCtIASdaET4AyQEtVAJ4il0KLsgBXUEvyAFdQTBIAXBLQQQxSAHJWTJI
359=AWRKRRMzyAFBBDRIAWBcXUE1SAF4BkEENsgBQQQ3SAFgBFUCOMgBVQI5SAHdCjooKQA7KC
360=kAPCgpAD1IAWRgSVk+SAFsEFUNP0gBeIpdCkDIAV0KQUgBeIpVAkLIAVUCQ0gBeIpVAkTI
361=AVUCRUgBeIpVAkbIAVUCR0gBeIpVDUhIAXiKQQRJyAFBBEpIAdVlS0gB2TJMSAHVLk1JAW
362=KlYE7IAVEJT0gBaBdJAVDIAVUYUcgBVQJSSQFC+oo+AGh6VQJUVAJwKk0FVUgBdAJZEVbI
363=AVkRV0gBdCNVAljIAVUCWcgBVQJayAFVAltIAWwQSQFcSAF8CkEEXcgBVQJeKCkAX0gB1Q
364=1gyAFBBGFIAcUIYkgBwQ9jSAElWSdkyAFJF2VIAclOZkgBJdksZ0gBJWk0aEkBxfuKPgC8
365=qQFqVALRKmsoKQBsSAEl4SJtSQGLvStuSAHNBW8oKQBwKCkAcSgpAHIoKQBzKCkAdCgpAH
366=UoKQB2KCkAdygpAHgoKQB5KCkAeigpAHsoKQB8KCkAfSgpAH4oKQB/KCkAgCgrABwAP+2J
367=HSgpAB4oKQAfKCkAICgpACEoKQAiKCkAIygpACRIAXiKQX0lyAFBfSZIAdknJygpACgoKQ
368=ApKCkAKkgBwVwrSQF5oTAsyAFZPS1IASI8P0VVLsgBVQIvSAHBRjBIAcWBMUgBdE9NBTJI
369=AXxMBwABADMAPwA9AQARAADwDgAgAAEAAAEANAA/AD0BAAACAQA1AD8AyQE2SQE6tQI3yA
370=EBAwEAOEkBPLUCOcgBVQI6SQFCVAJRCTtIAXgGVQI8yAFdCj1KAW8AQwABAD7KAQEBQwE/
371=AH1QAlkGQFABaAFVAkFKAckCWwIBAEJJAc6pAUMoKQBEKCkARSgpAEYoKQBHKCkASCgpAE
372=koKQBKSQHQvQpLSgH//5UNTEkB0rUCTUkBYlACSRdOyAFBGk9JAT5YHEkBUMgBQQRRSQFC
373=VAJVGFJIAXgnSQFTyAFBGlRIAXgGVQJVSAF4J0kBVsgBQQRXyAFVAljIAVUCWUgBcAlJAV
374=pJATupDFvIAVUCXEgBaC1ZBl3IAVUCXkgBdA1JAV/IAUEEYMgBVQJhSAF8ClUCYsgBVQJj
375=SQF4RB5VAmTIAVUCZUkBgLUCZsgBVQJnSQHMoSVoSAHZJ2lJAce1AmpIAdUCaygpAGxJAc
376=ahBG1JAb6pAW5JAbypAW9IAdkGcCgpAHEoKQByKCkAcygpAHQoKQB1KCkAdigpAHcoKQB4
377=KCkAeSgpAHooKQB7KCkAfCgpAH0oKQB+KCkAfygoAAEbAEAAyRccKCkAHSgpAB4oKQAfKC
378=kAICgpACEoKQAiKCkAIygpACQoKQAlKCkAJigpACcoKQAoSQHTsSopSQHLqQEqSAHFaytJ
379=AXlAO11XLMgBVVotSQFgtQIuyAFVAi9IAXRPRT8wSAFwS1VEMUgBdAJFCDJIAXRaSQEzSA
380=FwS0kBNMgBTQU1SAHZBjZIAdFWN8gBXQo4yAFNBTnIAVUCOkgBxWs7SAF4BlUCPEgBYA9N
381=BT1IAXiKVQ0+yAFdFT9IAWyJVQJAyAFVAkFIAdFWQkgB0TVDKCkARCgpAEUoKQBGKCkARy
382=gpAEgoKQBJKCkASigpAEsoKQBMSAEnWxFAAGRcK0kXTlQCaAFBGk9IAWwmSQFQSAF4HEEE
383=UUgB0R9SSAFgBEEaU8gBQRpUSAFwKlUCVUgBwTBWyAFBBFfIAUEEWMgBVQJZSAFwCUkBWk
384=gBZClBBFvIAVUCXEgBbBBVAl3IAVUCXkgBdA1JAV/IAUEEYMgBVQJhSAF8ClUCYsgBVQJj
385=SAF4ilUCZMgBVQJlSAF4ilUCZsgBVQJnSAHFNGhIAcU0aSgpAGooKQBrKCkAbCgpAG0oKQ
386=BuSAHVkW9IAdEJcCgpAHEoKQByKCkAcygpAHQoKQB1KCkAdigpAHcoKQB4KCkAeSgpAHoo
387=KQB7KCkAfCgpAH0oKQB+KCsAGgBB7YkbKCkAHCgpAB0oKQAeKCkAHygpACAoKQAhSAFkTk
388=VKIigpACMoKQAkSAHVIyUoKQAmSAHBiCdIAcGIKEgBwYgpSQFeYwsBACrIAV1XK0kBX7UC
389=LMgBVQItSAF8TE08LsgBRT8vSAHBXDBIAWAEURQxSAF8TEkBMsgBRQgzSAFwS1UCNMgBRQ
390=g1SAFsBUkBNkgB0VY3yAFVDTjIAUEEOcgBVQI6SAHBDztJAXC9FTzIAVUNPUkBfrUCPsgB
391=VQI/SAHRH0BIASVdIkFIASUpIUJIAcUpQygpAEQoKQBFKCkARigpAEcoKQBIKCkASSgpAE
392=ooKQBLKCkATEgBJ1sRQQB8vRVOVAJoAV0VT0kBZ7UCUMgBVQJRSAHRH1JIAWwmUSpTyAFB
393=BFRIAWyJVQJVyAFVAlZIAcEwV8gBVQJYSAHFCFnIAVUCWkgBeDJJAVtIAXgGSQFcSAHBD1
394=1IAWAETTFeSAFkCEU0X8gBVQJgSAFgBFkGYUgB2RFiyAFVAmNIAcEEZEgBYARFCGVJAXKl
395=HmbIAU0FZ0gB3TZoSQHNreFpSQHEqQFqSAHdNmsoKQBsKCkAbSgpAG4oKQBvKCkAcCgpAH
396=EoKQByKCkAcygpAHQoKQB1KCkAdigpAHcoKQB4KCkAeSgpAHooKQB7KCkAfCgpAH0oKwAZ
397=AELtiRooKQAbKCkAHCgpAB0oKQAeKCkAHygpACAoKQAhSAFkLVVEIigpACMoKQAkKCkAJS
398=gpACZIAdFWJ0kBemsIAQAoyAFRNSlIAXiKVTkqyAFdQStIAXiKVQIsyAFVAi1IAWxHWQYu
399=SAF8QVkRL0gBfEFJATBIAXiKWQYxSAFgBEkBMsgBRQgzSAF4U1UCNMgBVQI1SAF8ClUCNs
400=gBVQI3SAHdVzgoKQA5SAFoDEEEOkgB0Qk7SAF4ikUIPMgBQQQ9SAF4ilUCPsgBVQI/SAHV
401=3kBIAcFRQSgpAEIoKQBDKCkARCgpAEUoKQBGKCkARygpAEgoKQBJKCkASigpAEsoKQBMSA
402=HFNE1IAWyJXRVOyAFdFU9IAXiKVQJQyAFVAlFIAdUjUkgB2SdTyAFBBFRIAXgyWQZVyAFV
403=AlZIAc0mV8gBVQJYSAHFCFnIAVUCWkgBaDhJAVtIAXgGSQFcSAHBD11IAWAEXUFeSAF4Ml
404=FAX8gBVQJgSAFgBFkGYUgB2RFiyAFVAmNIAcEEZEgBbBBFCGVIAXiKSRdmyAFNBWdIASda
405=EUIAzcBpVQLD+Ion6Q1rVALBO2woKQBtKCkAbigpAG8oKQBwKCkAcSgpAHIoKQBzKCkAdC
406=gpAHUoKQB2KCkAdygpAHgoKQB5KCkAeigpAHsoKQB8KCsAGABD7YkZKCkAGigpABsoKQAc
407=KCkAHSgpAB4oKQAfKCkAICgpACFIAWyCVS4iKCkAIygpACQoKQAlKCkAJkgB0VYnSAF4il
408=E1KMgBUTUpSAF5igQitiJDAGgBAQUBACtUAtk9LEgBeD1ZBi1IAcVKLkgBdERZES/IAUEE
409=MEgB0UsxSAFgUUEEMsgBXUwzSAF8ClUCNEgB0Qk1SAHJDDbIAUUTN0gBbAVdCjjIAVUCOU
410=gBaAxRCTrIAVEJO0kBdHsjAQA8yAFBBD1IAcFRPkgBJV0iP0gBzVJASAHVT0EoKQBCKCkA
411=QygpAEQoKQBFKCkARigpAEcoKQBIKCkASSgpAEooKQBLKCkATEkB1r1iTUgB3RVOSQFloR
412=pPyAFBGlDIAUkiUUgBbCZJIlJIAcElU8gBVQJUSAFgBE0FVcgBVQJWSAF8NlUCV8gBVQJY
413=SAFwNUkMWcgBUSpayAFVAltIAdE1XCgpAF1IAWAPRQheSAF4Ml0KX8gBVQJgyAFRCWHIAV
414=EJYsgBVQJjyAFVAmRIAd0VZUkBc7EfZsgBQQRnSAHZwWhIAd02aUkBxbknakkBwKkBa0gB
415=wQRsKCkAbUkBwqEEbkgBJ2xFJ/EOcFQC2QZxKCkAcigpAHMoKQB0KCkAdSgpAHYoKQB3KC
416=kAeCgpAHkoKQB6KCkAeygrABcARO2JGCgpABkoKQAaKCkAGygpABwoKQAdKCkAHigpAB8o
417=KQAgSAF4K0EwISgpACIoKQAjKCkAJCgpACUoKQAmSAEnWxFEAGN0CSK0IqgBUTUpQAR8QV
418=FAKkgBdERVDSvIAUEELEgBYFFVAi1IAdFLLkgBdAJZSC9IAdkGMEgBcAlVAjFIAWRVSQEy
419=yAFJDDNIAWAEUQk0SAHRCTVIAdUCNsgBQQ83SAFoDE0FOMgBVQI5SAEiXCJVAjrIAVUCO0
420=gBIrxEVQI8yAFVAj1IAcFRPkgBwUY/KCkAQCgpAEEoKQBCKCkAQygpAEQoKQBFKCkARigp
421=AEcoKQBIKCkASSgpAEooKQBLKCkATCgpAE1IAdE1TkgBeIpNJk/IAUG/UMgBQb9RSAF8K0
422=UeUsgBRR5TSAHRKlRIAdkyVcgBQQRWyAFZBlfIAVUCWEgBcAlVDVnIAV02WsgBVQJbSAHR
423=CVxIAckMXSgpAF4oKQBfKCkAYEgBYDtRCWHIAVEJYsgBVQJjyAFVAmRIAXg9WRFlSAF4ik
424=EEZsgBQQRnSAHRrmhIASU9P2lIASU9NGpIAc08a0kBka1dbEkBh6kBbUgByZBuSQG7pYxv
425=SAHZBnBIASVFNXFIAdUCcigpAHMoKQB0KCkAdSgpAHYoKQB3KCkAeCgpAHkoKQB6KCsAFg
426=BF7YkXKCkAGCgpABkoKQAaKCkAGygpABwoKQAdKCkAHigpAB8oKQAgSAFkIlFAISgpACIo
427=KQAjKCkAJEgBJRVFJUgB1S4mSAHNMSdIAXiKUTUoyAFRNSlIAWQ/VTkqSAFsR0EEK8gBQQ
428=QsSAF4PU0QLUgBxUouSAHVAi9IAdkGMMgBWQYxSAFkVVkGMsgBSQwzSAF0DUkMNMgBTQU1
429=yAFVAjbIAVUCN0gBaAxVAjjIAVUCOUgBeIpVAjrIAVUCO0gBeIpVAjzIAVUCPUgBJ1gRJ9
430=0GP1QCwUZAKCkAQSgpAEIoKQBDKCkARCgpAEUoKQBGKCkARygpAEgoKQBJKCkASigpAEso
431=KQBMKCkATUgBJ1sRRQBhaz8BAE9UAmgBWSdQSAFoLU0bUUgBfCtFHlLIAVUCU0gBxTRUSA
432=FsBUEEVcgBQQRWyAFVAlfIAVUCWEgB2QZZSAFkNF02WsgBQQ9bSAHRCVxIAcEPXcgBRQhe
433=SAElrSFfSAHNBWDIAUEEYUgB1TliyAFVAmPIAVkRZMgBVQJlSAEiIFdNEGbIAU0QZ0kBgK
434=kiaMgBVQJpSAHNPGpIAcE7aygpAGxJAY65Bm1IAcEEbkgBxYxvSAElfWhwSQG9sY1xSAEl
435=OSNySAHZBnMoKQB0KCkAdSgpAHYoKQB3KCkAeCgpAHkoKwAVAEbtiRYoKQAXKCkAGCgpAB
436=koKQAaKCkAGygpABwoKQAdKCkAHkgBbB9FKR8oKQAgKCkAISgpACIoKQAjKCkAJEgBzVIl
437=SAEiHGdRCSbIAUEwJ0gBIhxnVQIoyAFVAilIAcVKKkgBwUYryAFNPCxIAd1BLcgBVQIuyA
438=FdQS/IAVUCMEgBxQgxKCkAMsgBQQQzSAFwCU0QNMgBTRA1SAHJWTZIAWAEXQo3yAFZBjjI
439=AVUCOUgByU46yAFFCDtIAclOPMgBVQI9SAHJTj5IAclDPygpAEAoKQBBKCkAQigpAEMoKQ
440=BEKCkARSgpAEYoKQBHKCkASCgpAEkoKQBKKCkASygpAEwoKQBNSAHJOE5IAWyJRR5PyAFd
441=IFBIAXwrTRtRSAF8eEUpUsgBVQJTSAHJelRIAcE7VUgB0SpWyAFRCVdIAXQuSQxYSAEIPg
442=EAAAABAFkARgARAAD2DgAgCDsBAAACAQBaAEYAaAEBAwEAW8gBAQABAFxJAT5ABEkBXcgB
443=AQEBAF5JATq1Al9JATypAWDIAUEEYUgB2QZiyAFVAmNIAc0FZMgBVQJlSgF4AI0QZsgBTR
444=BnSQGAtQJoyAFVAmlKAcwCWwIBAGpKAf//iQFrSQGRRAFRFGxJAYqpAW1IAcEEbigpAG8o
445=KQBwKCkAcUkBx70KckgB2QZzKCkAdCgpAHUoKQB2KCkAdygpAHgoKAABFABHANEJFSgpAB
446=YoKQAXKCkAGCgpABkoKQAaKCkAGygpABwoKQAdKCkAHkgBbB9dIB8oKQAgKCkAISgpACIo
447=KQAjSQHTsR8kSQHJqQElSQF5VAkBAgEAJsgBQTAnSQFgtQIoyAFVAilJAUKxQCpIAWQ/VQ
448=IrSQE9VAJFCCzIAUUTLcgBRT8uSAHdQS/IAVUCMEgBcEtJATFIAWAEUQkySAHJDDNIAXQC
449=XQo0yAFBBDVIAXxXVQI2yAFVAjdIAc0QOMgBVQI5SAHJTjrIAVUCO0gByU48yAFVAj1IAc
450=lOPkgB1Tk/KCkAQCgpAEEoKQBCKCkAQygpAEQoKQBFKCkARigpAEcoKQBIKCkASSgpAEoo
451=KQBLKCkATEgByThNSAHJOE5JAXtQNVUuT8gBUSpQSQFntQJRyAFVAlJIAXQuRR5TSAF8K1
452=kGVEgB1S5VSAFkKVUCVsgBWQZXSAF0LlUCWEgBZD9BMFnIAVEJWkgBYARVAlsoKQBcSAHN
453=BV3IAU0FXkgBbBBNBV9IAWwQSQFgyAFBBGFIAdkGYsgBVQJjSAHNBWTIAVUCZUgBYA9JAW
454=bIAVEJZ0kBcrEfaMgBVRhpSAHNJmpJAculYGtJAc2pAWxIAcU/bSgpAG4oKQBvKCkAcCgp
455=AHEoKQByKCkAcygpAHQoKQB1KCkAdigpAHcoKwATAEjtiRQoKQAVKCkAFigpABcoKQAYKC
456=kAGSgpABpJAcStGxtIAc0bHCgpAB0oKQAeSAFoJk08HygpACAoKQAhKCkAIkgBwVEjSAHR
457=KiQoKQAlSQFidAl6ikgAaAFBMCdUAtFLKMgBVQIpSQFCQIhBDypIAWw8VQIrSAFgO1UCLE
458=gBeAZBOy3IAVk9LkgBbAVVAi/IAVUCMEgBcEtJATHIAVEJMkgBZEpRCTPIAVUCNMgBVQI1
459=KCkANsgBQQQ3yAFBBDjIAVUCOUgByQw6SAF8Ck0QO0kBc6UePMgBTQU9SAEnWBEnYQc/VA
460=LNMUAoKQBBKCkAQigpAEMoKQBEKCkARSgpAEYoKQBHKCkASCgpAEkoKQBKKCkASygpAExJ
461=AdK1RE1IAdU5TkgBeIpNG0/IAVEqUEgBeIpVAlHIAVUCUkgByThTKCkAVCgpAFVIAck4Vs
462=gBWQZXSAFsPFEJWMgBVQJZSAHdK1pIAWw8QTBbyAFRKlzIAU0FXUgBxQheSAHNEF8oKQBg
463=KCkAYSgpAGIoKQBjKCkAZCgpAGVIAXwKVQ1mSAHNEGdIAXiKXRVoyAFNEGlIAc0maigpAG
464=tJAdCxKmxIAdk9bSgpAG4oKQBvKCkAcCgpAHEoKQByKCkAcygpAHQoKQB1KCkAdigrABIA
465=Se2JEygpABQoKQAVKCkAFigpABcoKQAYKCkAGSgpABpJAcWtGxtJAcCpARxJAY+lYB1IAW
466=QBXTYeKCkAHygpACAoKQAhKCkAIkkB1rEJI0gB0SokKCkAJUkBYkALQTAmyAFBMCdIAdFL
467=KMgBVQIpSQFC+opJAGg4VQIrVAJgO0UILEgBwQQtSAF0Al0VLsgBRT8vSAF4BlUCMMgBVQ
468=IxSAHZUzJIAdl/M8gBSQw0yAFJDDUoKQA2yAFBBDfIAUEEOMgBVQI5SAF8CkkMOsgBQQ87
469=SAF4ik0FPMgBTQU9SAHVIz5IAdnXP0gB3UxAKCkAQSgpAEIoKQBDKCkARCgpAEUoKQBGKC
470=kARygpAEgoKQBJKCkASkgB2cFLSAHB60xIAdEUTSgpAE4oKQBPKCkAUEkBZkA7RR5RyAFd
471=IFLIAVEfU0gBxTRUSAHdNlVIAXQCQQRWyAFVI1dIAdkyWEgByUNZyAFBBFpIAWA7WQZbyA
472=FVAlxIAXgGQQ9dSAFsMVkRXsgBVQJfSAHBD2BIAWAPVQJhSAHJDGLIAVEJY0gBZAhJAWRI
473=AWwFVQ1lSQFvuRxmyAFFCGdJAX61AmjIAVUCaUgB2SdqSAHVyGtIAc08bCgpAG0oKQBuKC
474=kAbygpAHAoKQBxKCkAcigpAHMoKQB0KCkAdSgrABEASu2JEigpABMoKQAUKCkAFSgpABYo
475=KQAXKCkAGCgpABkoKQAaKCkAGygpABxJAZC1Ix1JAYupAR5IAWQBRTQfKCkAIEoBuwNfAg
476=EAIcgBRSkiSAFNAgBNBSNIAcndJEkBZXsCAQAlyAFNBSbIAVE1J0gB2T0oKCkAKSgpACpI
477=AWw8WQYrSAFsR0kMLEgB2QYtSAHFPy7IAV1BL0gB1U8wyAFVAjFIAXhIRQgyyAFdCjNIAX
478=wKWRE0yAFNBTVIAcUINsgBVQI3SAFsBUkBOEgBZBNZBjnIAVUCOkgBxRM7SQF1sR88yAFV
479=DT3IAVkGPkgByU4/SAHJTkAoKQBBKCkAQigpAEMoKQBEKCkARSgpAEYoKQBHKCkASCgpAE
480=koKQBKSAHRNUtJAc6lw0xIAd1iTUgB1QJOSAHVAk8oKQBQSAF4ilEfUcgBAQQBAFLIAQEF
481=AQBTSAFkKVEfVEgB1SNVSAF8Nk0xVsgBQQRXyAFVAljIAVUCWUgBxQhaSAFoOFknW0gBbD
482=FJAVzIAU0QXUgB2TJeyAFVAl9IAXQNTQVgyAFVAmFIAXAJVQ1iyAFVDWNIAdUNZEgBeAZB
483=BGVIAXiKRQhmyAFFCGdIAXiKVQJoyAFVAmlIAcElakkB0LEqa0gBzTxsKCkAbSgpAG4oKQ
484=BvKCkAcCgpAHEoKQByKCkAcygpAHQoKwAQAEvtiREoKQASKCkAEygpABQoKQAVKCkAFigp
485=ABdIASWNMxhIAdUYGSgpABooKQAbKCkAHEgBYGBZJx0oKQAeKCkAHygpACBIAXiKRSkhyA
486=FFKSJIAcUII0gBxVUkSAF4ikEEJcgBSU4myAFJTidIAWhDQQQoSAFsPEE7KcgBVQIqSAFg
487=BEUTK8gBQQQsyAFBBC1IAdlILkgBbAVFEy/IAUEEMEgBwQQxSAFoDEEEMsgBQQQzSAHBBD
488=TIAVUCNUgBxWA2SAF8Ck0QN8gBTRA4SAF0T1UCOcgBVQI6SAFsBUkBO0gBeIpRCTzIAVEf
489=PcgBUR8+SAEnWBEnEQhAVALdNkEoKQBCKCkAQygpAEQoKQBFKCkARigpAEcoKQBISAElXS
490=JJSQHLrV1KSAHNEEtIAck4TEkB1KEETUgB1QJOSAHBO09JAXp7AgEAUMgBRR5RSQFftQJS
491=yAFVAlNIAXQuQSVUyAFVAlVIAWR2TTFWyAFBJVfIAVUCWMgBVQJZSAFoLUkBWkgBeAZRCV
492=tIAcU0XCgpAF0oKQBeSAFkgU0FX8gBQQ9gSQFpsRRhyAFVAmJJAWu1AmPIAVUCZEkBbLUC
493=ZUkBfakBZsgBQQRnSAHBiGhIAd2vaUgBzYlqSAHVOWsoKQBsKCkAbSgpAG4oKQBvKCkAcC
494=gpAHEoKQByKCkAcygrAA8ATO2JECgpABEoKQASKCkAEygpABQoKQAVKCkAFigpABdIASWN
495=MxhIASWNMxlIAc0bGigpABsoKQAcSAFoJkEwHSgpAB4oKQAfKCkAIEgBAbsDAABJZCHIAU
496=lkIkgBxQgjSAHVTyRJAWN4AiK2IkwAaAFNMSZUAmhvVUQnSAFoTllIKMgBVQIpSAFgBE0F
497=KsgBQQQryAFBBCxIAXxMQQQtSAFsBUkXLkgB3UwvSAFgBFUCMMgBTQUxSAHNBTLIAVUCM0
498=gBzRA0yAFJDDVIAWQIQQ82SAF4BkkBN8gBQQQ4SAHBBDnIAVUCOkgBbAVJATtIAcEEPEgB
499=Igg+WRE9yAFBDz5IAcl6P0gBxTRAKCkAQSgpAEIoKQBDKCkARCgpAEVIAdWGRkgBJXE1R0
500=gB3QpISAHZMklIAdFhSigpAEtIAdGNTEgBwQRNSAHVAk5IAdUCT0gBeIpJIlDIAUUeUUgB
501=eIpVAlLIAVUCU0gB3StUyAFVAlVIAdUjVkgB3TZXKCkAWCgpAFlIAWQIWQZaSAF4ikkMW8
502=gBVQJcSAHFCF1IAWAEVQJeSAF4ik0FX8gBVQJgSAF4ilUCYcgBVQJiSAF4ilUCY8gBVQJk
503=SAF4ilE1ZUgBeIpBBGbIAUEEZ0gByThoSAHJLWkoKQBqKCkAaygpAGwoKQBtKCkAbigpAG
504=8oKQBwKCkAcSgpAHIoKwAOAE3tiQ8oKQAQKCkAESgpABIoKQATKCkAFCgpABUoKQAWKCkA
505=FygpABgoKQAZKCkAGigpABsoKQAcSAF0f1leHUgBJb0jHkgB1QIfKCkAICgpACEoKQAiSA
506=HVWiNIAdVPJEgBbIlNMSXIAU0xJkgBZD9RNSdIASKkIEEPKMgBVQIpSAHNcypIAWwFQQQr
507=yAFBBCxIAdlILSgpAC4oKQAvSAHRVjDIAUEPMUgBfApZETLIAVUCM0gBzRA0yAFJDDVIAW
508=wFSQE2SAHBBDfIAVUCOEgBzRA5SAFgBFUCOkgBeAZdFTvIAVUCPEgBeIpBDz3IAUEPPkgB
509=zVI/SAHNUkAoKQBBKCkAQigpAEMoKQBEKCkARUgBJXFLRkgBwTBHSAHRgkhIAdUCSSgpAE
510=ooKQBLSAEirG5JF0zIAUkXTUkBWndAAQBOyAFVAk9IAWCITQVQyAFVAlFIAXA1TRtSyAFF
511=HlPIAU0FVMgBTQVVSAFsJlUCVkgBxSlXSAF0AlkGWEgBbIlJAVnIAV0KWkgBaAxVAlvIAV
512=UCXEgBxQhdSQF2vRVeyAFVDV/IAVkGYEgB3SBhKCkAYigpAGNIASXZIWQoKQBlKCkAZigp
513=AGdIASVdImhIAck4aSgpAGooKQBrKCkAbCgpAG0oKQBuKCkAbygpAHAoKQBxKCkADVQx1Q
514=0OKCkADygpABAoKQARKCkAEigpABMoKQAUKCkAFSgpABZJASdnKQAAF0kBIKkBGCgoAAkZ
515=AE4AKAAAAAAAABoRAAC1DwAgCABOAP//AAAAAQAbKCkAHEgBAcYCAABVAh1JAbipAR5JAb
516=qpAR9JAbypASBIAUQFbQUhSQHEtQIiSQHWqQEjSQHJqQEkSQF8cwUBACXIAQEBAQAmSQFp
517=tQInyAFVAihJAWu1AinIAVUCKkgBzQUryAFVAixJAWitBS3IAVUCLkoBOwFbAgEAL8gBVQ
518=IwyAEBAwEAMUkBPEAEAQIBADLIAVUCM0kBOrUCNMgBVQI1SQE+VAJJATZIAcEEN8gBVQI4
519=KCkAOSgpADpIAXgGSQw7SQF2VBFRKjzIAVkRPcgBQQQ+SQHMoSU/SgH//1MFAQBAKCkAQS
520=gpAEIoKQBDKCkARCgpAEUoKQBGSQHSvQpHSAHNMUgoKQBJKCkASigpAEtJAXlIEEUTTMgB
521=WRxNSQFatQJOyAFVAk9JAV+1AlDIAVUCUUkBPUwmWRxSSAFsJlEfU0gBeDJdClTIAU0FVU
522=gBbDFBBFZJAUJYBkkBV0gBZAhJAVjIAVEJWcgBVQJayAFVAltIAXwKUQlcSAFwCUkMXUgB
523=dC5VAl7IAQEEAQBfyAEBBQEAYEgBySJhKCkAYkgBzTFjSAHNMWQoKQBlKCkAZigpAGcoKQ
524=BoKCkAaSgpAGooKQBrKCkAbCgpAG0oKQBuKCkAbygpAHAoKwAMAE/xdw0oKQAOKCkADygp
525=ABAoKQARKCkAEigpABMoKQAUKCkAFUkBJ0A7SQAWSQEjXABJABdIAVgAaQAYKCkAGUkBHW
526=8CAAAaSQGPaAF4iieRAhxUAsUpHUkBwa1SHkkBvakBHygpACBJAb61AiFJAb+pASJIAXgK
527=RT8jSAHVWiRIAXiKWT0lyQEDeopPAGiFVQInVAJoAVUCKEgBeIpVAinIAVUCKkgBYARVAi
528=vIAVUCLEgBeIpVAi3IAVUCLkgBfExVAi/IAVUCMEgBYH1BUTEoKQAySQE9SFlNBTNIAdVa
529=NEgB2VM1yAFFCDbIAU0FN8gBVQI4SAF0DV0KOUgByQw6SAF0Al0gO0gBwVw8yAFBXD3IAU
530=FcPkgByVk/SAHBMEAoKQBBKCkAQigpAEMoKQBEKCkARSgpAEZIAcEwR0gBzWhIKCkASSgp
531=AEooKQBLSQFkbzgBAEzIAU0bTUgBYCVJAU5IAcElT0gBwSVQSAFgBFUjUcgBVSNSSAF4il
532=UCU8gBVQJUSAHFCFVIAcUIVsgBQQRXSAHRCVjIAVUCWcgBUQlayAFVAltIAdUuXEgBcAlV
533=Ll1JAXS1GF7IAUkXX0gB3SBgKCkAYSgpAGIoKQBjSQHNtVpkSgEdA1cJAQBlyAFRCWbIAV
534=kRZ8gBWRFoyAFNPGlIAdU5aigpAGsoKQBsKCkAbSgpAG4oKQBvKCsACwBQ7YkMKCkADSgp
535=AA4oKQAPKCkAECgpABEoKQASKCkAEygpABRIAc2JFUkBI0AeSQAWSAFYAGkAFygpABgoKQ
536=AZSQEdeAN7ilAAjGgBe4pQAIepARxABN0gHUkBx7EqHkgB1QIfKCkAIEgBdAZJOCEoKQAi
537=KCkAI0gBJeEiJEkBzrEJJSgpACYoKQAnSAHZPShIAc0FKSgpACooKQArSAHNBSxJAXtzEA
538=EALcgBWT0uSQFntQIvyAFVAjBIAXVPAyK2IlAAyQEy1AJVGDNIAc1dNEgBcGFVAjXIAUUI
539=NkgBeAZVAjfIAVUCOEgBYIhdCjlJAW+hDzrIAUEEO0kBfrUCPMgBVQI9SAHVGD5JAdC1Iz
540=9IAcktQCgpAEFJAdOhBEJIAc1dQ0gBzQVEKCkARSgpAEZIASdaEVAA1Q1IVALJAUlJAV6l
541=E0rIAUUTS0kBYLUCTMgBVQJNSAHVI04oKQBPSQE9VLJJIlDIAU0FUUgB1XtSyAFVAlPIAV
542=VwVMgBTSZVSAHJLVbIAU0FV0gBxQhYSAHBD1koKQBaKCkAW0kBcL0VXMgBRQhdSQF9tQJe
543=yAFVAl9IAdEfYEgB3UxhKCkAYigpAGNIAdkyZEkBHViKTcBlyAEBBgEAZsgBAQcBAGfIAQ
544=EIAQBoygEJAUzmJyUQalQC0TVrKCkAbCgpAG0oKQBuKCsACgBR7YkLKCkADCgpAA0oKQAO
545=KCkADygpABAoKQARSQEnayIAABJJASCpARMoKQAUSQEjtQIVSAGmAQAWSQHCd08AABdIAS
546=OzMgAAGEgBwQQZSQEdrQEaSQGQaAF7ilEAiKkBHFUChakBHUkBi6kBHkgBySIfKCkAICgp
547=ACEoKQAiSAF0BgEAAQAjKCkAJCgpACUoKQAmKCkAJ0kB2GsXAQAoSAHFCCkoKQAqKCkAK0
548=gB1WUsSAF4ikVVLcgBAQMBAC5IAXiKVQIvyAFVAjBIAdlTMUgBxYEySAFohU0FM0gBwQQ0
549=SAFsXVUCNcgBRQg2SAHNBTfIAVUCOMgBTQU5SAF4ikkBOsgBQQQ7SAF4ilUCPMgBVQI9SQ
550=HMpR4+SAHdKz8oKQBAKCkAQUgBxR5CSAHZBkNIAdkGRCgpAEUoKQBGSAHZBkdIASJgM1ky
551=SMgBUWxJSAF4ikUTSsgBRRNLSAF4ilUCTMgBVQJNSAHVI04oKQBPSQE9WIpNBVDIAU0FUU
552=gBcIJVAlLIAVUCU0gBeCdNEFTIAU0QVUgByS1WyAFNBVdIAcUIWMgBVQJZyAFZBlrIAUkM
553=W0gBeIpJAVzIAU0FXUkBfVxIVQJeyAFVAl9IAdknYEgB2SdhKCkAYigpAGMoKQBkSQEdWY
554=oKIrYiUQBpAQt4iqkBDHiKqQENeIqpAQ54iidREGpECNUNaygpAGwoKQBtKCsACQBS7YkK
555=KCkACygpAAwoKQANKCkADigpAA8oKQAQKCkAEUkBH0giSQASSAGbEQAAE0gBRAJpABRIAc
556=GIFUgBI+FDAFqKUgAjsDJ6ilIAI1gyeYpSaAZtABlNBR1gASK2IlIAhAh6ilIAi5ABABxB
557=BJJjBAEAHUkByLleHkgBjxABAB8oKQAgKCkAISgpACJIAWAITUcjKCkAJCgpACUoKQAmKC
558=kAJygpACgoKQApKCkAKkkB17kRK0gBxc4sSAHFzi1IAdUCLkgBJRUvL8gBQVEwSAFsiUkB
559=MSgpADJIAXRaXRUzyAFBBDRIAc1oNSgpADYoKQA3SAHRCThIAdVlOUgBJeEtOsgBUQk7SA
560=HFEzxIAd0VPUgBwVw+SAHdKz9IASVdIkBJAculHkFIAcUIQigpAENIAcEERCgpAEUoKQBG
561=SAHZBkdIAXiKUWxIyAFRbElIAXiKAQQBAErIAV3xS0gBYBpJF0xIAd0gTUgBwSVOyAFBBE
562=/IAVknUEgBxYFRyAFJDFLIAUEPU0gBfApJAVTIAUEEVUgB2QZWyAFVAldIAWwFXQpYyAFV
563=DVlIAWwFVQJayAFVAltIAdUuXMgBVQJdSAHRH15IAdUuX0kB0LEqYEgB1S5hKCkAYigpAG
564=MoKQBkSAFtiQ95ilKZihB4iqkBEXiKqQESeIqpARN4iid9EGpECNUNaygpAGwoKwAIAFPt
565=iQkoKQAKKCkACygpAAwoKQANKCkADigpAA8oKQAQKCkAEUgBJ1kRU5R0UQATVAJYAGkAFE
566=kBxXcjAAAVSAHBiBZIAXQDTQAXSQEhXABJABhJAR5cAEkAGUkBJVwASQAaSAEl6UQbSQG7
567=cAl4iidtAx1VAu5ABUk4HskBAXqKUwB0AklDIFUC5qEEIcgBQQQiyAFBBCPIAVVEJEkB56
568=0FJcgBTQUmyAFNBSdJAcShBCjIAUEEKUgBcAJNECooKQArSAElZSMsSAHBBC1JAdK1GC5J
569=AWZ4AiLKVlMAaAFRCTDUAlUNMUgBcIJFEzJIAXRlVQIzyAFVAjRIAdlpNUgBbAVBBDYoKQ
570=A3yAFNBThIASLoRFEUOcgBVQ06yAFZBjtIAcGIPEgB0Us9SAHdFT5IAd2DP0gB0WFASAFs
571=fl0KQcgBXQpCSAEi5FRVAkPIAVUCRMgBVQJFyAFVAkZJAVy9IEdIASIEIkEESMgBQQRJSA
572=EBPQEAAFUYSkkBPkgBXRVLyAFVAkxIAd0gTUgBwSVOyAFBBE/IAVkGUEgBcAlJDFHIAUkM
573=UsgBVQJTyAFVAlTIAVUCVcgBVQJWSAHVDVdIAdkRWMgBVQ1ZSAF4ilUNWkgB1S5byAFFCF
574=zIAUEEXUgB1S5eSAHVLl8oKQBgKCkAYSgpAGIoKQBjKCkAZEgBeYoUeYpTmYoVeIqpARZ4
575=iqkBF3iKqQEYeIonOQ1qRAjNEGsoKwAHAFTtiQgoKQAJKCkACigpAAsoKQAMKCkADSgpAA
576=4oKQAPKCkAECgpABFIASdYEcAPIrUiVGxEbQAUQAR8AE0AFUkBIVwASQAWSQEeXABJABdI
577=AcGIGEgBwRoZKCkAGkgBgJMitSJUJGQjeIrUDSK1IlSAiFU5HkwFbIlR2h/IAQEFAQAgSA
578=F4ilUCIcgBVQIiyQEGIhI0VABgBAEHAQAkVAJ4ilEJJcgBWQYmyAFZBidIAXiKXUEoyAFN
579=BSlIAVEZAFVPKigpACsoKQAsKCkALUgB2XQuSAFsiUUIL8gBVQ0wyAFVDTFIAWhkXQoyyA
580=EBAQEAMygpADRJAT5QbEUINUgBaFlNBTbIAU0FN0gBYARVAjhIAWBcTQU5yAFVDTrIAVUN
581=O0gBwVw8SAHNMT1IAd0VPkkBen8cAQA/yAFJDEBIAXiKSSJByAFJDEJIAXiKVQJDyAFVAk
582=TIAVUCRcgBVQJGSAF4ilEJR0gBeIpBBEjIAUEESUgB3XhKSAFgGlUCS0gBwalMSAHBBE1I
583=AXQCRR5OyAFdCk9IAXgGVQJQSAF4ikkMUcgBUQlSyAFVAlPIAVUCVMgBVQJVyAFVAlZIAd
584=UNV0gBxTRYyAFVDVnIAVUNWkgB1S5byAFVLlzIAVUuXUgB1S5eSAHVLl8oKQBgKCkAYUoB
585=ugNHMAEAYsgBVQ1jyAFRFGRIAXmKGXmKVJmKGniKqQEbeIqpARx4iqkBHXiKJzkNakQIzx
586=AGAFXtiQcoKQAIKCkACSgpAAooKQALKCkADCgpAA0oKQAOSQEnUBhJAA9JASBcAEkAECgp
587=ABFJASNIAkkAEkgBWABpABMoKQAUKCkAFUkBHXgDIhA0J70CF1QC1RgYKCkAGSgpABooKQ
588=AbKCkAHCgpAB0oKQAeKCkAHygpACAoKQAhKCkAIigpACMoKQAkKCkAJSgpACZIAYcXAQAn
589=SQEIXXgAIm5FVQBoAUE7KVQCwQQqKCkAKygpACwoKQAtSAElgVguSAHJ/i9IASLwRV0KMM
590=gBXQoxSAEisGlVAjLIAVUCM0kBbnsNAQA0yAFVAjVIAXiKUUs2SQFtoQQ3yAFBBDhIASLo
591=RFEJOcgBVQI6SAHNEDsoKQA8SAElXSI9SAHBBD5IAXiKCQIBAD8AVQB6AAAAAxEAAMAPAC
592=AABwEAQABVAF4AAAAEAQBBAFUAXgAAAAUBAEJIAQU6AQAAAwEAQ0kBPEgBAQIBAERJAT2p
593=AUXIAUEERkkBO7UCRygpAEjIAUEESUgBZAgBAAEASsgBAQEBAEtIAWgMVQJMSQFCRAhJAU
594=1IAdEJTsgBRQhPSQE+QARNEFDIAVUCUUgB2QZSKCkAUygpAFRIAckMVcgBQQ9WyAFVDVfI
595=AVUCWEkBb1AfVQJZyAFVAlpJAX61AlvIAVUCXEoByQJbAgEAXUkB0KkBXkoB//+VAl8oKQ
596=BgKCkAYUoBugORKmLIAVUuY8gBVS5kSQEdQAQBHgEAZcgBAR8BAGbIAQEgAQBnyAEBIQEA
597=aMgBASIBAGlIAcAPAQUAVgDJAQYoKQAHKCkACCgpAAkoKQAKKCkACygpAAwoKQANKCkADk
598=oBHwCBAA9IAZcNAAAQSAGPAgAAEUoBwgKRARJJAbypARNIAc0FFEgBmwMAABVJAR2tARZI
599=AYMEAQAXKCkAGEkBIWMEAQAZSQEeqQEaKCkAGygpABwoKQAdKCkAHkkBc1AqQTsfyAEBAQ
600=EAIEgB1Q0hKCkAIigpACMoKQAkKCkAJSgpACZIAXQRXQonSAEBCAEAAFlTKMgBWVMpSAHB
601=BCooKQArKCkALCgpAC0oKQAuSQHSbyYBAC9JAXtICF0KMMgBXQoxSQFrtQIyyAFVAjNJAW
602=61AjTIAVUCNUkBbFQCURQ2SQFtSAFRCTfIAUEEOEgBYFxVAjnIAVUCOkgBwVw7KCkAPEkB
603=eUQIUQk9yAFFKT5JAWC1Aj/IAVUCQEgBfHhRCUFIAdVwQsgBQQRDSQE9TCZRCURIAcEERc
604=gBQQRGyAFBBEdIAXAJSQFIyAFBBElIAXiKSRdKyAFBBEvIAUEETEgB2QZNyAFVAk5IAXgG
605=RRNPSAFgBEUIUMgBVQJRSQFCpRNSSAFsBV0KU8gBRQhUSAF8FVkGVcgBWQZWyAFVAlfIAV
606=UCWEgBeIpVAlnIAVUCWkgB1S5byAFVAlxJAcylP11IAdlTXigpAF8oKQBgKCkAYSgpAGIo
607=KQBjKCkAZCgpAGUoKQBmKCkAZygpAGgoKwAEAFftiQUoKQAGKCkABygpAAgoKQAJKCkACi
608=gpAAsoKQAMSQEnY0YAAA1JASCpAQ5JASOpAQ9IAaQBWYpXxAFbilcAwXcjAAASQQS7qQET
609=SAHFBBRJASGtARVJASWpARZIAYQBeopXAIMEAQAYVAKABHiK1wICABpUAoeMAgAbKCkAHC
610=gpAB0oKQAeSAF4igEDAgAfyAFRuSDKAQUBRA0n+QQiVALVOSMoKQAkKCkAJSgpACYoKQAn
611=SAF4il0KKMgBXQopSAHBGiooKQArKCkALCgpAC0oKQAuSAEnWxFXAM57JwEAMFQCyQExKC
612=kAMkgB2X8zSAF4ik0QNMgBTRA1SAF4igEBAQA2SAF4ikEEN8gBQQQ4SAHFCDkoKQA6KCkA
613=OygpADxIAXiKSWQ9yAEBAwEAPkgBeIpVAj/IAVUCQEgBdIZBD0FIAdVwQkgBxXZDKCkARC
614=gpAEUoKQBGKCkARygpAEgoKQBJKCkASigpAEtIAWSBTRBMSAHVhk3IAVUCTkgBxRNPSQE+
615=oYhQyAFdFVFIAdEUUkgBcAlNG1PIAUUIVEgB2QZVyAFZBlZIAX4KAAFCAVcAaC1JAVhQAW
616=gBQQRZSAHBO1pIAdUuW0gBwTtcSAEliSJdSAHBUV4oKQBfKCkAYCgpAGEoKQBiKCkAYygp
617=AGQoKQBlKCkAZigpAGcoKwADAFjtiQQoKQAFKCkABigpAAcoKQAIKCkACSgpAApIAcGIC0
618=kBIJZhAAxJASOpAQ1IAZscAAAOSAGyAgAPSQHCeF4ityJYALqpARFVAripARJJAb+pARNI
619=AcUIFEkBHakIFUgBhwgBABZIASNkI3qKWACABHmKWFx+UwUCABlBBCVFAQB4itUCA1uKWA
620=AedwIDABxABMkBHSgpAB5IAXqKBgNYiifNBCBUApgReIonVQAiKFUAIygpACQoKQAlKCkA
621=JigpACdJAQq5UyjIAVlIKUgBYBMBAAEAKigpACsoKQAsKCkALSgpAC5JAdhsJiK0IlAqJK
622=ElMFQCIqQrXQoxyAFNXTJJAdatBTNIAdlTNEgB0VY1SAHVAjYoKQA3KCkAOCgpADlIAdkG
623=OigpADsoKQA8SQFkZxoBAD3IAVkRPkgBdIYBAwEAP0kBPVwgRRNASQE+SAFRH0HIAU0FQk
624=gBYARVAkPIAVUCREgBeH9JAUXIAUEERsgBVQJHSAHRCUjIAVUCSSgpAEpIAXh/WQZLyAFB
625=BExIAdUNTcgBVQJOSAFwCUkBT0gB2QZQSAEiVCFFCFHIAUEEUkkBaqUeU8gBVQJUSQFptQ
626=JVyAFVAlZIAWS4RQhXSAFsiV0gWMgBVSNZSAHdK1pIASVdIltIAcFRXCgpAF0oKQBeKCkA
627=XygpAGAoKQBhKCkAYigpAGMoKQBkKCkAZSgpAGYoKwACAFntiQMoKQAEKCkABSgpAAYoKQ
628=AHKCkACCgpAAkoKQAKSAElYTMLSAGZHABZillwJ20ADVQCmH95ilnhiA9VAr10WnqKWQDJ
629=ARFUAs2JEkgBeAdNABNJASFcAEkAFEgBnIMiETRZJGQjeopZACNkI3mKWShYEcgBeYpZp4
630=wDABrkCHiK1QIEWYpZpYwEVAcnKQAeTAV6igkEW4pZADV7dAUAIFQCagEBBU8KWQAytQIi
631=VAJoAQEBAQAjSAGfIAEAJCgpACUoKQAmKCkAJ0kBC61oKMgBRQgpSAFVHQBdTCooKQArKC
632=kALCgpAC0oKQAuKCkAL0gBbIlNUjDIAQEEAQAxyAEBBQEAMkgByQwzKCkANEkB1HsyAQA1
633=SAHVGDYoKQA3KCkAOCgpADlIAdXpOkkBemMLAQA7yAFBGjxIASJcIkEaPcgBVQI+SAHRgj
634=9IAWSMQQRASAFwd0VrQcgBVRhCSAFgfVUCQ8gBVQJESAFkCEkBRcgBQQRGyAFVAkdIAdEJ
635=SMgBVQJJSAHRgkrIAVkRS8gBQQRMSAEl2SFNSAFgD1UCTkgBcAlJAU9IAWQIVQ1QSAF4ik
636=kBUcgBQQRSSAF4ilUCU8gBVQJUSAF4ilUCVcgBVQJWSAF4ik0QV0gBeIpRNVjIAVE1WUkB
637=ybkyWkgBJV0iW0gBxTRcKCkAXSgpAF4oKQBfKCkAYCgpAGEoKQBiKCkAYygpAGQoKQBlKC
638=sAAQBa7YkCKCkAAygpAAQoKQAFKCkABigpAAcoKQAIKCkACSgpAApJASZ7SAAAC0kBHqkB
639=DEkBIqkBDUkBxWgieopaANWGD1QCvgMAEEgBlCMibUVa0gIAEihVABNJAR29AhRIAY+UAQ
640=AVSAEjZCN5ilooWRFaQINQBSK0IsgBeIrIAXmKWlSBQwQEABtFCCVFAQB4isEPBVQHJykA
641=HkAEfgMABViKJ1UAIChVACFIAYsXBQAiSAF6igQFWYpakY0FeIonAQYlQASPBQEAJigpAC
642=dJAbFvDAEAKMgBUUspSQHxtQIqyAFVAitIAXACSW8sKCkALSgpAC4oKQAvSQHyUQUCIhI0
643=WgBoAV1XMVUC7FQCRQgyyAFdCjNIAXACVQI0SAHdgzVJAc18NiIQNCcVAzdVAtO1AjhJAc
644=upATlIAdleOkgBeIpBDzvIAUEPPEgBeIpVAj3IAVUCPkgBcIJNED/IAU0QQMgBVQJBSQE+
645=sa5CyAFVAkMoKQBESQE9QARVAkVIAcGTRsgBVQJHyAFdCkjIAVUCSUgBfApJAUpIAXyDWR
646=FLSAFkCFUCTEgBJ1oRWgDJAU5UAnQNUQlPSAFsBUkBUEkBcX8nAQBRyAFFCFJIAckiUygp
647=AFRIASUJKFUoKQBWKCkAVygpAFgoKQBZSAHNiVpIAdlIWygpAFwoKQBdKCkAXigpAF8oKQ
648=BgKCkAYSgpAGIoKQBjKCkAZCgrAAIAW+2JAygpAAQoKQAFKCkABigpAAcoKQAIKCkACSgp
649=AAooKQALKCkADEgB2YoNSQEefCthiFu3/wAADyhVABAoKQARKCkAEigpABNJASWlCBRIAS
650=OYRWGIWyQ4I2GIW6CTIl0iW0iAUAVgiMgBYIjIAWCIyAFiiFsAl5EFABxcCiPINWKIWwAj
651=7TQFTRVbRAlIAGCIJykAIEwFTQIAWYohKCkAIkkBMCSJIiPIAVlIJEgB2T0lKCkAJigpAC
652=dIAWCIRWsoyAFJWSlIAWCIVdMqyAEBBQEAK8gBAQYBACzIAQEHAQAtSAF8g00FLsgBTQUv
653=yAFNBTDIAU0FMUgBYIhVDTLIAVUNM0gBgxoBADRIASURNDVIAdFWNkgBwQQ3SAHFjDhIAW
654=iFTWg5yAFFHjpIAWiFVQI7yAFVAjxJAT5AfVUNPUgBdIZNED7IAVUCP8gBVQJAyAFVAkFI
655=AXgGVQJCSAHdeEMoKQBESAFgBFUNRcgBVQ1GSAHVe0fIAVUCSMgBXQpJSAF4BkkBSkgBcI
656=JBBEtIAXgGVQJMSAHVDU1IAcWMTkgBYARVDU/IAVkGUEgBYIhRFFHIAUUIUkgBJwIRWwAl
657=hTJUVAIiuChFCFXIAUUIVsgBRQhXSAHJLVgoKQBZSAHZSFooKQBbKCkAXCgpAF0oKQBeKC
658=kAXygpAGAoKQBhKCkAYigpAGMoKwADAFz1hgQoKQAFKCkABigpAAcoKQAIKCkACSgpAAoo
659=KQALKCkADCgpAA0oKQAOKCkADygpABAoKQARKCkAEigpABNIAYt6AQAUSAElsTIVSAHRKh
660=YoKQAXSQEdeAJphVy0hmiFyAFohcgBaoVcACMUJGqFXAAj4CJphVwk4CJphVxoCXGCH1wK
661=jAEiCDMnVQAhKFUAIkgBlDkiriFcAHSGAQQFACRUAmgBUXclSAGABCKsIScBBicoVQAoKC
662=kAKSgpACooKQArSAFhiApqhVwAaQELaYVcIyghAQgBAC5ABHWGCSJkRNAUIqwhJykAMUAE
663=lBgiCDMnVQAzKFUANCgpADUoKQA2KCkAN0gBJ6oQXABohUFcOVQCaAFJZDpIAWiFVQI7yA
664=FVAjxIAWxzXWI9SAHdbT7IAVUCP0gBYARNaEBIAWxzSQFByAFBBEJIAWSMVQJDSAHdeERI
665=AXgGVQ1FyAFVDUZIAWgMVQJHyAFVAkhIAcUIScgBXQpKSAHRCUsoKQBMKCkATUgBaAxNBU
666=5IAd0KT8gBXQpQSQF0dCoiriFcAGgBTQVSVAInqRBcKKoQXABohVkGVUAEaAFJvFbIAVVE
667=V0gBbAlZHFgoKQBZSAHNR1ooKQBbKCkAXCgpAF0oKQBeKCkAXygpAGAoKQBhKCkAYigrAA
668=QAXf2DBSgpAAYoKQAHKCkACCgpAAkoKQAKKCkACygoAAMMAF0A//8RAAAHDwAgCAAAAAEA
669=DQBdAP//igEOACcpAA8oKQAQKCkAESgpABIoKQATSgHFAoUIFEkBv6kBFUkBIlACSQwWSA
670=FkAUkBF0kBHW8BAQAY6wECABnrAQMAGusBBAAbSAFoBQEABQAcSAGLDAUAHUgBiwwFAB5I
671=AcEEHygpACAoKQAhKCkAIigpACNKATEDQwcFACTIAQEBAQAlSAHdICYoKQAnKCkAKCgpAC
672=koKQAqKCkAKygpACwoKQAtSAFMDWktLigpAC8oKQAwKCkAMUgBzRAySAHZBjMoKQA0KCkA
673=NUkB06ktNkkBy6kBN0kByakBOEkBYWsIAQA5yAFZHDpKAT4BVxEBADvIAQECAQA8yAEBAw
674=EAPUkBOkAEVQI+yAFVAj9IAXgGVQJASQE8oQRByAFBBEJJATu1AkNJAUJIAVk9REgBcAlJ
675=AUXIAU0QRkgBcAlVAkfIAVUCSEgBxQhJyAFdCkpIAdEJS0kBPVwKVQJMSAHFCE3IAUUITk
676=gBYARdCk9JAXaxH1DIAUEEUcgBVRhSSAHBJVNJAcytJlRIAXQGRQhVKCkAVigpAFcoKQBY
677=SAHRNVkoKQBaKCkAWygpAFwoKQBdKCkAXigpAF8oKQBgKCkAYSgrAAUAXvl0BigpAAcoKQ
678=AIKCkACSgpAAooKQALKCkADCgpAA0oKQAOKCkADygpABBIAckiESgpABJJAXJMaE0xE8gB
679=AQQBABTIAQEFAgAVSQEqfwYBABZJAR6pARdJASWpARhJAR1oAXl/Xlh6TAF4f8gBeX9eSA
680=JIAHh/JykAHVkG9nA1e39eAPCpAR9UAkUFAEmFICgpACEoKQAiKCkAI0gBnDZ6f14AZoEE
681=BVh/qAEBBQEAJuMEAQAnKCkAKCgpACkoKQAqKCkAKygpACwoKQAtSAGHEwEALigpAC8oKQ
682=AwKCkAMUgBhxMBADJIAdkGMygpADQoKQA1SQHWcx8BADZJAc6pATdIAdVaOEgBeH9NXTnI
683=AVE1OkkBPq1oO8gBTV08SAHRbD0oKQA+KCkAPygpAEBJAT1ECFkGQUgBZHZJAULIAVFsQ0
684=gB3YNESAF4f00QRcgBTRBGSAFsEFUCR8gBVQJISAHNEEkoKQBKKCkAS0gBfApJDExIAcUI
685=TcgBRQhOSAFkE10KT0gBeH9VAlDIAVlTUcgBTTxSSAHBJVMoKQBUSQHNpSlVSAHBMFYoKQ
686=BXKCkAWEgB0TVZKCkAWigpAFsoKQBcKCkAXSgpAF4oKQBfKCkAYCgrAAYAX+1+BygpAAgo
687=KQAJKCkACigpAAsoKQAMKCkADSgpAA5JAThQd1VlD8gBAQEFABBJATa1AhHIAVUCEkgBYH
688=0BBgUAE8oBBwRCfV8AdgIIA0J9XwCBfQJBfV9M8lcmAgAXTQUeRgEAAl38X7R7YX1fQG1Y
689=AmB91AJhfV9IAkgAYn1fANV7HUUI3mwxYn1fAMkBH1QCzX4gSAFQBm1+ISgpACIoKQAjKC
690=kAJEkBN60bJUkBNakBJsgBWRwnSQE0tQIoyAFVAilJATK1AirIAVVPK0gBxT8sKCkALSgp
691=AC4oKQAvKCkAMCgpADEoKQAySAGXGAEAMygpADQoKQA1KCkANigpADdJAdJ3IwEAOEkBYm
692=gIfvxfAGgBURQ6VQJCuXQ7SAF8Yll0PEgBYHJJAT3IAU0FPsgBVQI/yAFVAkBIAXgGWWlB
693=SAFgfUkBQsgBRWtDSAFgclkGRMgBWQZFSAF4BlUCRsgBVQJHSAHZEUhJAT5EE0UISUgBxQ
694=hKyAFNBUtIAcUITEgB3RVNyAFBBE5IAWQISQxPSQF0sR9QyAFBBFFIAdV7UigpAFMoKQBU
695=SQHQuSdVSAFgCFEJVigpAFcoKQBYSAHZPVkoKQBaKCkAWygpAFwoKQBdKCkAXigpAF8oKw
696=AHAGD1ewgoKQAJKCkACigpAAsoKQAMSAHdFQ0oKQAOSAFoegECBQAPSAGABGl6YIQBQX0R
697=KFUAEigpABNIAX14Cml6YIp6CwRJemCpegNJemCpegNJemDxdxhYBoMLBAAZKCkAGkkBHX
698=gCaHon4QEcVQL1aC0i6S5g/XgeVAInSw9gAO+hBCBUAmAIXRUhKCkAIigpACMoKQAkKCkA
699=JSgpACYoKQAnKCkAKCgpAClIAZU5BUocYAB0e1X/K1QCaAFFwyxIAYMEAQAtKCkALigpAC
700=8oKQAwKCkAMSgpADJIAZQYaHrfIAEANChVADUoKQA2SAElFS83SAHRVjhJAWJICF1tOcgB
701=VWU6SAHRYTtJAT1MaEEEPEgBdAJJAT3IAU0FPsgBVQI/yAFVAkBIAXx4TV1BKCkAQsgBQW
702=dDSAFgclkGRMgBWQZFSAHVDUbIAVUCR0kBQkwQUQlISAFsEEUISUgBxQhKyAFNBUtIAcUI
703=TEkBcEwbWQZNyAFZBk5JAWy1Ak9JAX2pAVDIAUEEUUgB1SNSSAElvSNTSAHdeFRIAd02VU
704=gBYAhJDFYoKQBXSAHBBFgoKQBZKCkAWigpAFsoKQBcKCkAXSgpAF4oKwAIAGH9eAkoKQAK
705=KCkAC0gB2REMKCkADSgpAA5JATlYzEXOD0gBjAVwdyL4JlMBBQARKFUAEigpABMoKQAUKC
706=kAFUkBJlYGAARRd2GxdwRQdycpABhBBCKhBBlJASGpARpJASWpARtIAWQBVXAcSQH5rXMd
707=SQHxqQEeSAEn8Q5h6XogVQLuoQQhKCkAIkgBwfYjSAHdCiRIAd38JUgB2QYmSAHNBSdIAc
708=0FKCgpACkoKQAqSQEvTCZRFCvIAQEBAQAsSAHNPC0oKQAuKCkALygpADAoKQAxKCkAMigp
709=ADNIAYwQcHfPMQEANVQCxXY2SAHBUTdIAdlTOEkBfHwGfvFhAGgBRRM6VALBXDtJAWehBD
710=zIAUEEPUgBYGdJAT5IAXhpXVc/yAFVAkBIAXB3AQIBAEEoKQBCyAFRbENIAdFsRMgBVQJF
711=SAHZdEZIAWAEVQJHSAFoDFEJSEgBwQRJSAFoDEEPSsgBQQ9LSAFkE1UCTEgBcHdZBk3IAV
712=EJTkgBbBtNBU9IAXB3QQRQyAFBBFFIASWFPVJIAcU0UygpAFQoKQBVKCkAVigpAFcoKQBY
713=KCkAWSgpAFooKQBbKCkAXCgpAF0oKAABCQBiACWxJwrIAUlvC8gBRUoMyAFVAg1IAWxzQe
714=sOyQEDbexiYDgi7SkQVAKMAXh0J1UAEihVABMoKQAUKCkAFSgpABYoKQAXKCkAGEgB3XgZ
715=SAHNcxpJAcKxbBtJAbypARxIAc0QHSgpAB5IAcXvH0gBxXYgKCkAISgpACJIAdHwI0gB0Q
716=kkSAHFCCVIAcUIJkgBzQUnSAHNBSgoKQApKCkAKkkBMPp0YgBoAVVELFQC0UAtKCkALigp
717=AC8oKQAwKCkAMSgpADIoKQAzSAGMEHp0YgDNczVUAslONkgBwQQ3SAEl1Tw4SAFsc0VVOc
718=gBRVU6SAHJWTtIAXh0QQQ8yAFBBD1IAXBhSQE+SAHNaD/IAVUCQEkBQrniQSgpAEIoKQBD
719=KCkARCgpAEUoKQBGSAFoDEElR0gBwXJISAHdCklIAXQCRRNKyAFBD0tIAXgGVQJMSQFyax
720=4BAE3IAVEJTkgBzZRPSAHFl1AoKQBRSAHV6VJIAcU0UygpAFQoKQBVKCkAVigpAFcoKQBY
721=KCkAWSgpAFooKQBbKCkAXCgrAAoAY2AXZWsLKCkADCgpAA0oKQAOKCkADygpABAoKQARKC
722=kAEigpABMoKQAUSAHd0BVIAdHPFkgBkRAFX+ZjAMaxbBhVArqpARkoKQAaSQG4tQIbSAEl
723=ZVocSAHdCh1IAd3bHkgBzWgfKCkAICgpACEoKQAiKCkAI0gBxQgkSAHFCCUoKQAmSAEnQA
724=4n+QQoVALVGCkoKQAqSAGDOwUAK0gBYnIEBV3mY41zBSLRK2MmOSMuQASPBQEALygpADAo
725=KQAxKCkAMigpADMoKQA0SAHdbTVIAdFLNkkBunOCAQA3yAFZUzjIAV1XOUgBJXU7OkkBZX
726=gYIr5aYwBoAU0FPNQCTQU9SAF4XlUCPsgBQdU/yAFVAkBIAXRlSWRBSAFkdkEEQsgBQQRD
727=yAFVAkTIAVUCRcgBVQJGyAFVAkdIASXpOUjIAVUCSUgBzXNKSAFgBFUCS0gBYA9FCExIAW
728=ByXRVNyAFZEU5IAc2UT0gByS1QKCkAUSgpAFIoKQBTKCkAVCgpAFUoKQBWKCkAVygpAFgo
729=KQBZKCkAWigpAFsoKwALAGRsLnVwDCgpAA0oKQAOKCkADygpABAoKQARKCkAEigpABMoKQ
730=AUSAElaSkVSAHVWhZIAc1dF0gBwXIYSAEl+WcZSQG9vW0aSAHdbRtIAd1tHEgB0QkdKCkA
731=HigpAB8oKQAgKCkAISgpACIoKQAjKCkAJCgpACUoKQAmKCkAJ0gB3RUoSAGfJwUAKSgpAC
732=ooKQArSAEi4VkAaW9kIwxaQUYtVALRQC4oKQAvKCkAMCgpADEoKQAyKCkAMygpADQoKQA1
733=SAGYESKuWGQAaG9VTzdUAmkBBCIISbQCWX85VAIn6Q1knG1NBTtUAmhvTQU8yAFNBT1IAc
734=FcPsgBVRg/SAHRYUBIAc1zQUgBfGJRYULIAU0FQ8gBVQJEyAFVAkUoKQBGSAHJDEfIAUEE
735=SEkBb2caAQBJyAFVAkpJAWu1AkvIAVUCTEkBfrUCTcgBVQJOSAEn6Q1k4Z5QVALBMFEoKQ
736=BSKCkAUygpAFQoKQBVKCkAVigpAFcoKQBYKCkAWSgpAFooKQAMgC1XFAUADSgpAA4oKQAP
737=KCkAECgpABEoKQASKCkAEygpABQoKQAVSAHdbRZIAclkFygpABhIAclvGSgpABooKQAbSA
738=HZBhwoKQAdKCkAHigpAB8oKQAgKCkAISgpACIoKQAjKCkAJCgpACUoKQAmKCkAJ0gByd0o
739=SAFEJm2UKSgpACooKQArSAGUOXFsZZBsSd0tVAJob11XLkgBgAR922XxQDAoVQAxKCkAMi
740=gpADMoKQA0KCkANUkBu7HaNsgBXUw3SAGQFHFsZSZxKjlUAnhpWV46yAFNBTvIAVHEPEgB
741=eF5Jbz3IAVUCPkgBeGlZBj/IAVkGQMgBVQJByAFVAkJIAXxtRQhDyAFECAtEAGUAPgEAAA
742=MBAEUAZREAALcOACAIAD4BAAAAAQBGAGWIAQEBAQBHyAEBAAEASEgBBW8AAAACAQBJyAEB
743=AwEASkkBa7UCS8gBVQJMSQF+tQJNyAFVAk5KAcwCWwIBAE9KAf//iQFQKCkAUSgpAFIoKQ
744=BTKCkAVCgpAFUoKQBWKCkAVygpAFgoKQBZKCsADQBmVA5LAAUADigpAA8oKQAQKCkAESgp
745=ABIoKQATSQH2dxgFABRJAfCpARVIAVQKAgAABQAWSQH1tQIXSQHeqQEYKCkAGSgpABooKQ
746=AbKCkAHCgpAB0oKQAeKCkAHygpACAoKQAhKCkAIigpACMoKQAkKCkAJSgpACYoKQAnSQHv
747=vRUoSAHBGikoKQAqKCkAKygpACxKAS0DVwUFAC3IAU1HLkgBzTwvKCkAMCgpADEoKQAyKC
748=kAMygpADQoKQA1SQG7SAxVTzbIAUVKN0gByQw4SQHSaxcBADlJAWVUEUEEOsgBAQQBADvI
749=AQEFAQA8SQE9rV09yAFdFT5JATxUAkkMP0kBOkgBWV5AyAFBBEFJATu1AkJJAW1IDEEEQ8
750=gBQQRESQFotQJFyAFVAkZIAWRrWRFHyAFJDEhJAXOtBUnIAU0FSkkBybUYS0kBzqkBTCgp
751=AE0oKQBOSQHQoQRPSAHdIFAoKQBRKCkAUigpAFMoKQBUKCkAVSgpAFYoKQBXKCkAWCgrAA
752=4AZ2AXbV0PKCkAECgpABEoKQASKCkAE0kB+XwVY2dnAPGpARVVAu6pARZIAdVlFygpABgo
753=KQAZKCkAGigpABsoKQAcKCkAHSgpAB4oKQAfKCkAICgpACEoKQAiKCkAIygpACQoKQAlKC
754=kAJigpACdJAe+1GChIAZsjBQApKCkAKigpACtIAZM1BQAsSAFhZwJiZ2cAaAFVRC5UAoME
755=AQAvKCkAMCgpADEoKQAyKCkAMygpADRIAUEJAEVKNUgBYGdFYDbIAUVgN0kB038VAQA4SA
756=HJTjlJAWRvFwEAOsgBRQg7SAF8YkEKPEgBYGddVz3IAVUCPkgB1WU/yAFZBkBJAXCxCUHI
757=AVUCQkgBYGdFCEPIAUUIREgBYGdVAkXIAVUCRkgBYGdZBkdIAclvSEgBYGdNBUnIAU0FSk
758=kBzKEaS0gB2SdMKCkATSgpAE4oKQBPKCkAUCgpAFEoKQBSKCkAUygpAFQoKQBVKCkAVigp
759=AFcoKgAPAGQbQyEFABAoKQARKCkAEigpABMoKQAUKCkAFUgBwWcWSAEnigxoAMkBGChVAB
760=koKQAaKCkAGygpABwoKQAdKCkAHigpAB8oKQAgKCkAISgpACIoKQAjKCkAJCgpACUoKQAm
761=KCkAJ0kB82c0BQAoSAFAImGIKSgpACooKQArSQEoVL1V6SzIAVFALUgBwTsuKCkALygpAD
762=AoKQAxKCkAMigpADNIAVFFAFFhNMgBUWE1yAEBBgEANkgByQw3SQHSfBVqZGgAYMpVvTlU
763=AmgBWRE6yAFBUTtIAWhkVQI8SAHRYT3IAVUCPsgBTQU/yAFdEEBIAWhkVQJByAFVAkJIAW
764=hkURRDyAFRFERJAXxzJgEARcgBXQpGSQFqtQJHyAFVAkhJAX21AknIAVUCSkgBJ4oMaADZ
765=HExUAskBTSgpAE4oKQBPKCkAUCgpAFEoKQBSKCkAUygpAFQoKQBVKCkAVigrABAAaWgUcU
766=ARKCkAEigpABMoKQAUKCkAFSgpABZIASehJWkoMAwnKQAZQATJZBooKQAbKCkAHCgpAB0o
767=KQAeKCkAHygpACAoKQAhKCkAIigpACMoKQAkKCkAJSgpACZIAdHEJ0gBlB9wYScdBCkoVQ
768=AqSQEnZwQEACtIAXBhVUQsSAHRNS0oKQAuKCkALygpADAoKQAxKCkAMigpADMoKQA0SAFE
769=TwIACQEANckBCnJhaQB0AgELAQA3VAInMQxpkGFFAzlUAnBhRVU6yAFFVTtIAXBhQQQ8SA
770=FwYUkXPcgBVQI+SAFgBE1SPygpAEBJAXRnHgEAQcgBQQRCSAHV00MoKQBESAFwYV0KRcgB
771=XQpGSAFwYVUCR8gBVQJISAFwYVUCScgBVQJKSAEnMgxpANEqTFQCyQFNKCkATigpAE8oKQ
772=BQKCkAUSgpAFIoKQBTKCkAVCgpAFUoKgARAHQVSx4FABIoKQATKCkAFCgpABUoKQAWSAHZ
773=wRdIASUdJRhIAc1dGSgpABooKQAbKCkAHCgpAB0oKQAeKCkAHygpACAoKQAhKCkAIigpAC
774=MoKQAkKCkAJSgpACZIASfYCyfFAyhUAkgfeX8pSQEmtb0qyAFFPytIAYMEAQAsSAHZMi0o
775=KQAuKCkALygpADAoKQAxKCkAMigpADMoKQA0KCkANUgBWkIADnleapleD3peagAn2wtqAG
776=J8ESJ8MagBURQ6WAZoWUkHO8gBXUw8yAFVAj3IAVUCPsgBVQI/SAEiHCVFCEBJAXW9CkHI
777=AVUCQsgBWQZDSAHFYEQoKQBFSAEldTBGKCkARygpAEgoKQBJKCkASkgBJc0wS0gB0SpMKC
778=kATSgpAE4oKQBPKCkAUCgpAFEoKQBSKCkAUygpAFQoKwASAGtwHHk9EygpABQoKQAVKCkA
779=FigpABcoKQAYSAHVvRlIAc1dGkgBxWAbSAHVAhwoKQAdKCkAHigpAB8oKQAgKCkAISgpAC
780=IoKQAjKCkAJCgpACUoKQAmSAElZSMnSAGcHH26a7iKIh4wawBgXFU5KkAE1S4rKCkALCgp
781=AC1JAcIk2SEuSQG8qQEvSAHZBjAoKQAxKCkAMigpADMoKQA0KCkANSgpADYoKQA3SAEngQ
782=trgFxRFDlUAmxdRVU6SAFhXAAiAj1rAGgBWVM8VAIlOS49yAFVAj4oKQA/SAFgXEUIQEgB
783=YFxJAUHIAV3FQsgBXcVDSAEnggtrANWyRVQCxR5GKCkARygpAEgoKQBJKCkASigpAEsoKQ
784=BMKCkATUgBJeUzTkkBzb0rT0gB1Q1QKCkAUSgpAFIoKQBTKCsAEwBslT0AIkg7JykAFShV
785=ABYoKQAXKCkAGEgBxbgZSAHNRxpIAZcJBQAbSAHBBBxIAcFcHUgBwVweKCkAHygpACAoKQ
786=AhKCkAIigpACMoKQAkKCkAJUgBwbQmSAHNECcoKQAoSQEuobQpyAFZPSpIAc0mKygpACxI
787=Ad1XLUkBuL0rLigpAC9JAbq1AjAoKQAxSAHNXTJIAd0KMygpADRIAd02NUkBy6UINigpAD
788=dIAdlIOEgBJR07OcgBXRU6SAFsUkkBO0gBaFlVWjzIAVUCPUgBdFpFVT4oKQA/SAFsBUEE
789=QEgBIjgjWQZBSAEltSJCyAFBBENIAc0QRCgpAEVIAd1MRkgBzRtHKCkASEgBzRtJSAHNBU
790=pIAc0FSygpAEwoKQBNSAHRd05IAcEPT0gB1SNQSAHRCVFIAdEJUigqABQAIqAxQz4FABUo
791=KQAWKCkAFygpABgoKQAZKCkAGigpABsoKQAcKCkAHUgB2bYeSAHdVx8oKQAgKCkAISgpAC
792=IoKQAjKCkAJCgpACUoKQAmSQHwf0EFACdIAVgZecwoSAFxVgJ+r20AaAFBOypUAt0gKygp
793=ACxJAcFnCAEALUgBJ9MKbQC9tQIvKFUAMCgpADFJAb+hBDJIAd0KMygpADRJAdahBDVIAc
794=U0NkkBeXQUIoIhbQBoAU1HOFUCYLUCOcgBVQI6SAFwVkkXO0gBYFFBtDzIAVUCPUgBcFZN
795=Uj7IAVkGP0gBbAVVAkDIAVUCQUkBeKkMQsgBVQJDSQFdtQJEyAFVAkVIAd0VRkgBxUpHKC
796=kASEgBwQRJKCkASkgBzQVLSAHVT0xIAdUjTUgBJ9IKbQDFCE9UAskBUCgpAFFIAdMJFQBu
797=aBRhOxYoKQAXKCkAGCgpABkoKQAaKCkAGygpABxIASUJXx1IAc1SHigpAB8oKQAgKCkAIS
798=gpACIoKQAjKCkAJCgpACUoKQAmSAHZqydIAZgYInsgbgAv7KqoAVUuKkAEwSUrKCkALEgB
799=J3sKbgC7pUouVALNBS9JAcW1AjBIAc1SMUgBwQQyKCkAMygpADQoKQA1SAHZMjZIAWxSXU
800=w3yAFdTDhIAXhTVQI5yAFVAjpIAXRPSRc7SAFwo0kBPEgBdAJVTz3IAVUCPsgBWQY/SAF4
801=U1EJQEgBzQVBSAF4U1UCQsgBTQVDSAF4U1UCRMgBVQJFSQFcaykBAEZJAYCpAUfIAVUNSE
802=gBxUpJKCkASigpAEsoKQBMSAHdTE1IAdkGTigpAE8oKQBQKCsAFgBveA5tUhcoKQAYKCkA
803=GSgpABooKQAbKCkAHEgB3fwdSAEnIQpvJjFDHyhVACAoKQAhKCkAIigpACMoKQAkKCkAJS
804=gpACZIASWtISdIAYwXYVFvI+FZAHykqAFZJypABM1HKygpACxIAd1MLUgB3UwuSAHNBS8o
805=KQAwKCkAMSgpADIoKQAzSAHV3jRIAcEwNUgBwTA2SAEiGCpZSDfIAUUTOEgBfExRQDlIAW
806=xHSUM6yAFVAjvIAU0FPMgBQQQ9yAFBBD7IAUEEP0gBcAlJDEBIAdEJQcgBTQVCSAFgBEUI
807=Q0gBYFEBBAEARMkBBSIyTm8AYFFRCUZUAmBRTQVHyAFFCEhIAcEaSSgpAEooKQBLKCkATC
808=gpAE0oKQBOKCkATygqABcAIuhQUzgFABgoKQAZKCkAGigpABsoKQAcKCkAHUgBJ2kecCjI
809=CScpACBABM1SISgpACIoKQAjKCkAJCgpACVIAcGeJkgBSBRpZCcoKQAoSAEirGOJ83CUT0
810=ElKlQC2UgrKCkALCgpAC0oKQAuKCkALygpADAoKQAxKCkAMigpADNIAd3xNEgBJQE9NUgB
811=xTQ2SAFoTkk4N8gBRRM4SAF4lU08OcgBQUY6SAFoQ0kBO8gBQQQ8SAFg9lUCPcgBVQI+SA
812=FwS1EJP0gBeAZJDEBIASKAY00FQcgBTQVCSAF0DVUCQ8gBVQJESAFsBUUIRUgBxQhGSAFo
813=pk0FR8gBTQVISQFbeC4iqn5wAGgBVQJKVAJkVU0FS0gBaFlIAQhMAHAAXQAAAAEBABEAAF
814=MOACAJTQBwAMkCAAAAAQBOSwHOAgBrARgAcVwASwAFABkoKQAaKCkAGygpABwoKQAdSQH5
815=ZwgFAB5JAfGpAR8oKQAgSQHetQIhKCkAIigpACMoKQAkKCkAJUkB77kGJkgBXBICAAAFAC
816=coKQAoSgEuA18CBQApyAEBAQEAKkoB//9XAgEAKygpACwoKQAtKCkALigpAC8oKQAwKCkA
817=MSgpADIoKQAzKCkANCgpADVJAdJ/FQEANkkBZkgQXSs3yAFFEzjIAQECAQA5SAEBPAEAAE
818=kBOkkBOqkBO8gBAQMBADxJAT21Aj3IAVUCPkgBbAVRCT9JATtABEkMQEkBPkgBUQlByAFN
819=BUJIAckMQ8gBVQJESAFsBUUIRUgBxQhGSQF4XBVFCEfIAU0FSEkBW7UCScgBVQJKSQFcVA
820=JFCEtJAV1IAVkGTMgBQQRNSQHQvyAZAHJYA0sABQAaKCkAGygpABwoKQAdKCkAHigpAB8o
821=KQAgSQH1fwoFACFIAcVKIigpACMoKQAkKCkAJUgBJxgJJzkCJ1QCXBJlSihIAXlIAnpIcg
822=BoAVUYKlQCJxoJcgDJASwoVQAtKCkALigpAC8oKQAwKCkAMSgpADIoKQAzKCkANCgpADVI
823=AScaCXIAeEhZETdUAmgBAQQBADjJAQV6SHIAbDxNMTpUAmgBXUE7yAFVAjxIAdk9PUgBzU
824=c+yAFdCj9IAXBASThAyAFVAkFIAXRPRQhCSQFCUEtdCkNIAXAJTQVEyAFNBUVIAcUIRsgB
825=VQJHSAHNBUhIAWAPWQZJyAFBBEpIAXwVVQJLSAF4SE0bTMgBTxsaAHOANE1+GygpABwoKQ
826=AdKCkAHigpAB8oKQAgSAHBkyFIAcGTIkgBzUcjKCkAJCgpACVIASfACCcNAidUAp8RBQAo
827=SQEx/o5zAGgBQSUqVALVRCsoKQAsKCkALUkBclgGTQUuyAFRHy9JAR5jCwEAMCgpADEoKQ
828=AyKCkAM0kBc0QITTE0yAFRCTVJAdZ8Yn+OcwDJqQE3VQJjvQo4yAFNBTlIAXQuQTA6yAFN
829=EDvIAVUCPEkBPlg9SQE9SAF8NkkBPsgBTQU/yAFVAkBIAXREVQJByAFVAkJIAXxBSQFDSA
830=FkCEEERMgBVQJFyAFVGEbIAUUTR0gBcAlVAkgoKQBJyAFBBErIAUEES8gBVwIbAHRwHH14
831=HCgpAB0oKQAeKCkAHygpACAoKQAhKCkAIkgBxYwjSAHVRCQoKQAlKCkAJkkB8GgtaNInDQ
832=IoVAKQQG2JdIpDBAVI0qgBVVor4wQBACxIAXxBSSItyAFFYC7IAQEFAgAvSQEedRsCSUN0
833=UOtPAQIAMShVADIoKQAzSAFoQwEDAgA0yAFRCTXIAUEPNkgB2Yo3SAFoQ1kyOMgBTRA5SQ
834=E+RD9RKjpIAWg4SS07yAFVAjxJAW9IEFUCPcgBVQI+SAHdgz9IAXBLVQJAyAFNBUHIAVUC
835=QigpAENIAckMRMgBQQRFSAHBRkbIAUUTR0gBaENdFUgoKQBJyAFBBErIAUMEHAB1aBR9QR
836=0oKQAeKCkAHygpACAoKQAhKCkAIkgB1YYjSAEnEgh1AMkBJShVACZIAcmFJ0gBhA98gycN
837=AilVAjdkdnNAdQA2qQErVAJqAQEFUkB1AHBAAQYFAC1UAmgBAQcEAC7KAQgDUUB1pT8DUE
838=AnKQAxQQQeew0DADIoKQAzSAFyQAYDUUB17dY1VQLXZFV+g3UAJbEnN1UCZGQIYsp1AGgB
839=QTA5VQI+UEBRKjpIAWQ0USo7yAFVAjxIAXBAVQI9yAFVAj5IAScRCHWI0lUCQFQCfEFNBU
840=HIAVUCQigpAENIAckMRMgBQQRFSAHZPUZIAd0KRygpAEhIAXREUUtJSAHLDB0AdkSzRRoE
841=XSV2XABLAAUAH1QCQAF9QSAoKQAhKCkAIigpACNIAcU/JEgB3cUlSAHFPyYoKQAnSQHwcC
842=p4PSe1ASlUAtUNKigpACtJAfatBSxIAdkGLUgBeT0KeT12kkALBFk9dlgXTQgEWD0nKQAx
843=TQUeUgIABFg9J1UAM1QCej0JBFs9dgA1sUs1VAJoAVFLNkkBNLUCN8gBVQI4SAHNUjlIAW
844=BRTew6yAFBBDvIAVUCPMgBVQI9SAF8ClUCPsgBVQI/SAHJDEDIAVUCQUkBlqEPQsgBUUtD
845=SAF8Nl1BRMgBmz12AD5ITlUCRlQCaAFVAkdIAc0FSCgrAB4Ad3QgdTkfKCkAICgpACEoKQ
846=AiKCkAIygpACQoKQAlSQH1uTImSAHNPCcoKQAoSAHRNSlIAYQPfHgnDQIrVQL5pQgsSQHv
847=qQEtSAHNBS4oKQAvKCkAMCgpADEoKQAyKCkAMygpADQoKQA1KCkANigpADcoKQA4KCkAOS
848=gpADooKQA7KCkAPCgpAD1IAc3WPkgByRc/KCkAQCgpAEFIAc0FQkgBbDxd20PIAVnMREgB
849=wXJFyAFVOUZIAWA7TTxHyAFWAh8AIswxXw0FACAoKQAhKCkAIigpACMoKQAkKCkAJUgBwT
850=AmSQHxoTAnSAHVOShIAdkyKUgBTA1tRyooKQArKCkALEgB3UEtSQHusQkuKCkAL0gB3UEw
851=SAHRCTEoKQAyKCkAMygpADQoKQA1KCkANigpADcoKQA4KCkAOSgpADooKQA7KCkAPCgpAD
852=0oKQA+KCkAPygpAEAoKQBBKCkAQkkBk7l0Q8gBWXRESAFwNVmrRcgBVQJGSAFstVcCIAB5
853=jB9FgSEoKQAiKCkAIygpACQoKQAlKCkAJigpACdIAck4KEgB3TYpSAHBMCpIAdUuK0gBhA
854=9+5nkAJ7EGeenzLkAE0UAvSQHzqTgwSAHZBjEoKQAyKCkAMygpADQoKQA1KCkANigpADco
855=KQA4KCkAOSgpADooKQA7KCkAPCgpAD0oKQA+KCkAPygpAEAoKQBBKCkAQkkBlfI1eQBoAV
856=kyRFQCcDVFa0XIAUdrIQB6gB5FNCIoKQAjKCkAJCgpACUoKQAmKCkAJygpAChIAcU0KUgB
857=3SsqSAHRNStIAdE1LEgB1QItSAHJby5IAZ0RBVzbJ2UCMChVADEoKQAyKCkAMygpADQoKQ
858=A1KCkANigpADcoKQA4KCkAOSgpADooKQA7KCkAPCgpAD0oKQA+KCkAPygpAEAoKQBBKCkA
859=QkgBxaJDSAF4MkWiRMgBR6IiAHuMH00xIygpACQoKQAlKCkAJigpACcoKQAoKCkAKSgpAC
860=pIAdkyK0gB1S4sKCkALUgBJwAGJw0CL1QCnxEFADAoKQAxKCkAMigpADMoKQA0KCkANUgB
861=JTkjNkgBzXM3SAHdCjgoKQA5KCkAOigpADsoKQA8KCkAPSgpAD4oKQA/KCkAQCgpAEEoKQ
862=BCKCkAQ0kBJ3AQAgQAIwB8YAF1vSQoKQAlKCkAJigpACcoKQAoKCkAKSgpACooKQArSAHV
863=LixIAdFhLUgBwTAuSAHJIi9IAZAQaC0nOQIxKFUAMigpADNIAdEqNEgB2Wk1SAHdCjZIAd
864=U5N0gB3Qo4KCkAOSgpADooKQA7KCkAPCgpAD0oKQA+KCkAPygpAEAoKQBBKCkAQigrACQA
865=fYgQVVolKCkAJigpACcoKQAoKCkAKSgpACooKQArKCkALCgpAC1IAcktLkgB3SAvSAHVIz
866=AoKQAxKCkAMigpADNIAdkGNCgpADUoKQA2SAEnUAUnQQM4VAKTGwUAOSgpADooKQA7KCkA
867=PCgpAD0oKQA+KCkAPygpAEAoKQBBKCsAJQB+kA1FKSYoKQAnKCkAKCgpACkoKQAqKCkAKy
868=gpACwoKQAtKCkALkgB0eUvSAHJIjAoKQAxKCkAMigpADMoKQA0KCkANSgpADYoKQA3SAHZ
869=XjhIAYQaeCcnbQM6KFUAOygpADwoKQA9KCkAPigpAD8oKQBAKCsAJgB/hAxNJicoKQAoKC
870=kAKSgpACooKQArKCkALCgpAC0oKQAuSAHJTi9IASehBH8mgSExKFUAMigpADMoKQA0KCkA
871=NSgpADYoKQA3SAHJTjhIAZgYYCUnQQM6KFUAOygpADwoKQA9KCkAPigpAD8oKwAnAICYCl
872=UjKCgpACkoKQAqKCkAKygpACwoKQAtKCkALigpAC9IAdlIMEgB1SMxKCkAMigpADMoKQA0
873=KCkANSgpADYoKQA3SAElqSY4SAGMF2giJxUDOihVADsoKQA8KCkAPSgpAD4oKwAoAIGMCV
874=0gKSgpACooKQArKCkALCgpAC0oKQAuKCkAL0gBJ/EDgSg8CCcpADJABMkiMygpADQoKQA1
875=KCkANkgBxR43SAGXFAUAOCgpADkoKQA6KCkAOygpADwoKQA9KCsAKQCCjAlFHiooKQArKC
876=kALCgpAC0oKQAuKCkAL0gBxWAwSAHBGjEoKQAyKCkAMygpADQoKQA1SAHBXDZIAZ8RBQA3
877=KCkAOCgpADkoKQA6KCkAOygpADwoKwAqAIOMCU0bKygpACwoKQAtKCkALigpAC8oKQAwSA
878=HNGzFIAc0bMigpADMoKQA0SAHR+zVIAdE1NkgBkBBgGic5AjgoVQA5KCkAOigpADsoKwAr
879=AISACFUYLCgpAC0oKQAuKCkALygpADAoKQAxSAHVGDJIAdEUM0gB0RQ0SAGPDAUANSgpAD
880=YoKQA3KCkAOCgpADkoKQA6KCsALACFjAldFS0oKQAuKCkALygpADAoKQAxKCkAMigpADMo
881=KQA0KCkANSgpADYoKQA3KCkAOCgpADkoKwAtAIblEy4oKQAvKCkAMCgpADEoKQAyKCkAMy
882=gpADQoKQA1KCkANigpADcoKQA4KCsALgCH7RAvKCkAMCgpADEoKQAyKCkAMygpADQoKQA1
883=KCkANigpADcoKwAvAIj1DTAoKQAxKCkAMigpADMoKQA0KCgABTUAiAAAAAAAEQAAWQCSAA
884=YABQA2AIgAAABAAAIFADAAiVwASwAFADEoKQAyKCkAMygpADQoKQA1KCsAMQCKWAdLAAUA
885=MigpADMoKQA0KCsAMgCLQAVIAAoFADMAiwAAAAAAAAUAEQAA

[Lighting]
Red=0.950000
Blue=1.100000
Green=0.950000
Level=0.000000
Ground=0.000000
IonRed=1.300000
Ambient=1.000000
IonBlue=0.700000
IonGreen=0.600000
IonLevel=0.000000
IonGround=0.000000
IonAmbient=0.500000

[Map]
Size=0,0,90,50
Theater=SNOW
LocalSize=2,4,86,44

[Neutral]
IQ=0
Edge=North
Color=Grey
Allies=Neutral
Country=Neutral
Credits=0
NodeCount=0
TechLevel=1
PercentBuilt=0
PlayerControl=no

[Nod]
IQ=0
Edge=North
Color=Gold
Allies=Nod
Country=Nod
Credits=0
NodeCount=0
TechLevel=1
PercentBuilt=0
PlayerControl=no

[OverlayDataPack]
1=BQAAIP4AIACABQAAIP4AIACAdgAAIP5AEAD+EAAB/vABAP4QAAL+DgAAgwQHBv79AQCIBA
2=gIBwAABgb++gEAhwYHBwgKCgj/+wFlFIIHCv4DAAuFCgcABgT/+AFpFIEIAgLPZBaCBAf/
3=6QFrGIEINALMVBiCCwj/6QF6FoEL0GUWEBWCBwf/gAF8GoDKAAAg/mUAAIMGCgj+EgAAgQ
4=j+BQALgQf+5QEAggYE0FQA/gMAC4IKCM9nAv7nAQAj/9BnAP/DAaQAgQffgAKDBggKA/3g
5=VAb/tAGhBNp9BoEE/gQABwH+/9cBfAQB//4eAACBB/4GAAv/1wF7BgfY3FIKKfj/1wF5CC
6=Xc3XsK/9sBegAB2994DIEEJ/3/0wF4DuJNDkoi/9QBegqBB//WAXsI/0kAKAz/4AGHAIEK
7=//4BTBaBB//nAX8A1zUQ//UBTBor9sNzCP+0AUwcgI8AACD+QQAAgQj+CgALgQf+8wEAgg
8=YK//4BQgDIQQCCCwj+8QEAggQIyEECgwsKBv/8AVAC//MBSQLJQAL/9AFJCIEH/g8AC//w
9=A00Kyz4G//QBSgTLPxCDCggE//4BTwj/8AFMBsw9DoEK//wBTQyDCggH//EBTQbJPhT/8g
10=FNEP/bAT4AgQbkTxJmAf+4AU0SgNAAACD+FgAAgwcKB/4mAACBCP4GAAuDCggG/ssBAIQG
11=CAoK4kgAgwQIChH8ggcH/8wBSAAR1eQXAIEIEf3/zAFGAiX85UUAgQT+AwAI/9ABQgQiAI
12=EI/08A7Af+rgEAgggL5BgAgwcIBP7QAQCDBAcH5RUCgwAHB//UAUAIC9DjOwyBB//RAT4G
13=gQQD/P4DAAviPQiBBv/OAUQCMdQR/oEL4RMMC/r/0wE7DBPV4zgQgQT/0gE5EP4jBACCBA
14=T+/gEAgQf/1QE9COnqAf/SATwKgQCAmQAAIP4sAACDCAsI/v0BAIQGCgoG/v0BAIEI//8B
15=LgKBB//+AS4AhgAGBwAGBP/9ATEEggoI//0BLwSCBgr//wEuBv//AS8MgQf//gEtAoQHCg
16=sL//sBMA4R/4ELNAH+DQAB/uYBAIIECBH/QgD+DQAC/+gBSAr+BQALgQr/+gE2DBH+//oB
17=LwokAIEI//oBLwgCAIIKCP/RATIcgBQAACD+KwAAgwgKB/79AQCCBAb+0x0AgAUAACD+AC
18=AAgAUAACD+ACAAgAUAACD+ACAAgAUAACD+ACAAgAUAACD+ACAAgAUAACD+ACAAgAUAACD+
19=ACAAgAUAACD+ACAAgAUAACD+ACAAgAUAACD+ACAAgAUAACD+ACAAgAUAACD+ACAAgAUAAC
20=D+ACAAgAUAACD+ACAAgAUAACD+ACAAgAUAACD+ACAAgAUAACD+ACAAgAUAACD+ACAAgAUA
21=ACD+ACAAgAUAACD+ACAAgAUAACD+ACAAgAUAACD+ACAAgAUAACD+ACAAgAUAACD+ACAAgA
22===

[OverlayPack]
1=BQAAIP4AIP+ABQAAIP4AIP+AUgAAIP5ADv+JXkxLTU1MSkpLAAiESkpNXP8OBFAM/gMAcP
2=79Af/+BABwEAb//gFkEjIG//8BaBT/+gFjFP4JAHD/+QFQEtJiFv/wAXoa1VIY/n4B/4B5
3=AAAg/mUA//4DAHDSUwD+BABw/uUB/9B/AP4IAHD++AH//9oBewL+AwAe5FgE/9UBfQT+BA
4=Ae4FwG/9gBfgLdVAb/CAJxCP/XAX8E31MG/98BcgzlVgb/9wF7DGIC//IBfwr+4AH///8B
5=SxTjThL/0QVwFv4MAB7+swH/gEgAACD+QQD//gwAHv7zAf/+DQAe//EDTQD+EAAe/+8DTg
6=T+EQAe/+8HTgj/AQI7EP4SAB7//gNPDP/wA1AA/9kBQACCcHD/5wEZHIB2AAAg/hYA//4D
7=AHD+JgD//goAHv7LAf/+BQBw//4BGwDjGAD/0QFBAu8QAv7SAf/pFgD+1AH///wBEgj+Bw
8=Bw5BYK/9UBQAjoFQT/1gE/CuYWBv/XAT4K4BIQ/9YBPAbnDQ7/1wE7CP4fBP/lEwr/2gNT
9=GP/TASscgHoAACD+LAD//gMAcP79Af/+BABw/wACLwD//wEwAv7+Af8CAP/+AS0G/wACLA
10=L/AAItBP8AAiwG//8BLgr+BQBw/gUA/41eTUpNSkpLS01NS01c/+0BRRAyAf/zATcS/gkA
11=cP//ATMU//4BNBD/+gEvGEH9/wACMRr+zwH/gBYAACD+KwD//gMAcP79Af///wEsAP7WG/
12=+ABQAAIP4AIP+ABQAAIP4AIP+ABQAAIP4AIP+ABQAAIP4AIP+ABQAAIP4AIP+ABQAAIP4A
13=IP+ABQAAIP4AIP+ABQAAIP4AIP+ABQAAIP4AIP+ABQAAIP4AIP+ABQAAIP4AIP+ABQAAIP
14=4AIP+ABQAAIP4AIP+ABQAAIP4AIP+ABQAAIP4AIP+ABQAAIP4AIP+ABQAAIP4AIP+ABQAA
15=IP4AIP+ABQAAIP4AIP+ABQAAIP4AIP+ABQAAIP4AIP+ABQAAIP4AIP+ABQAAIP4AIP+ABQ
16=AAIP4AIP+A

[Russians]
IQ=0
Edge=North
Color=DarkRed
Allies=Russians
Country=Russians
Credits=0
NodeCount=0
TechLevel=1
PercentBuilt=0
PlayerControl=no

[Special]
IQ=0
Edge=North
Color=Grey
Allies=Special
Country=Special
Credits=0
NodeCount=0
TechLevel=1
PercentBuilt=0
PlayerControl=no

[SpecialFlags]
Inert=no
FogOfWar=no
IonStorms=no
MCVDeploy=no
Meteorites=no
Visceroids=yes
FixedAlliance=no
TiberiumGrows=yes
InitialVeteran=yes
HarvesterImmune=no
TiberiumSpreads=yes
TiberiumExplosive=no
DestroyableBridges=yes

[Structures]
0=Neutral,CABHUT,256,79,38,64,None,1,0,1,0,0,None,None,None,0,0
1=Neutral,CABHUT,256,64,38,64,None,1,0,1,0,0,None,None,None,0,0
2=Neutral,CAAIRP,256,92,14,64,None,1,0,1,0,0,None,None,None,0,0
3=Neutral,CAOILD,256,90,18,64,None,1,0,1,0,0,None,None,None,0,0
4=Neutral,CAOILD,256,93,18,64,None,1,0,1,0,0,None,None,None,0,0
5=Neutral,CABHUT,256,55,108,64,None,1,0,1,0,0,None,None,None,0,0
6=Neutral,CABHUT,256,67,108,64,None,1,0,1,0,0,None,None,None,0,0
7=Neutral,CAAIRP,256,48,128,64,None,1,0,1,0,0,None,None,None,0,0
8=Neutral,CAOILD,256,48,126,64,None,1,0,1,0,0,None,None,None,0,0
9=Neutral,CAOILD,256,51,126,64,None,1,0,1,0,0,None,None,None,0,0
10=Neutral,CABUNK01,256,90,25,64,None,1,0,1,0,0,None,None,None,0,0
11=Neutral,CABUNK01,256,115,38,64,None,1,0,1,0,0,None,None,None,0,0
12=Neutral,CABUNK01,256,27,95,64,None,1,0,1,0,0,None,None,None,0,0
13=Neutral,CABUNK02,256,45,119,64,None,1,0,1,0,0,None,None,None,0,0
14=Neutral,CAMACH,256,21,101,64,None,1,0,1,0,0,None,None,None,0,0
15=Neutral,CAMACH,256,113,32,64,None,1,0,1,0,0,None,None,None,0,0
16=Neutral,CAEUR04,256,27,76,64,None,1,0,1,0,0,None,None,None,0,0
17=Neutral,CAEUR04,256,107,65,64,None,1,0,1,0,0,None,None,None,0,0
18=Neutral,CAOILD,256,103,63,64,None,1,0,1,0,0,None,None,None,0,0
19=Neutral,CAOILD,256,103,66,64,None,1,0,1,0,0,None,None,None,0,0
20=Neutral,CAOILD,256,35,76,64,None,1,0,1,0,0,None,None,None,0,0
21=Neutral,CAOILD,256,35,79,64,None,1,0,1,0,0,None,None,None,0,0
22=Neutral,CAEUR2,256,107,62,64,None,1,0,1,0,0,None,None,None,0,0
23=Neutral,CAEUR1,256,28,80,64,None,1,0,1,0,0,None,None,None,0,0

[TaskForces]

[Terrain]
39120=TREE23
40115=TREE25
40116=TREE25
40118=TREE25
40119=TREE22
40120=TREE21
41115=TREE24
41116=TREE25
41117=TREE25
42116=TREE25
42117=TREE25
42119=TREE23
42120=TREE25
43116=TREE27
43117=TREE27
43119=TREE25
43120=TREE25
44117=TREE27
44119=TREE23
45101=TIBTRE03
45118=TREE25
45119=TREE25
48124=TIBTRE03
54116=TIBTRE03
59105=TREE26
60105=TREE20
60106=TREE26
60107=TREE26
61105=TREE28
61106=TREE23
61108=TREE26
69106=TREE23
69107=TREE25
69108=TREE28
70106=TREE26
70107=TREE26
72108=TREE28
73026=TREE21
73028=TREE23
74027=TREE26
74028=TREE28
75025=TREE26
75029=TREE28
76023=TREE23
79026=TREE26
80027=TREE28
81022=TIBTRE03
81026=TREE26
83024=TREE25
83025=TREE25
84024=TREE22
85022=TREE22
85023=TREE22
86023=TREE25
87023=TREE22
87024=TREE22
88015=TIBTRE03
89025=TREE22
90026=TREE22
90027=TREE25
90028=TREE22
91027=TREE25
91028=TREE22
92027=TREE25
92028=TREE22
94022=TREE25
94023=TREE25
95022=TREE22
97023=TREE25
97024=TREE25
97025=TREE25
98024=TREE22
98025=TREE25
108046=TIBTRE03

[Triggers]

[Waypoints]
0=28103
1=104031

[YuriCountry]
IQ=0
Edge=North
Color=DarkRed
Allies=YuriCountry
Country=YuriCountry
Credits=0
NodeCount=0
TechLevel=1
PercentBuilt=0
PlayerControl=no



[Digest]
1=Vmyd7VxXzD1H2tZkFjfoNJn+dHU=

