; Map created with FinalAlert 2(tm) Mission Editor
; Get it at http://www.westwood.com
; note that all comments were truncated

[Header]
Width=45
Height=43
StartX=233
StartY=32
Waypoint1=238,55
Waypoint2=274,55
Waypoint3=0,0
Waypoint4=0,0
Waypoint5=0,0
Waypoint6=0,0
Waypoint7=0,0
Waypoint8=0,0
NumberStartingPoints=2

[AircraftTypes]

[GAYARD]
TechLevel=11

[NAYARD]
TechLevel=11

[VehicleTypes]

[YAYARD]
TechLevel=11


[Preview]
Size=0,0,100,50

[PreviewPack]
1=iBIAIAaiqFCjp1Cjp1BAAUoAo6d4AUABSAA/LAADvblUubZZSwCnrFW/BZSYQkwBJ1wAQA
2=FIAEAESwDAtGgnLwCTmT9YBAaxr1WVmESqr1MnLABABFgBUAJIA1ACMCwAKn8BxK5MQARI
3=CVACSABAAUgAQAFIAEwHSAlQDkgATAGsE0wKQARIAEAESBtQAkgAQAFIAEABSABAAUgAQA
4=FIAEABSABAAQO3uFW5uFZMAUsAnqZLRAIDj5dEh5E8WAEtLAADlJtGhI45SANABAOAiDGC
5=iDCvAYqQOkMHurhWXAUDrKp7rKuArAesAVcSp6xTtAxMBFQkAnhkMnx4fAtIFVAXQARAIk
6=QdMCwAtBtIA0AEWARABCcsAEwHSABEHVwCXA4nNARcCwmOlECQk0CgqE6QlEAnDAJMBKwB
7=KmwCTAFMBEgDQAFIAC1cAyqMAyosAAODjDSQlj63BoGLN0gDSABUIUgAQAFIAEABSABAAU
8=gAQAFIAEABA32IL42WPEgAaBUCtJ64saRLALewn0sAsqqbSAAGu7Sosqqen6RfRBFYJQaG
9=bDCHfDyIejxADUgAUAJIAEABege2WUAiSCFAIlgfTAFQAlgBQAFYAVACMCwAQCVYJVgESC
10=pIAFwISABDCm9YMFglrwGxrJ5REXjgACosACdsAl8InaVPWBlQGkgAQAFIAEABSABAAUgA
11=QAFIAEABSABAAUgAWENYJSAM1AC0JCdUAuQSLhwAQAQGgmMyfG41h3o5TAFIAEQaSABAAT
12=CkAy1cAFQkWARQAqQmJywAVCRIA1ACUClMAUgASB5YBEAEWENDXmlbM0wBSABTAquphi5M
13=ApwBVzmkqVFIS1BQIAmECKQmpAtAbVgBSABAKEgAQAFIAEABSABAAQOOlj+PlT1MAUwrUG
14=tYagKtrVO5tHg3SA9IAJQQ0ABQSgZxUi53ZDSAbjVQC7QYUBdMAUgAQAF4BwWjUJ+ZS6WY
15=RlgBSCe8AlAgQAEDybFlybFiXAItLAADualUrp5NvAJTHZGSP1AdSB5APUgeXBdYZEgASD
16=9MTEwHSABQBUxM2hJ4eF8Ut66drAdAdliLSBtQGkgAQAFIAEABSABAAUgAQAFIAEABSABA
17=AUgAUAtbjo+XQSdEAEABSABIA0gAW236+gBIAFAXSBhAAUgATAFEa3wdAq1TtaydKyYCsJ
18=9AJVdvvn9ESBhaCnuEaJxACkgAQApAGUgtWAdUpQO1l0q8oUtYAagJBr6uYOW/c+a9cEgA
19=QAFIAEABSwDgvHBIAAa3qVimmkmQjUanIKWbTVQktB5HJoCIMUgAXAtIAEQaSABADQaGaT
20=aao1WspYxQFFQkJ5wCWBNMB1gTRCxcBUAHSABAAUgAQAFIAEABSABAAUgAQAFIAEABSABA
21=AbQPQAdYAUgARAJIAEwiNggAtBtMhSf0ASogAFQSCaeeUqiVTKZ2RHF0OEAKSABACkgAQA
22=FQL0h4VDNcI7wOVB5IJ0gAVyfXtWhIJAnJtWW8r17MtmTFs2VIAFACRCZcAkgAQwG8sFxI
23=JFAdSCREU0ABWENQSrwLSAxAAUgAXF8GdnM1eFEpo203KngCJywAWAdQBbwRXAVMASfsDE
24=wBSABQAkgAQAFIAEABSABMClQAWA0nRABYBwazq1nnu27cuGszuARUFUQdJ9ABKiAAVKhI
25=AFglTDcGeVYvY1gzdHQ4SEtQC0gAQA1AJV9T5r5zUAhQI0ANtyG3qVhYJVgKSHtAZwasnk
26=+fl0uckUdQdEAESACkJkAHQCVUb0RoQAFAJUgeLZQHXBcJcnc/gGAzeGU2j3o+KngCJywA
27=QAekNUCLXBG4HFxlJywAKswCWBZQF0gAQAG0BrQDQA1YGVw+uAcwFACwSqQaRAsn9AFIJK
28=wBQCUnrxmcbz1IXSe8BlwyUCNUMFhDXAhQI1glRCNASawQTCUBo6BQFC8DAKmmT1NK5b5z
29=UE1QLEQdSN5YJUgAKpQHWBlIDFAXA3JmNJ6CQFmpuOz0rBNUACdsAlDCUBEwgAOkAlAyQA
30=2sIlgKVCRIAEABSHtEGkABWAFIAEQIvDi0BioUAFCwSG9IAEgbWItAT1AXSBInoARQEagA
31=RCYAA5+hVKSiWL+LSnRkNJqISbKxWa2sVUQjdB6ckk9Jr7RUSAlQAlAmJ/QEXJgqtARAbV
32=iaWCVISycsCUhLQAdIAEwHKkQDQD0Gf3Q9tZdMspBLVLonYAJcEUwBSABAAUgAXAis6EA3
33=KoADKiwATCIwvBWkDkRZUEokPCNAEEw9rAFIh0ABpPVUJEgkUB1AQ0gASK68L1CnqCQqFA
34=BIEkRxCaaKRLKjUrOUTa6iVUBJSABYIkwKWDFIDEABWDdUJERKTFVYIkABSEstuARLJ6ep
35=UycsCUABQDpYHFRmRBoq3AoGem43SDYkiW06RDgqMAKsAUgSWCVIAEABTBNcU7wIKogEKi
36=wATBNISEgASEhIAEjGUFZYJSc0BEABWAFYJUT4TAGkF1D1UAKkC1QkWCVIAEABSABMzaQR
37=KhQAUBEntwu9tVlIJEgAVCRIAAampFGMh0mVnEhIDEwKJEQhSCQDraNQsZxMSL1MBFAjKg
38=gAvEpPSaabTEAlSG9YlGAQnJ5cCAyeg0JEPjKGXThUTTK2oEkzoAS7E7SukEwTUPVID0AH
39=RHEqcAQqLABYQEAxSEhUJFglSABAAbQGQAdAAVh/T8qHkTxIGKx/XAJYrLQVTAFEFLyGVC
40=RsAfdpoqF5sBFXALeunUiZUz6rqYZAAVhPWG1EIAmtpVKQbjl9ZTmVgElYECeEC0ANJ2gJ
41=QAG3KqaaSVglAZCNRq2AAUgkQGdYJUAlSDasUkSAXAJIAFACCX9wPZF4P66IQ6mmUSr0DV
42=wRJwgAXBFMHEgAQBlIACdsAqQmrAoquARcSlAUKtwKRAVEF7wmSCdAAUgAQAFMf1BKQCVc
43=0UgASAwDnKRRlpxGQGdEKUBSQJ1MAVRpSABQiVQnWCJAKEABSJlAAUgATAFqAL5zWAdYEw
44=OTk0WThUUqRCFAf0ANTFtIJEgASyqqnExcmFtMpJlHWAFIIQOiqEu0tVVEdFRmSBVMPVwF
45=BpOAQIduPImIREAlTARIAEMBl45CQA1IAEwNZCPkOEB2UBFIAFARQDdkiYTFWAFcR7wFXC
46=BUjbyYXBpQAlsBlZhESAknLABAAVgBWElIJEgAVCRIAEghWD1IEkiHWCUnXAlQLKQIRKpA
47=BKwHWAdQMqwBUCZIEqxPXD4nXABMBFBWvAtYCidEIVT2SGaviLi1nVglQyWdoUZQI0hypC
48=BQIFACuEMABqyrgI2YP3d1OmZWLoJsPIt1OpqDP46KP0wEZCD8XDMsAEQjKmwCRD5IGFAR
49=TBNY1lgBQGpEJlglUI9IkFyzQAG8AlgBXAJQBUgYSABIJEgAQAFIAEABSABbH52hSFthop
50=ZHJzQBtAZIPFOGm6RKQD28BVhMVGNQEUgSSABMB0gAWBBIAEABWARcQUwKJxcGnG89TJ0w
51=XC1PIqyqe1idSCdQJqQpUAInCABACgJyZjSqjCUPL52ORVwLSABcAsQ1hCZMEFARSABAAU
52=gAQAFIAEABSABQEVBrWD1IWlwaWAFME1RFTBMDjJRBiJI/RCZQAqwETBZAHEgAQAG0DEAH
53=WAFIAEQCSABAASd0DFQJrwSPmUZYB1g6SCRIh1ACSABEFEANUAVAJUhdtG9AW1B9SANABF
54=gHQDRQWUwHSABADVwLCZ+hVKOhUMaOSnRkM0ydA39zO3d4PFzpQEww9ARUsVwCrCVc1ydU
55=IFwLUD4nbAhMDUgAUAJkJvR+7AF0eG4Bv3NIXUhsWBNEI6wHZn2WPyecAkAcrKNQQVwgSA
56=BAFkgAUAVUYEwoJ0QAQAFIAEgDSABErWTUAq1Tl55ESwmaoEtAAUwuSBK0Y1QJTAFIAEQU
57=SABYEKyLUBFQAkgAUAJECEABJ7wAUAtIAFALX1C6oUtQHURfDLmGQq2SSKmfTat1QW9lOb
58=giKhQAWCVIAFwIJ1QgJ0QPTENcAlgTpDJMAUgAXA5IAFARUHdQU0R0KnQPXB1QiUAfTAdB
59=B5qcGlwUQAEnnAJAZ1gEWEBIFUAWSABAAaQLUAJYAUgARAJIAEABSEVICUQISLpILUxJfi
60=+UQKwuVA9UFUgtSHhUEkgMQBNQjEATWBOsAVwFUAtIAEAEXAJID1gKUAtIAEABSABAAUgA
61=QAFIAEABVyeRh0onvAknrAS0tCfnMragSUgPSGZIBidsCFwUQA1YEEATRDhAAbwUSBJMAS
62=k9AktHBa2tU6wTxDUixVJLUClQAlwUKsQEQBMnVAVAAXiCNdRLVA9IAEQdUAhAAQOMlT+Q
63=l0BYQFScWC5IEkgzSBIDk5ZBj449UBQnlAREDkgPKlQCQCVYMUAcVA+0MEQdTAFAEFAIUD
64=JAAQOLbDmXcj1aDbqhIqhWQAEDmGg2n4ZCpxq/ikQh5DK0JLwIWAdQCEgATBNIAFwFXA5A
65=AQabokuXikWUlUZQFEAlQBNIAFwRSABAGVQSJ4wnSBJYPUgGTAdIAJwXIghdXAhERAl3dT
66=tnVS9gUjLHkURIqFjKpAVUBkgPSABID0gAQAFIAEABWEZEcbQMXJVANEAKSAlXD4yXPidU
67=AlglQBNUJ0gDQARIBksSubhXJ1QCRBFACrQkRCMGYVgzmXo8nnRARCAABrOIT7Ojb1VcWm
68=5XM0JGT0BDUj81KHp2OFgrQChEKVgQTAdIAEABSABAAbwCXAhAAQaueTyRZTdoVy5AGQOI
69=ajd+ezdMDQmRdUGbez+DazuHhjtZJckjTExAJSqMJ1wFJ6wKVCGnMsCMREAKpCMDp3Y8r5
70=FKUMskXDlYzVSlVBIn1BVEEUgASBJIAERcSABIY1QPRCBILVglXEpDTG5XLlgTQHMtVAJA
71=EFAFMFQCtLdAHwlycDh/bEWqg0qibDdE+wAY0LBvyK500rN4UVlZQENZQUNZQkRZPkFUQE
72=JShGU6cW82a18zRUhNhV8yTAdHI8aKPlNNbFsvWBxbTMCHREgJWBy8FAPFhT2wgkFYAVAU
73=A61zOqibR7wRUM5YzawBJIwnrARENVAIJ6wKTEwnZAQnBBBcpETLSABAAacIxK5MSCS8Pl
74=QkKiwARAisBFAgJ6QDSjmtmsSzKlQCTARQBUgAQAEqVAK0t78CwIdEVCSk+A/GrXN5jmhx
75=fWRXYl1CRVpBRFlKAEJFUSZYXCZIAFACDENGWFVbWtq5eeW9dMmxYlNE4LxwIUgpSAxUPE
76=gVQBZIAEABUClIKqwBWAFAAUA9QPSsDUzfXAUwjABYBFAFtC0tzC9IJEgAVCSIAAGezLZk
77=SBhSYlRPbDdAQEjSSFFTDmpeM1iFA55tNnZsNie8BkQdQDFQC0gMSABAAaQsVHUtVAInrA
78=pYEFgEUAVYPUwEJ5wvSBhIAAnmvXDPs3pZZF5DR1lUJFAjaSREjAFIJ1BNjAEJd3ld28CL
79=4MSN5cJ/SAZcREAfSIdMl0AQvEFIilhnUGVSsHuEIrBUQD1AE79KmqNVSCGtBLIj9GSsBF
80=gHWHlYE1AFrAREI0gkJ/cit66dUzvcuGtAJUM0d1cuQIgqxAFQBUgGpAu0D0ATSB68MlAL
81=SCEnLABQCEgAXAi0EqwBWAFMBEgASBJEEUwHSABAAVAXSCRIAGgeCr1w575z1LZ1zbZ7Vm
82=BIS0RKeHBEcUgAJ9AECUxTWtS5g+S/fOHAgSfINlxEQBCsDVAgJ9QMQAFIIbwCRD5AAaQd
83=SFFbH6KheUPrtK6QXAJIAHIUlT1AAUgATAFIAEAEvAVMWCcsAEIl5b4iiFtYBLQkUJhADS
84=cIAFglUAVEC1AmJ/QBVAlQBUgDUAJYN24Brp1ID1yeSAykIFQSQDQnjABEGlg9WC5QJkw3
85=WARID0AlUAVIAEABSAAJ37x4aG9fSU5aP0JXVEukcVglCUBDWEtRWnF7X9u4d1AFJ6AEWH
86=CsAVwRXBesClQbKoQOUAJIBlALSABAAUgAQAFMEydcADYsAFgEUAVIAEABSABAAUgAQAFA
87=DVgNXDJIG1BNVB5IAEQOtAO0DycsAFAFSANQAkAoKowGRGusBEAKQAFAGVgQTAon2AVAAV
88=BTQC5IKkxPuBxUAHwFCL103bt52byEXWpfUCMnLglBQ2iWRAJIJwNbZ17cu3tQSkBwVAYq
89=CABYDVAISABAAUgAQAFIAEABSABAAUgAQAFIAEABSABAAUgAQAFIAEABSABAAUgAQAFIAE
90=ABSABAAUgAQAFIAEABSABAAUgAoAFMQLxHVCRUIVguMNwHRAVIAEgGSABAAUgAQAFAIkgn
91=rAFIBkABSAAI5r1w5r1w4Lxw4LwRAADXDpgaAAdwt6lYq6mGoqF5ybFlybFiq6mGvq5g+v
92=oAqwDlv3NLAOa9cEgAAAPfvHhob19JTlo/QldCRVlBQ1lCRVpIAAlAQ1hKUFpxe2DfvHtQ
93=BaAHNhQAXAhMBEgAQAFIAEABSABAAUgAQAFIAEABSABAAUgAQAFIAEABSABAAUgAQAFIAE
94=ABSABAAUgAQAFIAEABSABAAQKiqFCjp2gAVBikAlACQAFIAEABSABAAUgAQAFIAEABSABA
95=AUgAQAFIAEABSABAAUgAQAFIAEABSABAAUgAQAG8GqwBWAFAAaQCtABYAQzhvHh3hGZSWl
96=1QWFxCRFlpAEV3AEFDWKgASCcJW2de3Lt74cCB5cJ/oAcwFABQC0gAQApIAEABSABAAUgA
97=QAFIAEABSABAAUgAQAFIAEABSABAAUsA/wAAqABMAVACSABAAUgAQAFIAEABSACjAbOrWa
98=ABpAIzLACoCbQAQARIAFAFSABAAUgAQAFIAEABSABAAUgAQAFIAEABSAAwXAOkAkAECty4
99=eM2xd2t6ZUFEV0FAJVQkUUpEXEpgJb5KS1FcSgFf27h3XAVIADNAAbwCSANAAUgAQAFIAE
100=ABSABAAUgAQAFIAEABSABAAUgAQAFIAKQaKhQAUAJIAEAESABAAUgAQAFIAEABv0rnu25Y
101=AUgARAJIAEABSABAAUgAQAEqKAGsAbwCSANAAUgAQAFIAEABSABAAUgAQAFIAKwiORQABt
102=K0fH+SbXR9YEAiVEhISCf0DYABRHFsTCBpXAlYJUgARHEJvK9eybVlrKp7rKuATwHFs2VL
103=ANe1aFQeWB8gDJQEXAVIAEAHOaAEQAS8SgOqnmhJT1j9SlpUJEgAsHFYlwZaZl2YnXDdun
104=hcBTM0AVwCSABMDUgAQAFIAEABSABAAUgAQAFIAEABSABAAUgAQAFIAEABSABAAUgAQAFI
105=AEABSABAAUgAQAFIAEABSABAAUgAQAG0JEAlQAEDubSeuLGkSwC3sJ9IAAOyqpufpF9YBE
106=gARAVIAEABSABAAUgAQAFIAEABSABAAUgAQAFIAEABQC5ILawBtC0zjANQArxKAnV8YExT
107=SCR4JSeUBFhMQCUGREhYaG1d176KWApACkgGLQgAvAJIA0ABSABAAUgAQAFIAEABSABAAU
108=gAQAFIAEABSABAAUgAQAFIAEABSABAAUgAQAFIAEABSABAAUgAQAFIAEABSACgAQmqr1OT
109=mT+UmEKxrJ5JJHiAAEMlu7SoSwC4tZ1AH0geKgQEoAelCBSAAKwBA+a+c7ywXKQvvFNMAV
110=QbWAdcU0ABKggAUAgI47130rN4vqhzRktglFwjmHBMAWhvSEtQSkAlA+LChOW+di3sAAPl
111=vnPMtmRIAEATrA1cFCcsAFgNXAtIAEATSABAAUgAQAFIAEABSABAAUgAQAFIBkAHrAG8FK
112=wBSANAAUgAQAFIAEABWElYGUgAWCVIAJwk0ABTArWsnVQnSABIJ1AmUAUDj5dEh5E8UAtY
113=CkgASBKIJSgTAJqjVdwHAnh4sqqevAVICVgNK7ADCL10xq1zyK50eYFgXCOoAEwlfUpFTE
114=wBWUBDWFKYcXsrVBdAFlwIJ5QEUAsDg4w0kJY+VDwn0AFAAVwOSBVQDlgTXAUocALkAXwI
115=Bb5zlJtGhI45WBlcCAOKkDqepktIBlAatCdUMEwBSABQCH4Fv3NUA1gKVCRcSkgAQAFMDU
116=gAvAJIA0ABZiauna8BgYs3WBMnZAHwD3wAQwSdpU9ABFQPRAioAFARUAVIA1wIUA4quAQJ
117=1bVz4712z7N6V2JdSEhoAL7gQ1joJwFZTlVbQLsDmZtr4cGEVB5IAFgWSABACqcdgogwJ3
118=wBA6uphqKheUgDTA1IAEABUCBQEUwBfBPsAFwCSABQAksVgIgxSABQCEgAVDwnVAhYkbwX
119=RERYJbQntAYMubZZgFQpamM1emMzkJNAUAIDj241fmQzQApMAUgAQAFIAEghA4+XQXuEMU
120=QLUAJIAFACqBCsAVgBSA9IAEAESABAAUgAQAFIP0MEs6tZQO64JSfUAyoUKidcCUwlSL1I
121=AGABCENY3Lt72rl55b10VCRQSlgQWBxUMFALSAC8C1giUCasQ0AEvAJIAydkB0gPqBVUAF
122=wUSC0njwB9iC9AJVBTzrWunaAltABMaly2XBdUBlQASJYACZWYRJacRoF2OY99O3BkM25f
123=M4J2OIJwNYZpNqwEJ/QEBo6WP5OWRJSYRVwCXA4nCABcCEAQSBhEFFQPWAFABEArSBJIAF
124=ACQBlMNCeUBEwfBt27edm8hF1qX3QkJH4lRFlIJEgAtCRXAEBDWUNzd3ldJzQHWApMECd8
125=ASevAY+VPVACSABABFApUA5IAFwOSABQAiqcAlApQARcAifsAEsGrKWMWFJTU7SukFwFoC
126=VMaidED1ACWwS5tllUbwOnrFWxr1VQJga9uVSMlz6ao0lUcir0BAyAdjiXg0Kmf0GGjkmM
127=mEJIBkAETBBQCEgAXAhAECr0AVACSABcAkQmUD6sAVw7TEOsAVyeJwQEWCJEJgZ8YTF/cT
128=dxUy9YJUgAswKGbDC0MEBqLQQHvAhIDEABJ+wATAFIAFACXA4nPAJcFCoIACe0BVgEUAVI
129=AEABSABAAUgAQAFIAEABSABAAUgAoAFQLEMKjZY8RGVEWcwBApdAjpRAJ4QCQAFQHUBDA5
130=SYRoaMP7QkQCVAAUgAQAG0CbxTrAEw5AK8ArAOTwF4ZDJYClxQRCAqRAZMEA+NmD+bpEqJ
131=YzFAOSaMlT+Ql0BYBFBEpIBcFAZ9dDtxZTJvWDBcCEAKBoNoM4h6PHx4PEAQvxF2XjNcAg
132=OMikCQczusBEBASEJEQVwCA62uUbCiTbwCM5wCJwQHrAQDknpAgG41QAdbAY+ZRieUAUwx
133=BqSpUZCUQKCoTlxERBRIAFhVSABQBSQUPFAjSBK8UCosAFARXAIFgm83h3o5h3wo5gKEYm
134=ANWAdMDUoAgmPUJKQgtDNDMZykUSdEAyc8AqwTrA1EHSo8CCqEBQmnrFO3uFW5uFaXnkRQ
135=F79ifVsvRDsGi5NFjZJEi5Y9TAq8CAy4uFe+sk+gdkOvlkx5bjhUM1iaSDC0M6wQTBkqfA
136=FQF1g3M5cBkZI/XE0nlARAAbxKR2jmvnNAB0geVCQIubdTfH4+fXc7j45shb8vfG41WA28
137=QUxGVCdQF0QvpBGgYVQwSCS8CFyMfAWUflCAJ0QDRCNIG0AoWCVAglAFTAFQqlwOsAgwFw
138=CvtFSsVVQwCJ6gToWLPnyEOoh4KJQETAonfAEDq5JFoKdTWBxQEURBQBxLIbq4VlQkSC1I
139=EkABXAWsEFwOQBBUHkgAVAy0G0BeJ/QNRA5UJEgASAlQdCIsQiMHKLywXEAHtAxUISr8BV
140=gNvDtDHKKoS1sKnaFGTOswXANEAlwOSBJEIFAFXA5MAVgKUAJIAEABtKtEIydcAE8BjJRB
141=pHRMAUQIMAgASBVAFkgAQAFMVUQ1UB1IMFQeJ5QETAEnTAFMDVAFQDdAHFwFTCVIGFQAQC
142=VcTVoNiJIioC5QDlxHSBtIAFRXXDszlARQDkwuQyXcuGtU9lQYSABIDEgAQIhADUAEQFhQ
143=Aqw6VCdIJFgBQARIAGABAqBQtZdKLVwDqxKtrVNMBEQXpDVcR1h8tCQqFABMBEgqQBZAYV
144=QkTApAhVAXWFUqWAEnPAJIEkwWWARAB0gATAq/78mxYlACSABQAkgAQBa8F0AlJzwCSEhA
145=IkgYVzy0tVVQDlgiWD0n1ABIA0AHQElIAFgHSABYDUgAQAFQDkAuVG94DSkUM7xKMLwArH
146=9EEVwyrAdMAUQaA5+XS5yRR0ABSAC8Dlg3RBRAE0Q1Q2Gzq1khUSHXI7Q+KqAEXA5IAFg0
147=vFmkF1QkSHsDrJ5PopRMWwq0n0owPAKkOKwNWAon/B1cEVACvB1MHEAWSABQBVwRRDK8C1
148=QkXGKsE1AmSDNQIEgGQCJIBkgAQAFIAEABSABAAUgAQAFIAEQLPFwJTARQBUgAQAFIAEAB
149=SABAAVw1TAdIAFgTSEtYJQO8oUuppk9YAUxJvAJMAVAUJywAWCJIAEQjSABAAUgAQAFqAL
150=5zUC9QVlhJRBdQa0BMrApYClglWApQDkgAXA5IAEABJ6QGVDC8CLQtrA1UM0wESABQBUgA
151=WCVIAEQmRCNADbwCXFxME7QwtAZM30gDSABIBkgAQAFIAEABSwB9iC+0JEBwWA1IAFsWt6
152=lYQAdIAFgcLcQBQAdIAEAHSABID6wBQBxwBYRxUBpMAVhJTBBAcFQSpBpIS1wCSABMCmxA
153=KYRZcA6cWUwNUAW8Pr1Ko+wKSDCkGlwOUA5IAEABSABACif/AuC8cEDTWCVIDFwCM7wAQA
154=dIAEAHSABMDSecAk8BralWKtQARCNYAUgJtCdABEBPtG9gFiNsXEABUA5YJVgEUAVIAEAB
155=vAUnlAFAAUgAWA1IAEABWApATEgJQEBIAFglTEBYW9ollT1MTKQXVCpMQCckDkwNQWfMIz
156=xBXF9QL1w+X0qaoEtIS0ABRCZACkgArApMDUgAUA5IAEABMPwCSAlAFkgATBZIACp8E1wF
157=SABAB0gAQAFIAEABWA1cFECUUE23BrurXSHcIrwvVJ9EobQhVL1QAkAWTElIAEABSABAAU
158=gAQAQnjAZYHFAOWCVQC0gMSABAAUgAQAFIAEABSABgDSkMCLw1TM1cAkgAWBZcSlAIWBBQ
159=DlQqWCUnrAFABEgMUEpcCFgfKlwJSANPB56PSVxKUClQp0wEUA5IAEABQDRABEgATARMVS
160=rMAlACSABcAlgKUAVIAFwFSABAAUgAQAFIAEABWA1QEVgEA8CvYP///0gGSABYAUQgWBNQ
161=FFgKrAGsOs4Bv3NAAUgATARIAEABSABAB0gATAdIAEQLSABIDEgAQAGsSawBUCBEKU80pJ
162=lMSABLG6WYRie8BpWoULwIRCZAAUgAQAq8WSSMP0BnWCi0JKjSrAFcSkxMA7mpVK6eTbQe
163=WARULVwOWBy8CEgJTFWsFi1cCUgwrBNcBUwWMCwACY2WPL6uYKKoUKOnUBEAAA==

[AITriggerTypesEnable]
043F40BC-G=yes
043F521C-G=yes
043F874C-G=yes
044082BC-G=yes
05CB5B6C-G=yes
05CB830C-G=yes
05CBAEDC-G=yes
05CBC04C-G=yes
05CBC19C-G=yes
05CBC2EC-G=yes
05FC088C-G=yes
05FC0C9C-G=yes
05FC13EC-G=yes
05FC1A8C-G=yes
05FC1C5C-G=yes
05FC333C-G=yes
05FC37CC-G=yes
05FC3C9C-G=yes
05FC50EC-G=yes
05FC747C-G=yes
05FC75CC-G=yes
05FFA7DC-G=yes
05FFB18C-G=yes
06002BFC-G=yes
0611A1EC-G=yes
0611A33C-G=yes
0612B11C-G=yes
0612CD8C-G=yes
0612EAEC-G=yes
0612F46C-G=yes
0612F9AC-G=yes
0616004C-G=yes
06C551AC-G=yes
078F4B2C-G=yes
07C04C7C-G=yes
07C04EDC-G=yes
07C0B14C-G=yes
07C30A5C-G=yes
07C310BC-G=yes
07C3266C-G=yes
07C329FC-G=yes
07C330CC-G=yes
07C33DDC-G=yes
07C4853C-G=yes
08A3EEDC-G=yes
08B902EC-G=yes
08B90B1C-G=yes
08B911BC-G=yes
08B9154C-G=yes
08B9213C-G=yes
08B9305C-G=yes
08B9356C-G=yes
08B940EC-G=yes
08B9423C-G=yes
08B9483C-G=yes
08B9586C-G=yes
08B9641C-G=yes
08B9708C-G=yes
08B9767C-G=yes
08B97C6C-G=yes
0A31295C-G=yes
0A44F17C-G=yes
0A44F2CC-G=yes
0A452C6C-G=yes
0A452E5C-G=yes
0AA845AC-G=yes
0AA846FC-G=yes
0ABC484C-G=yes
0AD2BAEC-G=yes
0C0C7AEC-G=yes
0C0D184C-G=yes
0C0D251C-G=yes
0C1245AC-G=yes
0C1246FC-G=yes
0C32599C-G=yes
0C32D84C-G=yes
0C87B45C-G=yes
0C87B99C-G=yes
0C87E5AC-G=yes
0C8B81BC-G=yes
0C8BC5AC-G=yes
0C8C2AEC-G=yes
0C8C2C3C-G=yes
0C8C430C-G=yes
0C8C4C3C-G=yes
0C8C51BC-G=yes
0C8C56FC-G=yes
0C8C645C-G=yes
0C8C6EDC-G=yes
0C8C71BC-G=yes
0C8E2C3C-G=yes
0C8EE1BC-G=yes
0C8EEAEC-G=yes
0C8EEEDC-G=yes
0C91D45C-G=yes
0C92C1BC-G=yes
0C92C45C-G=yes
0C955AEC-G=yes
0C955C3C-G=yes
0C9561BC-G=yes
0C9565AC-G=yes
0C96F45C-G=yes
0C96F5AC-G=yes
0CA1F84C-G=yes
0CA24D8C-G=yes
0CA2A04C-G=yes
0CA2B06C-G=yes
0CA2D99C-G=yes
0CA2FEDC-G=yes
0CA5945C-G=yes
0CA6621C-G=yes
0CA6AEDC-G=yes
0CAD0B2C-G=yes
0CAD0C7C-G=yes
0CAD0DCC-G=yes
0CAD130C-G=yes
0CAD145C-G=yes
0CAD25AC-G=yes
0CAD2AEC-G=yes
0CAD2C3C-G=yes
0CAD5AEC-G=yes
0CADD99C-G=yes
0CADDEDC-G=yes
0CB29EDC-G=yes
0CB2CEDC-G=yes
0CDF899C-G=yes
0CDF8D8C-G=yes
0CDF8EDC-G=yes
0CE2395C-G=yes
0CE23AAC-G=yes
0CE26B5C-G=yes
0CE26CAC-G=yes
0CE2E8DC-G=yes
0CE2EA2C-G=yes
0CE44D0C-G=yes
0D022B1C-G=yes
0D022C6C-G=yes
0D052AEC-G=yes
0D0803CC-G=yes
0D08461C-G=yes
0D0848BC-G=yes
0D084A0C-G=yes
0D084B5C-G=yes
0D0873DC-G=yes
0D087D8C-G=yes
0D0B3B9C-G=yes
0D2769BC-G=yes
0D2C41EC-G=yes
0D2C448C-G=yes
0D2C45DC-G=yes
0D53099C-G=yes
0D53130C-G=yes
0D53430C-G=yes
0D535EDC-G=yes
0D62145C-G=yes
0D6215AC-G=yes
0D6216FC-G=yes
0D62199C-G=yes
0ECCB2BC-G=yes
0ECCB40C-G=yes
0ECCB55C-G=yes
0ECCB7FC-G=yes
0ECCBC3C-G=yes
0ECCF14C-G=yes
0ECCF29C-G=yes
0ECCF68C-G=yes
0ECCFA7C-G=yes
0ECCFCAC-G=yes

[Africans]
IQ=0
Edge=North
Color=DarkRed
Allies=Africans
Country=Africans
Credits=0
NodeCount=0
TechLevel=1
PercentBuilt=0
PlayerControl=no

[Alliance]
IQ=0
Edge=North
Color=Gold
Allies=Alliance
Country=Alliance
Credits=0
NodeCount=0
TechLevel=1
PercentBuilt=0
PlayerControl=no

[Americans]
IQ=0
Edge=North
Color=Gold
Allies=Americans
Country=Americans
Credits=0
NodeCount=0
TechLevel=1
PercentBuilt=0
PlayerControl=no

[Arabs]
IQ=0
Edge=North
Color=DarkRed
Allies=Arabs
Country=Arabs
Credits=0
NodeCount=0
TechLevel=1
PercentBuilt=0
PlayerControl=no

[Basic]
Name=Dead Simple (2)
Percent=0
GameMode=standard
HomeCell=98
InitTime=10000
Official=no
EndOfGame=no
FreeRadar=no
MaxPlayer=2
MinPlayer=2
SkipScore=no
TrainCrate=no
TruckCrate=no
AltHomeCell=99
OneTimeOnly=no
CarryOverCap=0
NewINIFormat=4
NextScenario=
SkipMapSelect=no
CarryOverMoney=0.000000
AltNextScenario=
MultiplayerOnly=1
IceGrowthEnabled=yes
VeinGrowthEnabled=yes
TiberiumGrowthEnabled=yes
IgnoreGlobalAITriggers=no
TiberiumDeathToVisceroid=no

[British]
IQ=0
Edge=North
Color=Gold
Allies=British
Country=British
Credits=0
NodeCount=0
TechLevel=1
PercentBuilt=0
PlayerControl=no

[CellTags]

[Confederation]
IQ=0
Edge=North
Color=DarkRed
Allies=Confederation
Country=Confederation
Credits=0
NodeCount=0
TechLevel=1
PercentBuilt=0
PlayerControl=no

[French]
IQ=0
Edge=North
Color=Gold
Allies=French
Country=French
Credits=0
NodeCount=0
TechLevel=1
PercentBuilt=0
PlayerControl=no

[GDI]
IQ=0
Edge=North
Color=Gold
Allies=GDI
Country=GDI
Credits=0
NodeCount=0
TechLevel=1
PercentBuilt=0
PlayerControl=no

[Germans]
IQ=0
Edge=North
Color=Gold
Allies=Germans
Country=Germans
Credits=0
NodeCount=0
TechLevel=1
PercentBuilt=0
PlayerControl=no

[Houses]
0=Americans
1=Alliance
2=French
3=Germans
4=British
5=Africans
6=Arabs
7=Confederation
8=Russians
9=YuriCountry
10=GDI
11=Nod
12=Neutral
13=Special

[IsoMapPack5]
1=bg8AIAEyAAEAgAAFBQAxAAIA//9TAQYAMkkBH0QBAQAFADNIAWQBSwEwAAOEAUkBMUkBIH
2=EBBU8FAwCNqQEzVQKFqQE0SQGHqwEvAARhAQBZBjAoKQAxSAHZBjJJAYNoBHYNBADJATQo
3=VQA1SAHRCS5UCGgFWQAvTADJATBIAdEJMUgBxQgyKCkAMygpADQoKQA1KCkANkgByxctAA
4=aYCkUCLigpAC9IAckMMEgByQwxKCkAMigpADMoKQA0KCkANSgpADYoKQA3SQGGfA0CBQAs
5=AAdgAWElLSgpAC5IAcEPL0gBwQ8wKCkAMSgpADIoKQAzKCkANCgpADUoKQA2KCkANygpAD
6=hIAcstKwAI+REsKCkALUgB2REuSAHZES8oKQAwKCkAMSgpADIoKQAzKCkANCgpADUoKQA2
7=KCkANygpADgoKQA5SAHTNSoACfEUKygpACxIAdEULUgB0RQuKCkALygpADAoKQAxKCkAMi
8=gpADMoKQA0KCkANSgpADYoKQA3KCkAOCgpADkoKQA6KCsAKQAK6RcqKCkAKygpACxJAYxr
9=BAUALUgBJxUDCulkLyhVADAoKQAxKCkAMigpADMoKQA0KCkANSgpADYoKQA3KCkAOCgpAD
10=koKQA6KCkAO0gB3FcCKAALAB69FSkoKQAqSQEitQIrSAFkAUVrLEkBkGwBbRsL4RouVALZ
11=HC8oKQAwKCkAMSgpADIoKQAzKCkANCgpADUoKQA2KCkANygpADgoKQA5KCkAOigpADsoKQ
12=A8SAHITgInAAwAJakXKEgBZAFNeCkoKQAqSQEmewIFACtIAckiLEgB3SAtSAHRHy5IASfF
13=Awz9IDAoVQAxKCkAMigpADMoKQA0SQGItQ01KCkANigpADcoKQA4SAHVDTkoKQA6KCkAOy
14=gpADwoKQA9SAHPPCYADfEfJ0gBfA5RHygoKQApSQHYb8oGACpJAdCpAStJAdKpASxIAdUj
15=LUgBySIuSAHNXS9IAdEUMCgpADEoKQAyKCkAM0kBinMQBQA0SQH3awwFADVJAe+pATYoKQ
16=A3SQHxtQI4SAHBMDlIAdknOkgBwQ87KCkAPCgpAD0oKQA+SAHcpAIlAA4AHa0QJkgBZAFJ
17=IicoKQAoSAHJIilKARYCSAR2Iw4AyQErKFUALEgBwSUtSAHR8C5IAd0VL0gB0RQwKCkAMS
18=gpADJIAckiM0gBySI0SQHtsR81KCkANigpADcoKQA4SAHZJzlIAc0mOkgBzRA7SAHNEDwo
19=KQA9KCkAPkgBzRA/SAFcHXPaJAAPrUcEWQAPKM0ED5wDjiYPAMElKEwF1SMpKCkAKigpAC
20=soKQAsSQHRbRsGXqQPANFLLlQC0UsvSAHJFzBIAckXMUgB1VoySAHBJTNIAcElNCgpADUo
21=KQA2KCkANygpADgoKQA5KCkAOkgB2Sc7SAHNEDxIAclOPUgBwSU+SAGDIQUAP0kBIW8BBQ
22=BASAHDiCMAEPmrJCgpACVIAdWRJkgB2ScnSQEWvUwoKCkAKSgpACooKQArKCkALCgpAC1I
23=AcFRLkgB0SovSAHRKjBIAcEaMUgB1RgySQH2bDEiLicQACckBScpADVABNUCNigpADcoKQ
24=A4KCkAOSgpADooKQA7SAHRKjxIAXwkQco9KCkAPkgB2Sc/SAHVI0BIASNPIAYAQUgBkHcC
25=BgAiABGzKgYAIygpACRIAZkcBkVVEe1SJlQC0SonKCkAKEkB02ceBgApSAHBBCooKQArKC
26=kALCgpAC0oKQAuSAHJLS9IAcktMEgBjBAiZS4RlBxZHDJVAvp0DX0rESh8BScpADVABCd8
27=BSdVADcoVQA4KCkAOSgpADooKQA7SQHwqQw8SAGHDwUAPUgB0So+SAHRKj9IAdEqQEgBhG
28=t9KxGn2QYAQlQCyy0hABKpLQdULicpACNUApscBwAkSAGAnncuEgDbbRAGWnkSAN0rJ0EE
29=1bUCKEgBhBN0LietACpUAsEwKygpACwoKQAtKCkALigpAC9IAcEwMEgBwTAxSAHJbzJIAZ
30=AUdi4SAMEwNFUC8ngRZc4S7TE2VALBMDcoKQA4KCkAOSgpADpIAcUIO0kB9LEJPEgBjBt1
31=LhL9pD5UAsktP0gByS1AKCkAQSgpAEIoKQBDSAEj4CIDBgAgABMAiTgIWQATrTEITTETQF
32=dfDQgAI0AEgDBuMRMAiAFtMRNUA0gAbDEnKQAnTAVNAgBZtigoKQApKCkAKkgByTgrSAHJ
33=OCxIAcU0LSgpAC4oKQAvKCkAMEgBJf0gMUgBxTQySAHFNDNIAcU0NEgBxTQ1SAHFNDZIAd
34=0rNygpADgoKQA5SAHVLjpIAZcjBQA7SAHdCjwoKQA9SAHZXj5IAY2fBk61EwCRuQZNtRP5
35=XkFABMU0QigpAEMoKQBESAGJpgZZLBShMAdFNBRAjlgqZTQUpT8JRzQUAEhSAgAKRDSqAQ
36=EKV2UUAEm2AiUAqAFVAiZIAc0FJ8gBVQIoSQFHrQUpyAFVAipJAUW1AivIAQEBBgAsSAHd
37=Ni1IAdE1LigpAC8oKQAwKCkAMSgpADJIAd02M0gB3TY0SAHdNjVIAd0rNigpADcoKQA4KC
38=kAOSgpADpJASl8FWU0FL9XBgA8VAKRCQZMlCdVAD4oVQA/SAGIQ2Y0FADdNkFUAieGBhQA
39=yQFDVAIjTyAGAERJATt3DQYARcoBAQJRDhWlNAddNhWlNAhdNhVnBQAACURr1AJ8NtQCfD
40=YnKgAkACcpACVIAYl6ClacFQCbdAoAJ1QCyQEoKCkAKSgpACpIAY+qCgArSAFqOAQKXTYV
41=QxUAAAUiFyQVANdviQYALkAEyTgvKCkAMCgpADEoKQAyKCkAMygpADRIAck4NUgBnxwGAD
42=ZIASPHJAYAN0gBI7soBgA4SAGL8wYAOUgBzQU6SAEjgSwGRWsVJLFIB1w2xR4HXzYVAIlz
43=BQcAPk0Fi6kBP0gBgEZ9NhVUYFgCbcsV6ThCQAQn3gYVANlpRFQCfjYCAlkhFa/3AgBGVA
44=KNUgJNNhZYOFEJCFgAJysAHwAWoDt1ORZUA0gAdTkWXAWJASJABEEBAJRwwAR0cCcpACVA
45=BCMIM3U5FqRKdDknKQAoQASdFQpcfSdVACpUAohOdzkWAEFsDHQ5qAFBci1ABCc1BxYmzT
46=AvVALBOzAoKQAxKCkAMigpADMoKQA0SAHJ6DVIAXANRbg2SAEj1CZ1ORak2XY5FgCQo3Q5
47=2xwGADpMBSc2BxYAhB52ORYAlBh1ORZUYEQLdDndKwddpBapOAddpBZcXUAEdDnUAiKnIB
48=YAjlACWRFDSQw/qQFEyQEBdTkWtFp0Od8gAgBHQAQj8C8CAgAcABfpOB1IAZG5CU08F0wA
49=VQkJRHYnKQAgQASUhm08FyiMB8AEZHYnKQAkTAWBiApZCxe0T208FyiMBycpAChMBSeMBy
50=dVACpUApQjbTwXjTwCbDypAQNldhesG2V2FyiMBycpADBECNk9MSgpADIoKQAzSAGfIAYA
51=NEgBXB1p8zUoKQA2SAEnjgcXACOEJ208F6BybjwXAJiKbDzIImR2xB5tPBewbGw8wARvPB
52=cAk3kNCE08F0wsTAFsPNUCB1Qd1AJvPBcAklwDjTwXXwUAAAJkrakBA2w83CBsPNAfbDwn
53=KQBIVBiUkQICABsAGFwxVQkIRT8YqU4JRDnUAmQ/1QIKVRIYsUAKTLXBBApIBsEEC0hTwQ
54=QLTewYWAFdCgtN7BikVWQ/1AJlPxjxQCdMENk9KCgpACkoKQAqSAEn5wcYAENYCkGILFQC
55=aAGVexgmpSsuVALNPC8oKQAwKCkAMSgpADIoKQAzSAHJejRIAdWyNUgB1bI2SAEjRCp1ex
56=go5QcYsHdlPxiwd2U/GFQeVBRlPxhQJYkBPEUIKEQBXTY9SQEkaAFkP8AEdXsYXCZYAmU/
57=GEjYSAF0e9QCZT8YSMKVAkNFCDlEAUl6REgBI8Q6ZT8YuF5kPycpAEdABIsiAgBISAGDXA
58=IASUgBmBwCAgAaABnxQBtIAc1+HEgBI6gmfUEZXDxZDQpAQMwFfEHVAgtJHBlEA0EEC1wE
59=wAR9QRlIAkkADF0aGbBAfUEZ6UMlSAyU03xB1AJ1vRmzKgoAKEAEyUMpKCkAKigpACtIAZ
60=xtZYEZiENZ+C1UAmhDWfguSAHBvy9IAZ8gBgAwKCkAMSgpADJIAZcjBgAzSAGUI2WBGfG5
61=NVQC0UA2KCkAN0gBJyUQGbRafUEZJk0rOkAEIzAifUEZ/YM8VALNwD1IAZh/fUEZ5T8/VA
62=IjfGht9xlIKEQpfEHQKn1BGZxBVfRDTAXRQERIAZgcfUEZKDwIJykARyiBAEhIAYQefkEZ
63=AIubAgBKVAKBGgJBARrpQxpcRMlDG0gByUMcSAGVAgpUhswFdUQaQEFdFQtUhtQCdUQaSA
64=JJAAxQAycpACJFCKwioCV3RBoAqqkBJFQCI+00C18PGgCydQILSUgaQApECHVEGqgtdUQa
65=9cgpWAbBRiooKQArSAHBiCxJAURACEGILcgBQYguSAElvS4vSAGYJ3VEGrsnBgAxKFUAMk
66=gBjCZ1RBokHDt1RBoolAgnKQA2TAXBRjcoKQA4SAHZijlIASWxJzpJAYxkE3VEGu2JPFQC
67=iIUiZS4aQG1HBAYAPlUCI0QBTYk/SAElxXFASAEi1CZVAkHIAV2DQkgBagUAAlljGqfkAg
68=BEVAKYHHRE2Bx0hicpAEcogQBISAGEHnVEGiiUCNscAgBLQASBGgJRihtAQV0NCE1HG1w8
69=SQEJWQMbWDiJARtMzsFGHEgBmEhsR80FC1yIzAVtRxtMBkkADEAfJykAIVkGrH1BDF+IGw
70=CpqQEjVAJHBQAADE2vG0RFUAFtRxtQBIkBJkAE0Y0nSAElMSIoSQGMXANdQSlIASftCBvl
71=SisoVQAsSAHRjS1IAXhIUY0uyAFRjS9IAdGNMEgBnCttRxv5SDJUAtnMM0gBfA5RNTRIAY
72=tvBgA1SAHBRjYoKQA3KCkAOCgpADlIASVpKTpIASVNNjtJAYpgCyJUN8wmbUcbJokiPkAE
73=lBgi3T0bJrV6QFQCbEdNiUFIASNHNQIAQkgBjAVtRxso7AjAGmxHJykARkwFhB4irSEbJL
74=hJZs4bAIQebUcbKO0IG7RlbEcnKQBMRAiTHwIAFyE4IpVECEVKHKxHZUocsEtlShyxSwpQ
75=BsEEClAG1QILXATUAmVKHGAiaUMfSASMAWRKJ1UAIVUCsblIIkgBgL92kRwAjHNkSietAC
76=VABMCTBSYAHACyAQAAEQAAExAAIAYACwAnABwAHwBAAAQKACgAHACQRAEBAAoAKUkBiKkB
77=KkkBg6kBKygpACxJAYq1Ai1IAQWDAQAAAQoALsgBAQIGAC9JAdtUAgEABgAwSQHTqQExSQ
78=HVqQEySQH3qQEzSQHvqQE0SQHtqQE1KCkANigpADdJAfKhBDhJAfSpATlJASd7EQUAOkkB
79=IKkBOygpADxJASi1Aj1IAZscBgA+SAGXGAYAP0kBQWMEBgBAyAEBAQIAQUkBjHcCAgBCSQ
80=GGqQFDSAGPGwIAREgBjxsCAEVKARYCRwQCAEZJAdFnEwIAR0gBmxwCAEhIAZscAgBJSAGb
81=HAIASigpAEsoKQBMKCkATSgoAAIWAB0AIUQMAQAIABdJASWpARhIAZcCCQAZSAGXAgkAGk
82=kBHWMECgAbSAGBBAtKCR0AgQQLTAKYAwIAAAwAHlABaAVJAR9IAZ8VDAAgSAGdFQxSDh0A
83=yQEiVAKLFwwAIygpACRJAfFlHgxbCx0AJnUJC1sAHQAiqQEnQAQnnAnAD3xMJykAKkAEmz
84=IKACtIAZsyCgAsSAFwSwEECQAtygEFCV5MHQB1AgZ8TKkBB3xM0wkGADFMBXwOVU8ySQH2
85=ZxMGADNIAYsXBgA0KCkANSgpADZJAfCtBTdIAcVKOEgBxUo5SQEjYAt9TB1QZ08BBAA7VA
86=KTSwQAPEkBgWcIBQA9ygEBBVxMAR0A//9MBX1MHVZKAABJZEBBBEFRAgN+TB0AJ5wJQBpU
87=AgEAAgBDQQSFqQFESQGHqQFFSAHVT0ZIAZhpfkwdAJgcfkwdAJgcfEwnKQBKTAXVAksoKQ
88=BMKCkATSgpAE4oKQAVUEOPRwgAFkgBjEd1Tx5MQl8RCQAY9AJ0T9UCClVPHkBBQAR0T9hL
89=dU8eSAJJAAxADCcpAB5ECMlOH0gBkBR1Tx60GHRPJykAIiiBACMoKQAkKCkAJUgBwVEmSA
90=GITnWcHlBRQA91nB6sUnZPHgCDDwoAKkwFmAZ0T8QTdU8enkwICVRPqgEJCFRPqgEKB1Sc
91=qQELdE/QCXVPHrdlBgAyXAqAGnRP1Bh0TycpADVABN2ZNkgB3Zk3SAGLFwUAOEgBg1EEAD
92=lIAYFRBFWcHlhvQBp3Tx4AJEUBAHdPHgCBVk8DBFRPqQEEdE+pAQV1Tx5IVFMFAgBAUQmN
93=RAFdTEFJAYOpAUIoKQBDKCkAREgBgHJ1nB6oWXScxB50T8AadE8nKQBJWAaQH3ScJ1UASy
94=hVAEwoKQBNKCkATigpAE8oKgAUAHBDVxQIABVIAcFRFkgBmVMJRaIfqE5tUh+5UwpEotQC
95=bFKJKgBV3htYBpCFbFLUAm1SH7xBZaIf9U8fTAWUGG5SHwCQNWxSJykAIkAE1QIjKCkAJE
96=gB2QYlSAGZigxRUB9MAFQYbVIfoVELRO9wDFQCb1IfAPpIOFHwKlgGhAhuUh8A2VMsVAKE
97=FmxS2AZsUsgBbFLIAW1SH7CCbFLAGmxSJykAM1AJiAxuUh8AkxQGADVUAlERAFWnNkgBl0
98=8FADdIAc2fOEgBjBBtUh+5oANNUh9MxkEHA0SiJykAPEwFblIGA01SH5pTBwJEoqoBCAJG
99=7x8AwVFATAXBUUEoKQBCKCkAQ0gB0fBESAGMqm1SHyhMCsQebFLYHGxSJykASVgGhB5sUi
100=dVAEsoVQBMKCkATSgpAE4oKQBPKCkAUCgpABNIH4dKCAAUSAFXIAAACUVVIKFRCVWnIPlT
101=F0AEkVYKVKfUAmRVjHt5UxrhBAtM98AEZVUg+VMdQASUGGVVICilCiCoOGdVIACseEhnVS
102=AApKkBIlgGyQEjSQGmtQIkSAGITm33IOFcJlQCiU4MXTsgQB1IGmVVILxXZVUgvFd1pyC8
103=TGRVzBB0p9gGZFXIAWRVyAFkVcgBZVUguF5kVcwQZFUnKQAzWBGQbGZVIADdpDVUAlwSpF
104=XQCWVVIEwWXQIEVacg/aQ5TAWQVmRVwQQCRVUgXAJNBQJBoyCaUwkCRFWpAQplVSD5Uz9E
105=BdlTQEgBI4AsbvcgAMkBQihVAENIAcmmREgBmMxlVSCkw3Sn3DZkVScpAEhMBYA7bPcnVQ
106=BKKFUASygpAEwoKQBNKCkATigpAE8oKQBQKCkAUSgpABJRUylMHwEACAATSAEn/QohWK5Y
107=An1XIfFWFkAETQIAQZMXSAGMBXxXgFlxVhlUAoEEC1X/IUD8UAF8V8MEDAAcQAQjiCJlrS
108=HwViLIIIUeDE1MIaA7f1chAKu5UyFZBqKpASIoKQAjKCkAJEgB1VolSAHVWiZJAfy5BidI
109=AYQ/f1chALJ3AgsAKfQCfVchtE98V8wQf1chAIJsBXxXqQEBfFepAQJ8V6gBAQMGADBQCV
110=wdYVExKCkAMigpADMoKQA0KCkANSgpADZIAZAUfVchsGx9VyGwbGWtIUQkUAx8V8gBfVch
111=sIJ9VyGwxHxX1C59VyEkVDdmrSEAzVJAVQ3YbBt/VyEA0qkBQlQCzapDKCkAREgBnDZ8V9
112=w2fFcnKQBHQASIOGStJ1UASShVAEooKQBLKCkATCgpAE0oKQBOKCkATygpAFAoKQBRKCkA
113=UigpABFYJI9SBwASSAEnVAsj+DFxVhRUAlAnaQEVKCkAFigpABdIAYQIdFrbBgsAGVQCmA
114=Z1WiIkoCV1WiJQ9lwCdbIirEd1WiL0pyKMKYyUdFrQCXVaIihWCyIAJ1QLJykAI1QN1QIk
115=KCkAJSgpACZIAcFcJ0gBJZ01KEgBkAx0WiI4IkQTd1oiAJFEAUV2K0AEI/gwdVoilFojRD
116=WoASNENagBI0Q1qAEjRDWUCrRaJykAMlAJeQoAIkwraHJQAXSyImwuiQE1QASXBQYANkgB
117=kBR0Wr0KACJMK6kBAXRaqQECdFqpAQN0WtAqdVoiqIV1WiLhXD5cCsVVP0gByVlASAElCT
118=5BSAElCT5CSAHdr0NIASMcOyLkPiddAUVUAt1XRigpAEcoKQBIKCkASSgpAEooKQBLKCkA
119=TCgpAE0oKQBOKCkATygpAFAoKQBRKCkAUigpAFMoKQAQXNibUwYAEegBbV0jQJlULme4Iw
120=BVRAFZPRRABGQBSQEVKCkAFigpABdIAZAJb10jALB4f21dIySkIG5dIwCcTG1dI/leHFgG
121=I5AiIvRAIgQhUQwLTMUnKQAfQAQjJTwLU8wjAK98CiIFIiMorAsnKQAjTAUnrAsnVQAlKF
122=UAJigpACdIAZkRDFhuIpAtgQ8pVAKQS2xdaGdUAme4IwCQRAFRHyxBBIupAS1IAXC5AQkK
123=AC7JAQoi9EAjRCthXDBUAiMYKiIGIiMAlGUiBCIngQAzQASMJmxd1wIHADVUApi2bF3XAg
124=YAN1QCdQ0EbV0jnG0BBQUAOdQCAQYCADrJAQdsXdgGbV0jrIltXSP5Xj5MBSMkJma4IwAl
125=7T9AVAIl5UlBSAElGUBCSAHNtUNIAdVaRCgpAEUoKQBGKCkARygpAEgoKQBJKCkASigpAE
126=soKQBMKCkATSgpAE4oKQBPKCkAUCgpAFEoKQBSKCkAUygpAFQoKQAPTE+XLgUAEOgBZWAk
127=UAFEO2RgIvwqiQETTAJkYAEBCgAUSAFMArS9I3Q8aQEWKFUAF0gBnAJlYCRUSlQFIg0uJL
128=BWZ2AkAKd8V2dgJACqqQEcWAaMiWVgJCQsJ2VgJKGTC0T0xBNkYN0KC1jU3QoMQHrcCiL9
129=TCT8YnAG0WElSAzJASYoKQAnSQGlbBBkYCJsOVwVdb0kJjkjKkAEgFFmYCQAhKJ1vSSz+w
130=oALUEEQ1QGXWIuyQEBZGCUIKdgJACMYARnYCQAhqkBMkwFZAGUvXgUUAFkYNQuIrU4JFg1
131=lQI2KK0AN0gBg7QGADhIAXJhCQZFYCSRYQplYCQmXS07QQSFQQgAZ2AkAIepAT1UAiNYMi
132=INIySg62Rg1C4iBEMnKQBBTAXdukJIAdleQygpAEQoKQBFKCkARigpAEcoKQBIKCkASSgp
133=AEooKQBLKCkATCgpAE0oKQBOKCkATygpAFAoKQBRKCkAUigpAFMoKQBUKCkAVUgBI2M+Ag
134=AOITAuI+NDBAAPSAEnXAxoRlAmfWIlQK+JARJABI+1BgATSQFUUAJFPxRIAWQBSQEVKCkA
135=FigpABcoKQAYSAGQQ3xi3AoiFUUl9WUbQASQCSIVJCWkl31iJbA1fWIlJEAvfGKAFyKgMC
136=JAO5wKfGLdCgtcYt0KC1VJJbVwDEsfJQCnuV4lVA0nXAwnVQAnVQKpoQQoSAGEYH1iJSQE
137=OGTDaMpYFH9iJQDXbAV+YiUAI3ggfGLFEwpGwyUAaGQBBAoAL1AJaQEFIm0vJSheDCUAIw
138=Q4ZsMlAJNWBgAzTQWHRAxJZDRIAWQBSQE1KCkANkgB0WE3SQE4ZAR/YiUAPGkBAl1iJfFh
139=OkAEiAxkw9QNfGInKQA9QASUDX1iJSbhQz9UAsG/QEgBxWBBKCkAQigpAEMoKQBEKCkARS
140=gpAEYoKQBHKCkASCgpAEkoKQBKKCkASygpAEwoKQBNKCkATigpAE8oKQBQKCkAUSgpAFJI
141=ASPDPwIAUygpAFQoKQBVSAEjiy0CAFZIAZ8rAgANIeQ0I/1WBVRlIgRYQSwFVWUmSASJAR
142=BABEABYZ4RKCkAEigpABNIAXRllMgjeCFpxxVUApsGCgAWSAEjpyAKABdIAZBAdcgmvEF2
143=ZSYAhDR0ZWy4QAciHFwiSEWJARxYBiOaJAoAJaxkfGIiiFojrU0KVMgnrAAivEXMBSJUOC
144=XxOiJECM1oI0gBgX0LVWUmrXMLVx0mALFsXSLNUSawYSLMUdwKIiQ8InwlWBF1ZSZEDkgB
145=dWUm6ccrXAojMC12ZSYAyQEtVAIjtDh3ZSYARFQGTYkvVAJoAUHKMEgBI/gldcgmKLQMJy
146=kAM0AEgFx0yMAldcgmVGBUCSIcJagBAQECADdMBXRlSQE4SAGULnRl0Al1yCYm8UU7QAQl
147=HUY8KCkAPUkBilgKTcs+SAGM93XIJiZ1JUBUAie0DCdVAEIoVQBDKCkARCgpAEUoKQBGKC
148=kARygpAEgoKQBJKCkASigpAEsoKQBMKCkATSgpAE4oKQBPKCkAUCgpAFFIAcXDUkkB2Hg9
149=d2UmANCpAVRUAskBVUgBnDZ1ZSb1hldUAsBnIphPgaEFTGiYUGlkDqRHaQEPSAGLDAYAEE
150=gBnAplzickgyEGABJUAmQtTZ8TSQFTbAEiJCbTCQoAFVQCiDhtaCeoQ2xoJykAGEAEiENt
151=aCckBCJtaCckiENtaCckoyUKABxMBYRgbWgnt94KAB5UAiM4LWxoJ+ABIrRPzQUhQATZaS
152=JJAbBgJWXOJyaFJyRUAowFbGjcCiIkcyIIMkQabmgnANkGKE0FqqUIKUgBkM9taCf5zCtU
153=AsFnLCgpAC1IAdHPLkgBVApljC9IAWxoUc8wyAFRzzFIASVRJjJIAZQjZM7MJm9oJwCKaA
154=htaCeMaAECAgA2TAWILW1oJ6OTAgA4VAIJgwAAAAACADkAJwCKEQAAtw8AIAkAAAAAAgA6
155=ACcA2AGIAQI7ACcA0KkBPEkB0qkBPUoB//+BBD5JAfa1Aj9JAe2pAUAoKQBBKCkAQigpAE
156=MoKQBEKCkARSgpAEYoKQBHKCkASCgpAEkoKQBKKCkASygpAEwoKQBNKCkATigpAE9JAfK9
157=FVAoKQBRSQH0tQJSSQHXqQFTSgEWAoUeVCgpAFUoKQBWSAHVI1dIAdUjWCgoAAILACgAHU
158=AIAQAFAAxIAWQBAQAGAA0oKQAOSAGXLgYAD0gBlw0GABAoKQARSQHRexEGABJIAcUIE0kB
159=U0wBAQEKABRJAY1IAQEACgAVSQGDqQEWKCkAFygpABgoKQAZSQGGrQUaSQH6awwKABtIAZ
160=c5CgAcSQHvtQIdKCkAHigpAB9JAfGhBCBIAWwJTRAhSQEkbwEKACJJASCpASNJASipASRJ
161=AbB7BgsAJUkBqKkBJkkBqqkBJ0kBJ60FKEgBxQgpSQEjtQIqSAGHNAoAK0gBjyYKACwoKQ
162=AtKCkALkgBhzQKAC9JAUGlCDDIAQEBBgAxSQGMdwIGADJIAZsnBgAzSAGXIwYANEgBmwYG
163=ADXIAQEBAgA2SAGbBgIAN0gBmwYCADhIAZsGAgA5SAGDOwIAOkgBkxQCADsoKQA8SQHVZx
164=4CAD1IAc1HPkgBJ2YNKACPMQIAQFQCyQFBKCkAQigpAEMoKQBEKCkARSgpAEYoKQBHKCkA
165=SCgpAEkoKQBKKCkASygpAEwoKQBNKCkATkgBwWdPSAHVGFBIAdEfUUgBzYlSSAHdIFMoKQ
166=BUSQHTvSBVKCkAVkgB1SNXSAHdClgoKQBZSAFkYFtpCgApYTgAUWwLSAEnvA3UAn1tKaub
167=BgAOQASMEH5tKQDJARAoVQARKCkAEkgBj0cGABNJATFwDH9tKQCQqQEVVQKIqQEWSAGTQA
168=oAFygpABgoKQAZKCkAGkkBh7kGG0gByW8cSAGNPApFhimnPwoAHlQCm5UKAB9IAYstCgAg
169=SAFgCJ5tKQDZfyJUAt0KI0gB1XAkSAHNaCUoKQAmKCkAJ0gBxWsoSAGcNmkqKa/ACgAqVA
170=KAJXxtzCZ8bScpAC0ogQAuSAGdNgpfbSkAQVQUAQIKADBUAmkBA35tKQCAZ35tKQCMJn9t
171=KQCKTAVVOTTNBQJ8baUIA3xt1C58bdgGfm0pACe+DSkAkIJ8bcQTfm0pAJsRAgA8XQr3vU
172=w9SAGLmwIAPkgBly4CAD8oKQBAKCkAQSgpAEIoKQBDKCkARCgpAEUoKQBGKCkARygpAEgo
173=KQBJKCkASigpAEsoKQBMKCkATUgBhz8CAE5IAZs9AgBPSAGbPQIAUEkB260bUUgBkzUCAF
174=IoKQBTSAGXyAIAVEgB2WlVKCkAVigpAFcoKQBYKCkAWUgBfG1JplpIAWw1UTUJUEOJAQVJ
175=USqEAZZwKgCUT3TedLVBAwVV3iqkNHVwKulvD0QInBV03idVABEoVQASSAGIF3VwKl61AA
176=BJQxRUAmFyA3feKgAzRAxFEBZUAs1zF0gBzXMYSAGfTAoAGSgpABpIAYhOdN7IF3beKgDB
177=ch1ABJQudHAngQAfVAJwDVUNIEgBjzEKACFIAckMIigpACNIAYU0ClkhKqmQClXeKuVrJk
178=AEk6MKACcoKQAoSAGIInRwyCJ0cCcpACsogQAsKCkALUgBj10KAC5IAdEUL0kBPG0BBlVw
179=KqiFdXAq6W8yQASMaHVwKlDVUAV03qoBAQJW3ioAwUY2TAXJATdIAZx4dXAqKBYOKgDBUT
180=pABJgRdnAqAMlvPFQC3W09KCkAPigpAD8oKQBAKCkAQSgpAEIoKQBDKCkARCgpAEUoKQBG
181=KCkARygpAEgoKQBJKCkASigpAEsoKQBMSQHwpWtNSAGYPXRw2Cd0cCcpAFBABJs9AgBRSA
182=HVkVJIAZc5AgBTSAGIWXRwJ1EFVVQC0SpWKCkAVygpAFgoKQBZSQFQQDSVcCpYTk8BBgBb
183=VQIeRAFDcggAK2ABbeEJKCgAYLeLFwUAC1QCkBRtcytIzVgFbXMrKG0OKyhsDicpABBYBp
184=cYBgARKCkAEigpABNIAdHlFEgBbHMBBQYAFUgBbHNFdhbIAUV2F0kBNFwOTWgYSAHFdhlI
185=AcFyGkkBgFQuAQEJABvIAQECCQAcSAGF2QlZFitQ4EkICUfkKwCBTgUACUTkqAFZBiBMBd
186=0KIUgBxYEiSAHZdCNIAZhebHPQH2xzxx4KACZABIQebHMnVQAoKFUAKUgBI+AibnMrAMkB
187=KyhVACxIAYdgCgAtSQE6WBVFHi7IAUk4L0gBmDJtcyvhcjFUApAUZeQr+eIzVAJkCAECAg
188=A0SAHZaTVIAcXZNkgBIzguZeQrJIgibHPECCJFKiv9eDpMBclOO0gBJcEpPEgBJ20OKyQE
189=ImTkJykAPyiBAEAoKQBBKCkAQigpAEMoKQBEKCkARSgpAEYoKQBHKCkASCgpAEkoKQBKKC
190=kASygpAExIASdtDiskVCFsc8QpbHMnKQBQTAWYPW1zK+2UUlQCnDZtcysmpSBUVALVI1Uo
191=KQBWSQFLazgGAFfIAUk4WEgBYHJBXFnIAQEDBgBaSQElrQVbSQGRawEHAFxJAYurAQcALG
192=ABeXQIKCkACUgBnEF16Sy8QWV2LLirZXYsSF9EB2V2LLQYdeksKMQOJykAEFAJnFdkdidV
193=ABIoVQATKCkAFEgBnNBmdiwA3XgWVQIzcw0GABdIAWR2WRwYyAFdeBlIAXh0SQEayQEEZn
194=YsAHYCBQhFdiy5dAhYFicpAB5MBWZ2AwhFdiyQd1kGINUCBXXpLOX6IlQC3XgjSAHdgyRI
195=AZirZHbMG2R2JykAJ0AEgzsKAChIAdVwKUkBNkAaVXAqyQEBaaMsTNxYAiJMK6gBVQItQA
196=SdbQZV6Sz95i9UAs1zMEgBmIp16Sz5dDJVAqtOCQACRRgs9d40VALFazUoKQA2KCkAN0gB
197=0Xc4SAHVTzkoKQA6SAHNfjtIAdEJPCgpAD0oKQA+KCkAPygpAEAoKQBBKCkAQigpAEMoKQ
198=BEKCkARSgpAEYoKQBHKCkASCgpAEkoKQBKKCkASygpAExIASNLJQIATUgBgDtkdsxdZHYn
199=KQBQQAQnxQ4s5ZdSVALVI1MoKQBUKCkAVSgpAFZIAWR2UVZXSAEjXzgGAFhIAWA0AQAHAF
200=lJASFtAQdFdixEyU0BB1TpJykAXEAEg+sHAF1JASJcA1kGBli5ZgEABVEBLYQBSQEIVALR
201=dwlIAZREfXgtKB0PLSgdDy1AYkQHfHjECH14LfHwD0QI0XcQKCkAESgpABIoKQATKCkAFC
202=gpABUoKQAWSAHVexdIAdV7GEgBaHpV9BlJAYBI6AEGBgAaygEHBkXvLZ54CAddeC29eAdY
203=FicpAB5MBX54BgddeC2ceFkGINQCAQgGACFIAWCIQTAiyAFJhSNIAWAPVXAkSAEjuCh9eC
204=3p6CZUAsV2J0kBO1wkTQUoyAFRrilIAXx4XQoqyAFRritJATVMBVUCLMgBVQItSAFSAgAA
205=fXgtu+IGAC9UAoyJZ+8tAJ1kBHx4qAEBAQIAMkAEfHhJATNJAVxgBGTvSCKpATVVAoBIAU
206=EENkgBwXI3KCkAOEgByfM5KCkAOkgBzQU7KCkAPCgpAD0oKQA+KCkAPygpAEAoKQBBKCkA
207=QigpAEMoKQBEKCkARSgpAEYoKQBHKCkASCgpAEkoKQBKKCkAS0gB2e1MSAHVcE0oKQBOSA
208=ElSTBPSAGEYCJsOtheZe8tKBwPJykAU0wF0QlUKCkAVSgpAFZIAWzsRT9XSAEnHw8tAI9A
209=ME1wWfQCfXgtrbUIX3gtAIlhBAhG7y0Ahe8IXXgtVFVbAgcAXlkGJkQBSUMFULxmAQAFUQ
210=EuhAFJAQdUAsl6CEgBgxoFAAkoKAAipDXVAgtUApiVd/QuACRsCHR7IgBSTwEFAA5ABIxd
211=IuVJLqxdIs07Lu33EUAEzX4SKCkAEygpABQoKQAVKCkAFigpABcoKQAYSAHNfhlIAc1+Gk
212=kBgEF9CnV7LpZ7CwZVey61ewZUeycpAB5MBXZ7CQZdJS6Ue1kGIFQCiCJ2ey4AIycxBgAi
213=VAJgfU2JI0gBdHtVcCTIAU1+JUgBbHNdeCbIAU3sJ0gBdHtNBShIAd0KKUkBhUgmRTEqSA
214=HJDCtIAXACVQIsSQE+IlheYrEuAGgBSUMuVQJBtQIvyAFVAjBIAXR7AQICADHJAQN2ey4A
215=dHtVAjNUAnR7XXg0SAFoelUCNcgBTQU2SAHFdjcoKQA4KCkAOSgpADooKQA7KCkAPCgpAD
216=0oKQA+KCkAPygpAEAoKQBBKCkAQigpAEMoKQBEKCkARSgpAEYoKQBHKCkASCgpAEkoKQBK
217=KCkASygpAExIASUxIk1IAc1zTkgBwfZPSAGYXnV7LrDadXsuKHQPJykAU0wFcPBdNlTIAV
218=kyVUgBaHpFP1bIAU21V0gBJ3cPLgCSfD119C5cUkwBdHvUAnd7LgAnUAJZf1xYBiNcOHf0
219=LgAjtQJeVAIl4S1fSAGbSAcABEi/gxoFAAUoKABgwnQGTQIHVAKTmAUACEgBmBxtfi/5+A
220=ooVQALKCkADEgBiAxtfi/5fw5UAocTBQAPSQEobwwFABBIASP0KiJlLi/5fxJUAtl/Eygp
221=ABQoKQAVKCkAFigpABcoKQAYKCkAGSgpABpIAcWBG0gBxYEcSAEjPClufi8Ag9UGAB5UAo
222=Q/bX4vdBV95iBUAogibH7cIG5+LwDZdCNABJEfBkIfLwB4f0WBJVQCbH5NPCbIAU08J0gB
223=wX0oSAGfKwYAKSgpACpIAcnzK0kBn3cQAgAsSAFgfU1zLcgBTXMuSAFsflUCL8gBVQIwSg
224=FCAVwGbn4vAMkBMihVADNJATtABFkGNEkBdEkFACKeSy8AaAFFgTZUAifNDy8mJTw4KFUA
225=OSgpADooKQA7KCkAPCgpAD0oKQA+KCkAPygpAEAoKQBBKCkAQigpAEMoKQBEKCkARSgpAE
226=YoKQBHKCkASCgpAElIASMbYQIASigpAEtIAdkcTCgpAE1IAZBAImUuL+l6T1QC2X9QSAGE
227=NGx+J4EAUlQChGsiLj0vAGx+RT9UVALZPVVIAcFGVkgBwUZXSAGQ5SJkLiKIblMxBgBZ9A
228=Jtfi+00yJlLi/1e1xABJl/BkT6wQQGRPonBQFfQASfFQcAYEgBlw0HAAMhEFRBDABBfQRI
229=AZwVZYEwkAJUAiI8KJwVIm0vMO1+CEwFhFVkgSdVAAooVQALKCkADEgBlCNlgTAkBDh2/z
230=AAkCplgTC8mWWBMCYRPxFYBiPEOiKddzAmeSATKFUAFEgB3YMVKCkAFigpABcoKQAYKCkA
231=GSgpABooKAAKGwAwANUBAAAABgAcABEAAB4QACANMAD2AQAAAAYAHQAwAO0BAGkBHkkB8K
232=kBH0gBTAJ1AiBJAZBvAQYAIUkBg6kBIigpACMoKQAkSQGFoQQlKCkAJigpACdIAcUIKCgp
233=AClJAYa5BipJAaWpASvIAQEBAgAsSQFCZxMCAC1JAT2pAS7IAUEEL0kBO1QCSQEwSAHNBT
234=FIAXQCAQACADLIAUEEM0kBPEwFAQICADRJAXd3DQIANcgBQQQ2SQGAtQI3yAFVAjhIAYMl
235=AgA5KCkAOigpADsoKQA8KCkAPSgpAD4oKQA/KCkAQCgpAEEoKQBCKCkAQygpAEQoKQBFSQ
236=HyVBhNG0YoKQBHKCkASEkB9KEESUoB//9HGgIASigpAEtJAfqhBExIAdEJTUgB2RxOSQHv
237=oQRPSQHxqQFQSAHRCVEoKQBSSQGHQARBJVPIAQECBgBUSAHNR1VIAcU/VigpAFdJAYdAE0
238=FRWEkBHakBWUkBkWsBBwBaSAGDBAcAW0kBJ3cCBgBcSQEjqQFdSQGPqQFeSQEkqQFfSQEo
239=qQFgSQGSawEHAGFJAR9pAQZVJjFgAQMAAAUAAwAnKQAEKCkABUkBjWkEBU4TMQCLFwUAB1
240=QCyQEIKCkACSgpAAooKQALSQGKpQgMSQH3VCNVDQ1IAZ8rBQAOSAGfbQUAD0gBixcFABBI
241=AYsXBQARSAFgCEUQEkgBhwgGABNIAY8xBgAUSQHXfwoGABVKARYCVwUGABYoKQAXKCkAGC
242=gpABkoKQAaSQHRpQgbSAHJDBxIAZAUfYMxKH4QMQCHSgYAH0AETA28g9gnfoMxANk9IkEE
243=iGcEBgAjKCkAJEgBmycGACUoKQAmKCkAJygpACgoKQApSAGHKQYAKkkBrH8KAgAryAFJTi
244=zIAUl6LUkBPUAaSQEuyAEBAwIAL0gBZIFJATBIASd/EDEAPkwFVUEyVAJoAVEJM0gBZAhV
245=AjRIAXyDUQk1yAFFCDZIAXyDVQI3yAFVAjhIAYwmfIPPJgIAOihVADsoKQA8KCkAPSgpAD
246=4oKQA/KCkAQCgpAEEoKQBCKCkAQygpAERIAYc0AgBFSQHYrRtGSQHSqQFHSAHRd0goKQBJ
247=SAGMXX6DMQCHuAIAS1QCi28CAExIAdkGTUgBi8cCAE5IAcUeT0gBwQ9QSAFgNFknUUgBcI
248=IBBAIAUsgBAQUCAFPKAQYFXoMxAGAEAQcFAFVUAs1HVkgB1URXSAHFw1hIAYtkBgBZSAGJ
249=ZAZegzEA1XtbVALVe1xIAYMaBgBdSAHRCV5IAYMaBgBfSAHRCWBJASBhFgZdgzFUVU8BBg
250=BiVQL5byYGAAFQx0wCaIV8yMkBAyhVAARIAZUNBV17MumFBlQCgA90hidVAAgoVQAJKCkA
251=CkgBmxwFAAtIAZdwBQAMSAGfKwUADSgpAA4oKQAPSAGEgXWGMkj5TBN1hjJcAEsABgASQA
252=SIvHaGMgCQjXeGMgDbrRsVQQTTqQEWSAHBiBcoKQAYKCkAGUgBzQUaSQHVuQYbSAGfQQYA
253=HEgBnBV0hie1AR5UAlARaYUfKCkAICgpACFJASFnBAYAIkkBHqkBI0kBIqkBJEkBjKkBJU
254=gBkyoGACYoKQAnKCkAKEgByYUpSQE8eQYCVoYyAJAqd4YyAGS1AixABGgBTX4tSAHRgi4o
255=KQAvKCkAMEkBOkQeQX0xSQE+SAFZfzLIAVUCM0gBJ9YQMgBoAV0KNVQCJa0hNkkBeKEPN8
256=gBQQQ4SAFsiVVlOcgBVQI6SAGHKQIAOygpADwoKQA9KCkAPigpAD8oKQBAKCkAQSgpAEIo
257=KQBDSAHFdkRIAcmFRUgBk0ACAEZIAYfDAgBHSAHZf0hIAY9dAgBJSAGMMXSGwFx0hicpAE
258=xABJ9tAgBNSAGAUXWGMrfIAgBPVAKHPwIAUEkBHrUjUUkBh10rCHWGMp6DCQNUhqoBCgRU
259=hqkBC3SGJ60LVlgG1URXSAGbaQYAWEgBeApJ6FlIAc1+WkkBIHsCBgBbSAElKSFcSAHFCF
260=1IAY8bBgBeKCkAX0gBk6MGAGBIAYwbdIYnDQJiVALRYWNIAWQMQw8CADOEAVWDA0gBmycF
261=AARIAYgMdYYzKNQQJykAByiBAAgoKQAJKCkACkgBmBx1hjMkQC91hjOg9nSGJykADkwFhE
262=oirSEzpIF2hjMAiCJ2hjMAjaoFVIbcFXSG3Ap2hjMAIzQoIq4hMwCcjiKtITPtiRdIDN2D
263=GEgB3YMZSAGLbwYAGkgBxQgbSAGYEXSG0BR0hscTBgAeQASQJiKsISc5AiAoVQAhSQEdZA
264=R0hsEEB1a3MwDNwCRABMHKJUgBiC10ht8rBgAnVAKZJwZDHzMAQLEJKVQCaAFVcCpIAZQ5
265=d4YzAHtgBCIsMqgBQQQtQQRstQIuSQFuqQEvyAFBBDBJAT1IWUkBMckBAG3IM/2DM1QCfI
266=NVAjTIAU0FNUgBeAZVAjZIAXSGUY03yAFRjThJAYBUDVUCOcgBVQI6SAGRKgJUhtMqAgA8
267=KFUAPSgpAD4oKQA/KCkAQCgpAEEoKQBCSAHJhUNIAcmFREgByYVFKCkARkgBhD92hjMAJ9
268=UQMyRgKHSGwDB0hicpAEtYBoQ0Iq4hMwCYMnSGJwUBTkAEQR4ASSJPSQEdbAF2hjMAg4gD
269=AFFVAiV3AgMAUkgBlQIEVoYzAJQCdoYzAJgGdIbDRgYAVkwFzX5XSAGMEHWGMyQUJCKsIS
270=cpAFpABNl/WygpAFxIAdkGXSgpAF4oKQBfKCkAYCgpAGFIAcGIYkgBn0wGAGNIAXAYV4YD
271=ADSsJmmFNP2DBVQClA0iWDInVQAHKFUACCgpAAkoKQAKSAGQKmmFNCipEDQoqBAnKQAOTA
272=WYSGiFJ1UAEFQCjH5phTTlKRJUAtV7E0gBmAZohdgGaIUnKQAWQATZfxcoKQAYKCkAGUgB
273=xQgaKCkAG0gBI2w6aIUnMQEdVALNBR5IAYQTaYU0lCdZJyBUAowBIlkyNLScaoU0AMG/I0
274=AEwb8kSAHNBSVIAd1BJkgBiC1phTSsUmuFNABAUAUBAgYAKUAEaAFJbypIAYg4aYU0iIVN
275=cyxUAnSGQQQtSAFohVV7LkgBaIVBBC/IAUEEMEkBZ1wKAQACADHIAU0FMkkBPUCIQQQzSA
276=FohVkGNMgBVQI1SAEl4SI2SAHNBTdIAc0FOEgBIggzXQo5yAFdCjpIAWCIVQI7yAFVAjxI
277=AZMqAgA9KCkAPigpAD8oKQBAKCkAQUgBI2spAgBCSAHNfkNIASOXKQIAREgBhMMiWjI0AN
278=2DRlQCzQVHKCkASCgpAElIAYS4aoU0ACM7OQIAS1QCyQFMSQGKrSZNSAHRCU5JAYRMJkEa
279=T8gBTSZQSAGEgWmFNLWGBEmFNP2DU0AElIYiWDLUAmiFJ0UJVkAEmxEGAFdIAclDWCgpAF
280=koKQBaKCkAWygpAFwoKQBdKCkAXigpAF8oKQBgKCkAYUgBkHciWzI0APxMG0NcBAA1/YMF
281=SAGYEXGCNemFByhVAAgoKQAJKCkACkgBnApxgjUoURA1KFAQJykADkwFiENwgidVABBUAo
282=Q/cYI1KFAQ0Aki/CDMBXCCJykAFVgGkAki/CAnVQAXKFUAGEgBzX4ZKCkAGkgBn9AGABtI
283=AWA/XSAcSAEjaCki/CAnMQEeVALJDB9IAd2DIEgB2QYhKCkAIigpACMoKQAkKCkAJUgBxT
284=8mSAGILXGCNShTEDUAQWALcIKpAQEi1DHcIHCCxBMi/CAnKQAtUAmTFAIALkgBcYIEIq5C
285=NQBoAQEFAgAwVAJwgl1XMcgBTX4ySQE+UEBJDDNIAWx+XXg0yAFVAjVIASdSEDUAZIFVAj
286=dUAiIIM00FOEgBcIJdCjnIAV0KOkgBcIJVAjvIAVUCPEgB0RQ9KCkAPigpAD8oKQBAKCkA
287=QUgBiENygjUAI9MrAgBDVAKI6HKCNQCD4AIARVQC0XdGSAHNBUdIAcEESEgBwQRJKCkASi
288=gpAEsoKQBMKCkATUgBZIFVGE7IAV0rT8gBAQUDAFBIAY9+BABRSAGcg3GCNb+DBQBT9AJx
289=gjVkPCIdO1VUAowBIvwgJ1UAV1QCycdYSAHVRFkoKQBaKCkAWygpAFwoKQBdKCkAXigpAF
290=8oKQBgKCkAYUgBmKADBgAFADYAgA95fzYo+A8nKQAIQASbEQUACSgpAApIASf5DzYo+Q82
291=KPgPJykADkwFkEB4fydVABBUAoByeX82KPoPNgDBchNABJgGeH/YBiJMICcpABZABMF9F0
292=gBkwkGABhIAd0rGSgpABpIAYhDeX82Jn0mHFQClER4f9QYIvgwJ4kBH0AE3QogSAEjBVkF
293=XTs2JCMgBQAiVAIjTyAFACMoKQAkSAElPTQlSAHZESZIAcWBJ0gBkM8iTSA2mH8jTCCoAU
294=lOKkAEJ0wg2BF4fycpAC1ABJQjeH8nVQAvKFUAMEkBfGcPAgAxyAFdeDJIAXCCXXgzyAFV
295=AjRIAcF9NUgB0YI2yAFBBDdIAdGCOEgBZIFRFDlIAWyJTX46SQF1tQ07yAFZBjzIAUEEPU
296=gB3RU+KCkAPygpAEAoKQBBSAEn+Q82oNV4f8xSeH8nKQBFTAXRgkZIAYRVIvowNgCfKwIA
297=SFQCJ/sPNgBLcxQGAEpUAmoBAQZHAjYASbUCTFQCaAFVAk1IAXh/AQYGAE7IAQEHBQBPyg
298=EIBFl/NvX/UVQCh4EFAFJIAYSBeX82JNxIIiljNibNO1VABHANUc9WKCkAV0gByUNYSQGI
299=ZAQi+DDYHCKoUicpAFtABJgcIihjJ1UAXShVAF4oKQBfKCkAYEgBhXYGSQ83JEAkInVRN+
300=5+CAAnKQAJKCkACkgBmAZ9/DescyKdQDcooA8nKQAOTAWMPGF9NyidQDdEZkQaYX03rCYi
301=nUA3SAJIAHz83ApgfdAJYH3ECH38N6/ABgAXSAyYPWF9N6/ABgAZVAJICXmrGkgBxSkbSA
302=HBJRxIAZQYYH0ntQEeVALVex9IAdV7IEgBI2wvYn03AJUCBEF9N61+BEJ9NwCXewQAJE0F
303=gVTpWaglyAEBAQUAJkgBiE5//DcAO2gTYH2oAV1iKeAEfPzYEX78NwCcmWB93yACAC1MBZ
304=AqYH0nVQAvKFUAMEgBYH1RbDHIAU1zMkgBYH1VAjPIAVUCNEgBZHZZfzXIAVkRNkgBeH9V
305=AjfIAVUCOEgBxYE5yAFVAjpIAWB9UQk7yAFZ4jzJAQUi8C8nkQI+VALJFz8oKQBAKCkAQU
306=gBJ6EPNybBP0NUAojSYH3MUnz8JykARkAElzkCAEdIAYgtYH0nBQFJVAJ0e02qSkgBjHNj
307=fTcAHq0xTFQCJYFYTUgBJQ1wTkgBbX4KYn03AGoBCwVAfdkGBVz8J/0KUkwFJfE6U0gBmB
308=xgfSfRClVUAnANVW1WKCkAVygpAFgoKQBZSAHRVlpIAdl/W0gB3VdcKCkAXSgpAF4oKQBf
309=SAHbBgcAOKumBQAISAGECG33OOF9CihVAAtIAYDgaXo4+fgNVAKAGiKZcTjgfQcPADgA9A
310=EAAAAFEQAAeRAAIAoAEAA4AB0AAAAABQARSgGsAUsBBgASSQGmqQETSAFMAgIAAAYAFEkB
311=+rUCFUkB9KkBFkkBjGcEBgAXSQGIqQEYKCkAGUkBi7UCGkgBZAFRCRtJAZBvAQYAHEkBiq
312=kBHUgBZAFBBB5JASdvAQUAH0kBI6kBIEgBlwIEACFIAZcCBAAiSAGXAgMAI0kBLG8FAwAk
313=SQGBUBQBAwQAJcgBAQQFACbIAQEFBgAnSQE7TAUBAgIAKEoB//9uAQApSQGNRAEBAAIAKk
314=kBhakBK0kBh6kBLEgBnyACAC1JAe1IDE0FLigpAC8oKQAwKCkAMSgpADJJAWSxCTPIAQEB
315=AgA0SQE6sQk1yAFVAjZJAT61AjdJAUKpAThJAT1IAUkXOcgBAQMCADpIAWQIVQI7SQF1qQ
316=w8yAFRCT3IAUEEPkgByRc/KCkAQCgpAEEoKQBCSQHxVA1ZHENIAZs9AgBESQGDqQxFSAGH
317=PwIARkgBlzkCAEdIAdEqSCgpAElJAVV7BgYASkkBHakBS0kBk2sBBwBMSQEfawEGAE1IAZ
318=cNBgBOSAGPMQYAT0gBjzEGAFBIAWgFQUZRKCkAUkgBhzQGAFNJAfJrFwYAVEgBhx4GAFVI
319=AYMaBgBWSAHFCFcoKQBYKCkAWSgpAFooKQBbSAHdV1xIAZ8gBgBdKCkAXkkBhmALAwYACA
320=A5AJcYBQAJSAGPBQUACigpAAtIAY8FBQAMSAGLFwUADUgBixcFAA5IAZ9tBQAPSQEhfQoF
321=UXc5RFtMAXN3OQCvuRwSQQSiqQETSQGmqQEUSAFEBX14FUkBkW8BBgAWSAGQNXF3OUhqWw
322=IGABhVAh5EAVEqGUkBIqkBGkgBZAFVAhsoKQAcKCkAHSgpAB5IAYg4cXc5QG1DBwQAIFQC
323=xXYhSAHFdiJIAZQCc3c5ACRJBQBydzkAcncGA0gcqgEHAlB3qgEIAk4KOQDZdChECIlDAl
324=J3OQCcK3B3JykAK0AE1QIsSAGMR3N3OQD2dyMCAC5UAotDAgAvKCkAMCgpADEoKQAySQFm
325=cxQCADPIAUVrNMgBRWs1SAF0cEFyNkkBPkgMVQI3SAEn8w45AD1UAllpOVUCO6kBOsgBUQ
326=k7SAFwd0UIPMgBAQQCAD3IAQEFAgA+SAHdFT8oKQBAKCkAQSgpAEJJAfCpDENIAZBWcnc5
327=AIc/AgBFVALZdEYoKQBHKCkASCgpAElIAXF3AXB30zUGAEtVAiBpIgZRdzlMsE0BBlB32F
328=5wd8wxcHcnKQBQWAaPMQYAUUgBUAZ5U1IoKQBTKCkAVEgBnGJydzkAkB9zdzkA728bBgBX
329=QATJelhIAdEJWSgpAFooKQBbKCkAXEgBiCJydzkAkZgGWXQ6qAF5dDqnSgUAC0CsmEh6dD
330=oAiBd5dDqQDUnoDkAEzXMPSQElfAJ4dMEEBkzsJykAEkEEq6kXE0gBxXYUSAHFdhVIAWAI
331=XW0WSAGcCnl0OkBiXAJ7dDoAj0QBAQAHABlBBCZrAQYAGkkBHqkBG0gB0XccSAGPBQYAHU
332=gBfANdCh5IASeZDjpc7FwCeXQ6VGtJAQNBgjq1OQNM7NUCAkUCOkx5QQQCVXU6mnQJAlQS
333=qQEKeXQ67XMnSAyMJmzsxCl4dCcpACoogQArSAGDMAIALEgB2VMtSAGEP3l0OqQ/eHQnKQ
334=AwQASfQQIAMSgpADJIAXh0TWgzyAFNaDTIAU1oNUgBaG9dbTZIAcFyN0gBJ5oOOgB0AlF3
335=OVQCbAVJATrIAV0KO0kBPkg4VQI8SQF3RCJJej3IAV0KPkkBXLUCP0kBgKkBQMgBQQRBSA
336=HJF0JIAYu8AgBDSAHBckQoKQBFKCkARigpAEcoKQBIKCkASUkBUFQNmnQ6ANW9S1UCiVQC
337=RT9MSAGIpnh0zDF4dCcpAE9ABJw2bOwnVQBRVALZBlJIAYRgbOwnVQtUVAJkDEkMVUgBmK
338=t4dNA1enQ6AJeRBgBYQATNBVkoKQBaKCkAWygpAFwoKAABCgA7AIR2YXI77XMMVQKGdAlh
339=cjtAV0wBfeY7XFKJAQ9ABEABZYwQSAGIx2FyO7x4ItMrOwCvVDlJFxNABCdCDjsAyQEVVQ
340=KmoQQWSQEddAlhcjutXQdd5ju0hmNyOwCLYQQHQHIijClPAQcAG1gGnG0i0Ss7JEwgYHIn
341=DQIeQASceH/mOwAqVQYAYHLIAWFyO0RxWAJhcjukdmByyAxgcicpACVQCdlIJkgBjCZ85t
342=AUYHInKQApQATJbypIAclvK0kB2GQeY3I7ANCpAS1VAtKpAS5IAYw8YXI77XMwVALVWjEo
343=KQAyKCkAM0kBfFAYVWU0yAFRYTVJAWi1AjbIAVUCN0kBPVQNXW04SQE8SAFdbTlIAWByRQ
344=g6yAFNBTtIAWwFVQI8SQF3UAlNBT3IAUUIPkkBXFQCTQU/SQGASAFBBEDIAUEEQUgBYARF
345=CEJJAUtABF1BQ8gBWWlESQFHtQJFyAFVAkZJAUi1AkfIAVUCSEkBUFQCAQIGAEnIAQEDBg
346=BKSQGsVBhdCktIAcVKTEkBkEwFVQJNSQGIqQFOKCkAT0gBJ0AO2F585icpAFIogQBTSQGH
347=pQhUSAFkAV0KVUgBkDVgctA1YHInKQBYQATV6VlIAdXpWkgBxQhbKCsACwA89XAMSQGKZA
348=RrbzwAHakBDlQCZAFBDw9JAY1vAQYAEEgB1RgRSQGGtQISSAFkAU0FE0kBr7UjFEkBp6kB
349=FUkBpakBFkgBiAxrbzwAknwGaW88rH5rbzwAHrUCGkwFgOBpbzy0ZWhvyBdpbzwkFSQGSQ
350=Y8cAZ9gx9ZBoJ1DQVa3DwAaQEBIrw5qQECaG+oAUFGI0wFnAZrbzwA93gGbuE8AJgnbuE8
351=ANVwJ0wFyQEoSAHFaylIAcVrKigpACtKARYCRAtqbzwAyQEtVQLVqQwuSAGUOWlvPCjoDS
352=cpADFABNVwMigpADNJAXx4CiK+OTwAaAFVGDVUAmhvUWE2yAFVAjdIAXBsVWU4SAEiTCtd
353=YjlIAXQCTQU6yAFNBTtJAT1EE1UCPEkBPqkBPcgBQQQ+SAFwd0UIP8gBXQpASAFsBVUCQU
354=gBaG9VAkJIAWhvQWdDSAHNR0RJAYVIF1VERSgpAEZJAYe1AkdIAWQBQQRISAHRbElJAaRY
355=EVUCSkgB0blLKCkATEgBwQRNKCkATkkBprkGT0kBjGALbeE8pM5obycpAFJABNVaUygpAF
356=RIAcUTVUgBIwwjam88ACNUN2hvJykAWEAEkzUGAFlIAcXkWkgBfA5LFwwAPYUBAHJsPQAl
357=aSkO9wIGAA9IAdEUEEgB2RERKCkAEkgB2ScTSAHFExRIAYMLBgAVSQGxpR4WSQEdeAJwbM
358=APcWw9tHtzbD0Ak2EECF3bPaRrcmw9AJjXcWw9SGpEBHFsPazWc2w9AI9QAkEaH0gMZWsE
359=cWw9kmwFBUx4qgEGAkgGqQEHfds97WgkWAaEKXFsPfleJlQC3W0nSAEnkw09ANtgGiLBKT
360=3taCpABNlpKygpACxIAcVrLUgB3XguSAGYMnBsJ7UBMChVADEoKQAyKCkAMygpADQoKQA1
361=SAF8bU1dNsgBTV03SQFnayICADjIAVUCOUgBcGxJATpIAclvO0kBQqEaPEgB1QI9yAFNBT
362=5IAXBsVXA/yAFJb0BIAXBsVQJByAFVAkJJAVRjDwYAQ0gBzUdESAHNR0VIAd3QRkgBi7wG
363=AEdIAXQGSThISQGveBF/2z0Ap6kBSlQCyQFLKCkATEgByW9NKCkATkkBpbkGT0gBweBQSA
364=HNEFEoKQBSKCkAUygpAFQoKQBVSQGHaBNwbNBWcGwnKQBYQASMR3Bs1zkGAA0hND10BkEa
365=DkgB0Y0PSAHNEBAoKQARKCkAEigpABMoKQAUSQGFdAl6aT4A2REWVAInOg0+AIBnemk+AC
366=O0Q3lpPkjNXAYiuig+ACM4RHlpPiZpKRxFCIteAwAHRXA+vG15aT4mESkf4QQGQQk+mmkJ
367=BlhpqQEKeGnQCXhpxBNt1j7layVECJQjbdY+5WsnVAIjTCAiuSg+8dopVALFaypJAdNrOA
368=IAK0gBzWgsSAHNaC1IAc1oLigpAC8oKQAwKCkAMSgpADIoKQAzKCkANCgpADVIAXhpVVo2
369=yAFVWjdIAXhpVQI4yAFVAjlIAXhpSQE6SAFgZ0EEO8gBVQI8yAFVAj3IAVUCPkgBeAZFdj
370=/IAVFsQMgBVQJByAFVAkJIAXlpAXhpJ1kGRFQCwWdFSAElET9GSQEedDl5aT79pEgoVQBJ
371=KCkASigpAEtIASM7IwYATEgByW9NSAHFa04oKQBPSAHZ11BIAcVrUUgB1VpSKCkAUygpAF
372=QoKQBVSQGGsRRWSAFkAUlkVygpAFgoKwAOAD8kNCh90D/l5BBUAtUNESgpABIoKQATKCkA
373=FCgpABVIAcEPFkgBiGR/0D8AKHAQIuFDPyRIO2FnPyidNT95AwBJZBtZBo5zAQcAHEgBI6
374=BRfdA/pGtiZz8AgQQGSGkiBE1QBWBnqAFVOSFYBoSBYGfAGmJnPwCEE2FnPyjgDCcpACZY
375=BiVRJidIAdleKCgpAClIAdlpKigpACsoKQAsSAHZBi0oKQAuKCkALygpADAoKQAxKCkAMi
376=gpADMoKQA0KCkANSgpADYoKQA3SAElTWI4yAFdIDlIAXRlSQE6SQE+oX07yAFVAjxIAWhk
377=SQE9SAHV0z5IAXQCWWk/yAFZaUDIAVUCQcgBVQJCSAEilDSAZydZBkRUAtVlRUgBI78jBg
378=BGSAFINW08R0kBkW8BBwBISQGJqQFJSAHdpEpIAXACXUFLSAElXSJMSAHNaE1JAatjGgYA
379=TkgBzWhPKCkAUEkBpqEEUUgBzWhSSAHVWlMoKQBUKCkAVSgpAFZIAc3AV0gBmBFpZED7th
380=AAQPVlESgpABIoKQATKCkAFCgpABUoKQAWSAHFzhdIAdVlGEgBJUVWGSgpABpIAc1oG0gB
381=Je00HEgBJVVCHUgBmF5pZEAmaTQfVQI5TBddNiBIAYEEAkzLyBdoZCcpACNBBIZMBVGjJE
382=gBJY0zJUgBJclAJkgBJ4kMQPnMKFQC2V4pKCkAKigpACsoKQAsKCkALSgpAC4oKQAvKCkA
383=MCgpADEoKQAyKCkAMygpADQoKQA1KCkANigpADdJAXutGzjIAVleOUkBbLUCOkgBcM9RHz
384=vIAUEEPEgBcGFNXT1IAWxoRSk+yAFVAj9IASK4M1mrQMgBUWFBSAF8YgECBgBCyQEDbctA
385=JM87BgBEVAIlVSFFSQGPbRAHSWRASDNPAQcAR1UCHkQBRWBIKCkASSgpAEooKQBLSAGdYg
386=dNy0BUol8GBgBNVQKvpWBOSQGnqQFPSAHVZVAoKQBRSQGmoQRSSAHVZVNIAdVlVCgpAFUo
387=KQBWSAHH5BAAQSgwDCcpABIoVQATKCkAFCgpABUoKQAWKCkAF0kBhlAYUSoYSAFkAUkBGS
388=gpABpIAdVlG0gB1WUcSAEj+CV9xUHpLR5VAkFoCH3FQVABBQAAAQIAIABBvHhwYdwVcWFB
389=JBRQfcVBrGh/xUEA13QjIt8yQQDRqQEmRAglzSUnSAHFYCgoKQApKCkAKigpACsoKQAsKC
390=kALSgpAC4oKQAvKCkAMCgoAAQxAEEA7QEAEQAAUw8AIAgAAAIAMgBBAO0BAGgBATMAQQDJ
391=ATQoKQA1KCkANigpADdJAXt3BgIAOMgBAQMCADlJAWxUAgEBAgA6SQFnSAEBAgIAO8gBQQ
392=Q8SQE8VA1BBD3IAU0QPsgBVQI/SQFLewYGAEBJAY1KAQAGQwFBAIupAUJRASGpAUNJAR6p
393=AURJASWpAUVJAZJrAQcARkkBHakBR0gBZAEBAAgASEkBkW8BCABJSAGfCggASkgBcAJBBE
394=tJAR9vAQcATEkBJmsBBgBNSAHVDU5JASK1Ak9JAa9AGlEUUEkBoqkBUSgpAFJJAaa1AlNJ
395=AYy5BlRJAYOpAVVJAYqoAQIRAEIAiKkBEkgBwQQTKCkAFCgpABUoKQAWKCkAFygpABhJAY
396=WxCRlJAYepARpIAWQBXRUbKCkAHCgpAB1KAf//SwQGAB5JAUFEAQECBgAfyAFJOCBIAZcY
397=AgAhSQGGQARJOCJJAdh7HAIAI0kB0KkBJEoBFgJHBAIAJUkB0bUCJkgBiwwCACdJAfa1Ai
398=hIAdVPKSgpACooKQArKCkALCgpAC0oKQAuKCkALygpADAoKQAxKCkAMigpADMoKQA0KCkA
399=NSgpADYoKQA3KCkAOCgpADkoKQA6SQF8QB5JIjvIAQEBAgA8SAF4XlknPcgBXWI+yAFVAj
400=9JAVBZBgF7XkIAjkgBRTRBVALNXUJIAcFcQ0gBlwIHAERIAY9SBwBFKCkARkgBjwUHAEdI
401=AWwJVVpISQH3aC17XkIA8akBSlQCwQRLSAGMXXleQlQ/XQIHWl5CAI9dBwBO4wQGAE9IAZ
402=cCBgBQSAHFYFFJAad/CgYAUkkBqakBU0kBkEwJQRpUSAHMXQESAEMA1QITSAHNXRQoKQAV
403=KCkAFigpABcoKQAYKCkAGSgpABpIAdleGygpABxJAYetEB1IAZRPYVxDSDNZAgJCXEMAk4
404=0CACBABJgRYlxDAJ0VAk8gQwDXYBpiXEMA1VokTQXTtQIlSQHVqQEmSAGILWFcQ+2qKFQC
405=J4ALJ1UAKihVACsoKQAsKCkALSgpAC4oKQAvKCkAMCgpADFJAfKtEDIoKQAzKCkANEgBzR
406=A1KCkANigpADcoKQA4KCkAOSgpADpIAWBcXVc7yAFdVzxIAXi2TTw9yAFJWT5IAXRaQYg/
407=yQEDYlxDAIC0frpDAIG0BkFDQ1yJTTEHRQVDWIWJAURQAUEBAF1XRUkBj20BCF66QwCdKw
408=hDXEMA72QefLrQKmBcJykASlgGzV1LSAGNPAheukMAnUEIQVxDVD9AC2NcQwCTRgEAB0Jc
409=QwCQYWFcQ1Q/WwIGAFFECEEBAFkcUkgBjwUGAFNJAaxsEAIGABMARPVaFEgBm0gGABUoKQ
410=AWKCkAFygpABgoKQAZKCkAGigpABsoKQAcSAGNUgZIJ2CAQBJoWagBUY0fQASEa2lZRP1X
411=IVQCmF5rWUQA23wVallEANFWJEAEkCpttUSxKgJNIET9VydABM1HKCgpACkoKQAqKCkAKy
412=gpACwoKQAtKCkALigpAC8oKQAwSQH0pRMxSAHdFTIoKQAzKCkANEkB+q0FNUgB2V42KCkA
413=N0gB3RU4KCkAOSgpADooKQA7SAHBDzxIAWhZUVY9SAGDRgYAPkgB2Yo/SAGMR2lZRLBWaV
414=lEsFZpWURIM1gyaVlEXABJAAhSBkQAJdkhRVABiDhqWUQAgOBoWcgtaFknKQBJTAWUGCKL
415=IkQA8GceCABLVAKMPGpZRACQ8GlZREA2VA1pWUTluE9MBY21B0y1wARpWUT1WlJABFAGdV
416=oUXMicCnJWRQDdVxZUAskBFygpABgoKQAZKCkAGigpABtIAYcTBgAcSQE6bAxyVkUAaAFF
417=VR5UAiXRIB9IASXRICBJAdJ4HH6vRQDRQCJUAskBI0gBxVUkSAGUI3FWReVVJihVACcoKQ
418=AoKCkAKSgpACooKQArKCkALCgpAC0oKQAuKCkAL0gBwUYwSAHFEzFIAcEaMkgB1RgzSAGb
419=SAIANEgBj0cCADVIAdkGNigpADdIAdVaOEgB1Vo5SAHZHDpIAZBAIlwtJ3UEPFUCVb0rPU
420=kBjKkBPkgB3TY/SAHNMUBIAdGuQUgBjaoHXa9FKNEKRXwHca5EQASJLQhBAUWwgnBWyC1w
421=VicpAEhIBJAUfK8nVQBKKFUAS0gBybFMSAGQFHJWRQCHawgATlQClSMIXa9F9bJQVAKdEQ
422=dcr9QCeVNG5a0WQMLZHBcoKQAYKCkAGSgpABpIASWJLRtIAZRweVNGjFJR2h1UAsk4HkgB
423=3fwfKCkAIEgByaYhSAGUI22qRrQjbapG4VEkQASIInhTJ1UAJihVACcoKQAoKCkAKSgpAC
424=ooKQArKCkALCgpAC0oKQAuSAHJQy9IAdFLMEgBwRoxSAHBGjJIASU5LjNIAYwxeVNGrH55
425=U0a7MgIANkAEhzQCADdIAYQ0Itk3Ru1zOVQC0VY6SAHdYjtIAc0QPEgBeFMBAQYAPUgBlA
426=1sqtcNBgA/VALNMUBIASd5CkYkKCx5U0YoegpGAJBWbapG9adFWAaILXhTyC14UycpAEgo
427=gQBJKCkASigpAEtIAZgnbKrQS3hT0BR5U0blrU9MBSWJOFBIAdtTFgBH7VIXSAHdTBhIAd
428=lTGUgB1XAaSQE7fwYGABvIAUWiHEgB0TUdSAHRNR4oKQAfSAHVTyBIAdVPIUgBkB9hUUf1
429=TyMoVQAkKCkAJSgpACYoKQAnKCkAKCgpACkoKQAqKCkAKygpACwoKQAtKCkALigpAC9IAY
430=9+AgAwSAEl2SExSAEl2SwySAHBGjNIAYhDYVFHKCAKJykANkAEhClgUSdVADhUAs1SOUgB
431=yU46KCkAOygpADxJAVO1Lj1IAZQNYVFHoDthUUd4A23hQEAEJyEKRyTIKmFRRyghCke4U2
432=JRRwCEYH6kRwCYtmBRzDFgUScpAEhcCpA1fKQnVQBKKFUAS0gBJyAK2BFgUdBLYVFHJFgn
433=faRH/KQCFwBIAClzFwQAGEgB2fgZSAHFaxpIAWhOVZwbSAHdTBxIAd1MHSgpAB5IAdkyH0
434=gB3UwgSAGIF2nzSP1MIihVACMoKQAkKCkAJSgpACYoKQAnKCkAKCgpACkoKQAqKCkAKygp
435=ACwoKQAtKCkALigpAC9IAZgnaU5I7ZQxVALR8DJIAd2ZM0gBxUo0KCkANUgBkHdtn0gkSE
436=ZoTicpADhABJAqIshLJ4kBOlQC1U87KCkAPEgBaE6Nn0j9gz5UAoQIaU5IdDapTkiwSyI8
437=KdQCaE7UAiI8KcQIaU5IJExMaE7MBWlOSOFRR0gMwVFISAGcNmhO3DYiPCknKQBLKIEATE
438=gBJUU1TUgBkHdoTieLARgASbMqBgAZSQFAcxcGABrIAVGYG0gBJak8HEgBJ3IJSQDFzh5U
439=AsVKH0gBhBMisTJJ5UohKFUAIigpACMoKQAkKCkAJSgpACYoKQAnKCkAKCgpACkoKQAqKC
440=kAKygpACwoKQAtKCkALigpAC9IASdwCd8gAgAxVAKcbSI9VUnllzNUAidxCUmkjGDrJ9kA
441=NkAEwUY3KCkAOCgpADkoKQA6KCkAOygpADxIASKEPZNLSQCsItgsf5lJAKapAT9ABGE0AC
442=KzMkkAJGwBc0tJACipAUJABJQCc0tJACB0AiJgScAEImFJSWwCIjUoRkwFjAF8mSdVAEhU
443=As2fSUgByU5KKCkAS0gBjDxg68w8fplJACOlIAhaSEoAeUgCeEiqAQMCWeJKJsdFHABKJs
444=VFHUgBJxkJSqxdIvlGSu1HIEAElA1slCdVACIoVQAjKCkAJCgpACUoKQAmKCkAJygpACgo
445=KQApKCkAKigpACsoKQAsKCkALSgpAC4oKQAvKCkAMEgBkGx5SEqka3lISquFAgAzQAQnGw
446=lKAIZkMHhIJ60ANkAEJxoJSgAi8DpZPThUAmgBSUM5SAGbdwYAOsgBVQI7SAFsR1UuPMkB
447=AyJ/JkoAq61HPlUCpakBP0gBfA5dCkAoKQBBSAGMRyLNO0rlSkNUAowFeUhKqE55SErxS0
448=ZABJRPIn1SSiTYTSLNO0okwCltlEomdUZKTAWQCSLMO9g9eUhK7UcaXB3RHxtIASfdEUso
449=wQhLKN0RS/0rH0wFI9w9fY5L7UchVALNRyIoKQAjKCkAJCgpACUoKQAmKCkAJygpACgoKQ
450=ApKCkAKigpACsoKQAsSAGDZwIALSgpAC5IAdkRLygpADBIAcmQMUgB0R8yKCkAM0kBjHAm
451=Ih0lSyjACCfxAzZABNkGN0gBdERRQDhIASNfWQYAOUgBI1xZYUZLJCNBBgA7VAIjI0EGAD
452=xJAaypQz1IASXZYz4oKQA/SQGkoQRASQGmqQFBSAFgE1lIQkgBJXUlQ0gBlAJhRku8QWFG
453=S7BAIh1nS7jiYUZLvGJhRkuo82FGSyZAJNxfeZVL/QoITYlMJstLHABMKGkITChpCEwkSF
454=FtiUz9QSBMBcEwISgpACIoKQAjKCkAJCgpACUoKQAmKCkAJygpACgoKQApKCkAKkgB0UAr
455=SAGTowIALEgB0TUtKCkALkgBk64CAC9IAdkGMEgB3RUxSAHZijJIAcUIM0gBwdU0SAEjBC
456=JtiUz9YjZUAs0FN0kBVH8yBgA4SAHRNTlIASMdJQdPiUwAi2EEB0lDTCQYKmtDTACvuT09
457=TAUnaghMAMkBPyhVAEBIAcWMQUgBbAmJQ0y3hgYAQ1QCi4UGAERIAYgXaUNMuD1oQ8wFaU
458=NM5YxITAXF2UkoKQBKKCsAHABN/UEdSAElpSseSAHRgh9IAcUpICgpACEoKQAiKCkAIygp
459=ACRIAc0xJSgpACZIAdEJJygpAChIAc0FKUgB2T0qSAHBMCtIAYgtcUBNsKN9g02/YgIALk
460=AEzQUvKCkAMEgB1RgxSAHJhTJIAZwrYcpNhQEAfIMnKQA1QASYfyLRK02sfiLSK00AcEBd
461=xThABCcRCE0k5DNzQE0AJ3gJf4NNACOpATxMBWQBVTk9SAHdQT5JAaepQz9IAd1BQCgpAE
462=FIAcmFQkgBxQhDSAHZzERIAYM7BgBFSAHJQ0ZIAYwFcEDDGgcASChVAEkoKwAdAE7tXR5I
463=AcElH0gBxTQgKCkAISgpACIoKQAjSAHRNSRIASUZNSVIASW9TyZIAc1zJ0gBzQUoSAHNBS
464=lIASWxUypIAdkGK0gBgFx5PU4mESktVALV/y5JAYd8HGx+JxUDMFQC1Q0xSAHVDTJIAWgF
465=TTwzKCkANCgoAAE1AE4AEQAA/gmyFAodAAAAAAIANgBOAP//SwEDADdJAVNEAQEABgA4SA
466=GDBAYAOUkBkncCBwA6SQEfawEGADtIAWQBTQU8KCkAPSgpAD4oKQA/SgGvAVcFBgBASQGn
467=qQFBSQGiqQFCSQGkqQFDSQGmqQFESAFRBgBJDEVIAdkRRkgBlwIHAEdJASdvAQYASEkBIK
468=gBAh4ATwD6ZwgCAB9JAe2pASAoKQAhKCkAIkkB9KEEI0kB2KkBJEoBFgJXCQIAJSgpACZJ
469=AdChBCcoKQAoSAHNBSkoKQAqSQHRrQUrSAGfKwIALEkBkFgKAQACAC1JAYipAS5JAYqpAS
470=9JAYRYBgEBAgAwyAEBAgIAMUkBHqEEMigpADMoKQA0KCkANUkBJa0FNkgBgA9iO08AYTsB
471=YztPACRgBGI7TwDNJjpNBSO1AjtIAWQBVS48SQGNbwEGAD1JAYepAT5IAWQBQQQ/KCkAQC
472=gpAEFIAdk9QkgBzTxDKCkAREgBzTxFSAHZEUZIAdkRR0gB2xEfAFD1OSBJAfJUI1knIUgB
473=3TYiSAGbHAIAI0kB16EEJEgB2TIlKCkAJigpACdJAdOtBSgoKQApKCkAKkkB1aEEK0gByQ
474=wsKCkALSgpAC5IAXw2AQMCAC/JAQRqOFAAdgIFA0o4UACLOAMAMkAEyQEzKCkANEgBkyoD
475=ADVJASpvAQMANkgBgA9pOFBSAQAAiThQeAN9YjlMAsU0OkgBxTQ7SAGHBAYAPEkBjGwBaz
476=hQAIapAT5UAmQBijhQAMUIQFUChXsCBgBBSAHRCUJIAdU5Q0gB1TlEKCkARUgB0XdGSQGm
477=bCYCBgAgAFG7igIAISgpACIoKQAjSAEnsgZRACewBicpACZABM1oJ0gBnyACACgoKQApKC
478=kAKigpACsoKQAsKCkALUkBTq0bLkgBejIGBlE1UYY0BwVcbaoBCARRNVGxNQRQNScpADNY
479=BodrBAA0SQGGeRwFUjVRAGgBWTI2VAJiMwIGQalRRyEAAAN9bVF4DrI1UQDNMTpNBYN8Am
480=KpUQDVLjwoVQA9KCkAPkgBwQQ/SAHZBkAoKQBBSQGGsQlCSAFkAUE7Q0gB3TZESQGnfxUG
481=AEUoKwAhAFLlNCIoKQAjSQHbbQUCWoRSAMlkJVQCyQEmSAHdYidIASdYBicxASkoVQAqKC
482=kAKygpACwoKQAtSAFsJlknLkkBj2wXeTJSmTIKeDKqAQsFWTJSuTIFWDInKQAzWAaZaQVZ
483=MlKNMQJ5MlL1WjZABNknNygpADgoKQA5SAHRKjooKQA7KCkAPCgpAD0oKQA+KCkAPygpAE
484=AoKQBBKCkAQkgBzRBDKCkAREkBh6UeIlmzIWgBcZhTuBxgMCcpACVABJscAgAmKCkAJ0kB
485=IrkGKEgBzTEpSAHNXSpJAUdjBAYAK8gBSS0sSAF0LkVVLcgBRVUuSAHZUy9IAcUTMEgBYA
486=hFSjFJAfdpQwZDMFMA8akBM1QCwQQ0KCkANUgBid0GU5hTAIhkBH5iUwDJLThABMkBOSgp
487=ADooKQA7KCkAPCgpAD0oKQA+KCkAPygpAEAoKQBBKCkAQigpAENIAdsRIwBUfBJcdE1dVL
488=UuA0j+JykAJkAEkyoDACdIASPoI2mQVOFnKVQCZClRKipIAYg4aC3FCAZK/lQAhTQGSf5U
489=7VIuTAXRHy8oKQAwSAHVLjFIASMMI2otVAAjDyMGADNUAtUuNEgBjRcGSJDUGGgtJykAN0
490=AE1Tk4SAHVDTkoKQA6KCkAOygpADwoKQA9KCkAPigpAD8oKQBAKCkAQSgpAEJIASM5IwZR
491=KlWOFAAEUSpVvSsEX1dVAEt9AgZQKqgBWycoAFWIpk1SKcgBTVIqSAEl3ScrSAGdgwdSKl
492=UAjDFxKlXtqi5ABNkcLygpADAoKQAxSAHdKzJJAfb/V1UA8KkBNFQCYBNNXTUoKQA2KCkA
493=N0gB1Vo4SAHZSDlIAcEPOigpADsoKQA8KCkAPSgpAD4oKQA/KCkAQCgpAEFIAdy6ASUAVg
494=CdIAVZJ1aYJ0ElJ1UCkWEWBlviVgCLqQEpVALBUSpIAYzWb1JWAI5gBHknVij6BFYAwRou
495=TAXVGC8oKQAwKCkAMUgB2REySAHZUzNIAdlTNEgB2VM1SAFwDUUpNigpADcoKQA4KCkAOU
496=gBzRA6SAHRKjsoKQA8SAHFEz0oKQA+KCkAPygpAEAoKwAmAFeIEE0QJ0gBySIoSAGDqQYA
497=KUgB1SMqSAEjFSQHXaRXJJgkYSVXWC1QCH1MV/14LkwF3RUvSAHFEzAoKQAxKCkAMkgByU
498=4zSAHJTjRIAc0mNUgBzSY2SAFMDSKlIDcoKQA4KCkAOSgpADooKQA7KCkAPEgBxRM9SAHF
499=KT5IAdEUPygrACcAWKRKbUdYoZMHSSJYJDMiBwAqQASECGkiWKS4aSJYvUwHXZlY9SMuTA
500=XVnC9IAd2OMEgBwQ8xKCkAMkgB2UgzSAHZSDRIASNsL32ZWOGeNlUC761zNygpADhIAc0m
501=OUgBzSY6KCkAOygpADwoKQA9KCkAPkgBwyUoAFmkYHEfWeU/KlQCgEZxH1mkl3EfWbBAch
502=9ZANWRLkwF1ZEvSAEn8QNZ6d0xVALdIDIoKQAzSAHJQzRIAdUYNUgB1UQ2SAHVRDcoKQA4
503=KCkAOUgB1SM6KCkAO0gB1SM8SAHdCj0oKAABKQBaACU9PypIAZiKexxaAJNxBQhZq1q8g3
504=kcWvWGLkwFJ5kDWvGuMFQCzRsxKCkAMigpADMoKQA0SAHFHjVIASeZA1r5PTdUAsUeOCgp
505=ADkoKQA6KCkAOygpADxIAcceKgBbVM5YGGIaWwAjODl+NlsAIzg5YRpbKEEDW7gcIsEpWy
506=hBA1so3AYnKQAyXArZHDMoKQA0SAHJWTVIASdBA1soQAMnKQA4QATNGzkoKQA6KCkAOygr
507=ACsAXEgYSABqF1wAiLxqF1wAg+sHAC5ABCctBlwo6QJcKOgCJykAMkwFJ+gCJ1UANFQCJ+
508=kCXCSEPSL9IFwo6AInKQA4TAUn6AInVQA6KFcALABdqC18pCcpAC5UApQufStdKJECXSiQ
509=AicpADJMBSeQAidVADQoVQA1SAHNRzZIAcktN0gBxRM4KCkAOSgrAC0AXlgoSQAGTSZetJ
510=x5EV7tEDBABMEPMSgpADIoKQAzSAGboAYANCgpADVIAYwxbiZeACc5Al75JzhABN+ZLgBf
511=8R8vSAHVDTAoKQAxKCkAMkgB2TIzSAFAF3nBNEgBJeEtNUgBzX42SAHRHzdIASUPIy8AYK
512=+1BgAwKCkAMUgBwQ8ySAEnigFgAN0KNFQC0Qk1KCkANigrADAAYZQRVekxSAHVpzJIAd0g
513=M0gB3SA0SAEnMgFhANwgAjEAYgD7sbkySAHVGDNIAc0FNEgBI1BHItErY/QNCDMAYwAAAA
514=AAAAYAEQAA

[Lighting]
Red=1.000000
Blue=1.000000
Green=1.000000
Level=0.032000
Ground=0.000000
IonRed=1.000000
Ambient=1.000000
IonBlue=1.000000
IonGreen=1.000000
IonLevel=0.032000
IonGround=0.000000
IonAmbient=1.000000

[Map]
Size=0,0,50,50
Theater=TEMPERATE
LocalSize=2,4,46,44

[Neutral]
IQ=0
Edge=North
Color=Grey
Allies=Neutral
Country=Neutral
Credits=0
NodeCount=0
TechLevel=1
PercentBuilt=0
PlayerControl=no

[Nod]
IQ=0
Edge=North
Color=Gold
Allies=Nod
Country=Nod
Credits=0
NodeCount=0
TechLevel=1
PercentBuilt=0
PlayerControl=no

[OverlayDataPack]
1=JAAAIP41GgCCBgb+/QEAhAcKCgj/+wE2GoIGCv4DAAuCCgf+xgEAgDgAACD+MwAAgQf+BQ
2=ALggoH/vgBAIIGCv4FAAuCCAT/+QE7AIYICgsKCAb++wEAggYH//wBOgT+zBcAgGgAACD+
3=IgIAggYG//4BJQCDCgoI//wBIwKGBgoLCwoH//wBJgSFCAoLCAT//QElAoEH//4BIwL+Eg
4=4AggMEwSECgQbKJwj/7QEiAoEH/gUACoEIyxYE/+sBJgbBIQbLIwaEBAcICP+zAUwcgPIA
5=ACD+OAAAggcK/gQAC4IKBsosAIMICAT+vQEAgQboTwAyAYEI/g0AAIEIyz4A/rABAIIHCs
6=s/AtzvAYEIAgLLTgKBBP+/AU8CzD4E/iAAAIEI/gMAC4EH/skBAIEGFdHpDgQQMv++AU4C
7=/g0AAIEEFdDrTgCDCAsK/swBAAXQ6g8IBAH/vwFOAM0vDO0/CIIGBv7NAQD/zwE+Dv9TAL
8=gJ//8BDhCCBgjXQAaCBAf/4wEvEthNAgwN/+IBTBQL8tj0Cf/KAUAG/hkAAIMKCgjSTRaF
9=BAcHCAj/4QFNFsM6BNVNGP/MAUAM1DMY/gUAC//MAUwWgJAAACD+LgAAgQj+BgALgQj++A
10=EAggYK/gUAC4IKB//5ATYAgQf+BAAIggoK//kBNgKDAAAEAgaDCAgG/v4BAIEGAgb+8wcA
11=//8BNwiCBwrLNQCCBAf/7QE4BoQDBwoKyj8SgggLyy8U/+8BTBDALgL/7wE/FIIAB8k3Bo
12=MECAj/8QE3BMs+GP/yAS8QggQE/s4DAIAFAAAg/gAgAIAFAAAg/gAgAIAFAAAg/gAgAIAF
13=AAAg/gAgAIAFAAAg/gAgAIAFAAAg/gAgAIAFAAAg/gAgAIAFAAAg/gAgAIAFAAAg/gAgAI
14=AFAAAg/gAgAIAFAAAg/gAgAIAFAAAg/gAgAIAFAAAg/gAgAIAFAAAg/gAgAIAFAAAg/gAg
15=AIAFAAAg/gAgAIAFAAAg/gAgAIAFAAAg/gAgAIAFAAAg/gAgAIAFAAAg/gAgAIAFAAAg/g
16=AgAIAFAAAg/gAgAIAFAAAg/gAgAIAFAAAg/gAgAIAFAAAg/gAgAIAFAAAg/gAgAIAFAAAg
17=/gAgAIA=

[OverlayPack]
1=GwAAIP41Gv+CcHD//wE4GP4DAHD//wE6Gv/IATccgCMAACD+MwD//ggAcP74Af/+CQBw//
2=8BOwD++wH///4BOAT+zBf/gD8AACD+IgL/gh4e//8BJQD+AwAe/wACJgL//QMlBBIC/g8Q
3=/4JwcEAD//gBFwL+BwBwzBcI//EBTRrIPRz/twEjCICRAAAg/jgA//4IAHD+DAD//gQAHv
4=69Af/LPgDiGgD+DQD//78BTQDNPQLuGwL/wQFOAuoNBO8KBv+iAW4E/wECDwbtDwj+zAH/
5=7j0I/80BPQjxOwz/zgE+Cv/QAT0O/1ICuw/ZDQ7/wAFNAP0JFP/BAUwA+gsW/gYAHv/lAU
6=0U0jEY/+YBSBjbCgr/6AFNGv/MAS4SgGMAACD+LgD//ggAcP74Af/+CQBw//kDNgACAzIG
7=/v4B//8AAjcG/vcF/4IeHv//ATEOyy8QzS0S/+IBThDLPhLNLRT/7wFMEM4sFP/vAUwU//
8=IBPRbNLBD/8gEvEP//AS4Q/tEB/4AFAAAg/gAg/4AFAAAg/gAg/4AFAAAg/gAg/4AFAAAg
9=/gAg/4AFAAAg/gAg/4AFAAAg/gAg/4AFAAAg/gAg/4AFAAAg/gAg/4AFAAAg/gAg/4AFAA
10=Ag/gAg/4AFAAAg/gAg/4AFAAAg/gAg/4AFAAAg/gAg/4AFAAAg/gAg/4AFAAAg/gAg/4AF
11=AAAg/gAg/4AFAAAg/gAg/4AFAAAg/gAg/4AFAAAg/gAg/4AFAAAg/gAg/4AFAAAg/gAg/4
12=AFAAAg/gAg/4AFAAAg/gAg/4AFAAAg/gAg/4AFAAAg/gAg/4AFAAAg/gAg/4AFAAAg/gAg
13=/4A=

[Russians]
IQ=0
Edge=North
Color=DarkRed
Allies=Russians
Country=Russians
Credits=0
NodeCount=0
TechLevel=1
PercentBuilt=0
PlayerControl=no

[Special]
IQ=0
Edge=North
Color=Grey
Allies=Special
Country=Special
Credits=0
NodeCount=0
TechLevel=1
PercentBuilt=0
PlayerControl=no

[SpecialFlags]
Inert=no
FogOfWar=no
IonStorms=no
MCVDeploy=no
Meteorites=no
Visceroids=yes
FixedAlliance=no
TiberiumGrows=yes
InitialVeteran=no
HarvesterImmune=no
TiberiumSpreads=yes
TiberiumExplosive=no
DestroyableBridges=yes

[Structures]
0=Neutral,CAOILD,256,28,72,64,None,1,0,1,0,0,None,None,None,0,0
1=Neutral,CAOILD,256,37,81,64,None,1,0,1,0,0,None,None,None,0,0
2=Neutral,CAPOWR,256,42,60,64,None,1,0,1,0,0,None,None,None,0,0
3=Neutral,CAPOWR,256,49,70,64,None,1,0,1,0,0,None,None,None,0,0
4=Neutral,CAOILD,256,68,25,64,None,1,0,1,0,0,None,None,None,0,0
5=Neutral,CAOILD,256,83,39,64,None,1,0,1,0,0,None,None,None,0,0
6=Neutral,CAMACH,256,69,67,64,None,1,0,1,0,0,None,None,None,0,0
7=Neutral,CAPOWR,256,58,40,64,None,1,0,1,0,0,None,None,None,0,0
8=Neutral,CAPOWR,256,68,50,64,None,1,0,1,0,0,None,None,None,0,0
9=Neutral,CAEUR1,256,24,49,64,None,1,0,1,0,0,None,None,None,0,0
10=Neutral,CAEUR1,256,22,49,64,None,1,0,1,0,0,None,None,None,0,0
11=Neutral,CAEUR1,256,23,47,64,None,1,0,1,0,0,None,None,None,0,0
12=Neutral,CAEUR1,256,21,47,64,None,1,0,1,0,0,None,None,None,0,0
13=Neutral,CAEUR2,256,18,47,64,None,1,0,1,0,0,None,None,None,0,0
14=Neutral,CAEUR2,256,16,47,64,None,1,0,1,0,0,None,None,None,0,0
15=Neutral,CAEUR2,256,18,45,64,None,1,0,1,0,0,None,None,None,0,0
16=Neutral,CAEUR2,256,16,45,64,None,1,0,1,0,0,None,None,None,0,0
17=Neutral,CAEUR2,24,16,42,64,None,1,0,1,0,0,None,None,None,0,0
18=Neutral,CAEUR2,256,14,42,64,None,1,0,1,0,0,None,None,None,0,0
19=Neutral,CAEUR2,256,16,40,64,None,1,0,1,0,0,None,None,None,0,0
20=Neutral,CAOILD,256,38,42,64,None,1,0,1,0,0,None,None,None,0,0
21=Neutral,CAOILD,256,43,37,64,None,1,0,1,0,0,None,None,None,0,0
22=Neutral,CAAIRP,256,42,41,64,None,1,0,1,0,0,None,None,None,0,0
23=Neutral,CAEUR1,256,44,17,64,None,1,0,1,0,0,None,None,None,0,0
24=Neutral,CAEUR1,256,44,19,64,None,1,0,1,0,0,None,None,None,0,0
25=Neutral,CAEUR1,256,46,19,64,None,1,0,1,0,0,None,None,None,0,0
26=Neutral,CAEUR1,256,46,17,64,None,1,0,1,0,0,None,None,None,0,0
27=Neutral,CAEUR2,256,47,23,64,None,1,0,1,0,0,None,None,None,0,0
28=Neutral,CAEUR2,256,49,23,64,None,1,0,1,0,0,None,None,None,0,0
29=Neutral,CAEUR2,256,49,25,64,None,1,0,1,0,0,None,None,None,0,0
30=Neutral,CAEUR2,256,47,25,64,None,1,0,1,0,0,None,None,None,0,0
31=Neutral,CAEUR2,21,41,16,64,None,1,0,1,0,0,None,None,None,0,0
32=Neutral,CAEUR2,256,41,14,64,None,1,0,1,0,0,None,None,None,0,0
33=Neutral,CAEUR2,256,39,16,64,None,1,0,1,0,0,None,None,None,0,0

[TaskForces]

[Terrain]
3050=TREE20
3051=TREE26
4049=TREE23
4050=TREE03
4051=TREE11
4053=TREE08
5049=TREE03
5052=TREE20
5054=TREE15
6048=TREE25
6049=TREE15
6052=TREE05
6053=TREE23
7046=TREE03
7047=TREE05
7049=TREE11
7050=TREE24
7051=TREE05
7054=TREE05
7056=TREE24
8046=TREE03
8047=TREE15
8048=TREE06
8050=TREE15
8051=TREE06
8052=TREE24
8053=TREE26
8054=TREE03
8055=TREE08
8057=TREE03
9044=TREE12
9045=TREE26
9046=TREE03
9047=TREE15
9048=TREE25
9051=TREE23
9052=TREE24
9053=TREE25
9054=TREE20
9055=TREE24
9056=TREE12
9057=TREE23
10044=TREE08
10045=TREE27
10046=TREE11
10049=TREE15
10050=TREE26
10051=TREE27
10052=TREE12
10053=TREE06
10054=TREE20
10055=TREE11
10057=TREE12
10058=TREE25
10059=TREE23
11044=TREE27
11045=TREE26
11047=TREE08
11048=TREE20
11050=TREE25
11052=TREE27
11053=TREE23
11054=TREE25
11055=TREE12
11056=TREE15
11057=TREE05
11058=TREE25
11060=TREE24
12048=TREE12
12049=TREE27
12050=TREE11
12051=TREE25
12052=TREE15
12055=TREE27
12057=TREE06
12058=TREE05
12059=TREE20
12060=TREE26
12061=TREE15
13047=TREE11
13049=TREE23
13050=TREE11
13051=TREE15
13058=TREE05
13059=TREE24
13060=TREE15
13062=TREE08
14049=TREE11
14057=TREE25
14058=TREE03
14059=TREE24
14060=TREE12
14061=TREE05
14062=TREE06
15048=TREE24
15049=TREE08
15061=TREE23
16054=TIBTRE01
17060=TREE06
17064=TREE12
17065=TREE05
17066=TREE20
18064=TREE05
18065=TREE08
18066=TREE12
18067=TREE11
19064=TREE27
19065=TREE27
19066=TREE20
19067=TREE27
20065=TREE08
20066=TREE03
20067=TREE25
20068=TREE12
21060=TREE20
21062=TREE08
21066=TREE03
22038=TREE12
22039=TREE20
22040=TREE23
22041=TREE12
22053=TREE05
22057=TREE27
23038=TREE20
23039=TREE03
23040=TREE25
23042=TREE15
23052=TREE06
23053=TREE06
23056=TREE23
23057=TREE03
23060=TREE25
23062=TREE05
23064=TREE26
24039=TREE27
24040=TREE05
24041=TREE20
24042=TREE26
24045=TREE03
24057=TREE26
25040=TREE08
25041=TREE24
25042=TREE03
25057=TREE05
25058=TREE24
25061=TREE23
26041=TREE08
26042=TREE03
26043=TREE25
26058=TREE26
26059=TREE12
26063=TREE23
26064=TREE25
26066=TREE20
27034=TREE15
27040=TREE26
27041=TREE15
27042=TREE08
27043=TREE03
27051=TREE05
27059=TREE06
27061=TREE06
27062=TREE25
27063=TREE08
27065=TREE26
27066=TREE23
28033=TREE15
28034=TREE25
28036=TREE23
28038=TREE26
28041=TREE15
28042=TREE08
28043=TREE26
28044=TREE24
28062=TREE25
28063=TREE23
28065=TREE23
28066=TREE25
29049=TREE11
29062=TREE08
29065=TREE23
29066=TREE26
29067=TREE11
30065=TREE15
30066=TREE26
31063=TREE23
31064=TREE20
31065=TREE11
31066=TREE11
32063=TREE08
32064=TREE20
33040=TREE23
34028=TREE20
34043=TREE15
35036=TIBTRE02
35052=TREE03
36026=TREE25
36027=TREE05
36041=TREE11
36047=TREE23
36055=TREE23
36056=TREE08
37021=TREE27
37022=TREE11
37023=TREE06
37049=TREE23
37054=TREE08
37055=TREE03
37057=TREE26
37058=TREE20
37059=TREE24
38021=TREE24
38024=TREE12
38049=TREE03
38050=TREE12
38056=TREE11
38057=TREE26
38058=TREE25
38059=TREE27
38060=TREE06
39022=TREE12
39023=TREE23
39024=TREE06
39034=TREE03
39040=TREE15
39046=TREE05
39050=TREE23
39051=TREE03
39052=TREE06
39055=TREE23
40021=TREE06
40022=TREE27
40023=TREE26
40024=TREE15
40025=TREE06
40032=TREE24
40037=TREE08
40050=TREE15
40051=TREE25
40052=TREE27
40055=TREE11
40056=TREE26
41021=TREE25
41022=TREE25
41023=TREE25
41024=TREE08
41026=TREE23
41048=TREE03
41049=TREE15
41050=TREE06
41052=TREE06
41055=TREE08
41090=TREE05
42023=TREE03
42024=TREE03
42025=TREE08
42026=TREE27
42046=TREE24
42049=TREE20
42050=TREE06
42051=TREE05
42055=TREE06
42056=TREE08
43024=TREE23
43025=TREE27
43033=TREE08
43034=TREE27
43047=TREE27
43048=TREE26
43049=TREE06
43050=TREE11
43057=TREE11
43080=TREE05
44009=TREE08
44010=TREE20
44011=TREE26
44021=TREE26
44034=TREE05
44035=TREE06
44046=TREE23
44047=TREE26
44048=TREE24
44049=TREE12
44057=TREE12
44079=TREE23
44080=TREE05
44087=TREE24
45009=TREE25
45010=TREE03
45012=TREE15
45013=TREE11
45024=TREE26
45038=TREE05
45045=TREE23
45046=TREE06
45047=TREE24
45079=TREE06
45080=TREE05
45090=TREE24
45092=TREE15
45093=TREE05
46008=TREE12
46009=TREE25
46010=TREE12
46011=TREE25
46012=TREE05
46032=TREE08
46033=TREE15
46042=TREE27
46043=TREE08
46080=TREE23
46088=TREE05
46090=TREE25
47008=TREE24
47009=TREE05
47010=TREE24
47011=TREE20
47032=TREE12
47033=TREE15
47034=TREE03
47035=TREE03
47040=TREE24
47041=TREE03
47042=TREE24
47053=TREE27
47058=TIBTRE01
47084=TREE12
47085=TREE15
48008=TREE11
48009=TREE15
48010=TREE12
48011=TREE26
48012=TREE24
48033=TREE03
48034=TREE26
48035=TREE20
48036=TREE11
48038=TREE08
48039=TREE25
48040=TREE25
48041=TREE25
48042=TREE03
48084=TREE20
48085=TREE11
48091=TREE06
48092=TREE15
48094=TREE26
48096=TREE23
49005=TREE06
49006=TREE03
49007=TREE15
49008=TREE27
49009=TREE11
49010=TREE20
49011=TREE15
49012=TREE06
49017=TREE12
49018=TREE03
49034=TREE27
49036=TREE05
49037=TREE20
49038=TREE20
49039=TREE06
49040=TREE25
49041=TREE03
49087=TREE06
49090=TREE08
49096=TREE20
50004=TREE23
50005=TREE26
50007=TREE05
50008=TREE26
50009=TREE20
50010=TREE12
50017=TREE23
50018=TREE06
50019=TREE26
50035=TREE23
50036=TREE05
50037=TREE27
50038=TREE15
50039=TREE12
50040=TREE23
50074=TREE06
50092=TREE25
50093=TREE25
50094=TREE20
50095=TREE20
50098=TREE24
51004=TREE27
51005=TREE06
51006=TREE27
51008=TREE26
51009=TREE03
51010=TREE24
51018=TREE03
51019=TREE23
51034=TREE26
51037=TREE15
51038=TREE20
51039=TREE26
51042=TREE20
51062=TIBTRE03
51073=TREE03
51074=TREE11
51075=TREE06
51087=TREE23
51088=TREE20
51090=TREE27
51091=TREE24
51093=TREE27
51094=TREE03
51096=TREE05
51098=TREE27
51099=TREE12
52004=TREE12
52005=TREE15
52006=TREE08
52007=TREE20
52008=TREE24
52009=TREE24
52013=TIBTRE03
52022=TREE06
52037=TREE15
52038=TREE06
52039=TREE27
52087=TREE15
52088=TREE15
52089=TREE06
52090=TREE20
52091=TREE23
52093=TREE27
52094=TREE06
52096=TREE08
52097=TREE08
52098=TREE03
53005=TREE08
53006=TREE12
53007=TREE20
53008=TREE11
53009=TREE24
53038=TREE23
53039=TREE05
53042=TREE06
53047=TREE20
53088=TREE15
53089=TREE20
53090=TREE15
53091=TREE25
53093=TREE11
53094=TREE06
53095=TREE25
53096=TREE15
53097=TREE20
54006=TREE15
54007=TREE20
54008=TREE12
54009=TREE08
54010=TREE06
54038=TREE23
54039=TREE03
54067=TREE08
54089=TREE26
54090=TREE08
54092=TREE05
54093=TREE20
54094=TREE11
54095=TREE27
54096=TREE27
55008=TREE27
55009=TREE11
55026=TREE06
55027=TREE20
55028=TREE27
55060=TREE20
55069=TREE24
55070=TREE26
55086=TREE05
55091=TREE15
55093=TREE12
55094=TREE11
55095=TREE25
56008=TREE11
56009=TREE27
56010=TREE11
56011=TREE12
56022=TREE25
56023=TREE03
56024=TREE23
56027=TREE11
56028=TREE26
56040=TREE05
56041=TREE25
56042=TREE15
56068=TREE15
56069=TREE23
56070=TREE06
56075=TREE23
56089=TREE25
56092=TREE27
56094=TREE27
57009=TREE20
57010=TREE23
57011=TREE20
57012=TREE03
57022=TREE06
57039=TREE06
57040=TREE03
57041=TREE26
57042=TREE25
57043=TREE27
57078=TREE20
57093=TREE05
58011=TREE06
58012=TREE05
58019=TREE26
58038=TREE12
58039=TREE23
58040=TREE15
58041=TREE26
58042=TREE27
58043=TREE12
58083=TREE25
59011=TREE20
59012=TREE26
59013=TREE15
59014=TREE12
59024=TREE20
59028=TREE11
59040=TREE27
59079=TREE08
59081=TREE27
59090=TREE11
60012=TREE03
60013=TREE12
60014=TREE23
60015=TREE27
60016=TREE12
60017=TREE23
60026=TREE06
60048=TIBTRE02
60067=TREE24
60068=TREE27
60069=TREE12
60070=TREE23
60081=TREE27
60083=TREE15
60084=TREE12
61014=TREE25
61016=TREE26
61017=TREE20
61020=TREE25
61023=TREE12
61025=TREE05
61067=TREE25
61068=TREE15
61069=TREE23
61070=TREE15
61071=TREE05
61081=TREE26
61082=TREE12
61083=TREE03
62014=TREE24
62015=TREE06
62016=TREE23
62017=TREE26
62018=TREE24
62019=TREE20
62027=TREE24
62028=TREE03
62031=TREE08
62055=TREE20
62067=TREE24
62073=TREE25
62080=TREE24
62081=TREE20
62082=TREE06
62083=TREE05
62084=TREE05
62085=TREE05
62086=TREE20
62088=TREE06
63015=TREE03
63016=TREE20
63017=TREE25
63018=TREE24
63019=TREE15
63020=TREE03
63022=TREE23
63025=TREE05
63027=TREE05
63028=TREE03
63034=TREE24
63071=TREE24
63082=TREE24
63083=TREE23
63085=TREE03
63086=TREE15
63087=TREE25
64016=TREE27
64017=TREE24
64018=TREE27
64019=TREE20
64020=TREE12
64021=TREE06
64022=TREE12
64023=TREE05
64027=TREE08
64030=TREE20
64032=TREE24
64033=TREE03
64034=TREE20
64052=TIBTRE02
64065=TREE08
64067=TREE23
64079=TREE24
64080=TREE05
64083=TREE06
64084=TREE08
64085=TREE11
64086=TREE25
65017=TREE20
65018=TREE03
65020=TREE12
65021=TREE20
65022=TREE06
65024=TREE20
65032=TREE11
65033=TREE24
65035=TREE15
65064=TREE15
65065=TREE26
65071=TREE11
65074=TREE15
65084=TREE03
65085=TREE24
66019=TREE24
66020=TREE23
66022=TREE03
66023=TREE03
66024=TREE24
66025=TREE23
66026=TREE26
66027=TREE06
66028=TREE11
66029=TREE25
66032=TREE05
66064=TREE06
66082=TREE11
67019=TREE11
67021=TREE23
67022=TREE08
67025=TREE03
67026=TREE23
67027=TREE27
67028=TREE25
67029=TREE20
67031=TREE23
67033=TREE11
67075=TREE26
67076=TREE05
67078=TREE06
68020=TREE25
68021=TREE05
68022=TREE11
68025=TREE08
68026=TREE15
68027=TREE24
68028=TREE06
68050=TREE08
68061=TREE15
68062=TREE20
68063=TREE12
68073=TREE06
68076=TREE08
69021=TREE24
69022=TREE27
69023=TREE27
69024=TREE03
69025=TREE26
69026=TREE20
69027=TREE11
69028=TREE23
69061=TREE15
69062=TREE12
69063=TREE23
69073=TREE05
69077=TREE11
69080=TREE27
70022=TREE15
70023=TREE06
70024=TREE05
70025=TREE25
70026=TREE08
70052=TREE20
70053=TREE12
70062=TREE24
70063=TREE03
70065=TREE23
70077=TREE15
70078=TREE26
71023=TREE23
71024=TREE24
71025=TREE20
71026=TREE05
71052=TREE12
71053=TREE15
71054=TREE15
71057=TREE26
71061=TREE08
71062=TREE03
71067=TREE08
71071=TREE08
71075=TREE11
71078=TREE11
72024=TREE03
72025=TREE27
72052=TREE03
72065=TREE08
72067=TREE23
72068=TREE24
72074=TREE23
72076=TREE15
73051=TREE05
73073=TREE06
74050=TREE08
74051=TREE12
74052=TREE08
74072=TREE05
74076=TREE23
75052=TREE20
75069=TREE20
75071=TREE25
75072=TREE06
75073=TREE24
76051=TREE20
76057=TREE20
76058=TREE27
76068=TREE05
76069=TREE20
77052=TREE27
77057=TREE05
77072=TREE25
78044=TREE15
78045=TREE12
78047=TREE03
78059=TREE06
78070=TREE25
79066=TREE06
80061=TREE03
80064=TREE08
80068=TREE08
81062=TREE27
82046=TREE26
82059=TREE27
82060=TREE26
82061=TREE03
82063=TREE12
82064=TREE26
83056=TREE05
83058=TREE24
83059=TREE15
83060=TREE20
83061=TREE27
83062=TREE11
83063=TREE15
83064=TREE23
83065=TREE27
83067=TREE05
84057=TREE25
84060=TREE20
84061=TREE23
84062=TREE08
84063=TREE03
84064=TREE15
84065=TREE05
84066=TREE15
85043=TREE27
85046=TREE05
85047=TREE26
85048=TREE27
85054=TREE08
85057=TREE06
85058=TREE03
85059=TREE08
85060=TREE26
85062=TREE12
85064=TREE11
85065=TREE06
86038=TREE06
86040=TREE25
86046=TREE24
86048=TREE08
86054=TREE12
86061=TREE27
86062=TREE20
86063=TREE08
86064=TREE11
87043=TREE06
87048=TREE03
87049=TREE05
87062=TREE27
87063=TREE24
88047=TREE23
88048=TREE12
88049=TREE26
88058=TREE20
89040=TREE12
89049=TREE20
89050=TREE11
89060=TREE08
90043=TREE26
90045=TREE03
90048=TREE03
90049=TREE20
90050=TREE23
90051=TREE24
91043=TREE27
91047=TREE25
91048=TREE25
91049=TREE25
91050=TREE26
91051=TREE08
91052=TREE20
92045=TREE08
92047=TREE11
92049=TREE05
92050=TREE26
92051=TREE12
92052=TREE25
93048=TREE26
93049=TREE26
93050=TREE15
93051=TREE03
93052=TREE24
94048=TREE25
94049=TREE23
94050=TREE06
94051=TREE25
94052=TREE23
94053=TREE26
95047=TREE23
95049=TREE11
95050=TREE20
95051=TREE27
96048=TREE26
96049=TREE27
96050=TREE06
97049=TREE15
97050=TREE03

[Triggers]

[Waypoints]
0=73037
1=36073

[YuriCountry]
IQ=0
Edge=North
Color=DarkRed
Allies=YuriCountry
Country=YuriCountry
Credits=0
NodeCount=0
TechLevel=1
PercentBuilt=0
PlayerControl=no



[Digest]
1=jc/xpseGpZDCZJ/JVFSz8fmkYZ0=

